******************************************************************************
                  TI ARM Linker PC v18.1.4                     
******************************************************************************
>> Linked Thu Feb 28 12:44:46 2019

OUTPUT FILE NAME:   <provisioning_CC3220S_LAUNCHXL_freertos_ccs.out>
ENTRY POINT SYMBOL: "resetISR"  address: 20013f51


MEMORY CONFIGURATION

         name            origin    length      used     unused   attr    fill
----------------------  --------  ---------  --------  --------  ----  --------
  SRAM2                 20000000   00004000  0000070c  000038f4  RW X
  SRAM                  20004000   0003c000  0001a96c  00021694  RW X


SEGMENT ALLOCATION MAP

run origin  load origin   length   init length attrs members
----------  ----------- ---------- ----------- ----- -------
20003c00    20003c00    00000400   00000000    rw-
  20003c00    20003c00    00000400   00000000    rw- .stack
20004000    20004000    00010394   00010394    r-x
  20004000    20004000    00000040   00000040    r-- .resetVecs
  20004040    20004040    00010354   00010354    r-x .text
20014400    20014400    00009944   00000000    rw-
  20014400    20014400    00008d3a   00000000    rw- .bss
  2001d13c    2001d13c    00000c08   00000000    rw- .data
2001dd44    2001dd44    00000b5e   00000b5e    r--
  2001dd44    2001dd44    00000b5e   00000b5e    r-- .const
2001e8a8    2001e8a8    00000138   00000138    r--
  2001e8a8    2001e8a8    00000138   00000138    r-- .cinit


SECTION ALLOCATION MAP

 output                                  attributes/
section   page    origin      length       input sections
--------  ----  ----------  ----------   ----------------
.text      0    20004040    00010354     
                  20004040    00000a4a     rtsv7M4_T_le_eabi.lib : _printfi.c.obj (.text:__TI_printfi)
                  20004a8a    00000002     driverlib.a : interrupt.obj (.text:IntDefaultHandler)
                  20004a8c    00000928     simplelink.a : driver.obj (.text:_SlDrvMsgRead)
                  200053b4    00000778     provisioning.obj (.text:SimpleLinkWlanEventHandler)
                  20005b2c    000004b0     simplelink.a : sl_socket.obj (.text:_SlSocketHandleAsync_Select)
                  20005fdc    0000042c     driverlib.a : prcm.obj (.text:PRCMCC3200MCUInit)
                  20006408    00000388     provisioning.obj (.text:ProvisioningStart)
                  20006790    00000384     simplelink.a : driver.obj (.text:_SlDrvMsgWrite)
                  20006b14    000002e0                  : driver.obj (.text:_SlDrvWaitForPoolObj)
                  20006df4    000002d8                  : driver.obj (.text:_SlDrvRxHdrRead)
                  200070cc    00000294                  : driver.obj (.text:_SlDrvReleasePoolObj)
                  20007360    00000278     drivers_cc32xx.aem4 : UARTCC32XX.oem4 (.text:UARTCC32XX_open)
                  200075d8    00000278     freertos_builds_CC3220S_LAUNCHXL_release_ccs.lib : mqueue.obj (.text:mq_open)
                  20007850    00000268     rtsv7M4_T_le_eabi.lib : _printfi.c.obj (.text:_pconv_a)
                  20007ab8    00000224     simplelink.a : driver.obj (.text:_SlDrvDriverCBInit)
                  20007cdc    000001f4                  : driver.obj (.text:_SlDrvMsgReadCmdCtx)
                  20007ed0    000001f2                  : netapp.obj (.text:_SlNetAppEventHandler)
                  200080c2    00000002     freertos_builds_CC3220S_LAUNCHXL_release_ccs.lib : PowerCC32XX_freertos.obj (.text:PowerCC32XX_initPolicy)
                  200080c4    000001e4     simplelink.a : netapp.obj (.text:sl_NetAppPing)
                  200082a8    000001e1     provisioning.obj (.text:SimpleLinkFatalErrorEventHandler)
                  20008489    00000001     --HOLE-- [fill = 0]
                  2000848a    00000002     external_provisioning_conf.obj (.text:StopExternalProvisioning)
                  2000848c    000001d8     drivers_cc32xx.aem4 : GPIOCC32XX.oem4 (.text:GPIO_setConfig)
                  20008664    000001d4     freertos_builds_CC3220S_LAUNCHXL_release_ccs.lib : timer.obj (.text:timer_settime)
                  20008838    000001d0     drivers_cc32xx.aem4 : SPICC32XXDMA.oem4 (.text:SPICC32XXDMA_transfer)
                  20008a08    000001d0     freertos_builds_CC3220S_LAUNCHXL_release_ccs.lib : queue.obj (.text:xQueueSemaphoreTake)
                  20008bd8    000001cc     rtsv7M4_T_le_eabi.lib : _printfi.c.obj (.text:_pconv_g)
                  20008da4    000001c0     provisioning.obj (.text:ProvisioningTask)
                  20008f64    000001bc     simplelink.a : device.obj (.text:sl_Stop)
                  20009120    000001b8     drivers_cc32xx.aem4 : SPICC32XXDMA.oem4 (.text:configDMA)
                  200092d8    000001b8     freertos_builds_CC3220S_LAUNCHXL_release_ccs.lib : queue.obj (.text:xQueueGenericSend)
                  20009490    000001b6     rtsv7M4_T_le_eabi.lib : fd_add_t2.asm.obj (.text)
                  20009646    00000002     drivers_cc32xx.aem4 : UARTCC32XX.oem4 (.text:UARTCC32XX_init)
                  20009648    000001b4     simplelink.a : driver.obj (.text:_SlDrvReleaseAllActivePendingPoolObj)
                  200097fc    000001b0     freertos_builds_CC3220S_LAUNCHXL_release_ccs.lib : PowerCC32XX_freertos.obj (.text:PowerCC32XX_sleepPolicy)
                  200099ac    00000184     provisioning.obj (.text:HandleUserApplication)
                  20009b30    00000184     simplelink.a : driver.obj (.text:_SlDrvFindAndSetActiveObj)
                  20009cb4    0000017c     freertos_builds_CC3220S_LAUNCHXL_release_ccs.lib : queue.obj (.text:xQueueReceive)
                  20009e30    00000179     provisioning.obj (.text:SimpleLinkNetAppEventHandler)
                  20009fa9    00000001     --HOLE-- [fill = 0]
                  20009faa    00000002     freertos_builds_CC3220S_LAUNCHXL_release_ccs.lib : startup_cc32xx_ccs.obj (.text:busFaultHandler)
                  20009fac    00000178                                                      : heap_4.obj (.text:pvPortMalloc)
                  2000a124    00000170     provisioning.obj (.text:SimpleLinkInitCallback)
                  2000a294    00000158     drivers_cc32xx.aem4 : SPICC32XXDMA.oem4 (.text:SPICC32XXDMA_open)
                  2000a3ec    00000148                         : PowerCC32XX.oem4 (.text:parkPins)
                  2000a534    00000140     simplelink.a : driver.obj (.text:_SlDrvMsgReadSpawnCtx)
                  2000a674    0000013c                  : driver.obj (.text:_SlDrvDriverCBDeinit)
                  2000a7b0    0000013c     rtsv7M4_T_le_eabi.lib : _printfi.c.obj (.text:_pconv_e)
                  2000a8ec    00000138     freertos_builds_CC3220S_LAUNCHXL_release_ccs.lib : pthread.obj (.text:pthread_create)
                  2000aa24    00000138                                                      : tasks.obj (.text:xTaskIncrementTick)
                  2000ab5c    00000136     rtsv7M4_T_le_eabi.lib : fd_div_t2.asm.obj (.text)
                  2000ac92    00000002     freertos_builds_CC3220S_LAUNCHXL_release_ccs.lib : startup_cc32xx_ccs.obj (.text:defaultHandler)
                  2000ac94    00000130     simplelink.a : sl_socket.obj (.text:_SlDrvGetNextTimeoutValue)
                  2000adc4    0000012c     provisioning.obj (.text:SendPingToGW)
                  2000aef0    00000128     simplelink.a : driver.obj (.text:_SlDrvClassifyRxMsg)
                  2000b018    00000120     drivers_cc32xx.aem4 : UARTCC32XX.oem4 (.text:UARTCC32XX_close)
                  2000b138    00000120     simplelink.a : driver.obj (.text:_SlDrvAsyncEventGenericHandler)
                  2000b258    00000120     rtsv7M4_T_le_eabi.lib : _printfi.c.obj (.text:fcvt)
                  2000b378    0000011c     freertos_builds_CC3220S_LAUNCHXL_release_ccs.lib : tasks.obj (.text:prvInitialiseNewTask)
                  2000b494    0000011c     simplelink.a : device.obj (.text:sl_Start)
                  2000b5b0    0000011c     freertos_builds_CC3220S_LAUNCHXL_release_ccs.lib : tasks.obj (.text:xTaskResumeAll)
                  2000b6cc    00000118     drivers_cc32xx.aem4 : PowerCC32XX.oem4 (.text:Power_sleep)
                  2000b7e4    00000118     simplelink.a : netapp.obj (.text:_SlNetAppHandleAsync_DnsGetHostByService)
                  2000b8fc    00000118     freertos_builds_CC3220S_LAUNCHXL_release_ccs.lib : timers.obj (.text:prvProcessReceivedCommands)
                  2000ba14    00000114     provisioning.obj (.text:mainThread)
                  2000bb28    00000110     freertos_builds_CC3220S_LAUNCHXL_release_ccs.lib : tasks.obj (.text:vTaskPriorityDisinheritAfterTimeout)
                  2000bc38    00000104     simplelink.a : device.obj (.text:_SlDeviceEventHandler)
                  2000bd3c    00000104                  : driver.obj (.text:_SlDrvCmdOp)
                  2000be40    00000102     freertos_builds_CC3220S_LAUNCHXL_release_ccs.lib : queue.obj (.text:xQueueGenericSendFromISR)
                  2000bf42    00000002                                                      : startup_cc32xx_ccs.obj (.text:faultISR)
                  2000bf44    00000100     simplelink.a : driver.obj (.text:_SlDrvObjGlobalLockWaitForever)
                  2000c044    000000fd     provisioning.obj (.text:SimpleLinkSockEventHandler)
                  2000c141    00000001     --HOLE-- [fill = 0]
                  2000c142    000000fc     rtsv7M4_T_le_eabi.lib : fd_mul_t2.asm.obj (.text)
                  2000c23e    00000002     freertos_builds_CC3220S_LAUNCHXL_release_ccs.lib : startup_cc32xx_ccs.obj (.text:nmiISR)
                  2000c240    000000fc                                                      : tasks.obj (.text:vTaskSuspend)
                  2000c33c    000000f8                                                      : tasks.obj (.text:vTaskDelete)
                  2000c434    000000f2     drivers_cc32xx.aem4 : SPICC32XXDMA.oem4 (.text:SPICC32XXDMA_transferCancel)
                  2000c526    000000f2                         : UARTCC32XX.oem4 (.text:UARTCC32XX_control)
                  2000c618    000000ee     freertos_builds_CC3220S_LAUNCHXL_release_ccs.lib : queue.obj (.text:xQueueGiveFromISR)
                  2000c706    00000002     rtsv7M4_T_le_eabi.lib : div0.asm.obj (.text)
                  2000c708    000000e8     freertos_builds_CC3220S_LAUNCHXL_release_ccs.lib : tasks.obj (.text:xTaskPriorityInherit)
                  2000c7f0    000000e0     simplelink.a : driver.obj (.text:_SlSpawnMsgListInsert)
                  2000c8d0    000000e0     freertos_builds_CC3220S_LAUNCHXL_release_ccs.lib : tasks.obj (.text:xTaskPriorityDisinherit)
                  2000c9b0    000000dc                                                      : tasks.obj (.text:vTaskSwitchContext)
                  2000ca8c    000000d8     drivers_cc32xx.aem4 : SPICC32XXDMA.oem4 (.text:SPICC32XXDMA_close)
                  2000cb64    000000d8     simplelink.a : device.obj (.text:_SlDeviceHandleAsync_InitComplete)
                  2000cc3c    000000d8                  : driver.obj (.text:_SlDrvWaitForInternalAsyncEvent)
                  2000cd14    000000d8                  : netapp.obj (.text:_SlNetAppHandleAsync_NetAppReceive)
                  2000cdec    000000d6     freertos_builds_CC3220S_LAUNCHXL_release_ccs.lib : queue.obj (.text:xQueueReceiveFromISR)
                  2000cec2    00000002     main_freertos.obj (.text:vApplicationMallocFailedHook)
                  2000cec4    000000d0     simplelink.a : driver.obj (.text:_SlDrvRemoveFromList)
                  2000cf94    000000d0     rtsv7M4_T_le_eabi.lib : s_scalbn.c.obj (.text:scalbn)
                  2000d064    000000c8     simplelink.a : sl_socket.obj (.text:_SlSocketHandleAsync_StartTLS)
                  2000d12c    000000c8     drivers_cc32xx.aem4 : SPICC32XXDMA.oem4 (.text:spiHwiFxn)
                  2000d1f4    000000c4                         : GPIOCC32XX.oem4 (.text:GPIO_init)
                  2000d2b8    000000c4     freertos_builds_CC3220S_LAUNCHXL_release_ccs.lib : tasks.obj (.text:prvAddNewTaskToReadyList)
                  2000d37c    000000c2     drivers_cc32xx.aem4 : UARTCC32XX.oem4 (.text:UARTCC32XX_write)
                  2000d43e    00000002     --HOLE-- [fill = 0]
                  2000d440    000000c0     simplelink.a : cc_pal.obj (.text:NwpPowerOff)
                  2000d500    000000c0                  : netcfg.obj (.text:sl_NetCfgGet)
                  2000d5c0    000000c0     freertos_builds_CC3220S_LAUNCHXL_release_ccs.lib : port.obj (.text:xPortStartScheduler)
                  2000d680    000000be                                                      : queue.obj (.text:prvCopyDataToQueue)
                  2000d73e    00000002     --HOLE-- [fill = 0]
                  2000d740    000000bc     simplelink.a : netapp.obj (.text:_SlNetAppSendResponse)
                  2000d7fc    000000bc     freertos_builds_CC3220S_LAUNCHXL_release_ccs.lib : heap_4.obj (.text:prvHeapInit)
                  2000d8b8    000000bc     simplelink.a : wlan.obj (.text:sl_WlanProvisioning)
                  2000d974    000000ba     drivers_cc32xx.aem4 : UARTCC32XX.oem4 (.text:UARTCC32XX_readPolling)
                  2000da2e    00000002     --HOLE-- [fill = 0]
                  2000da30    000000ba     freertos_builds_CC3220S_LAUNCHXL_release_ccs.lib : portasm.obj (.text)
                  2000daea    00000002     --HOLE-- [fill = 0]
                  2000daec    000000b8     simplelink.a : netapp.obj (.text:_SlNetAppHandleAsync_DnsGetHostByName)
                  2000dba4    000000b8                  : netapp.obj (.text:_SlNetAppHandleAsync_PingResponse)
                  2000dc5c    000000b8     drivers_cc32xx.aem4 : UARTCC32XX.oem4 (.text:initHw)
                  2000dd14    000000b8     freertos_builds_CC3220S_LAUNCHXL_release_ccs.lib : timers.obj (.text:prvSwitchTimerLists)
                  2000ddcc    000000b8     simplelink.a : device.obj (.text:sl_DeviceGet)
                  2000de84    000000b8                  : wlan.obj (.text:sl_WlanGet)
                  2000df3c    000000b8     freertos_builds_CC3220S_LAUNCHXL_release_ccs.lib : timer.obj (.text:timer_create)
                  2000dff4    000000b8                                                      : queue.obj (.text:xQueueGenericReset)
                  2000e0ac    000000b6     drivers_cc32xx.aem4 : UARTCC32XX.oem4 (.text:readTaskCallback)
                  2000e162    00000002     --HOLE-- [fill = 0]
                  2000e164    000000b4     simplelink.a : driver.obj (.text:_SlDrvHandleFatalError)
                  2000e218    000000b4                  : netutil.obj (.text:_SlNetUtilHandleAsync_Cmd)
                  2000e2cc    000000b4     freertos_builds_CC3220S_LAUNCHXL_release_ccs.lib : clock.obj (.text:_clock_abstime2ticks)
                  2000e380    000000b1     rtsv7M4_T_le_eabi.lib : _printfi.c.obj (.text:_ltostr)
                  2000e431    00000003     --HOLE-- [fill = 0]
                  2000e434    000000b0     freertos_builds_CC3220S_LAUNCHXL_release_ccs.lib : tasks.obj (.text:prvAddCurrentTaskToDelayedList)
                  2000e4e4    000000b0                                                      : tasks.obj (.text:xTaskCheckForTimeOut)
                  2000e594    000000ae     drivers_cc32xx.aem4 : UARTCC32XX.oem4 (.text:readIsrTextBlocking)
                  2000e642    00000002     --HOLE-- [fill = 0]
                  2000e644    000000ac     simplelink.a : sl_socket.obj (.text:_SlSocketHandleAsync_Close)
                  2000e6f0    000000ac                  : sl_socket.obj (.text:_SlSocketHandleAsync_Connect)
                  2000e79c    000000ac     freertos_builds_CC3220S_LAUNCHXL_release_ccs.lib : clock.obj (.text:clock_gettime)
                  2000e848    000000ac     drivers_cc32xx.aem4 : PowerCC32XX.oem4 (.text:restoreParkedPins)
                  2000e8f4    000000aa     uart_term.obj (.text:Report)
                  2000e99e    000000aa     freertos_builds_CC3220S_LAUNCHXL_release_ccs.lib : queue.obj (.text:prvUnlockQueue)
                  2000ea48    000000a8     driverlib.a : interrupt.obj (.text:IntDisable)
                  2000eaf0    000000a8                 : interrupt.obj (.text:IntEnable)
                  2000eb98    000000a8                 : prcm.obj (.text:PRCMPeripheralClockGet)
                  2000ec40    000000a8     drivers_cc32xx.aem4 : PowerCC32XX.oem4 (.text:PowerCC32XX_configureWakeup)
                  2000ece8    000000a8     freertos_builds_CC3220S_LAUNCHXL_release_ccs.lib : heap_4.obj (.text:prvInsertBlockIntoFreeList)
                  2000ed90    000000a8     drivers_cc32xx.aem4 : UARTCC32XX.oem4 (.text:readTaskBlocking)
                  2000ee38    000000a8     freertos_builds_CC3220S_LAUNCHXL_release_ccs.lib : tasks.obj (.text:xTaskRemoveFromEventList)
                  2000eee0    000000a5     provisioning.obj (.text:SetSecuredAP)
                  2000ef85    00000001     --HOLE-- [fill = 0]
                  2000ef86    000000a2     drivers_cc32xx.aem4 : UARTCC32XX.oem4 (.text:readIsrTextCallback)
                  2000f028    000000a2                         : UARTCC32XX.oem4 (.text:writeData)
                  2000f0ca    00000002     --HOLE-- [fill = 0]
                  2000f0cc    000000a0     freertos_builds_CC3220S_LAUNCHXL_release_ccs.lib : ClockP_freertos.obj (.text:ClockP_create)
                  2000f16c    000000a0     simplelink.a : driver.obj (.text:_SlSpawnMsgListProcess)
                  2000f20c    0000009e                  : cc_pal.obj (.text:spi_Read)
                  2000f2aa    0000009e                  : cc_pal.obj (.text:spi_Write)
                  2000f348    0000009c     rtsv7M4_T_le_eabi.lib : memcpy_t2.asm.obj (.text)
                  2000f3e4    0000009c     freertos_builds_CC3220S_LAUNCHXL_release_ccs.lib : heap_4.obj (.text:vPortFree)
                  2000f480    00000098     drivers_cc32xx.aem4 : GPIOCC32XX.oem4 (.text:powerNotifyFxn)
                  2000f518    00000096     rtsv7M4_T_le_eabi.lib : ull_div_t2.asm.obj (.text)
                  2000f5ae    00000002     --HOLE-- [fill = 0]
                  2000f5b0    00000094     simplelink.a : cc_pal.obj (.text:Semaphore_pend_handle)
                  2000f644    00000094     drivers_cc32xx.aem4 : SPICC32XXDMA.oem4 (.text:initHw)
                  2000f6d8    00000094     freertos_builds_CC3220S_LAUNCHXL_release_ccs.lib : tasks.obj (.text:vTaskStartScheduler)
                  2000f76c    00000090     simplelink.a : device.obj (.text:_SlDeviceHandleAsync_Stop)
                  2000f7fc    00000090                  : sl_socket.obj (.text:_SlSocketHandleAsync_Accept)
                  2000f88c    00000090     drivers_cc32xx.aem4 : PowerCC32XX.oem4 (.text:restoreNVICRegs)
                  2000f91c    0000008e     provisioning.obj (.text:DisplayBanner)
                  2000f9aa    00000002     --HOLE-- [fill = 0]
                  2000f9ac    0000008c     simplelink.a : driver.obj (.text:_SlDrvDriverIsApiAllowed)
                  2000fa38    0000008c     freertos_builds_CC3220S_LAUNCHXL_release_ccs.lib : clock.obj (.text:_clock_gettimeMono)
                  2000fac4    00000088     driverlib.a : pin.obj (.text:PinConfigSet)
                  2000fb4c    00000088     simplelink.a : driver.obj (.text:_SlDrvProtectAsyncRespSetting)
                  2000fbd4    00000088     freertos_builds_CC3220S_LAUNCHXL_release_ccs.lib : mqueue.obj (.text:mq_receive)
                  2000fc5c    00000086     simplelink.a : driver.obj (.text:_SlDrvIsTimeoutExpired)
                  2000fce2    00000086     rtsv7M4_T_le_eabi.lib : fd_cmp_t2.asm.obj (.text:__aeabi_cdcmple)
                  2000fd68    00000086                           : fd_cmp_t2.asm.obj (.text:__aeabi_cdrcmple)
                  2000fdee    00000086     freertos_builds_CC3220S_LAUNCHXL_release_ccs.lib : mqueue.obj (.text:mq_send)
                  2000fe74    00000084     drivers_cc32xx.aem4 : PowerCC32XX.oem4 (.text:Power_init)
                  2000fef8    00000084     freertos_builds_CC3220S_LAUNCHXL_release_ccs.lib : timers.obj (.text:prvProcessTimerOrBlockTask)
                  2000ff7c    00000084     drivers_cc32xx.aem4 : PowerCC32XX.oem4 (.text:saveNVICRegs)
                  20010000    00000084     simplelink.a : wlan.obj (.text:sl_WlanSet)
                  20010084    00000084     freertos_builds_CC3220S_LAUNCHXL_release_ccs.lib : timers.obj (.text:xTimerGenericCommand)
                  20010108    00000080     drivers_cc32xx.aem4 : PowerCC32XX.oem4 (.text:Power_setDependency)
                  20010188    00000080     freertos_builds_CC3220S_LAUNCHXL_release_ccs.lib : timer.obj (.text:timer_gettime)
                  20010208    0000007c     drivers_cc32xx.aem4 : UDMACC32XX.oem4 (.text:UDMACC32XX_open)
                  20010284    0000007c                         : UARTCC32XX.oem4 (.text:readIsrBinaryBlocking)
                  20010300    0000007a     freertos_builds_CC3220S_LAUNCHXL_release_ccs.lib : pthread.obj (.text:removeThreadKeys)
                  2001037a    0000007a     rtsv7M4_T_le_eabi.lib : memset_t2.asm.obj (.text)
                  200103f4    0000007a     freertos_builds_CC3220S_LAUNCHXL_release_ccs.lib : tasks.obj (.text:xTaskCreate)
                  2001046e    00000002     --HOLE-- [fill = 0]
                  20010470    00000078     provisioning.obj (.text:FactoryIndicationLed)
                  200104e8    00000078     drivers_cc32xx.aem4 : GPIOCC32XX.oem4 (.text:GPIO_hwiIntFxn)
                  20010560    00000078     provisioning.obj (.text:UpdateLedDisplay)
                  200105d8    00000078     freertos_builds_CC3220S_LAUNCHXL_release_ccs.lib : timers.obj (.text:prvInsertTimerInActiveList)
                  20010650    00000078     drivers_cc32xx.aem4 : UARTCC32XX.oem4 (.text:readIsrBinaryCallback)
                  200106c8    00000074     provisioning.obj (.text:HandleProvisioningComplete)
                  2001073c    00000074     drivers_cc32xx.aem4 : UARTCC32XX.oem4 (.text:UARTCC32XX_hwiIntFxn)
                  200107b0    00000074     freertos_builds_CC3220S_LAUNCHXL_release_ccs.lib : tasks.obj (.text:prvInitialiseTaskLists)
                  20010824    00000074                                                      : pthread_mutex.obj (.text:pthread_mutex_init)
                  20010898    00000074                                                      : port.obj (.text:vPortValidateInterruptPriority)
                  2001090c    00000070     simplelink.a : driver.obj (.text:_SlDrvCmdSend_noLock)
                  2001097c    00000070     freertos_builds_CC3220S_LAUNCHXL_release_ccs.lib : timers.obj (.text:prvProcessExpiredTimer)
                  200109ec    00000070                                                      : ClockP_freertos.obj (.text:setClockObjTimeout)
                  20010a5c    0000006e     rtsv7M4_T_le_eabi.lib : _printfi.c.obj (.text:_mcpy)
                  20010aca    00000002     --HOLE-- [fill = 0]
                  20010acc    0000006c     provisioning.obj (.text:ReportError)
                  20010b38    0000006c     simplelink.a : device.obj (.text:_SlDeviceHandleResetRequestInternally)
                  20010ba4    0000006c                  : netapp.obj (.text:_SlNetAppSendTokenValue)
                  20010c10    00000068     provisioning.obj (.text:ErrorLedDisplay)
                  20010c78    00000068     simplelink.a : driver.obj (.text:_SlSpawnMsgListGetCount)
                  20010ce0    00000068     rtsv7M4_T_le_eabi.lib : copy_decompress_lzss.c.obj (.text:decompress:lzss:__TI_decompress_lzss)
                  20010d48    00000068     main_freertos.obj (.text:main)
                  20010db0    00000068     simplelink.a : cc_pal.obj (.text:spi_Open)
                  20010e18    00000066     drivers_cc32xx.aem4 : UARTCC32XX.oem4 (.text:UARTCC32XX_writeCancel)
                  20010e7e    00000066     freertos_builds_CC3220S_LAUNCHXL_release_ccs.lib : memory.obj (.text:realloc)
                  20010ee4    00000066                                                      : list.obj (.text:vListInsert)
                  20010f4a    00000066                                                      : queue.obj (.text:xQueueGenericCreate)
                  20010fb0    00000064                                                      : ClockP_freertos.obj (.text:ClockP_stop)
                  20011014    00000064     drivers_cc32xx.aem4 : PowerCC32XX.oem4 (.text:PowerCC32XX_setParkState)
                  20011078    00000064     freertos_builds_CC3220S_LAUNCHXL_release_ccs.lib : pthread_mutex.obj (.text:acquireMutex)
                  200110dc    00000064                                                      : tasks.obj (.text:prvGetExpectedIdleTime)
                  20011140    00000062     drivers_cc32xx.aem4 : UARTCC32XX.oem4 (.text:UARTCC32XX_writePolling)
                  200111a2    00000002     --HOLE-- [fill = 0]
                  200111a4    00000060     freertos_builds_CC3220S_LAUNCHXL_release_ccs.lib : HwiPCC32XX_freertos.obj (.text:HwiP_create)
                  20011204    00000060     driverlib.a : prcm.obj (.text:PRCMSysResetCauseGet)
                  20011264    00000060     freertos_builds_CC3220S_LAUNCHXL_release_ccs.lib : pthread_mutex.obj (.text:pthread_mutex_unlock)
                  200112c4    0000005e                                                      : semaphore.obj (.text:sem_timedwait)
                  20011322    00000002     --HOLE-- [fill = 0]
                  20011324    0000005c     simplelink.a : spawn.obj (.text:_SlInternalSpawn)
                  20011380    0000005c     rtsv7M4_T_le_eabi.lib : s_frexp.c.obj (.text:frexp)
                  200113dc    0000005c     freertos_builds_CC3220S_LAUNCHXL_release_ccs.lib : tasks.obj (.text:prvIdleTask)
                  20011438    0000005c                                                      : pthread.obj (.text:pthread_exit)
                  20011494    0000005c                                                      : queue.obj (.text:vQueueWaitForMessageRestricted)
                  200114f0    0000005c                                                      : tasks.obj (.text:vTaskDelay)
                  2001154c    0000005a                                                      : timers.obj (.text:prvInitialiseNewTimer)
                  200115a6    00000002     --HOLE-- [fill = 0]
                  200115a8    00000058     drivers_cc32xx.aem4 : GPIOCC32XX.oem4 (.text:GPIO_setCallback)
                  20011600    00000058                         : GPIOCC32XX.oem4 (.text:GPIO_write)
                  20011658    00000058     driverlib.a : interrupt.obj (.text:IntPendClear)
                  200116b0    00000058                 : prcm.obj (.text:PRCMPeripheralReset)
                  20011708    00000058     drivers_cc32xx.aem4 : PowerCC32XX.oem4 (.text:Power_releaseDependency)
                  20011760    00000058     simplelink.a : sl_socket.obj (.text:_SlDrvClearCtrlSocket)
                  200117b8    00000058     freertos_builds_CC3220S_LAUNCHXL_release_ccs.lib : tasks.obj (.text:eTaskConfirmSleepModeStatus)
                  20011810    00000058                                                      : port.obj (.text:vPortSetupTimerInterrupt)
                  20011868    00000058                                                      : queue.obj (.text:xQueueCreateCountingSemaphore)
                  200118c0    00000058                                                      : queue.obj (.text:xQueueTakeMutexRecursive)
                  20011918    00000056                                                      : SemaphoreP_freertos.obj (.text:SemaphoreP_create)
                  2001196e    00000056     rtsv7M4_T_le_eabi.lib : _printfi.c.obj (.text:_pconv_f)
                  200119c4    00000054     freertos_builds_CC3220S_LAUNCHXL_release_ccs.lib : ClockP_freertos.obj (.text:ClockP_delete)
                  20011a18    00000054     uart_term.obj (.text:InitTerm)
                  20011a6c    00000054     driverlib.a : interrupt.obj (.text:IntPrioritySet)
                  20011ac0    00000054     simplelink.a : driver.obj (.text:_SlDrvRxIrqHandler)
                  20011b14    00000054     rtsv7M4_T_le_eabi.lib : ltoa.c.obj (.text:ltoa)
                  20011b68    00000054     drivers_cc32xx.aem4 : UARTCC32XX.oem4 (.text:ringBufGet)
                  20011bbc    00000054     freertos_builds_CC3220S_LAUNCHXL_release_ccs.lib : timers.obj (.text:xTimerCreateTimerTask)
                  20011c10    00000052     drivers_cc32xx.aem4 : PowerCC32XX_asm.oem4 (.text:PowerCC32XX_resumeLPDS)
                  20011c62    00000052     rtsv7M4_T_le_eabi.lib : _printfi.c.obj (.text:_ecpy)
                  20011cb4    00000050     simplelink.a : cc_pal.obj (.text:NwpRegisterInterruptHandler)
                  20011d04    00000050                  : driver.obj (.text:_SlDrvCmdSend_noWait)
                  20011d54    00000050                  : driver.obj (.text:_SlDrvUpdateApiInProgress)
                  20011da4    00000050                  : spawn.obj (.text:_SlInternalSpawnTaskEntry)
                  20011df4    00000050                  : eventreg.obj (.text:_SlNetAppHttpServerHdlr)
                  20011e44    00000050                  : eventreg.obj (.text:_SlNetAppRequestHdlr)
                  20011e94    00000050     freertos_builds_CC3220S_LAUNCHXL_release_ccs.lib : port.obj (.text:pxPortInitialiseStack)
                  20011ee4    00000050                                                      : semaphore.obj (.text:sem_init)
                  20011f34    00000050                                                      : queue.obj (.text:xQueueGiveMutexRecursive)
                  20011f84    0000004c     drivers_cc32xx.aem4 : GPIOCC32XX.oem4 (.text:GPIO_enableInt)
                  20011fd0    0000004c     simplelink.a : cc_pal.obj (.text:NwpWaitForShutDownInd)
                  2001201c    0000004c     drivers_cc32xx.aem4 : PowerCC32XX.oem4 (.text:PowerCC32XX_parkPin)
                  20012068    0000004c     rtsv7M4_T_le_eabi.lib : atoi.c.obj (.text:atoi)
                  200120b4    0000004c     freertos_builds_CC3220S_LAUNCHXL_release_ccs.lib : startup_cc32xx_ccs.obj (.text:initVectors)
                  20012100    0000004c                                                      : timers.obj (.text:prvCheckForValidListAndQueue)
                  2001214c    0000004c                                                      : tasks.obj (.text:prvCheckTasksWaitingTermination)
                  20012198    0000004c     drivers_cc32xx.aem4 : PowerCC32XX.oem4 (.text:restorePeriphClocks)
                  200121e4    0000004c     freertos_builds_CC3220S_LAUNCHXL_release_ccs.lib : port.obj (.text:vPortEnterCritical)
                  20012230    00000048     driverlib.a : flash.obj (.text:FlashDisable)
                  20012278    00000048     freertos_builds_CC3220S_LAUNCHXL_release_ccs.lib : HwiPCC32XX_freertos.obj (.text:HwiP_dispatch)
                  200122c0    00000048     driverlib.a : prcm.obj (.text:PRCMLPDSEnter)
                  20012308    00000048                 : prcm.obj (.text:PRCMPeripheralClkEnable)
                  20012350    00000048     drivers_cc32xx.aem4 : PowerCC32XX.oem4 (.text:Power_releaseConstraint)
                  20012398    00000048     simplelink.a : eventreg.obj (.text:_SlDeviceFatalErrorEvtHdlr)
                  200123e0    00000048                  : eventreg.obj (.text:_SlDeviceGeneralEvtHdlr)
                  20012428    00000048                  : driver.obj (.text:_SlDrvSyncObjWaitTimeout)
                  20012470    00000048                  : eventreg.obj (.text:_SlNetAppEvtHdlr)
                  200124b8    00000048                  : eventreg.obj (.text:_SlNetAppRequestMemFree)
                  20012500    00000048                  : eventreg.obj (.text:_SlSockEvtHdlr)
                  20012548    00000048                  : eventreg.obj (.text:_SlWlanEvtHdlr)
                  20012590    00000048     rtsv7M4_T_le_eabi.lib : fd_toi_t2.asm.obj (.text)
                  200125d8    00000048     freertos_builds_CC3220S_LAUNCHXL_release_ccs.lib : list.obj (.text:uxListRemove)
                  20012620    00000046     drivers_cc32xx.aem4 : RingBuf.oem4 (.text:RingBuf_put)
                  20012666    00000002     --HOLE-- [fill = 0]
                  20012668    00000044     driverlib.a : prcm.obj (.text:PRCMLPDSRestoreInfoSet)
                  200126ac    00000044     drivers_cc32xx.aem4 : PowerCC32XX_asm.oem4 (.text:PowerCC32XX_enterLPDS)
                  200126f0    00000044                         : SPI.oem4 (.text:SPI_init)
                  20012734    00000044                         : UART.oem4 (.text:UART_init)
                  20012778    00000044     rtsv7M4_T_le_eabi.lib : autoinit.c.obj (.text:__TI_auto_init_nobinit_nopinit:__TI_auto_init_nobinit_nopinit)
                  200127bc    00000044     freertos_builds_CC3220S_LAUNCHXL_release_ccs.lib : queue.obj (.text:prvInitialiseNewQueue)
                  20012800    00000044                                                      : tasks.obj (.text:vTaskStepTick)
                  20012844    00000042                                                      : memory.obj (.text:malloc)
                  20012886    00000040     simplelink.a : sl_socket.obj (.text:CountSetBits)
                  200128c6    00000002     --HOLE-- [fill = 0]
                  200128c8    00000040     driverlib.a : pin.obj (.text:PinModeSet)
                  20012908    00000040     drivers_cc32xx.aem4 : RingBuf.oem4 (.text:RingBuf_get)
                  20012948    00000040     provisioning.obj (.text:SimpleLinkGeneralEventHandler)
                  20012988    00000040     drivers_cc32xx.aem4 : UARTCC32XX.oem4 (.text:UARTCC32XX_read)
                  200129c8    00000040                         : UDMACC32XX.oem4 (.text:UDMACC32XX_init)
                  20012a08    00000040     simplelink.a : driver.obj (.text:_SlDrvGlobalObjUnLock)
                  20012a48    00000040                  : driver.obj (.text:_SlFindAndReleasePendingCmd)
                  20012a88    00000040                  : spawn.obj (.text:_SlInternalSpawnWaitForEvent)
                  20012ac8    00000040                  : eventreg.obj (.text:_SlIsEventRegistered)
                  20012b08    00000040     freertos_builds_CC3220S_LAUNCHXL_release_ccs.lib : tasks.obj (.text:vTaskPlaceOnEventListRestricted)
                  20012b48    00000040     rtsv7M4_T_le_eabi.lib : vsnprintf.c.obj (.text:vsnprintf)
                  20012b88    0000003e     freertos_builds_CC3220S_LAUNCHXL_release_ccs.lib : ClockP_freertos.obj (.text:ClockP_callbackFxn)
                  20012bc6    0000003e     rtsv7M4_T_le_eabi.lib : _printfi.c.obj (.text:_fcpy)
                  20012c04    0000003e     freertos_builds_CC3220S_LAUNCHXL_release_ccs.lib : pthread.obj (.text:pthread_setcancelstate)
                  20012c42    0000003e                                                      : semaphore.obj (.text:sem_post)
                  20012c80    0000003c     driverlib.a : prcm.obj (.text:PRCMSlowClkCtrFastGet)
                  20012cbc    0000003c     drivers_cc32xx.aem4 : PowerCC32XX.oem4 (.text:Power_setConstraint)
                  20012cf8    0000003c                         : SPI.oem4 (.text:SPI_open)
                  20012d34    0000003c                         : UART.oem4 (.text:UART_open)
                  20012d70    0000003c     simplelink.a : netapp.obj (.text:_SlNetAppCopyPingResultsToReport)
                  20012dac    0000003c     freertos_builds_CC3220S_LAUNCHXL_release_ccs.lib : queue.obj (.text:prvCopyDataFromQueue)
                  20012de8    0000003c                                                      : tasks.obj (.text:prvResetNextTaskUnblockTime)
                  20012e24    0000003c                                                      : tasks.obj (.text:pvTaskGetThreadLocalStoragePointer)
                  20012e60    0000003c                                                      : timer.obj (.text:timespecToTicks)
                  20012e9c    0000003c                                                      : sleep.obj (.text:usleep)
                  20012ed8    0000003c                                                      : list.obj (.text:vListInsertEnd)
                  20012f14    0000003a                                                      : timer.obj (.text:callbackFxn)
                  20012f4e    00000002     --HOLE-- [fill = 0]
                  20012f50    00000038     driverlib.a : prcm.obj (.text:PRCMLPDSEnterKeepDebugIf)
                  20012f88    00000038     drivers_cc32xx.aem4 : PowerCC32XX.oem4 (.text:notify)
                  20012fc0    00000038     freertos_builds_CC3220S_LAUNCHXL_release_ccs.lib : timers.obj (.text:prvGetNextExpireTime)
                  20012ff8    00000038                                                      : port.obj (.text:prvTaskExitError)
                  20013030    00000036     drivers_cc32xx.aem4 : UARTCC32XX.oem4 (.text:UARTCC32XX_readCancel)
                  20013066    00000002     --HOLE-- [fill = 0]
                  20013068    00000034     driverlib.a : pin.obj (.text:PinModeGet)
                  2001309c    00000034     drivers_cc32xx.aem4 : PowerCC32XX.oem4 (.text:PowerCC32XX_restoreParkState)
                  200130d0    00000034     freertos_builds_CC3220S_LAUNCHXL_release_ccs.lib : SemaphoreP_freertos.obj (.text:SemaphoreP_pend)
                  20013104    00000034     drivers_cc32xx.aem4 : UDMACC32XX.oem4 (.text:UDMACC32XX_close)
                  20013138    00000034     freertos_builds_CC3220S_LAUNCHXL_release_ccs.lib : mqueue.obj (.text:findInList)
                  2001316c    00000034                                                      : timers.obj (.text:prvSampleTimeNow)
                  200131a0    00000034                                                      : tasks.obj (.text:vTaskPlaceOnEventList)
                  200131d4    00000034                                                      : tasks.obj (.text:vTaskSetThreadLocalStoragePointer)
                  20013208    00000034                                                      : timers.obj (.text:xTimerCreate)
                  2001323c    00000030     drivers_cc32xx.aem4 : PowerCC32XX.oem4 (.text:PowerCC32XX_restoreParkedPin)
                  2001326c    00000030     provisioning.obj (.text:StartAsyncEvtTimer)
                  2001329c    00000030     rtsv7M4_T_le_eabi.lib : vsnprintf.c.obj (.text:_outs)
                  200132cc    00000030     freertos_builds_CC3220S_LAUNCHXL_release_ccs.lib : list.obj (.text:vListInitialise)
                  200132fc    00000030                                                      : port.obj (.text:vPortExitCritical)
                  2001332c    00000030                                                      : tasks.obj (.text:xTaskGetSchedulerState)
                  2001335c    0000002e     simplelink.a : cc_pal.obj (.text:Mutex_create_handle)
                  2001338a    0000002e     freertos_builds_CC3220S_LAUNCHXL_release_ccs.lib : timers.obj (.text:pvTimerGetTimerID)
                  200133b8    0000002e     rtsv7M4_T_le_eabi.lib : i_tofd_t2.asm.obj (.text)
                  200133e6    0000002c     provisioning.obj (.text:GetSecureStatus)
                  20013412    00000002     --HOLE-- [fill = 0]
                  20013414    0000002c     freertos_builds_CC3220S_LAUNCHXL_release_ccs.lib : HwiPCC32XX_freertos.obj (.text:HwiP_disable)
                  20013440    0000002c     simplelink.a : cc_pal.obj (.text:NwpPowerOn)
                  2001346c    0000002c     driverlib.a : prcm.obj (.text:PRCMLPDSIntervalSet)
                  20013498    0000002c     drivers_cc32xx.aem4 : PowerCC32XX.oem4 (.text:PowerCC32XX_getParkState)
                  200134c4    0000002c     freertos_builds_CC3220S_LAUNCHXL_release_ccs.lib : SemaphoreP_freertos.obj (.text:SemaphoreP_createBinary)
                  200134f0    0000002c     provisioning.obj (.text:StopAsyncEvtTimer)
                  2001351c    0000002c     simplelink.a : driver.obj (.text:_SlDrvSyncObjWaitForever)
                  20013548    0000002c     freertos_builds_CC3220S_LAUNCHXL_release_ccs.lib : pthread_mutex.obj (.text:pthread_mutexattr_settype)
                  20013574    0000002c                                                      : tasks.obj (.text:vTaskSetApplicationTaskTag)
                  200135a0    0000002c                                                      : port.obj (.text:xPortSysTickHandler)
                  200135cc    0000002c                                                      : queue.obj (.text:xQueueCreateMutex)
                  200135f8    0000002c                                                      : tasks.obj (.text:xTaskGetApplicationTaskTag)
                  20013624    0000002a                                                      : queue.obj (.text:prvInitialiseMutex)
                  2001364e    0000002a                                                      : queue.obj (.text:uxQueueMessagesWaiting)
                  20013678    0000002a                                                      : timers.obj (.text:xTimerGetExpiryTime)
                  200136a2    00000002     --HOLE-- [fill = 0]
                  200136a4    00000028                                                      : HwiPCC32XX_freertos.obj (.text:HwiP_inISR)
                  200136cc    00000028     driverlib.a : prcm.obj (.text:PRCMLPDSWakeupSourceEnable)
                  200136f4    00000028                 : prcm.obj (.text:PRCMPeripheralClkDisable)
                  2001371c    00000028     drivers_cc32xx.aem4 : PowerCC32XX.oem4 (.text:Power_registerNotify)
                  20013744    00000028     provisioning.obj (.text:SignalEvent)
                  2001376c    00000028     simplelink.a : driver.obj (.text:_SlDrvProtectionObjLockWaitForever)
                  20013794    00000028                  : driver.obj (.text:_SlDrvProtectionObjUnLock)
                  200137bc    00000028                  : flowcont.obj (.text:_SlFlowContSet)
                  200137e4    00000028     rtsv7M4_T_le_eabi.lib : boot_cortex_m.c.obj (.text:_c_int00_noargs:_c_int00_noargs)
                  2001380c    00000028     freertos_builds_CC3220S_LAUNCHXL_release_ccs.lib : pthread.obj (.text:pthread_attr_setschedparam)
                  20013834    00000026     drivers_cc32xx.aem4 : List.oem4 (.text:List_put)
                  2001385a    00000026                         : List.oem4 (.text:List_remove)
                  20013880    00000026     freertos_builds_CC3220S_LAUNCHXL_release_ccs.lib : pthread.obj (.text:_pthread_cleanup_pop)
                  200138a6    00000026                                                      : queue.obj (.text:prvIsQueueFull)
                  200138cc    00000024     driverlib.a : interrupt.obj (.text:IntUnregister)
                  200138f0    00000024     provisioning.obj (.text:ProcessRestartRequest)
                  20013914    00000024     simplelink.a : driver.obj (.text:_SlDrvIsApiInProgress)
                  20013938    00000024                  : driver.obj (.text:_SlDrvStartMeasureTimeout)
                  2001395c    00000024     freertos_builds_CC3220S_LAUNCHXL_release_ccs.lib : queue.obj (.text:prvGetDisinheritPriorityAfterTimeout)
                  20013980    00000024                                                      : semaphore.obj (.text:sem_getvalue)
                  200139a4    00000024                                                      : queue.obj (.text:vQueueDelete)
                  200139c8    00000024                                                      : tasks.obj (.text:vTaskInternalSetTimeOutState)
                  200139ec    00000022                                                      : SemaphoreP_freertos.obj (.text:SemaphoreP_post)
                  20013a0e    00000022                                                      : aeabi_portable.obj (.text:__aeabi_errno_addr)
                  20013a30    00000022                                                      : pthread.obj (.text:pthread_attr_setdetachstate)
                  20013a52    00000002     --HOLE-- [fill = 0]
                  20013a54    00000020                                                      : ClockP_freertos.obj (.text:ClockP_getCpuFreq)
                  20013a74    00000020                                                      : HwiPCC32XX_freertos.obj (.text:HwiP_restore)
                  20013a94    00000020     driverlib.a : interrupt.obj (.text:IntRegister)
                  20013ab4    00000020     drivers_cc32xx.aem4 : PowerCC32XX.oem4 (.text:Power_unregisterNotify)
                  20013ad4    00000020                         : RingBuf.oem4 (.text:RingBuf_peek)
                  20013af4    00000020                         : SPICC32XXDMA.oem4 (.text:getPowerMgrId)
                  20013b14    00000020                         : UARTCC32XX.oem4 (.text:getPowerMgrId)
                  20013b34    00000020     freertos_builds_CC3220S_LAUNCHXL_release_ccs.lib : queue.obj (.text:prvIsQueueEmpty)
                  20013b54    00000020                                                      : semaphore.obj (.text:semaphorePend)
                  20013b74    0000001e                                                      : ClockP_freertos.obj (.text:ClockP_start)
                  20013b92    0000001e                                                      : HwiPCC32XX_freertos.obj (.text:HwiP_Params_init)
                  20013bb0    0000001e     simplelink.a : driver.obj (.text:_SlDrvObjLockWaitForever)
                  20013bce    0000001e                  : driver.obj (.text:_SlDrvObjUnLock)
                  20013bec    0000001e                  : driver.obj (.text:_SlDrvSyncObjSignal)
                  20013c0a    0000001e     freertos_builds_CC3220S_LAUNCHXL_release_ccs.lib : pthread.obj (.text:_pthread_runStub)
                  20013c28    0000001e     drivers_cc32xx.aem4 : UDMACC32XX.oem4 (.text:postNotifyFxn)
                  20013c46    0000001c     freertos_builds_CC3220S_LAUNCHXL_release_ccs.lib : ClockP_freertos.obj (.text:ClockP_Params_init)
                  20013c62    00000002     --HOLE-- [fill = 0]
                  20013c64    0000001c     uart_term.obj (.text:Message)
                  20013c80    0000001c     driverlib.a : pin.obj (.text:PinToPadGet)
                  20013c9c    0000001c     simplelink.a : device.obj (.text:_SlDeviceGetStartResponseConvert)
                  20013cb8    0000001c                  : spawn.obj (.text:_SlInternalIsItSpawnThread)
                  20013cd4    0000001c     rtsv7M4_T_le_eabi.lib : memccpy.c.obj (.text:memccpy)
                  20013cf0    0000001c     freertos_builds_CC3220S_LAUNCHXL_release_ccs.lib : pthread.obj (.text:pthread_attr_init)
                  20013d0c    0000001c                                                      : pthread_mutex.obj (.text:pthread_mutexattr_init)
                  20013d28    0000001c                                                      : tasks.obj (.text:pvTaskIncrementMutexHeldCount)
                  20013d44    0000001a                                                      : PTLS.obj (.text:PTLS_taskDeleteHook)
                  20013d5e    0000001a                                                      : timers.obj (.text:prvTimerTask)
                  20013d78    0000001a                                                      : pthread_mutex.obj (.text:pthread_mutex_destroy)
                  20013d92    00000002     --HOLE-- [fill = 0]
                  20013d94    00000018     provisioning.obj (.text:HandleDiscnctEvt)
                  20013dac    00000018     drivers_cc32xx.aem4 : PowerCC32XX.oem4 (.text:Power_idleFunc)
                  20013dc4    00000018     provisioning.obj (.text:StartConnection)
                  20013ddc    00000018     driverlib.a : uart.obj (.text:UARTBusy)
                  20013df4    00000018                 : uart.obj (.text:UARTIntEnable)
                  20013e0c    00000018     drivers_cc32xx.aem4 : UART.oem4 (.text:UART_Params_init)
                  20013e24    00000018     rtsv7M4_T_le_eabi.lib : vsnprintf.c.obj (.text:_outc)
                  20013e3c    00000018     freertos_builds_CC3220S_LAUNCHXL_release_ccs.lib : memory.obj (.text:free)
                  20013e54    00000018     rtsv7M4_T_le_eabi.lib : ll_mul_t2.asm.obj (.text)
                  20013e6c    00000018     freertos_builds_CC3220S_LAUNCHXL_release_ccs.lib : semaphore.obj (.text:sem_wait)
                  20013e84    00000018     rtsv7M4_T_le_eabi.lib : strcmp.c.obj (.text:strcmp)
                  20013e9c    00000018     freertos_builds_CC3220S_LAUNCHXL_release_ccs.lib : tasks.obj (.text:xTaskGetTickCountFromISR)
                  20013eb4    00000016                                                      : ClockP_freertos.obj (.text:ClockP_setTimeout)
                  20013eca    00000016     driverlib.a : prcm.obj (.text:PRCMHIBRegRead)
                  20013ee0    00000016                 : prcm.obj (.text:PRCMHIBRegWrite)
                  20013ef6    00000016     freertos_builds_CC3220S_LAUNCHXL_release_ccs.lib : PTLS.obj (.text:PTLS_getBuf)
                  20013f0c    00000016                                                      : PTLS.obj (.text:PTLS_setBuf)
                  20013f22    00000016                                                      : SemaphoreP_freertos.obj (.text:SemaphoreP_Params_init)
                  20013f38    00000016     simplelink.a : driver.obj (.text:_SlDrvMemZero)
                  20013f4e    00000002     --HOLE-- [fill = 0]
                  20013f50    00000016     freertos_builds_CC3220S_LAUNCHXL_release_ccs.lib : startup_cc32xx_ccs.obj (.text:resetISR)
                  20013f66    00000016     rtsv7M4_T_le_eabi.lib : strchr.c.obj (.text:strchr)
                  20013f7c    00000014     driverlib.a : cpu.obj (.text:CPUcpsie)
                  20013f90    00000014                 : interrupt.obj (.text:IntVTableBaseSet)
                  20013fa4    00000014     drivers_cc32xx.aem4 : PowerCC32XX.oem4 (.text:Power_getDependencyCount)
                  20013fb8    00000014                         : SPI.oem4 (.text:SPI_Params_init)
                  20013fcc    00000014     freertos_builds_CC3220S_LAUNCHXL_release_ccs.lib : tasks.obj (.text:prvDeleteTCB)
                  20013fe0    00000014                                                      : pthread.obj (.text:pthread_attr_setstacksize)
                  20013ff4    00000014                                                      : pthread_mutex.obj (.text:pthread_mutex_lock)
                  20014008    00000014                                                      : pthread.obj (.text:pthread_self)
                  2001401c    00000014     drivers_cc32xx.aem4 : UARTCC32XX.oem4 (.text:releasePowerConstraint)
                  20014030    00000014     freertos_builds_CC3220S_LAUNCHXL_release_ccs.lib : semaphore.obj (.text:sem_destroy)
                  20014044    00000014     rtsv7M4_T_le_eabi.lib : strcpy.c.obj (.text:strcpy)
                  20014058    00000014                           : strlen.c.obj (.text:strlen)
                  2001406c    00000014     freertos_builds_CC3220S_LAUNCHXL_release_ccs.lib : PowerCC32XX_freertos.obj (.text:vPortSuppressTicksAndSleep)
                  20014080    00000014                                                      : tasks.obj (.text:xTaskGetCurrentTaskHandle)
                  20014094    00000014                                                      : tasks.obj (.text:xTaskGetTickCount)
                  200140a8    00000012                                                      : HwiPCC32XX_freertos.obj (.text:HwiP_delete)
                  200140ba    00000012     drivers_cc32xx.aem4 : RingBuf.oem4 (.text:RingBuf_construct)
                  200140cc    00000012     rtsv7M4_T_le_eabi.lib : wcslen.c.obj (.text:wcslen)
                  200140de    00000010     freertos_builds_CC3220S_LAUNCHXL_release_ccs.lib : ClockP_freertos.obj (.text:ClockP_getSystemTickPeriod)
                  200140ee    00000002     --HOLE-- [fill = 0]
                  200140f0    00000010     provisioning.obj (.text:HandleConnection)
                  20014100    00000010     driverlib.a : systick.obj (.text:SysTickDisable)
                  20014110    00000010                 : systick.obj (.text:SysTickEnable)
                  20014120    00000010     simplelink.a : driver.obj (.text:_SlDrvDispatchHttpServerEvents)
                  20014130    00000010                  : driver.obj (.text:_SlDrvDispatchNetAppRequestEvents)
                  20014140    00000010                  : driver.obj (.text:_SlDrvIsSpawnOwnGlobalLock)
                  20014150    00000010     CC3220S_LAUNCHXL.obj (.text:dmaErrorFxn)
                  20014160    00000010     drivers_cc32xx.aem4 : UARTCC32XX.oem4 (.text:readBlockingTimeout)
                  20014170    00000010     freertos_builds_CC3220S_LAUNCHXL_release_ccs.lib : list.obj (.text:vListInitialiseItem)
                  20014180    00000010                                                      : tasks.obj (.text:vTaskSuspendAll)
                  20014190    0000000e     provisioning.obj (.text:CheckLanConnection)
                  2001419e    0000000e     drivers_cc32xx.aem4 : PowerCC32XX.oem4 (.text:Power_getTransitionLatency)
                  200141ac    0000000e                         : RingBuf.oem4 (.text:RingBuf_isFull)
                  200141ba    0000000e     simplelink.a : driver.obj (.text:_SlDrvResetCmdExt)
                  200141c8    0000000e     rtsv7M4_T_le_eabi.lib : copy_decompress_none.c.obj (.text:decompress:none:__TI_decompress_none)
                  200141d6    0000000e     drivers_cc32xx.aem4 : SPICC32XXDMA.oem4 (.text:postNotifyFxn)
                  200141e4    0000000e     simplelink.a : cc_pal.obj (.text:spi_Close)
                  200141f2    0000000c     provisioning.obj (.text:AsyncEvtTimerHandler)
                  200141fe    0000000c     CC3220S_LAUNCHXL.obj (.text:CC3220S_LAUNCHXL_initGeneral)
                  2001420a    0000000c     driverlib.a : cpu.obj (.text:CPUwfi)
                  20014216    0000000c     provisioning.obj (.text:HandleProvisioningTimeOut)
                  20014222    0000000c     provisioning.obj (.text:HandleWaitForIp)
                  2001422e    0000000c     freertos_builds_CC3220S_LAUNCHXL_release_ccs.lib : HwiPCC32XX_freertos.obj (.text:HwiP_clearInterrupt)
                  2001423a    0000000c                                                      : HwiPCC32XX_freertos.obj (.text:HwiP_disableInterrupt)
                  20014246    0000000c                                                      : HwiPCC32XX_freertos.obj (.text:HwiP_enableInterrupt)
                  20014252    00000002     --HOLE-- [fill = 0]
                  20014254    0000000c     simplelink.a : cc_pal.obj (.text:NwpMaskInterrupt)
                  20014260    0000000c                  : cc_pal.obj (.text:NwpUnMaskInterrupt)
                  2001426c    0000000c     drivers_cc32xx.aem4 : PowerCC32XX.oem4 (.text:Power_getConstraintMask)
                  20014278    0000000c     freertos_builds_CC3220S_LAUNCHXL_release_ccs.lib : SemaphoreP_freertos.obj (.text:SemaphoreP_delete)
                  20014284    0000000c     provisioning.obj (.text:SimpleLinkHttpServerEventHandler)
                  20014290    0000000c     provisioning.obj (.text:SimpleLinkNetAppRequestEventHandler)
                  2001429c    0000000c     simplelink.a : device.obj (.text:_SlDeviceResetRequestInitCompletedCB)
                  200142a8    0000000c     rtsv7M4_T_le_eabi.lib : copy_zero_init.c.obj (.text:decompress:ZI:__TI_zero_init)
                  200142b4    0000000c     drivers_cc32xx.aem4 : UARTCC32XX.oem4 (.text:postNotifyFxn)
                  200142c0    0000000c     driverlib.a : udma.obj (.text:uDMAErrorStatusClear)
                  200142cc    0000000c                 : udma.obj (.text:uDMAErrorStatusGet)
                  200142d8    0000000c     freertos_builds_CC3220S_LAUNCHXL_release_ccs.lib : tasks.obj (.text:vTaskMissedYield)
                  200142e4    0000000a     driverlib.a : interrupt.obj (.text:IntMasterEnable)
                  200142ee    0000000a     drivers_cc32xx.aem4 : SPI.oem4 (.text:SPI_close)
                  200142f8    0000000a                         : SPI.oem4 (.text:SPI_transfer)
                  20014302    0000000a     provisioning.obj (.text:SimpleLinkNetAppRequestMemFreeEventHandler)
                  2001430c    0000000a     drivers_cc32xx.aem4 : UART.oem4 (.text:UART_control)
                  20014316    0000000a                         : UART.oem4 (.text:UART_writePolling)
                  20014320    0000000a     simplelink.a : device.obj (.text:sl_Task)
                  2001432a    0000000a     main_freertos.obj (.text:vApplicationStackOverflowHook)
                  20014334    00000008     freertos_builds_CC3220S_LAUNCHXL_release_ccs.lib : ClockP_freertos.obj (.text:ClockP_getSystemTicks)
                  2001433c    00000008     driverlib.a : prcm.obj (.text:PRCMSleepEnter)
                  20014344    00000008     simplelink.a : cc_pal.obj (.text:TimerGetCurrentTimestamp)
                  2001434c    00000008     drivers_cc32xx.aem4 : SPICC32XXDMA.oem4 (.text:blockingTransferCallback)
                  20014354    00000008     rtsv7M4_T_le_eabi.lib : s_copysign.c.obj (.text:copysign)
                  2001435c    00000008     drivers_cc32xx.aem4 : UARTCC32XX.oem4 (.text:readSemCallback)
                  20014364    00000008                         : UARTCC32XX.oem4 (.text:writeSemCallback)
                  2001436c    00000006                         : SPICC32XXDMA.oem4 (.text:SPICC32XXDMA_control)
                  20014372    00000006     driverlib.a : utils.obj (.text:UtilsDelay)
                  20014378    00000004     provisioning.obj (.text:CheckInternetConnection)
                  2001437c    00000004     provisioning.obj (.text:DoNothing)
                  20014380    00000004     external_provisioning_conf.obj (.text:IsActiveExternalConfiguration)
                  20014384    00000004     provisioning.obj (.text:ProcessStartRequest)
                  20014388    00000004     drivers_cc32xx.aem4 : SPICC32XXDMA.oem4 (.text:SPICC32XXDMA_init)
                  2001438c    00000004     rtsv7M4_T_le_eabi.lib : pre_init.c.obj (.text:_system_pre_init)
                  20014390    00000004                           : exit.c.obj (.text:abort:abort)

.ramVecs   0    20000000    0000030c     NOLOAD SECTION
                  20000000    0000030c     freertos_builds_CC3220S_LAUNCHXL_release_ccs.lib : startup_cc32xx_ccs.obj (.ramVecs)

.bss       0    20014400    00008d3a     UNINITIALIZED
                  20014400    00008000     freertos_builds_CC3220S_LAUNCHXL_release_ccs.lib : heap_4.obj (.bss:ucHeap)
                  2001c400    00000400     CC3220S_LAUNCHXL.obj (.bss:dmaControlTable)
                  2001c800    000003fc     (.common:g_CB)
                  2001cbfc    0000012c     (.common:PowerCC32XX_contextSave)
                  2001cd28    00000108     (.common:uartCC3220SObjects)
                  2001ce30    000000c8     freertos_builds_CC3220S_LAUNCHXL_release_ccs.lib : tasks.obj (.bss:pxReadyTasksLists)
                  2001cef8    00000088     (.common:spiCC3220SDMAObjects)
                  2001cf80    00000040     (.common:uartCC3220SRingBuffer)
                  2001cfc0    0000002c     (.common:GlobalLockObj)
                  2001cfec    00000028     (.common:g_SlInternalSpawnCB)
                  2001d014    00000020     drivers_cc32xx.aem4 : GPIOCC32XX.oem4 (.bss:gpioCallbackInfo)
                  2001d034    00000014                         : UDMACC32XX.oem4 (.bss:postNotifyObj)
                  2001d048    00000014                         : GPIOCC32XX.oem4 (.bss:powerNotifyObj)
                  2001d05c    00000014     freertos_builds_CC3220S_LAUNCHXL_release_ccs.lib : timers.obj (.bss:xActiveTimerList1)
                  2001d070    00000014                                                      : timers.obj (.bss:xActiveTimerList2)
                  2001d084    00000014                                                      : tasks.obj (.bss:xDelayedTaskList1)
                  2001d098    00000014                                                      : tasks.obj (.bss:xDelayedTaskList2)
                  2001d0ac    00000014                                                      : tasks.obj (.bss:xPendingReadyList)
                  2001d0c0    00000014                                                      : tasks.obj (.bss:xSuspendedTaskList)
                  2001d0d4    00000014                                                      : tasks.obj (.bss:xTasksWaitingTermination)
                  2001d0e8    0000000c     (.common:DeviceCB)
                  2001d0f4    0000000c     (.common:Msg)
                  2001d100    00000008                                                      : tasks.obj (.bss)
                  2001d108    00000008                                                      : timers.obj (.bss)
                  2001d110    00000008                                                      : heap_4.obj (.bss:xStart)
                  2001d118    00000008     (.common:spiCC3220SDMAscratchBuf)
                  2001d120    00000008     (.common:udmaCC3220SObject)
                  2001d128    00000004     drivers_cc32xx.aem4 : GPIOCC32XX.oem4 (.bss)
                  2001d12c    00000004     uart_term.obj (.bss)
                  2001d130    00000004     (.common:gProvisioningSMQueue)
                  2001d134    00000004     (.common:gTimer)
                  2001d138    00000001     (.common:RxIrqCnt)
                  2001d139    00000001     (.common:g_CurrentState)

.const     0    2001dd44    00000b5e     
                  2001dd44    000002a0     provisioning.obj (.const:gTransitionTable)
                  2001dfe4    00000101     rtsv7M4_T_le_eabi.lib : ctype.c.obj (.const:.string:_ctypes_)
                  2001e0e5    00000003     --HOLE-- [fill = 0]
                  2001e0e8    00000100     driverlib.a : pin.obj (.const:g_ulPinToPadMap)
                  2001e1e8    000000d4                 : interrupt.obj (.const:g_pulRegs)
                  2001e2bc    000000a8                 : prcm.obj (.const:PRCM_PeriphRegsList)
                  2001e364    00000078     CC3220S_LAUNCHXL.obj (.const:spiCC3220SDMAHWAttrs)
                  2001e3dc    00000070     simplelink.a : driver.obj (.const:OpcodeTranslateTable)
                  2001e44c    00000058                  : driver.obj (.const:_SlActionLookupTable)
                  2001e4a4    00000048     CC3220S_LAUNCHXL.obj (.const:uartCC3220SHWAttrs)
                  2001e4ec    00000040     CC3220S_LAUNCHXL.obj (.const:PowerCC32XX_config)
                  2001e52c    0000003a     provisioning.obj (.const:.string)
                  2001e566    00000002     --HOLE-- [fill = 0]
                  2001e568    00000028     drivers_cc32xx.aem4 : UARTCC32XX.oem4 (.const:UARTCC32XX_fxnTable)
                  2001e590    00000024                         : UART.oem4 (.const:UART_defaultParams)
                  2001e5b4    00000021                         : GPIOCC32XX.oem4 (.const:.string:pinTable)
                  2001e5d5    00000003     --HOLE-- [fill = 0]
                  2001e5d8    00000020     simplelink.a : driver.obj (.const:RxMsgClassLUT)
                  2001e5f8    00000020     drivers_cc32xx.aem4 : SPI.oem4 (.const:SPI_defaultParams)
                  2001e618    00000020     simplelink.a : device.obj (.const:StartResponseLUT)
                  2001e638    00000020     drivers_cc32xx.aem4 : UARTCC32XX.oem4 (.const:staticFxnTable)
                  2001e658    00000018                         : SPICC32XXDMA.oem4 (.const:SPICC32XXDMA_fxnTable)
                  2001e670    00000018     CC3220S_LAUNCHXL.obj (.const:SPI_config)
                  2001e688    00000018     CC3220S_LAUNCHXL.obj (.const:UART_config)
                  2001e6a0    00000018     driverlib.a : interrupt.obj (.const:g_pulDisRegs)
                  2001e6b8    00000018                 : interrupt.obj (.const:g_pulEnRegs)
                  2001e6d0    00000018                 : interrupt.obj (.const:g_pulUnpendRegs)
                  2001e6e8    00000014     simplelink.a : cc_pal.obj (.const:$P$T0$1)
                  2001e6fc    00000014                  : device.obj (.const:$P$T0$1)
                  2001e710    00000014                  : driver.obj (.const:$P$T0$1)
                  2001e724    00000014                  : cc_pal.obj (.const:$P$T1$2)
                  2001e738    00000014     provisioning.obj (.const:$P$T2$3)
                  2001e74c    00000014     simplelink.a : driver.obj (.const:$P$T2$3)
                  2001e760    00000014     CC3220S_LAUNCHXL.obj (.const:GPIOCC32XX_config)
                  2001e774    00000014     drivers_cc32xx.aem4 : GPIOCC32XX.oem4 (.const:gpioBaseAddresses)
                  2001e788    00000014                         : UARTCC32XX.oem4 (.const:parityType)
                  2001e79c    00000014                         : GPIOCC32XX.oem4 (.const:powerResources)
                  2001e7b0    00000010     provisioning.obj (.const:$P$T0$1)
                  2001e7c0    00000010     provisioning.obj (.const:$P$T1$2)
                  2001e7d0    00000010     drivers_cc32xx.aem4 : UARTCC32XX.oem4 (.const:dataLength)
                  2001e7e0    0000000d     CC3220S_LAUNCHXL.obj (.const)
                  2001e7ed    00000003     --HOLE-- [fill = 0]
                  2001e7f0    0000000c     drivers_cc32xx.aem4 : SPICC32XXDMA.oem4 (.const:dmaNullConfig)
                  2001e7fc    0000000c                         : SPICC32XXDMA.oem4 (.const:dmaRxConfig)
                  2001e808    0000000c                         : SPICC32XXDMA.oem4 (.const:dmaTxConfig)
                  2001e814    0000000c     CC3220S_LAUNCHXL.obj (.const:udmaCC3220SHWAttrs)
                  2001e820    00000008     CC3220S_LAUNCHXL.obj (.const:UDMACC32XX_config)
                  2001e828    00000008     freertos_builds_CC3220S_LAUNCHXL_release_ccs.lib : port.obj (.const)
                  2001e830    00000008     simplelink.a : driver.obj (.const:g_H2NCnysPattern)
                  2001e838    00000008                  : driver.obj (.const:g_H2NSyncPattern)
                  2001e840    00000008     drivers_cc32xx.aem4 : SPICC32XXDMA.oem4 (.const:mode)
                  2001e848    00000008                         : GPIOCC32XX.oem4 (.const:outPinTypes)
                  2001e850    00000008                         : UARTCC32XX.oem4 (.const:stopBits)
                  2001e858    00000006                         : GPIOCC32XX.oem4 (.const:.string:interruptType)
                  2001e85e    00000006                         : GPIOCC32XX.oem4 (.const:inPinTypes)
                  2001e864    00000006                         : GPIOCC32XX.oem4 (.const:outPinStrengths)
                  2001e86a    00000004     simplelink.a : netapp.obj (.const:$P$T0$1)
                  2001e86e    00000004     drivers_cc32xx.aem4 : GPIOCC32XX.oem4 (.const:.string:portInterruptIds)
                  2001e872    00000004     simplelink.a : device.obj (.const:_SlDeviceGetCmdCtrl)
                  2001e876    00000004                  : netapp.obj (.const:_SlNetAppSendResponseCmdCtrl)
                  2001e87a    00000004                  : netapp.obj (.const:_SlNetAppSendTokenValueCmdCtrl)
                  2001e87e    00000004                  : netcfg.obj (.const:_SlNetCfgGetCmdCtrl)
                  2001e882    00000004                  : wlan.obj (.const:_SlProvisioningCmdCtrl)
                  2001e886    00000004                  : sl_socket.obj (.const:_SlRecvfomCmdCtrl)
                  2001e88a    00000004                  : sl_socket.obj (.const:_SlSelectCmdCtrl)
                  2001e88e    00000004                  : device.obj (.const:_SlStopCmdCtrl)
                  2001e892    00000004                  : wlan.obj (.const:_SlWlanCfgGetCmdCtrl)
                  2001e896    00000004                  : wlan.obj (.const:_SlWlanCfgSetCmdCtrl)
                  2001e89a    00000002     --HOLE-- [fill = 0]
                  2001e89c    00000004     freertos_builds_CC3220S_LAUNCHXL_release_ccs.lib : pthread.obj (.const)
                  2001e8a0    00000002                                                      : pthread.obj (.const:.string)

.cinit     0    2001e8a8    00000138     
                  2001e8a8    00000111     (.cinit..data.load) [load image, compression = lzss]
                  2001e9b9    00000003     --HOLE-- [fill = 0]
                  2001e9bc    0000000c     (__TI_handler_table)
                  2001e9c8    00000008     (.cinit..bss.load) [load image, compression = zero_init]
                  2001e9d0    00000010     (__TI_cinit_table)

.init_array 
*          0    20004000    00000000     UNINITIALIZED

.data      0    2001d13c    00000c08     UNINITIALIZED
                  2001d13c    00000800     freertos_builds_CC3220S_LAUNCHXL_release_ccs.lib : HwiPCC32XX_freertos.obj (.data:HwiP_dispatchTable)
                  2001d93c    0000016c     drivers_cc32xx.aem4 : PowerCC32XX.oem4 (.data:PowerCC32XX_module)
                  2001daa8    000000f8     CC3220S_LAUNCHXL.obj (.data:parkInfo)
                  2001dba0    00000034     freertos_builds_CC3220S_LAUNCHXL_release_ccs.lib : tasks.obj (.data)
                  2001dbd4    00000027     provisioning.obj (.data)
                  2001dbfb    00000001     drivers_cc32xx.aem4 : SPI.oem4 (.data)
                  2001dbfc    00000024     simplelink.a : eventreg.obj (.data:g_LibsEvents)
                  2001dc20    00000024                  : eventreg.obj (.data:g_UserEvents)
                  2001dc44    00000024     CC3220S_LAUNCHXL.obj (.data:gpioPinConfigs)
                  2001dc68    00000018     freertos_builds_CC3220S_LAUNCHXL_release_ccs.lib : port.obj (.data)
                  2001dc80    00000014                                                      : pthread.obj (.data:defaultPthreadAttrs)
                  2001dc94    00000010     provisioning.obj (.data:Roles)
                  2001dca4    00000010     provisioning.obj (.data:WlanStatus)
                  2001dcb4    00000010     freertos_builds_CC3220S_LAUNCHXL_release_ccs.lib : mqueue.obj (.data:defaultAttrs)
                  2001dcc4    00000010                                                      : heap_4.obj (.data)
                  2001dcd4    00000010     CC3220S_LAUNCHXL.obj (.data:gpioCallbackFunctions)
                  2001dce4    0000000c     freertos_builds_CC3220S_LAUNCHXL_release_ccs.lib : pthread_mutex.obj (.data:defAttrs)
                  2001dcf0    0000000c                                                      : timers.obj (.data)
                  2001dcfc    0000000c     simplelink.a : driver.obj (.data)
                  2001dd08    00000009     drivers_cc32xx.aem4 : GPIOCC32XX.oem4 (.data)
                  2001dd11    00000001                         : UART.oem4 (.data)
                  2001dd12    00000002     --HOLE--
                  2001dd14    00000008                         : UDMACC32XX.oem4 (.data)
                  2001dd1c    00000008     freertos_builds_CC3220S_LAUNCHXL_release_ccs.lib : mqueue.obj (.data)
                  2001dd24    00000008                                                      : clock.obj (.data:refTS)
                  2001dd2c    00000008                                                      : clock.obj (.data:setTS)
                  2001dd34    00000004                                                      : ClockP_freertos.obj (.data)
                  2001dd38    00000004                                                      : HwiPCC32XX_freertos.obj (.data)
                  2001dd3c    00000004                                                      : PowerCC32XX_freertos.obj (.data)
                  2001dd40    00000004     simplelink.a : cc_pal.obj (.data)

.stack     0    20003c00    00000400     UNINITIALIZED
                  20003c00    00000004     rtsv7M4_T_le_eabi.lib : boot_cortex_m.c.obj (.stack)
                  20003c04    000003fc     --HOLE--

.resetVecs 
*          0    20004000    00000040     
                  20004000    00000040     freertos_builds_CC3220S_LAUNCHXL_release_ccs.lib : startup_cc32xx_ccs.obj (.resetVecs:retain)

MODULE SUMMARY

       Module                           code    ro data   rw data
       ------                           ----    -------   -------
    .\
       provisioning.obj                 7018    782       80     
       CC3220S_LAUNCHXL.obj             28      357       1804   
       uart_term.obj                    282     0         4      
       main_freertos.obj                116     0         0      
       external_provisioning_conf.obj   6       0         0      
    +--+--------------------------------+-------+---------+---------+
       Total:                           7450    1139      1888   
                                                                 
    C:/Users/sglas/wifiMonitorCC3220/freertos_builds_CC3220S_LAUNCHXL_release_ccs/Debug/freertos_builds_CC3220S_LAUNCHXL_release_ccs.lib
       heap_4.obj                       888     0         32792  
       tasks.obj                        4546    0         360    
       queue.obj                        3386    0         0      
       HwiPCC32XX_freertos.obj          368     0         2052   
       timers.obj                       1484    0         60     
       mqueue.obj                       954     0         24     
       startup_cc32xx_ccs.obj           106     64        780    
       timer.obj                        898     0         0      
       pthread.obj                      798     6         20     
       port.obj                         700     8         24     
       ClockP_freertos.obj              654     0         4      
       clock.obj                        492     0         16     
       PowerCC32XX_freertos.obj         454     0         4      
       pthread_mutex.obj                430     0         12     
       semaphore.obj                    348     0         0      
       list.obj                         298     0         0      
       SemaphoreP_freertos.obj          250     0         0      
       memory.obj                       192     0         0      
       portasm.obj                      186     0         0      
       PTLS.obj                         70      0         0      
       sleep.obj                        60      0         0      
       aeabi_portable.obj               34      0         0      
    +--+--------------------------------+-------+---------+---------+
       Total:                           17596   78        36148  
                                                                 
    C:/ti/simplelink_cc32xx_sdk_2_40_02_00/source/ti/devices/cc32xx/driverlib/ccs/Release/driverlib.a
       prcm.obj                         1924    168       0      
       interrupt.obj                    608     284       0      
       pin.obj                          280     256       0      
       flash.obj                        72      0         0      
       uart.obj                         48      0         0      
       cpu.obj                          32      0         0      
       systick.obj                      32      0         0      
       udma.obj                         24      0         0      
       utils.obj                        6       0         0      
    +--+--------------------------------+-------+---------+---------+
       Total:                           3026    708       0      
                                                                 
    C:/ti/simplelink_cc32xx_sdk_2_40_02_00/source/ti/drivers/lib/drivers_cc32xx.aem4
       UARTCC32XX.oem4                  3434    116       0      
       PowerCC32XX.oem4                 2298    0         664    
       SPICC32XXDMA.oem4                2118    68        0      
       GPIOCC32XX.oem4                  1192    103       65     
       UDMACC32XX.oem4                  270     0         28     
       UART.oem4                        172     36        1      
       SPI.oem4                         168     32        1      
       RingBuf.oem4                     198     0         0      
       PowerCC32XX_asm.oem4             150     0         0      
       List.oem4                        76      0         0      
    +--+--------------------------------+-------+---------+---------+
       Total:                           10076   355       759    
                                                                 
    C:/ti/simplelink_cc32xx_sdk_2_40_02_00/source/ti/drivers/net/wifi/ccs/rtos/simplelink.a
       driver.obj                       11404   288       1077   
       sl_socket.obj                    2344    8         12     
       netapp.obj                       2202    12        0      
       device.obj                       1690    60        12     
       cc_pal.obj                       1052    40        4      
       eventreg.obj                     656     0         72     
       wlan.obj                         504     12        0      
       spawn.obj                        264     0         40     
       netcfg.obj                       192     4         0      
       netutil.obj                      180     0         0      
       flowcont.obj                     40      0         0      
    +--+--------------------------------+-------+---------+---------+
       Total:                           20528   424       1217   
                                                                 
    C:\ti\ccsv8\tools\compiler\ti-cgt-arm_18.1.4.LTS\lib\rtsv7M4_T_le_eabi.lib
       _printfi.c.obj                   4831    0         0      
       fd_add_t2.asm.obj                438     0         0      
       fd_div_t2.asm.obj                310     0         0      
       fd_cmp_t2.asm.obj                268     0         0      
       ctype.c.obj                      0       257       0      
       fd_mul_t2.asm.obj                252     0         0      
       s_scalbn.c.obj                   208     0         0      
       memcpy_t2.asm.obj                156     0         0      
       ull_div_t2.asm.obj               150     0         0      
       vsnprintf.c.obj                  136     0         0      
       memset_t2.asm.obj                122     0         0      
       copy_decompress_lzss.c.obj       104     0         0      
       s_frexp.c.obj                    92      0         0      
       ltoa.c.obj                       84      0         0      
       atoi.c.obj                       76      0         0      
       fd_toi_t2.asm.obj                72      0         0      
       autoinit.c.obj                   68      0         0      
       i_tofd_t2.asm.obj                46      0         0      
       boot_cortex_m.c.obj              40      0         0      
       memccpy.c.obj                    28      0         0      
       ll_mul_t2.asm.obj                24      0         0      
[...]
2001037b  __aeabi_memclr                            
2001037b  __aeabi_memclr4                           
2001037b  __aeabi_memclr8                           
2001037d  __aeabi_memset                            
2001037d  __aeabi_memset4                           
2001037d  __aeabi_memset8                           
20010383  memset                                    
200103f5  xTaskCreate                               
20010471  FactoryIndicationLed                      
200104e9  GPIO_hwiIntFxn                            
20010561  UpdateLedDisplay                          
200106c9  HandleProvisioningComplete                
20010825  pthread_mutex_init                        
20010899  vPortValidateInterruptPriority            
2001090d  _SlDrvCmdSend_noLock                      
20010acd  ReportError                               
20010b39  _SlDeviceHandleResetRequestInternally     
20010ba5  _SlNetAppSendTokenValue                   
20010c11  ErrorLedDisplay                           
20010c79  _SlSpawnMsgListGetCount                   
20010ce1  __TI_decompress_lzss                      
20010d49  main                                      
20010db1  spi_Open                                  
20010e19  UARTCC32XX_writeCancel                    
20010e7f  realloc                                   
20010ee5  vListInsert                               
20010f4b  xQueueGenericCreate                       
20010fb1  ClockP_stop                               
20011015  PowerCC32XX_setParkState                  
20011141  UARTCC32XX_writePolling                   
200111a5  HwiP_create                               
20011205  PRCMSysResetCauseGet                      
20011265  pthread_mutex_unlock                      
200112c5  sem_timedwait                             
20011325  _SlInternalSpawn                          
20011381  frexp                                     
20011381  frexpl                                    
20011439  pthread_exit                              
20011495  vQueueWaitForMessageRestricted            
200114f1  vTaskDelay                                
200115a9  GPIO_setCallback                          
20011601  GPIO_write                                
20011659  IntPendClear                              
200116b1  PRCMPeripheralReset                       
20011709  Power_releaseDependency                   
200117b9  eTaskConfirmSleepModeStatus               
20011811  vPortSetupTimerInterrupt                  
20011869  xQueueCreateCountingSemaphore             
200118c1  xQueueTakeMutexRecursive                  
20011919  SemaphoreP_create                         
200119c5  ClockP_delete                             
20011a19  InitTerm                                  
20011a6d  IntPrioritySet                            
20011ac1  _SlDrvRxIrqHandler                        
20011b15  ltoa                                      
20011bbd  xTimerCreateTimerTask                     
20011c11  PowerCC32XX_resumeLPDS                    
20011cb5  NwpRegisterInterruptHandler               
20011d05  _SlDrvCmdSend_noWait                      
20011da5  _SlInternalSpawnTaskEntry                 
20011df5  _SlNetAppHttpServerHdlr                   
20011e45  _SlNetAppRequestHdlr                      
20011e95  pxPortInitialiseStack                     
20011ee5  sem_init                                  
20011f35  xQueueGiveMutexRecursive                  
20011f85  GPIO_enableInt                            
20011fd1  NwpWaitForShutDownInd                     
2001201d  PowerCC32XX_parkPin                       
20012069  atoi                                      
200120b5  initVectors                               
200121e5  vPortEnterCritical                        
20012231  FlashDisable                              
20012279  HwiP_dispatch                             
200122c1  PRCMLPDSEnter                             
20012309  PRCMPeripheralClkEnable                   
20012351  Power_releaseConstraint                   
20012399  _SlDeviceFatalErrorEvtHdlr                
200123e1  _SlDeviceGeneralEvtHdlr                   
20012429  _SlDrvSyncObjWaitTimeout                  
20012471  _SlNetAppEvtHdlr                          
200124b9  _SlNetAppRequestMemFree                   
20012501  _SlSockEvtHdlr                            
20012549  _SlWlanEvtHdlr                            
20012591  __aeabi_d2iz                              
200125d9  uxListRemove                              
20012621  RingBuf_put                               
20012669  PRCMLPDSRestoreInfoSet                    
200126ad  PowerCC32XX_enterLPDS                     
200126f1  SPI_init                                  
20012735  UART_init                                 
20012779  __TI_auto_init_nobinit_nopinit            
20012801  vTaskStepTick                             
20012845  malloc                                    
200128c9  PinModeSet                                
20012909  RingBuf_get                               
20012949  SimpleLinkGeneralEventHandler             
20012989  UARTCC32XX_read                           
200129c9  UDMACC32XX_init                           
20012a09  _SlDrvGlobalObjUnLock                     
20012a49  _SlFindAndReleasePendingCmd               
20012a89  _SlInternalSpawnWaitForEvent              
20012ac9  _SlIsEventRegistered                      
20012b09  vTaskPlaceOnEventListRestricted           
20012b49  vsnprintf                                 
20012b89  ClockP_callbackFxn                        
20012c05  pthread_setcancelstate                    
20012c43  sem_post                                  
20012c81  PRCMSlowClkCtrFastGet                     
20012cbd  Power_setConstraint                       
20012cf9  SPI_open                                  
20012d35  UART_open                                 
20012e25  pvTaskGetThreadLocalStoragePointer        
20012e9d  usleep                                    
20012ed9  vListInsertEnd                            
20012f51  PRCMLPDSEnterKeepDebugIf                  
20013031  UARTCC32XX_readCancel                     
20013069  PinModeGet                                
2001309d  PowerCC32XX_restoreParkState              
200130d1  SemaphoreP_pend                           
20013105  UDMACC32XX_close                          
200131a1  vTaskPlaceOnEventList                     
200131d5  vTaskSetThreadLocalStoragePointer         
20013209  xTimerCreate                              
2001323d  PowerCC32XX_restoreParkedPin              
2001326d  StartAsyncEvtTimer                        
200132cd  vListInitialise                           
200132fd  vPortExitCritical                         
2001332d  xTaskGetSchedulerState                    
2001335d  Mutex_create_handle                       
2001338b  pvTimerGetTimerID                         
200133b9  __aeabi_i2d                               
200133e7  GetSecureStatus                           
20013415  HwiP_disable                              
20013441  NwpPowerOn                                
2001346d  PRCMLPDSIntervalSet                       
20013499  PowerCC32XX_getParkState                  
200134c5  SemaphoreP_createBinary                   
200134f1  StopAsyncEvtTimer                         
2001351d  _SlDrvSyncObjWaitForever                  
20013549  pthread_mutexattr_settype                 
20013575  vTaskSetApplicationTaskTag                
200135a1  xPortSysTickHandler                       
200135cd  xQueueCreateMutex                         
200135f9  xTaskGetApplicationTaskTag                
2001364f  uxQueueMessagesWaiting                    
20013679  xTimerGetExpiryTime                       
200136a5  HwiP_inISR                                
200136cd  PRCMLPDSWakeupSourceEnable                
200136f5  PRCMPeripheralClkDisable                  
2001371d  Power_registerNotify                      
20013745  SignalEvent                               
2001376d  _SlDrvProtectionObjLockWaitForever        
20013795  _SlDrvProtectionObjUnLock                 
200137bd  _SlFlowContSet                            
200137e5  _c_int00_noargs                           
2001380d  pthread_attr_setschedparam                
20013835  List_put                                  
2001385b  List_remove                               
20013881  _pthread_cleanup_pop                      
200138cd  IntUnregister                             
200138f1  ProcessRestartRequest                     
20013915  _SlDrvIsApiInProgress                     
20013939  _SlDrvStartMeasureTimeout                 
20013981  sem_getvalue                              
200139a5  vQueueDelete                              
200139c9  vTaskInternalSetTimeOutState              
200139ed  SemaphoreP_post                           
20013a0f  __aeabi_errno_addr                        
20013a31  pthread_attr_setdetachstate               
20013a55  ClockP_getCpuFreq                         
20013a75  HwiP_restore                              
20013a95  IntRegister                               
20013ab5  Power_unregisterNotify                    
20013ad5  RingBuf_peek                              
20013b75  ClockP_start                              
20013b93  HwiP_Params_init                          
20013bb1  _SlDrvObjLockWaitForever                  
20013bcf  _SlDrvObjUnLock                           
20013bed  _SlDrvSyncObjSignal                       
20013c47  ClockP_Params_init                        
20013c65  Message                                   
20013c81  PinToPadGet                               
20013cb9  _SlInternalIsItSpawnThread                
20013cd5  memccpy                                   
20013cf1  pthread_attr_init                         
20013d0d  pthread_mutexattr_init                    
20013d29  pvTaskIncrementMutexHeldCount             
20013d45  PTLS_taskDeleteHook                       
20013d79  pthread_mutex_destroy                     
20013d95  HandleDiscnctEvt                          
20013dad  Power_idleFunc                            
20013dc5  StartConnection                           
20013ddd  UARTBusy                                  
20013df5  UARTIntEnable                             
20013e0d  UART_Params_init                          
20013e3d  free                                      
20013e55  __aeabi_lmul                              
20013e6d  sem_wait                                  
20013e85  strcmp                                    
20013e9d  xTaskGetTickCountFromISR                  
20013eb5  ClockP_setTimeout                         
20013ecb  PRCMHIBRegRead                            
20013ee1  PRCMHIBRegWrite                           
20013ef7  PTLS_getBuf                               
20013f0d  PTLS_setBuf                               
20013f23  SemaphoreP_Params_init                    
20013f39  _SlDrvMemZero                             
20013f51  resetISR                                  
20013f60  resetVectorAddr                           
20013f67  strchr                                    
20013f7d  CPUcpsie                                  
20013f91  IntVTableBaseSet                          
20013fa5  Power_getDependencyCount                  
20013fb9  SPI_Params_init                           
20013fe1  pthread_attr_setstacksize                 
20013ff5  pthread_mutex_lock                        
20014009  pthread_self                              
20014031  sem_destroy                               
20014045  strcpy                                    
20014059  strlen                                    
2001406d  vPortSuppressTicksAndSleep                
20014081  xTaskGetCurrentTaskHandle                 
20014095  xTaskGetTickCount                         
200140a9  HwiP_delete                               
200140bb  RingBuf_construct                         
200140cd  wcslen                                    
200140df  ClockP_getSystemTickPeriod                
200140f1  HandleConnection                          
20014101  SysTickDisable                            
20014111  SysTickEnable                             
20014121  _SlDrvDispatchHttpServerEvents            
20014131  _SlDrvDispatchNetAppRequestEvents         
20014141  _SlDrvIsSpawnOwnGlobalLock                
20014171  vListInitialiseItem                       
20014181  vTaskSuspendAll                           
20014191  CheckLanConnection                        
2001419f  Power_getTransitionLatency                
200141ad  RingBuf_isFull                            
200141bb  _SlDrvResetCmdExt                         
200141c9  __TI_decompress_none                      
200141e5  spi_Close                                 
200141f3  AsyncEvtTimerHandler                      
200141ff  CC3220S_LAUNCHXL_initGeneral              
2001420b  CPUwfi                                    
20014217  HandleProvisioningTimeOut                 
20014223  HandleWaitForIp                           
2001422f  HwiP_clearInterrupt                       
2001423b  HwiP_disableInterrupt                     
20014247  HwiP_enableInterrupt                      
20014255  NwpMaskInterrupt                          
20014261  NwpUnMaskInterrupt                        
2001426d  Power_getConstraintMask                   
20014279  SemaphoreP_delete                         
20014285  SimpleLinkHttpServerEventHandler          
20014291  SimpleLinkNetAppRequestEventHandler       
2001429d  _SlDeviceResetRequestInitCompletedCB      
200142a9  __TI_zero_init                            
200142c1  uDMAErrorStatusClear                      
200142cd  uDMAErrorStatusGet                        
200142d9  vTaskMissedYield                          
200142e5  IntMasterEnable                           
200142ef  SPI_close                                 
200142f9  SPI_transfer                              
20014303  SimpleLinkNetAppRequestMemFreeEventHandler
2001430d  UART_control                              
20014317  UART_writePolling                         
20014321  sl_Task                                   
2001432b  vApplicationStackOverflowHook             
20014335  ClockP_getSystemTicks                     
2001433d  PRCMSleepEnter                            
20014345  TimerGetCurrentTimestamp                  
20014355  copysign                                  
20014355  copysignl                                 
2001436d  SPICC32XXDMA_control                      
20014373  UtilsDelay                                
20014379  CheckInternetConnection                   
2001437d  DoNothing                                 
20014381  IsActiveExternalConfiguration             
20014385  ProcessStartRequest                       
20014389  SPICC32XXDMA_init                         
2001438d  _system_pre_init                          
20014391  C$$EXIT                                   
20014391  abort                                     
2001c800  g_CB                                      
2001cbfc  PowerCC32XX_contextSave                   
2001cd28  uartCC3220SObjects                        
2001cef8  spiCC3220SDMAObjects                      
2001cf80  uartCC3220SRingBuffer                     
2001cfc0  GlobalLockObj                             
2001cfec  g_SlInternalSpawnCB                       
2001d0e8  DeviceCB                                  
2001d0f4  Msg                                       
2001d118  spiCC3220SDMAscratchBuf                   
2001d120  udmaCC3220SObject                         
2001d130  gProvisioningSMQueue                      
2001d134  gTimer                                    
2001d138  RxIrqCnt                                  
2001d139  g_CurrentState                            
2001d13c  HwiP_dispatchTable                        
2001d93c  PowerCC32XX_module                        
2001daa8  parkInfo                                  
2001dba0  pxCurrentTCB                              
2001dbd4  gProvisioningThread                       
2001dbd8  gDisplayThread                            
2001dbdc  gSpawnThread                              
2001dbe0  gIsWlanConnected                          
2001dbe1  gStopInProgress                           
2001dbe4  gPingSent                                 
2001dbe8  gPingSuccess                              
2001dbec  gRole                                     
2001dbee  gLedCount                                 
2001dbf0  gLedState                                 
2001dbf4  gErrledCount                              
2001dbf8  gErrLedState                              
2001dbf9  gWaitForConn                              
2001dbfa  gLedDisplayState                          
2001dbfc  g_LibsEvents                              
2001dc20  g_UserEvents                              
2001dc44  gpioPinConfigs                            
2001dc94  Roles                                     
2001dca4  WlanStatus                                
2001dcd4  gpioCallbackFunctions                     
2001dcfc  gGlobalLockCntRequested                   
2001dcfd  gGlobalLockCntReleased                    
2001dcfe  g_SlDeviceStatus                          
2001dd00  g_pCB                                     
2001dd04  pPingCallBackFunc                         
2001dd40  g_intHandle                               
2001dd44  gTransitionTable                          
2001dfe4  _ctypes_                                  
2001e364  spiCC3220SDMAHWAttrs                      
2001e3dc  OpcodeTranslateTable                      
2001e44c  _SlActionLookupTable                      
2001e4a4  uartCC3220SHWAttrs                        
2001e4ec  PowerCC32XX_config                        
2001e568  UARTCC32XX_fxnTable                       
2001e590  UART_defaultParams                        
2001e5f8  SPI_defaultParams                         
2001e658  SPICC32XXDMA_fxnTable                     
2001e670  SPI_config                                
2001e688  UART_config                               
2001e760  GPIOCC32XX_config                         
2001e7e0  ADC_count                                 
2001e7e1  Capture_count                             
2001e7e2  CryptoCC32XX_count                        
2001e7e3  Display_count                             
2001e7e4  I2C_count                                 
2001e7e5  I2S_count                                 
2001e7e6  PWM_count                                 
2001e7e7  SDFatFS_count                             
2001e7e8  SD_count                                  
2001e7e9  SPI_count                                 
2001e7ea  Timer_count                               
2001e7eb  UART_count                                
2001e7ec  Watchdog_count                            
2001e814  udmaCC3220SHWAttrs                        
2001e820  UDMACC32XX_config                         
2001e828  ulMaxSyscallInterruptPriority             
2001e848  outPinTypes                               
2001e85e  inPinTypes                                
2001e864  outPinStrengths                           
2001e876  _SlNetAppSendResponseCmdCtrl              
2001e87a  _SlNetAppSendTokenValueCmdCtrl            
2001e882  _SlProvisioningCmdCtrl                    
2001e8a8  __TI_static_base__                        
2001e9bc  __TI_Handler_Table_Base                   
2001e9c8  __TI_Handler_Table_Limit                  
2001e9d0  __TI_CINIT_Base                           
2001e9e0  __TI_CINIT_Limit                          
ffffffff  __TI_pprof_out_hndl                       
ffffffff  __TI_prof_data_size                       
ffffffff  __TI_prof_data_start                      
ffffffff  __binit__                                 
ffffffff  __c_args__                                
ffffffff  binit                                     
UNDEFED   __mpu_init                                
UNDEFED   _system_post_cinit                        

[516 symbols]
