******************************************************************************
                  TI ARM Linker PC v18.1.4                     
******************************************************************************
>> Linked Thu Mar  7 16:31:36 2019

OUTPUT FILE NAME:   <solarMonitor_CC3220S_LAUNCHXL_freertos_ccs.out>
ENTRY POINT SYMBOL: "resetISR"  address: 20018c29


MEMORY CONFIGURATION

         name            origin    length      used     unused   attr    fill
----------------------  --------  ---------  --------  --------  ----  --------
  SRAM2                 20000000   00004000  0000070c  000038f4  RW X
  SRAM                  20004000   0003c000  0001fd76  0001c28a  RW X


SEGMENT ALLOCATION MAP

run origin  load origin   length   init length attrs members
----------  ----------- ---------- ----------- ----- -------
20003c00    20003c00    00000400   00000000    rw-
  20003c00    20003c00    00000400   00000000    rw- .stack
20004000    20004000    00015320   00015320    r-x
  20004000    20004000    00000040   00000040    r-- .resetVecs
  20004040    20004040    0001506e   0001506e    r-x .text
  200190b0    200190b0    00000270   00000270    r-- .cinit
20019400    20019400    00008de6   00000000    rw-
  20019400    20019400    00008de6   00000000    rw- .bss
200221e8    200221e8    00000ed2   00000ed2    r--
  200221e8    200221e8    00000ed2   00000ed2    r-- .const
200230bc    200230bc    00000da0   00000000    rw-
  200230bc    200230bc    00000da0   00000000    rw- .data


SECTION ALLOCATION MAP

 output                                  attributes/
section   page    origin      length       input sections
--------  ----  ----------  ----------   ----------------
.text      0    20004040    0001506e     
                  20004040    00000a4a     rtsv7M4_T_le_eabi.lib : _printfi.c.obj (.text:__TI_printfi)
                  20004a8a    00000002     driverlib.a : interrupt.obj (.text:IntDefaultHandler)
                  20004a8c    00000928     simplelink.a : driver.obj (.text:_SlDrvMsgRead)
                  200053b4    00000778     provisioning.obj (.text:SimpleLinkWlanEventHandler)
                  20005b2c    000004e8     http_push.obj (.text:httpPostTask)
                  20006014    000004b0     simplelink.a : sl_socket.obj (.text:_SlSocketHandleAsync_Select)
                  200064c4    0000042c     driverlib.a : prcm.obj (.text:PRCMCC3200MCUInit)
                  200068f0    0000040c     httpclient_release.a : httpclient.oem4 (.text:sendRequest)
                  20006cfc    00000384     simplelink.a : driver.obj (.text:_SlDrvMsgWrite)
                  20007080    00000380     provisioning.obj (.text:ProvisioningStart)
                  20007400    000002e0     simplelink.a : driver.obj (.text:_SlDrvWaitForPoolObj)
                  200076e0    000002d8                  : driver.obj (.text:_SlDrvRxHdrRead)
                  200079b8    000002b4                  : sl_socket.obj (.text:sl_Select)
                  20007c6c    00000294                  : driver.obj (.text:_SlDrvReleasePoolObj)
                  20007f00    00000278     drivers_cc32xx.aem4 : UARTCC32XX.oem4 (.text:UARTCC32XX_open)
                  20008178    00000278     freertos_builds_CC3220S_LAUNCHXL_release_ccs.lib : mqueue.obj (.text:mq_open)
                  200083f0    00000274     simplelink.a : driver.obj (.text:_SlDrvDataReadOp)
                  20008664    00000268     rtsv7M4_T_le_eabi.lib : _printfi.c.obj (.text:_pconv_a)
                  200088cc    00000224     simplelink.a : driver.obj (.text:_SlDrvDriverCBInit)
                  20008af0    00000218                  : driver.obj (.text:_SlDrvDataWriteOp)
                  20008d08    000001f8     httpclient_release.a : httpclient.oem4 (.text:SlNetSock_connectURI)
                  20008f00    000001f4     simplelink.a : driver.obj (.text:_SlDrvMsgReadCmdCtx)
                  200090f4    000001f2                  : netapp.obj (.text:_SlNetAppEventHandler)
                  200092e6    00000002     freertos_builds_CC3220S_LAUNCHXL_release_ccs.lib : PowerCC32XX_freertos.obj (.text:PowerCC32XX_initPolicy)
                  200092e8    000001e4     simplelink.a : netapp.obj (.text:sl_NetAppPing)
                  200094cc    000001e1     provisioning.obj (.text:SimpleLinkFatalErrorEventHandler)
                  200096ad    00000001     --HOLE-- [fill = 0]
                  200096ae    00000002     external_provisioning_conf.obj (.text:StopExternalProvisioning)
                  200096b0    000001dc     httpclient_release.a : httpclient.oem4 (.text:HTTPClient_connect)
                  2000988c    000001dc     provisioning.obj (.text:HandleUserApplication)
                  20009a68    000001d8     drivers_cc32xx.aem4 : GPIOCC32XX.oem4 (.text:GPIO_setConfig)
                  20009c40    000001d4     freertos_builds_CC3220S_LAUNCHXL_release_ccs.lib : timer.obj (.text:timer_settime)
                  20009e14    000001d0     drivers_cc32xx.aem4 : SPICC32XXDMA.oem4 (.text:SPICC32XXDMA_transfer)
                  20009fe4    000001d0     provisioning.obj (.text:SimpleLinkNetAppEventHandler)
                  2000a1b4    000001d0     freertos_builds_CC3220S_LAUNCHXL_release_ccs.lib : queue.obj (.text:xQueueSemaphoreTake)
                  2000a384    000001cc     rtsv7M4_T_le_eabi.lib : _printfi.c.obj (.text:_pconv_g)
                  2000a550    000001c0     provisioning.obj (.text:ProvisioningTask)
                  2000a710    000001bc     simplelink.a : device.obj (.text:sl_Stop)
                  2000a8cc    000001b8     drivers_cc32xx.aem4 : SPICC32XXDMA.oem4 (.text:configDMA)
                  2000aa84    000001b8     freertos_builds_CC3220S_LAUNCHXL_release_ccs.lib : queue.obj (.text:xQueueGenericSend)
                  2000ac3c    000001b6     rtsv7M4_T_le_eabi.lib : fd_add_t2.asm.obj (.text)
                  2000adf2    00000002     drivers_cc32xx.aem4 : UARTCC32XX.oem4 (.text:UARTCC32XX_init)
                  2000adf4    000001b4     simplelink.a : driver.obj (.text:_SlDrvReleaseAllActivePendingPoolObj)
                  2000afa8    000001b4                  : sl_socket.obj (.text:sl_Accept)
                  2000b15c    000001b0     freertos_builds_CC3220S_LAUNCHXL_release_ccs.lib : PowerCC32XX_freertos.obj (.text:PowerCC32XX_sleepPolicy)
                  2000b30c    000001a0     httpclient_release.a : httpclient.oem4 (.text:manageResponseHeaders)
                  2000b4ac    00000194                          : httpclient.oem4 (.text:redirect)
                  2000b640    0000018c     simplelink.a : sl_socket.obj (.text:_SlDrvRegisterForSelectAsync)
                  2000b7cc    00000184                  : driver.obj (.text:_SlDrvFindAndSetActiveObj)
                  2000b950    00000184                  : sl_socket.obj (.text:sl_Connect)
                  2000bad4    0000017c     freertos_builds_CC3220S_LAUNCHXL_release_ccs.lib : queue.obj (.text:xQueueReceive)
                  2000bc50    00000178                                                      : heap_4.obj (.text:pvPortMalloc)
                  2000bdc8    00000170     provisioning.obj (.text:SimpleLinkInitCallback)
                  2000bf38    00000168     simplelink.a : netapp.obj (.text:sl_NetAppDnsGetHostByName)
                  2000c0a0    00000158     drivers_cc32xx.aem4 : SPICC32XXDMA.oem4 (.text:SPICC32XXDMA_open)
                  2000c1f8    00000154     simplelink.a : sl_socket.obj (.text:sl_RecvFrom)
                  2000c34c    00000148     drivers_cc32xx.aem4 : PowerCC32XX.oem4 (.text:parkPins)
                  2000c494    00000148     httpclient_release.a : httpclient.oem4 (.text:parseURI)
                  2000c5dc    00000147                          : httpclient.oem4 (.text:readResponseHeader)
                  2000c723    00000001     --HOLE-- [fill = 0]
                  2000c724    00000140     simplelink.a : driver.obj (.text:_SlDrvMsgReadSpawnCtx)
                  2000c864    0000013c                  : driver.obj (.text:_SlDrvDriverCBDeinit)
                  2000c9a0    0000013c     rtsv7M4_T_le_eabi.lib : _printfi.c.obj (.text:_pconv_e)
                  2000cadc    00000138     freertos_builds_CC3220S_LAUNCHXL_release_ccs.lib : pthread.obj (.text:pthread_create)
                  2000cc14    00000138                                                      : tasks.obj (.text:xTaskIncrementTick)
                  2000cd4c    00000136     rtsv7M4_T_le_eabi.lib : fd_div_t2.asm.obj (.text)
                  2000ce82    00000002     freertos_builds_CC3220S_LAUNCHXL_release_ccs.lib : startup_cc32xx_ccs.obj (.text:busFaultHandler)
                  2000ce84    00000130     simplelink.a : sl_socket.obj (.text:_SlDrvGetNextTimeoutValue)
                  2000cfb4    0000012c     provisioning.obj (.text:SendPingToGW)
                  2000d0e0    00000128     simplelink.a : driver.obj (.text:_SlDrvClassifyRxMsg)
                  2000d208    00000124     provisioning.obj (.text:mainThread)
                  2000d32c    00000124     simplelink.a : fs.obj (.text:sl_FsOpen)
                  2000d450    00000121     httpclient_release.a : httpclient.oem4 (.text:getChunkedData)
                  2000d571    00000001     --HOLE-- [fill = 0]
                  2000d572    00000002     freertos_builds_CC3220S_LAUNCHXL_release_ccs.lib : startup_cc32xx_ccs.obj (.text:defaultHandler)
                  2000d574    00000120     drivers_cc32xx.aem4 : UARTCC32XX.oem4 (.text:UARTCC32XX_close)
                  2000d694    00000120     simplelink.a : driver.obj (.text:_SlDrvAsyncEventGenericHandler)
                  2000d7b4    00000120     rtsv7M4_T_le_eabi.lib : _printfi.c.obj (.text:fcvt)
                  2000d8d4    0000011c     freertos_builds_CC3220S_LAUNCHXL_release_ccs.lib : tasks.obj (.text:prvInitialiseNewTask)
                  2000d9f0    0000011c     simplelink.a : device.obj (.text:sl_Start)
                  2000db0c    0000011c     freertos_builds_CC3220S_LAUNCHXL_release_ccs.lib : tasks.obj (.text:xTaskResumeAll)
                  2000dc28    00000118     drivers_cc32xx.aem4 : PowerCC32XX.oem4 (.text:Power_sleep)
                  2000dd40    00000118     simplelink.a : netapp.obj (.text:_SlNetAppHandleAsync_DnsGetHostByService)
                  2000de58    00000118     freertos_builds_CC3220S_LAUNCHXL_release_ccs.lib : timers.obj (.text:prvProcessReceivedCommands)
                  2000df70    00000110     rtsv7M4_T_le_eabi.lib : strtoul.c.obj (.text:strtoul)
                  2000e080    00000110     freertos_builds_CC3220S_LAUNCHXL_release_ccs.lib : tasks.obj (.text:vTaskPriorityDisinheritAfterTimeout)
                  2000e190    0000010c     slnetsock_release.a : slnetutils.oem4 (.text:SlNetUtil_str2BinIpV6)
                  2000e29c    00000108     httpclient_release.a : httpclient.oem4 (.text:HTTPClient_setHeader)
                  2000e3a4    00000104     simplelink.a : device.obj (.text:_SlDeviceEventHandler)
                  2000e4a8    00000104                  : driver.obj (.text:_SlDrvCmdOp)
                  2000e5ac    00000102     freertos_builds_CC3220S_LAUNCHXL_release_ccs.lib : queue.obj (.text:xQueueGenericSendFromISR)
                  2000e6ae    00000002                                                      : startup_cc32xx_ccs.obj (.text:faultISR)
                  2000e6b0    00000100     simplelink.a : driver.obj (.text:_SlDrvObjGlobalLockWaitForever)
                  2000e7b0    00000100                  : sl_socket.obj (.text:sl_Close)
                  2000e8b0    00000100                  : fs.obj (.text:sl_FsWrite)
                  2000e9b0    000000fd     provisioning.obj (.text:SimpleLinkSockEventHandler)
                  2000eaad    00000001     --HOLE-- [fill = 0]
                  2000eaae    000000fc     rtsv7M4_T_le_eabi.lib : fd_mul_t2.asm.obj (.text)
                  2000ebaa    00000002     freertos_builds_CC3220S_LAUNCHXL_release_ccs.lib : startup_cc32xx_ccs.obj (.text:nmiISR)
                  2000ebac    000000fc                                                      : tasks.obj (.text:vTaskSuspend)
                  2000eca8    000000f8     slnetifwifi.a : slnetifwifi.obj (.text:SlNetIfWifi_loadSecObj)
                  2000eda0    000000f8     freertos_builds_CC3220S_LAUNCHXL_release_ccs.lib : tasks.obj (.text:vTaskDelete)
                  2000ee98    000000f4     simplelink.a : sl_socket.obj (.text:sl_SendTo)
                  2000ef8c    000000f2     drivers_cc32xx.aem4 : SPICC32XXDMA.oem4 (.text:SPICC32XXDMA_transferCancel)
                  2000f07e    000000f2                         : UARTCC32XX.oem4 (.text:UARTCC32XX_control)
                  2000f170    000000ee     freertos_builds_CC3220S_LAUNCHXL_release_ccs.lib : queue.obj (.text:xQueueGiveFromISR)
                  2000f25e    00000002     rtsv7M4_T_le_eabi.lib : div0.asm.obj (.text)
                  2000f260    000000e8     slnetsock_release.a : slnetif.oem4 (.text:SlNetIf_add)
                  2000f348    000000e8     freertos_builds_CC3220S_LAUNCHXL_release_ccs.lib : tasks.obj (.text:xTaskPriorityInherit)
                  2000f430    000000e0     simplelink.a : driver.obj (.text:_SlSpawnMsgListInsert)
                  2000f510    000000e0     freertos_builds_CC3220S_LAUNCHXL_release_ccs.lib : tasks.obj (.text:xTaskPriorityDisinherit)
                  2000f5f0    000000dc                                                      : tasks.obj (.text:vTaskSwitchContext)
                  2000f6cc    000000d8     drivers_cc32xx.aem4 : SPICC32XXDMA.oem4 (.text:SPICC32XXDMA_close)
                  2000f7a4    000000d8     simplelink.a : device.obj (.text:_SlDeviceHandleAsync_InitComplete)
                  2000f87c    000000d8                  : driver.obj (.text:_SlDrvWaitForInternalAsyncEvent)
                  2000f954    000000d8                  : netapp.obj (.text:_SlNetAppHandleAsync_NetAppReceive)
                  2000fa2c    000000d6     freertos_builds_CC3220S_LAUNCHXL_release_ccs.lib : queue.obj (.text:xQueueReceiveFromISR)
                  2000fb02    00000002     main_freertos.obj (.text:vApplicationMallocFailedHook)
                  2000fb04    000000d4     simplelink.a : sl_socket.obj (.text:sl_StartTLS)
                  2000fbd8    000000d0                  : driver.obj (.text:_SlDrvRemoveFromList)
                  2000fca8    000000d0     httpclient_release.a : httpclient.oem4 (.text:getStatus)
                  2000fd78    000000d0     rtsv7M4_T_le_eabi.lib : s_scalbn.c.obj (.text:scalbn)
                  2000fe48    000000cc     httpclient_release.a : httpclient.oem4 (.text:sprsend)
                  2000ff14    000000c8     simplelink.a : sl_socket.obj (.text:_SlSocketHandleAsync_StartTLS)
                  2000ffdc    000000c8     drivers_cc32xx.aem4 : SPICC32XXDMA.oem4 (.text:spiHwiFxn)
                  200100a4    000000c4                         : GPIOCC32XX.oem4 (.text:GPIO_init)
                  20010168    000000c4     freertos_builds_CC3220S_LAUNCHXL_release_ccs.lib : tasks.obj (.text:prvAddNewTaskToReadyList)
                  2001022c    000000c2     drivers_cc32xx.aem4 : UARTCC32XX.oem4 (.text:UARTCC32XX_write)
                  200102ee    00000002     --HOLE-- [fill = 0]
                  200102f0    000000c0     simplelink.a : cc_pal.obj (.text:NwpPowerOff)
                  200103b0    000000c0     httpclient_release.a : httpclient.oem4 (.text:resHeaderFieldHandler)
                  20010470    000000c0     simplelink.a : netcfg.obj (.text:sl_NetCfgGet)
                  20010530    000000c0     freertos_builds_CC3220S_LAUNCHXL_release_ccs.lib : port.obj (.text:xPortStartScheduler)
                  200105f0    000000be                                                      : queue.obj (.text:prvCopyDataToQueue)
                  200106ae    00000002     --HOLE-- [fill = 0]
                  200106b0    000000bc     simplelink.a : netapp.obj (.text:_SlNetAppSendResponse)
                  2001076c    000000bc     freertos_builds_CC3220S_LAUNCHXL_release_ccs.lib : heap_4.obj (.text:prvHeapInit)
                  20010828    000000bc     simplelink.a : sl_socket.obj (.text:sl_Send)
                  200108e4    000000bc                  : wlan.obj (.text:sl_WlanProvisioning)
                  200109a0    000000ba     drivers_cc32xx.aem4 : UARTCC32XX.oem4 (.text:UARTCC32XX_readPolling)
                  20010a5a    00000002     --HOLE-- [fill = 0]
                  20010a5c    000000ba     freertos_builds_CC3220S_LAUNCHXL_release_ccs.lib : portasm.obj (.text)
                  20010b16    00000002     --HOLE-- [fill = 0]
                  20010b18    000000b8     httpclient_release.a : httpclient.oem4 (.text:HTTPClient_readResponseBody)
                  20010bd0    000000b8     simplelink.a : netapp.obj (.text:_SlNetAppHandleAsync_DnsGetHostByName)
                  20010c88    000000b8                  : netapp.obj (.text:_SlNetAppHandleAsync_PingResponse)
                  20010d40    000000b8     httpclient_release.a : httpclient.oem4 (.text:httpProxyTunnel)
                  20010df8    000000b8     drivers_cc32xx.aem4 : UARTCC32XX.oem4 (.text:initHw)
                  20010eb0    000000b8     freertos_builds_CC3220S_LAUNCHXL_release_ccs.lib : timers.obj (.text:prvSwitchTimerLists)
                  20010f68    000000b8     simplelink.a : device.obj (.text:sl_DeviceGet)
                  20011020    000000b8                  : wlan.obj (.text:sl_WlanGet)
                  200110d8    000000b8     freertos_builds_CC3220S_LAUNCHXL_release_ccs.lib : timer.obj (.text:timer_create)
                  20011190    000000b8                                                      : queue.obj (.text:xQueueGenericReset)
                  20011248    000000b6     drivers_cc32xx.aem4 : UARTCC32XX.oem4 (.text:readTaskCallback)
                  200112fe    00000002     --HOLE-- [fill = 0]
                  20011300    000000b4     simplelink.a : driver.obj (.text:_SlDrvHandleFatalError)
                  200113b4    000000b4                  : netutil.obj (.text:_SlNetUtilHandleAsync_Cmd)
                  20011468    000000b4     freertos_builds_CC3220S_LAUNCHXL_release_ccs.lib : clock.obj (.text:_clock_abstime2ticks)
                  2001151c    000000b4     simplelink.a : sl_socket.obj (.text:sl_GetSockOpt)
                  200115d0    000000b1     rtsv7M4_T_le_eabi.lib : _printfi.c.obj (.text:_ltostr)
                  20011681    00000003     --HOLE-- [fill = 0]
                  20011684    000000b0     slnetifwifi.a : slnetifwifi.obj (.text:SlNetIfWifi_getSockOpt)
                  20011734    000000b0     freertos_builds_CC3220S_LAUNCHXL_release_ccs.lib : tasks.obj (.text:prvAddCurrentTaskToDelayedList)
                  200117e4    000000b0                                                      : tasks.obj (.text:xTaskCheckForTimeOut)
                  20011894    000000ae     slnetifwifi.a : slnetifwifi.obj (.text:matchModeByRole)
                  20011942    000000ae     drivers_cc32xx.aem4 : UARTCC32XX.oem4 (.text:readIsrTextBlocking)
                  200119f0    000000ac     simplelink.a : sl_socket.obj (.text:_SlSocketHandleAsync_Close)
                  20011a9c    000000ac                  : sl_socket.obj (.text:_SlSocketHandleAsync_Connect)
                  20011b48    000000ac     freertos_builds_CC3220S_LAUNCHXL_release_ccs.lib : clock.obj (.text:clock_gettime)
                  20011bf4    000000ac     drivers_cc32xx.aem4 : PowerCC32XX.oem4 (.text:restoreParkedPins)
                  20011ca0    000000ac     httpclient_release.a : httpclient.oem4 (.text:sendReqHeaders)
                  20011d4c    000000aa     uart_term.obj (.text:Report)
                  20011df6    000000aa     freertos_builds_CC3220S_LAUNCHXL_release_ccs.lib : queue.obj (.text:prvUnlockQueue)
                  20011ea0    000000a8     driverlib.a : interrupt.obj (.text:IntDisable)
                  20011f48    000000a8                 : interrupt.obj (.text:IntEnable)
                  20011ff0    000000a8                 : prcm.obj (.text:PRCMPeripheralClockGet)
                  20012098    000000a8     drivers_cc32xx.aem4 : PowerCC32XX.oem4 (.text:PowerCC32XX_configureWakeup)
                  20012140    000000a8     freertos_builds_CC3220S_LAUNCHXL_release_ccs.lib : heap_4.obj (.text:prvInsertBlockIntoFreeList)
                  200121e8    000000a8     drivers_cc32xx.aem4 : UARTCC32XX.oem4 (.text:readTaskBlocking)
                  20012290    000000a8     simplelink.a : fs.obj (.text:sl_FsClose)
                  20012338    000000a8     freertos_builds_CC3220S_LAUNCHXL_release_ccs.lib : tasks.obj (.text:xTaskRemoveFromEventList)
                  200123e0    000000a5     provisioning.obj (.text:SetSecuredAP)
                  20012485    00000003     --HOLE-- [fill = 0]
                  20012488    000000a4     simplelink.a : sl_socket.obj (.text:sl_Bind)
                  2001252c    000000a2     drivers_cc32xx.aem4 : UARTCC32XX.oem4 (.text:readIsrTextCallback)
                  200125ce    000000a2                         : UARTCC32XX.oem4 (.text:writeData)
                  20012670    000000a0     freertos_builds_CC3220S_LAUNCHXL_release_ccs.lib : ClockP_freertos.obj (.text:ClockP_create)
                  20012710    000000a0     simplelink.a : fs.obj (.text:FsGetCreateFsMode)
                  200127b0    000000a0                  : sl_socket.obj (.text:_SlDrvUnRegisterForSelectAsync)
                  20012850    000000a0                  : driver.obj (.text:_SlSpawnMsgListProcess)
                  200128f0    0000009e                  : cc_pal.obj (.text:spi_Read)
                  2001298e    0000009e                  : cc_pal.obj (.text:spi_Write)
                  20012a2c    0000009c     rtsv7M4_T_le_eabi.lib : memcpy_t2.asm.obj (.text)
                  20012ac8    0000009c     httpclient_release.a : httpclient.oem4 (.text:startSecureMode)
                  20012b64    0000009c     freertos_builds_CC3220S_LAUNCHXL_release_ccs.lib : heap_4.obj (.text:vPortFree)
                  20012c00    00000098     httpclient_release.a : httpclient.oem4 (.text:HTTPClient_sendRequest)
                  20012c98    00000098     drivers_cc32xx.aem4 : GPIOCC32XX.oem4 (.text:powerNotifyFxn)
                  20012d30    00000098     httpclient_release.a : httpclient.oem4 (.text:resHeaderNameToHash)
                  20012dc8    00000096     rtsv7M4_T_le_eabi.lib : ull_div_t2.asm.obj (.text)
                  20012e5e    00000002     --HOLE-- [fill = 0]
                  20012e60    00000094     simplelink.a : cc_pal.obj (.text:Semaphore_pend_handle)
                  20012ef4    00000094     drivers_cc32xx.aem4 : SPICC32XXDMA.oem4 (.text:initHw)
                  20012f88    00000094     httpclient_release.a : httpclient.oem4 (.text:locationParser)
                  2001301c    00000094     freertos_builds_CC3220S_LAUNCHXL_release_ccs.lib : tasks.obj (.text:vTaskStartScheduler)
                  200130b0    00000092     slnetsock_release.a : slnetsock.oem4 (.text:SlNetSock_create)
                  20013142    00000002     --HOLE-- [fill = 0]
                  20013144    00000090                         : slnetsock.oem4 (.text:SlNetSock_getVirtualSdConf)
                  200131d4    00000090     simplelink.a : device.obj (.text:_SlDeviceHandleAsync_Stop)
                  20013264    00000090                  : sl_socket.obj (.text:_SlSocketHandleAsync_Accept)
                  200132f4    00000090     drivers_cc32xx.aem4 : PowerCC32XX.oem4 (.text:restoreNVICRegs)
                  20013384    0000008e     provisioning.obj (.text:DisplayBanner)
                  20013412    00000002     --HOLE-- [fill = 0]
                  20013414    0000008c     simplelink.a : driver.obj (.text:_SlDrvDriverIsApiAllowed)
                  200134a0    0000008c     freertos_builds_CC3220S_LAUNCHXL_release_ccs.lib : clock.obj (.text:_clock_gettimeMono)
                  2001352c    0000008c     simplelink.a : sl_socket.obj (.text:sl_Recv)
                  200135b8    00000088     driverlib.a : pin.obj (.text:PinConfigSet)
                  20013640    00000088     simplelink.a : driver.obj (.text:_SlDrvProtectAsyncRespSetting)
                  200136c8    00000088     freertos_builds_CC3220S_LAUNCHXL_release_ccs.lib : mqueue.obj (.text:mq_receive)
                  20013750    00000088     httpclient_release.a : httpclient.oem4 (.text:readLine)
                  200137d8    00000086     simplelink.a : driver.obj (.text:_SlDrvIsTimeoutExpired)
                  2001385e    00000086     rtsv7M4_T_le_eabi.lib : fd_cmp_t2.asm.obj (.text:__aeabi_cdcmple)
                  200138e4    00000086                           : fd_cmp_t2.asm.obj (.text:__aeabi_cdrcmple)
                  2001396a    00000086     freertos_builds_CC3220S_LAUNCHXL_release_ccs.lib : mqueue.obj (.text:mq_send)
                  200139f0    00000084     drivers_cc32xx.aem4 : PowerCC32XX.oem4 (.text:Power_init)
                  20013a74    00000084     slnetifwifi.a : slnetifwifi.obj (.text:SlNetIfWifi_sockstartSec)
                  20013af8    00000084     freertos_builds_CC3220S_LAUNCHXL_release_ccs.lib : timers.obj (.text:prvProcessTimerOrBlockTask)
                  20013b7c    00000084     drivers_cc32xx.aem4 : PowerCC32XX.oem4 (.text:saveNVICRegs)
                  20013c00    00000084     simplelink.a : sl_socket.obj (.text:sl_SetSockOpt)
                  20013c84    00000084                  : wlan.obj (.text:sl_WlanSet)
                  20013d08    00000084     freertos_builds_CC3220S_LAUNCHXL_release_ccs.lib : timers.obj (.text:xTimerGenericCommand)
                  20013d8c    00000080     drivers_cc32xx.aem4 : PowerCC32XX.oem4 (.text:Power_setDependency)
                  20013e0c    00000080     provisioning.obj (.text:setDeviceTime)
                  20013e8c    00000080     simplelink.a : device.obj (.text:sl_DeviceSet)
                  20013f0c    00000080     freertos_builds_CC3220S_LAUNCHXL_release_ccs.lib : timer.obj (.text:timer_gettime)
                  20013f8c    0000007c     drivers_cc32xx.aem4 : UDMACC32XX.oem4 (.text:UDMACC32XX_open)
                  20014008    0000007c                         : UARTCC32XX.oem4 (.text:readIsrBinaryBlocking)
                  20014084    0000007a     freertos_builds_CC3220S_LAUNCHXL_release_ccs.lib : pthread.obj (.text:removeThreadKeys)
                  200140fe    0000007a     rtsv7M4_T_le_eabi.lib : memset_t2.asm.obj (.text)
                  20014178    0000007a     freertos_builds_CC3220S_LAUNCHXL_release_ccs.lib : tasks.obj (.text:xTaskCreate)
                  200141f2    00000002     --HOLE-- [fill = 0]
                  200141f4    00000078     provisioning.obj (.text:FactoryIndicationLed)
                  2001426c    00000078     drivers_cc32xx.aem4 : GPIOCC32XX.oem4 (.text:GPIO_hwiIntFxn)
                  200142e4    00000078     provisioning.obj (.text:UpdateLedDisplay)
                  2001435c    00000078     freertos_builds_CC3220S_LAUNCHXL_release_ccs.lib : timers.obj (.text:prvInsertTimerInActiveList)
                  200143d4    00000078     drivers_cc32xx.aem4 : UARTCC32XX.oem4 (.text:readIsrBinaryCallback)
                  2001444c    00000078     simplelink.a : sl_socket.obj (.text:sl_Socket)
                  200144c4    00000074     provisioning.obj (.text:HandleProvisioningComplete)
                  20014538    00000074     slnetsock_release.a : slnetsock.oem4 (.text:SlNetSock_AllocVirtualSocket)
                  200145ac    00000074     drivers_cc32xx.aem4 : UARTCC32XX.oem4 (.text:UARTCC32XX_hwiIntFxn)
                  20014620    00000074     freertos_builds_CC3220S_LAUNCHXL_release_ccs.lib : tasks.obj (.text:prvInitialiseTaskLists)
                  20014694    00000074                                                      : pthread_mutex.obj (.text:pthread_mutex_init)
                  20014708    00000074                                                      : port.obj (.text:vPortValidateInterruptPriority)
                  2001477c    00000070     simplelink.a : driver.obj (.text:_SlDrvCmdSend_noLock)
                  200147ec    00000070     freertos_builds_CC3220S_LAUNCHXL_release_ccs.lib : timers.obj (.text:prvProcessExpiredTimer)
                  2001485c    00000070                                                      : ClockP_freertos.obj (.text:setClockObjTimeout)
                  200148cc    0000006e     rtsv7M4_T_le_eabi.lib : _printfi.c.obj (.text:_mcpy)
                  2001493a    00000002     --HOLE-- [fill = 0]
                  2001493c    0000006c     httpclient_release.a : httpclient.oem4 (.text:HTTPClient_getHeader)
                  200149a8    0000006c     provisioning.obj (.text:ReportError)
                  20014a14    0000006c     simplelink.a : device.obj (.text:_SlDeviceHandleResetRequestInternally)
                  20014a80    0000006c                  : sl_socket.obj (.text:_SlDrvOpenCtrlSocket)
                  20014aec    0000006c                  : netapp.obj (.text:_SlNetAppSendTokenValue)
                  20014b58    00000068     provisioning.obj (.text:ErrorLedDisplay)
                  20014bc0    00000068     simplelink.a : driver.obj (.text:_SlSpawnMsgListGetCount)
                  20014c28    00000068     rtsv7M4_T_le_eabi.lib : copy_decompress_lzss.c.obj (.text:decompress:lzss:__TI_decompress_lzss)
                  20014c90    00000068     main_freertos.obj (.text:main)
                  20014cf8    00000068     simplelink.a : cc_pal.obj (.text:spi_Open)
                  20014d60    00000066     drivers_cc32xx.aem4 : UARTCC32XX.oem4 (.text:UARTCC32XX_writeCancel)
                  20014dc6    00000066     freertos_builds_CC3220S_LAUNCHXL_release_ccs.lib : memory.obj (.text:realloc)
                  20014e2c    00000066                                                      : list.obj (.text:vListInsert)
                  20014e92    00000066                                                      : queue.obj (.text:xQueueGenericCreate)
                  20014ef8    00000064                                                      : ClockP_freertos.obj (.text:ClockP_stop)
                  20014f5c    00000064     drivers_cc32xx.aem4 : PowerCC32XX.oem4 (.text:PowerCC32XX_setParkState)
                  20014fc0    00000064     freertos_builds_CC3220S_LAUNCHXL_release_ccs.lib : pthread_mutex.obj (.text:acquireMutex)
                  20015024    00000064                                                      : tasks.obj (.text:prvGetExpectedIdleTime)
                  20015088    00000062     drivers_cc32xx.aem4 : UARTCC32XX.oem4 (.text:UARTCC32XX_writePolling)
                  200150ea    00000002     --HOLE-- [fill = 0]
                  200150ec    00000060     freertos_builds_CC3220S_LAUNCHXL_release_ccs.lib : HwiPCC32XX_freertos.obj (.text:HwiP_create)
                  2001514c    00000060     driverlib.a : prcm.obj (.text:PRCMSysResetCauseGet)
                  200151ac    00000060     slnetsock_release.a : slnetutils.oem4 (.text:SlNetUtil_getHostByName)
                  2001520c    00000060     freertos_builds_CC3220S_LAUNCHXL_release_ccs.lib : pthread_mutex.obj (.text:pthread_mutex_unlock)
                  2001526c    0000005e     slnetifwifi.a : slnetifwifi.obj (.text:SlNetIfWifi_setSockOpt)
                  200152ca    0000005e     freertos_builds_CC3220S_LAUNCHXL_release_ccs.lib : semaphore.obj (.text:sem_timedwait)
                  20015328    0000005c     slnetsock_release.a : slnetutils.oem4 (.text:SlNetUtil_str2BinIpV4)
                  20015384    0000005c     simplelink.a : spawn.obj (.text:_SlInternalSpawn)
                  200153e0    0000005c     freertos_builds_CC3220S_LAUNCHXL_release_ccs.lib : memory.obj (.text:calloc)
                  2001543c    0000005c     rtsv7M4_T_le_eabi.lib : s_frexp.c.obj (.text:frexp)
                  20015498    0000005c     freertos_builds_CC3220S_LAUNCHXL_release_ccs.lib : tasks.obj (.text:prvIdleTask)
                  200154f4    0000005c                                                      : pthread.obj (.text:pthread_exit)
                  20015550    0000005c     httpclient_release.a : httpclient.oem4 (.text:readRawResponseBody)
                  200155ac    0000005c     freertos_builds_CC3220S_LAUNCHXL_release_ccs.lib : queue.obj (.text:vQueueWaitForMessageRestricted)
                  20015608    0000005c                                                      : tasks.obj (.text:vTaskDelay)
                  20015664    0000005a                                                      : timers.obj (.text:prvInitialiseNewTimer)
                  200156be    00000002     --HOLE-- [fill = 0]
                  200156c0    00000058     drivers_cc32xx.aem4 : GPIOCC32XX.oem4 (.text:GPIO_setCallback)
                  20015718    00000058                         : GPIOCC32XX.oem4 (.text:GPIO_write)
                  20015770    00000058     driverlib.a : interrupt.obj (.text:IntPendClear)
                  200157c8    00000058                 : prcm.obj (.text:PRCMPeripheralReset)
                  20015820    00000058     drivers_cc32xx.aem4 : PowerCC32XX.oem4 (.text:Power_releaseDependency)
                  20015878    00000058     slnetsock_release.a : slnetsock.oem4 (.text:SlNetSock_recv)
                  200158d0    00000058                         : slnetsock.oem4 (.text:SlNetSock_send)
                  20015928    00000058     simplelink.a : sl_socket.obj (.text:_SlDrvClearCtrlSocket)
                  20015980    00000058     freertos_builds_CC3220S_LAUNCHXL_release_ccs.lib : tasks.obj (.text:eTaskConfirmSleepModeStatus)
                  200159d8    00000058     simplelink.a : sl_socket.obj (.text:sl_Listen)
                  20015a30    00000058     freertos_builds_CC3220S_LAUNCHXL_release_ccs.lib : port.obj (.text:vPortSetupTimerInterrupt)
                  20015a88    00000058                                                      : queue.obj (.text:xQueueCreateCountingSemaphore)
                  20015ae0    00000058                                                      : queue.obj (.text:xQueueTakeMutexRecursive)
                  20015b38    00000056                                                      : SemaphoreP_freertos.obj (.text:SemaphoreP_create)
                  20015b8e    00000056     rtsv7M4_T_le_eabi.lib : _printfi.c.obj (.text:_pconv_f)
                  20015be4    00000054     freertos_builds_CC3220S_LAUNCHXL_release_ccs.lib : ClockP_freertos.obj (.text:ClockP_delete)
                  20015c38    00000054     uart_term.obj (.text:InitTerm)
                  20015c8c    00000054     driverlib.a : interrupt.obj (.text:IntPrioritySet)
                  20015ce0    00000054     simplelink.a : driver.obj (.text:_SlDrvRxIrqHandler)
                  20015d34    00000054     rtsv7M4_T_le_eabi.lib : ltoa.c.obj (.text:ltoa)
                  20015d88    00000054     drivers_cc32xx.aem4 : UARTCC32XX.oem4 (.text:ringBufGet)
                  20015ddc    00000054     freertos_builds_CC3220S_LAUNCHXL_release_ccs.lib : timers.obj (.text:xTimerCreateTimerTask)
                  20015e30    00000052     drivers_cc32xx.aem4 : PowerCC32XX_asm.oem4 (.text:PowerCC32XX_resumeLPDS)
                  20015e82    00000052     rtsv7M4_T_le_eabi.lib : _printfi.c.obj (.text:_ecpy)
                  20015ed4    00000050     simplelink.a : cc_pal.obj (.text:NwpRegisterInterruptHandler)
                  20015f24    00000050     slnetsock_release.a : slnetif.oem4 (.text:SlNetIf_queryIf)
                  20015f74    00000050     simplelink.a : sl_socket.obj (.text:_SlDrvCloseCtrlSocket)
                  20015fc4    00000050                  : driver.obj (.text:_SlDrvCmdSend_noWait)
                  20016014    00000050                  : driver.obj (.text:_SlDrvUpdateApiInProgress)
                  20016064    00000050                  : spawn.obj (.text:_SlInternalSpawnTaskEntry)
                  200160b4    00000050                  : eventreg.obj (.text:_SlNetAppHttpServerHdlr)
                  20016104    00000050                  : eventreg.obj (.text:_SlNetAppRequestHdlr)
                  20016154    00000050     freertos_builds_CC3220S_LAUNCHXL_release_ccs.lib : port.obj (.text:pxPortInitialiseStack)
                  200161a4    00000050     httpclient_release.a : httpclient.oem4 (.text:removeRequestHeader)
                  200161f4    00000050     freertos_builds_CC3220S_LAUNCHXL_release_ccs.lib : semaphore.obj (.text:sem_init)
                  20016244    00000050                                                      : queue.obj (.text:xQueueGiveMutexRecursive)
                  20016294    0000004c     drivers_cc32xx.aem4 : GPIOCC32XX.oem4 (.text:GPIO_enableInt)
                  200162e0    0000004c     simplelink.a : cc_pal.obj (.text:NwpWaitForShutDownInd)
                  2001632c    0000004c     drivers_cc32xx.aem4 : PowerCC32XX.oem4 (.text:PowerCC32XX_parkPin)
                  20016378    0000004c     slnetifwifi.a : slnetifwifi.obj (.text:SlNetIfWifi_getConnectionStatus)
                  200163c4    0000004c     slnetsock_release.a : slnetsock.oem4 (.text:SlNetSock_freeVirtualSocket)
                  20016410    0000004c                         : slnetsock.oem4 (.text:SlNetSock_startSec)
                  2001645c    0000004c     rtsv7M4_T_le_eabi.lib : atoi.c.obj (.text:atoi)
                  200164a8    0000004c     freertos_builds_CC3220S_LAUNCHXL_release_ccs.lib : startup_cc32xx_ccs.obj (.text:initVectors)
                  200164f4    0000004c                                                      : timers.obj (.text:prvCheckForValidListAndQueue)
                  20016540    0000004c                                                      : tasks.obj (.text:prvCheckTasksWaitingTermination)
                  2001658c    0000004c     drivers_cc32xx.aem4 : PowerCC32XX.oem4 (.text:restorePeriphClocks)
                  200165d8    0000004c     freertos_builds_CC3220S_LAUNCHXL_release_ccs.lib : port.obj (.text:vPortEnterCritical)
                  20016624    00000048     driverlib.a : flash.obj (.text:FlashDisable)
                  2001666c    00000048     freertos_builds_CC3220S_LAUNCHXL_release_ccs.lib : HwiPCC32XX_freertos.obj (.text:HwiP_dispatch)
                  200166b4    00000048     driverlib.a : prcm.obj (.text:PRCMLPDSEnter)
                  200166fc    00000048                 : prcm.obj (.text:PRCMPeripheralClkEnable)
                  20016744    00000048     drivers_cc32xx.aem4 : PowerCC32XX.oem4 (.text:Power_releaseConstraint)
                  2001678c    00000048     slnetsock_release.a : slnetsock.oem4 (.text:SlNetSock_connect)
                  200167d4    00000048                         : slnetsock.oem4 (.text:SlNetSock_init)
                  2001681c    00000048     simplelink.a : eventreg.obj (.text:_SlDeviceFatalErrorEvtHdlr)
                  20016864    00000048                  : eventreg.obj (.text:_SlDeviceGeneralEvtHdlr)
                  200168ac    00000048                  : driver.obj (.text:_SlDrvSyncObjWaitTimeout)
                  200168f4    00000048                  : eventreg.obj (.text:_SlNetAppEvtHdlr)
                  2001693c    00000048                  : eventreg.obj (.text:_SlNetAppRequestMemFree)
                  20016984    00000048                  : eventreg.obj (.text:_SlSockEvtHdlr)
                  200169cc    00000048                  : eventreg.obj (.text:_SlWlanEvtHdlr)
                  20016a14    00000048     rtsv7M4_T_le_eabi.lib : fd_toi_t2.asm.obj (.text)
                  20016a5c    00000048     freertos_builds_CC3220S_LAUNCHXL_release_ccs.lib : list.obj (.text:uxListRemove)
                  20016aa4    00000046     drivers_cc32xx.aem4 : RingBuf.oem4 (.text:RingBuf_put)
                  20016aea    00000002     --HOLE-- [fill = 0]
                  20016aec    00000044     httpclient_release.a : httpclient.oem4 (.text:HTTPClient_create)
                  20016b30    00000044     driverlib.a : prcm.obj (.text:PRCMLPDSRestoreInfoSet)
                  20016b74    00000044     drivers_cc32xx.aem4 : PowerCC32XX_asm.oem4 (.text:PowerCC32XX_enterLPDS)
                  20016bb8    00000044                         : SPI.oem4 (.text:SPI_init)
                  20016bfc    00000044                         : UART.oem4 (.text:UART_init)
                  20016c40    00000044     rtsv7M4_T_le_eabi.lib : autoinit.c.obj (.text:__TI_auto_init_nobinit_nopinit:__TI_auto_init_nobinit_nopinit)
                  20016c84    00000044     freertos_builds_CC3220S_LAUNCHXL_release_ccs.lib : queue.obj (.text:prvInitialiseNewQueue)
                  20016cc8    00000044                                                      : tasks.obj (.text:vTaskStepTick)
                  20016d0c    00000042     httpclient_release.a : httpclient.oem4 (.text:initializeCB)
                  20016d4e    00000042     freertos_builds_CC3220S_LAUNCHXL_release_ccs.lib : memory.obj (.text:malloc)
                  20016d90    00000040     simplelink.a : sl_socket.obj (.text:CountSetBits)
                  20016dd0    00000040     driverlib.a : pin.obj (.text:PinModeSet)
                  20016e10    00000040     drivers_cc32xx.aem4 : RingBuf.oem4 (.text:RingBuf_get)
                  20016e50    00000040     provisioning.obj (.text:SimpleLinkGeneralEventHandler)
                  20016e90    00000040     slnetsock_release.a : slnetsock.oem4 (.text:SlNetSock_close)
                  20016ed0    00000040                         : slnetsock.oem4 (.text:SlNetSock_secAttribSet)
                  20016f10    00000040     drivers_cc32xx.aem4 : UARTCC32XX.oem4 (.text:UARTCC32XX_read)
                  20016f50    00000040                         : UDMACC32XX.oem4 (.text:UDMACC32XX_init)
                  20016f90    00000040     simplelink.a : driver.obj (.text:_SlDrvGlobalObjUnLock)
                  20016fd0    00000040                  : driver.obj (.text:_SlFindAndReleasePendingCmd)
                  20017010    00000040                  : spawn.obj (.text:_SlInternalSpawnWaitForEvent)
                  20017050    00000040                  : eventreg.obj (.text:_SlIsEventRegistered)
                  20017090    00000040     httpclient_release.a : httpclient.oem4 (.text:clearReqHeaders)
                  200170d0    00000040     rtsv7M4_T_le_eabi.lib : sprintf.c.obj (.text:sprintf)
                  20017110    00000040     freertos_builds_CC3220S_LAUNCHXL_release_ccs.lib : tasks.obj (.text:vTaskPlaceOnEventListRestricted)
                  20017150    00000040     rtsv7M4_T_le_eabi.lib : vsnprintf.c.obj (.text:vsnprintf)
                  20017190    0000003e     freertos_builds_CC3220S_LAUNCHXL_release_ccs.lib : ClockP_freertos.obj (.text:ClockP_callbackFxn)
                  200171ce    0000003e     simplelink.a : sl_socket.obj (.text:_SlSocketBuildAddress)
                  2001720c    0000003e     rtsv7M4_T_le_eabi.lib : _printfi.c.obj (.text:_fcpy)
                  2001724a    0000003e     freertos_builds_CC3220S_LAUNCHXL_release_ccs.lib : pthread.obj (.text:pthread_setcancelstate)
                  20017288    0000003e                                                      : semaphore.obj (.text:sem_post)
                  200172c6    00000002     --HOLE-- [fill = 0]
                  200172c8    0000003c     driverlib.a : prcm.obj (.text:PRCMSlowClkCtrFastGet)
                  20017304    0000003c     drivers_cc32xx.aem4 : PowerCC32XX.oem4 (.text:Power_setConstraint)
                  20017340    0000003c                         : SPI.oem4 (.text:SPI_open)
                  2001737c    0000003c                         : UART.oem4 (.text:UART_open)
                  200173b8    0000003c     simplelink.a : netapp.obj (.text:_SlNetAppCopyPingResultsToReport)
                  200173f4    0000003c     freertos_builds_CC3220S_LAUNCHXL_release_ccs.lib : queue.obj (.text:prvCopyDataFromQueue)
                  20017430    0000003c                                                      : tasks.obj (.text:prvResetNextTaskUnblockTime)
                  2001746c    0000003c                                                      : tasks.obj (.text:pvTaskGetThreadLocalStoragePointer)
                  200174a8    0000003c                                                      : timer.obj (.text:timespecToTicks)
                  200174e4    0000003c                                                      : sleep.obj (.text:usleep)
                  20017520    0000003c                                                      : list.obj (.text:vListInsertEnd)
                  2001755c    0000003a     slnetifwifi.a : slnetifwifi.obj (.text:SlNetIfWifi_getIPAddr)
                  20017596    0000003a     freertos_builds_CC3220S_LAUNCHXL_release_ccs.lib : timer.obj (.text:callbackFxn)
                  200175d0    0000003a     httpclient_release.a : httpclient.oem4 (.text:clearResponseValues)
                  2001760a    0000003a                          : httpclient.oem4 (.text:stringncasecmp)
                  20017644    00000038                          : httpclient.oem4 (.text:HTTPClient_disconnect)
                  2001767c    00000038     driverlib.a : prcm.obj (.text:PRCMLPDSEnterKeepDebugIf)
                  200176b4    00000038     slnetifwifi.a : slnetifwifi.obj (.text:SlNetIfWifi_recvFrom)
                  200176ec    00000038                   : slnetifwifi.obj (.text:SlNetIfWifi_sendTo)
                  20017724    00000038                   : slnetifwifi.obj (.text:SlNetIfWifi_socket)
                  2001775c    00000038     slnetsock_release.a : slnetif.oem4 (.text:SlNetIf_configCheck)
                  20017794    00000038                         : slnetutils.oem4 (.text:SlNetUtil_htonl)
                  200177cc    00000038     drivers_cc32xx.aem4 : PowerCC32XX.oem4 (.text:notify)
                  20017804    00000038     http_push.obj (.text:printError)
                  2001783c    00000038     freertos_builds_CC3220S_LAUNCHXL_release_ccs.lib : timers.obj (.text:prvGetNextExpireTime)
                  20017874    00000038                                                      : port.obj (.text:prvTaskExitError)
                  200178ac    00000038     httpclient_release.a : httpclient.oem4 (.text:stringcasecmp)
                  200178e4    00000036     slnetifwifi.a : slnetifwifi.obj (.text:SlNetIfWifi_getHostByName)
                  2001791a    00000036                   : slnetifwifi.obj (.text:SlNetIfWifi_select)
                  20017950    00000036     drivers_cc32xx.aem4 : UARTCC32XX.oem4 (.text:UARTCC32XX_readCancel)
                  20017986    00000036     rtsv7M4_T_le_eabi.lib : strncpy.c.obj (.text:strncpy)
                  200179bc    00000034     driverlib.a : pin.obj (.text:PinModeGet)
                  200179f0    00000034     drivers_cc32xx.aem4 : PowerCC32XX.oem4 (.text:PowerCC32XX_restoreParkState)
                  20017a24    00000034     freertos_builds_CC3220S_LAUNCHXL_release_ccs.lib : SemaphoreP_freertos.obj (.text:SemaphoreP_pend)
                  20017a58    00000034     slnetsock_release.a : slnetutils.oem4 (.text:SlNetUtil_htons)
                  20017a8c    00000034     drivers_cc32xx.aem4 : UDMACC32XX.oem4 (.text:UDMACC32XX_close)
                  20017ac0    00000034     freertos_builds_CC3220S_LAUNCHXL_release_ccs.lib : mqueue.obj (.text:findInList)
                  20017af4    00000034                                                      : timers.obj (.text:prvSampleTimeNow)
                  20017b28    00000034     rtsv7M4_T_le_eabi.lib : strstr.c.obj (.text:strstr)
                  20017b5c    00000034     freertos_builds_CC3220S_LAUNCHXL_release_ccs.lib : tasks.obj (.text:vTaskPlaceOnEventList)
                  20017b90    00000034                                                      : tasks.obj (.text:vTaskSetThreadLocalStoragePointer)
                  20017bc4    00000034                                                      : timers.obj (.text:xTimerCreate)
                  20017bf8    00000030     drivers_cc32xx.aem4 : PowerCC32XX.oem4 (.text:PowerCC32XX_restoreParkedPin)
                  20017c28    00000030     provisioning.obj (.text:StartAsyncEvtTimer)
                  20017c58    00000030     simplelink.a : fs.obj (.text:_SlFsStrlen)
                  20017c88    00000030     rtsv7M4_T_le_eabi.lib : vsnprintf.c.obj (.text:_outs)
                  20017cb8    00000030     simplelink.a : sl_socket.obj (.text:to_mSec)
                  20017ce8    00000030     freertos_builds_CC3220S_LAUNCHXL_release_ccs.lib : list.obj (.text:vListInitialise)
                  20017d18    00000030                                                      : port.obj (.text:vPortExitCritical)
                  20017d48    00000030                                                      : tasks.obj (.text:xTaskGetSchedulerState)
                  20017d78    0000002f     spi_test.obj (.text:assertChipSelect)
                  20017da7    00000001     --HOLE-- [fill = 0]
                  20017da8    0000002e     simplelink.a : cc_pal.obj (.text:Mutex_create_handle)
                  20017dd6    0000002e     freertos_builds_CC3220S_LAUNCHXL_release_ccs.lib : timers.obj (.text:pvTimerGetTimerID)
                  20017e04    0000002e     rtsv7M4_T_le_eabi.lib : i_tofd_t2.asm.obj (.text)
                  20017e32    0000002c     provisioning.obj (.text:GetSecureStatus)
                  20017e5e    0000002c     httpclient_release.a : httpclient.oem4 (.text:HTTPClient_destroy)
                  20017e8a    00000002     --HOLE-- [fill = 0]
                  20017e8c    0000002c     freertos_builds_CC3220S_LAUNCHXL_release_ccs.lib : HwiPCC32XX_freertos.obj (.text:HwiP_disable)
                  20017eb8    0000002c     simplelink.a : cc_pal.obj (.text:NwpPowerOn)
                  20017ee4    0000002c     driverlib.a : prcm.obj (.text:PRCMLPDSIntervalSet)
                  20017f10    0000002c     drivers_cc32xx.aem4 : PowerCC32XX.oem4 (.text:PowerCC32XX_getParkState)
                  20017f3c    0000002c     freertos_builds_CC3220S_LAUNCHXL_release_ccs.lib : SemaphoreP_freertos.obj (.text:SemaphoreP_createBinary)
                  20017f68    0000002c     slnetifwifi.a : slnetifwifi.obj (.text:SlNetIfWifi_recv)
                  20017f94    0000002c                   : slnetifwifi.obj (.text:SlNetIfWifi_send)
                  20017fc0    0000002c     slnetsock_release.a : slnetutils.oem4 (.text:SlNetUtil_inetPton)
                  20017fec    0000002c     provisioning.obj (.text:StopAsyncEvtTimer)
                  20018018    0000002c     simplelink.a : driver.obj (.text:_SlDrvSyncObjWaitForever)
                  20018044    0000002c     freertos_builds_CC3220S_LAUNCHXL_release_ccs.lib : pthread_mutex.obj (.text:pthread_mutexattr_settype)
                  20018070    0000002c     rtsv7M4_T_le_eabi.lib : strncmp.c.obj (.text:strncmp)
                  2001809c    0000002c     freertos_builds_CC3220S_LAUNCHXL_release_ccs.lib : tasks.obj (.text:vTaskSetApplicationTaskTag)
                  200180c8    0000002c                                                      : port.obj (.text:xPortSysTickHandler)
                  200180f4    0000002c                                                      : queue.obj (.text:xQueueCreateMutex)
                  20018120    0000002c                                                      : tasks.obj (.text:xTaskGetApplicationTaskTag)
                  2001814c    0000002a                                                      : queue.obj (.text:prvInitialiseMutex)
                  20018176    0000002a                                                      : queue.obj (.text:uxQueueMessagesWaiting)
                  200181a0    0000002a                                                      : timers.obj (.text:xTimerGetExpiryTime)
                  200181ca    00000002     --HOLE-- [fill = 0]
                  200181cc    00000028                                                      : HwiPCC32XX_freertos.obj (.text:HwiP_inISR)
                  200181f4    00000028     driverlib.a : prcm.obj (.text:PRCMLPDSWakeupSourceEnable)
                  2001821c    00000028                 : prcm.obj (.text:PRCMPeripheralClkDisable)
                  20018244    00000028     drivers_cc32xx.aem4 : PowerCC32XX.oem4 (.text:Power_registerNotify)
                  2001826c    00000028     provisioning.obj (.text:SignalEvent)
                  20018294    00000028     slnetsock_release.a : slnetsock.oem4 (.text:SlNetSock_secAttribDelete)
                  200182bc    00000028     simplelink.a : driver.obj (.text:_SlDrvProtectionObjLockWaitForever)
                  200182e4    00000028                  : driver.obj (.text:_SlDrvProtectionObjUnLock)
                  2001830c    00000028                  : flowcont.obj (.text:_SlFlowContSet)
                  20018334    00000028     rtsv7M4_T_le_eabi.lib : boot_cortex_m.c.obj (.text:_c_int00_noargs:_c_int00_noargs)
                  2001835c    00000028     freertos_builds_CC3220S_LAUNCHXL_release_ccs.lib : pthread.obj (.text:pthread_attr_setschedparam)
                  20018384    00000026     drivers_cc32xx.aem4 : List.oem4 (.text:List_put)
                  200183aa    00000026                         : List.oem4 (.text:List_remove)
                  200183d0    00000026     slnetsock_release.a : slnetutils.oem4 (.text:SlNetUtil_strTok)
                  200183f6    00000026     freertos_builds_CC3220S_LAUNCHXL_release_ccs.lib : pthread.obj (.text:_pthread_cleanup_pop)
                  2001841c    00000026                                                      : queue.obj (.text:prvIsQueueFull)
                  20018442    00000002     --HOLE-- [fill = 0]
                  20018444    00000024     driverlib.a : interrupt.obj (.text:IntUnregister)
                  20018468    00000024     provisioning.obj (.text:ProcessRestartRequest)
                  2001848c    00000024     slnetsock_release.a : slnetif.oem4 (.text:SlNetIf_getConnectionStatus)
                  200184b0    00000024                         : slnetif.oem4 (.text:SlNetIf_getIfByID)
                  200184d4    00000024                         : slnetsock.oem4 (.text:SlNetSock_getIfID)
                  200184f8    00000024     simplelink.a : driver.obj (.text:_SlDrvIsApiInProgress)
                  2001851c    00000024                  : driver.obj (.text:_SlDrvStartMeasureTimeout)
                  20018540    00000024     freertos_builds_CC3220S_LAUNCHXL_release_ccs.lib : queue.obj (.text:prvGetDisinheritPriorityAfterTimeout)
                  20018564    00000024                                                      : semaphore.obj (.text:sem_getvalue)
                  20018588    00000024                                                      : queue.obj (.text:vQueueDelete)
                  200185ac    00000024                                                      : tasks.obj (.text:vTaskInternalSetTimeOutState)
                  200185d0    00000022                                                      : SemaphoreP_freertos.obj (.text:SemaphoreP_post)
                  200185f2    00000022                                                      : aeabi_portable.obj (.text:__aeabi_errno_addr)
                  20018614    00000022                                                      : pthread.obj (.text:pthread_attr_setdetachstate)
                  20018636    00000002     --HOLE-- [fill = 0]
                  20018638    00000020                                                      : ClockP_freertos.obj (.text:ClockP_getCpuFreq)
                  20018658    00000020                                                      : HwiPCC32XX_freertos.obj (.text:HwiP_restore)
                  20018678    00000020     driverlib.a : interrupt.obj (.text:IntRegister)
                  20018698    00000020     drivers_cc32xx.aem4 : PowerCC32XX.oem4 (.text:Power_unregisterNotify)
                  200186b8    00000020                         : RingBuf.oem4 (.text:RingBuf_peek)
                  200186d8    00000020     slnetifwifi.a : slnetifwifi.obj (.text:SlNetIfWifi_accept)
                  200186f8    00000020     drivers_cc32xx.aem4 : SPICC32XXDMA.oem4 (.text:getPowerMgrId)
                  20018718    00000020                         : UARTCC32XX.oem4 (.text:getPowerMgrId)
                  20018738    00000020     freertos_builds_CC3220S_LAUNCHXL_release_ccs.lib : queue.obj (.text:prvIsQueueEmpty)
                  20018758    00000020     httpclient_release.a : httpclient.oem4 (.text:searchRequestHeader)
                  20018778    00000020     freertos_builds_CC3220S_LAUNCHXL_release_ccs.lib : semaphore.obj (.text:semaphorePend)
                  20018798    0000001e                                                      : ClockP_freertos.obj (.text:ClockP_start)
                  200187b6    0000001e                                                      : HwiPCC32XX_freertos.obj (.text:HwiP_Params_init)
                  200187d4    0000001e     slnetifwifi.a : slnetifwifi.obj (.text:SlNetIfWifi_bind)
                  200187f2    0000001e                   : slnetifwifi.obj (.text:SlNetIfWifi_connect)
                  20018810    0000001e     simplelink.a : driver.obj (.text:_SlDrvObjLockWaitForever)
                  2001882e    0000001e                  : driver.obj (.text:_SlDrvObjUnLock)
                  2001884c    0000001e                  : driver.obj (.text:_SlDrvSyncObjSignal)
                  2001886a    0000001e     freertos_builds_CC3220S_LAUNCHXL_release_ccs.lib : pthread.obj (.text:_pthread_runStub)
                  20018888    0000001e     drivers_cc32xx.aem4 : UDMACC32XX.oem4 (.text:postNotifyFxn)
                  200188a6    0000001c     freertos_builds_CC3220S_LAUNCHXL_release_ccs.lib : ClockP_freertos.obj (.text:ClockP_Params_init)
                  200188c2    00000002     --HOLE-- [fill = 0]
                  200188c4    0000001c     uart_term.obj (.text:Message)
                  200188e0    0000001c     driverlib.a : pin.obj (.text:PinToPadGet)
                  200188fc    0000001c     simplelink.a : device.obj (.text:_SlDeviceGetStartResponseConvert)
                  20018918    0000001c                  : spawn.obj (.text:_SlInternalIsItSpawnThread)
                  20018934    0000001c     rtsv7M4_T_le_eabi.lib : memccpy.c.obj (.text:memccpy)
                  20018950    0000001c     freertos_builds_CC3220S_LAUNCHXL_release_ccs.lib : pthread.obj (.text:pthread_attr_init)
                  2001896c    0000001c                                                      : pthread_mutex.obj (.text:pthread_mutexattr_init)
                  20018988    0000001c                                                      : tasks.obj (.text:pvTaskIncrementMutexHeldCount)
                  200189a4    0000001c     httpclient_release.a : httpclient.oem4 (.text:validateResponseHeader)
                  200189c0    0000001a     freertos_builds_CC3220S_LAUNCHXL_release_ccs.lib : PTLS.obj (.text:PTLS_taskDeleteHook)
                  200189da    0000001a     slnetifwifi.a : slnetifwifi.obj (.text:SlNetIfWifi_listen)
                  200189f4    0000001a     freertos_builds_CC3220S_LAUNCHXL_release_ccs.lib : timers.obj (.text:prvTimerTask)
                  20018a0e    0000001a                                                      : pthread_mutex.obj (.text:pthread_mutex_destroy)
                  20018a28    00000018     provisioning.obj (.text:HandleDiscnctEvt)
                  20018a40    00000018     drivers_cc32xx.aem4 : PowerCC32XX.oem4 (.text:Power_idleFunc)
                  20018a58    00000018     provisioning.obj (.text:StartConnection)
                  20018a70    00000018     driverlib.a : uart.obj (.text:UARTBusy)
                  20018a88    00000018                 : uart.obj (.text:UARTIntEnable)
                  20018aa0    00000018     drivers_cc32xx.aem4 : UART.oem4 (.text:UART_Params_init)
                  20018ab8    00000018     rtsv7M4_T_le_eabi.lib : vsnprintf.c.obj (.text:_outc)
                  20018ad0    00000018                           : sprintf.c.obj (.text:_outs)
                  20018ae8    00000018     httpclient_release.a : httpclient.oem4 (.text:countChar)
                  20018b00    00000018     freertos_builds_CC3220S_LAUNCHXL_release_ccs.lib : memory.obj (.text:free)
                  20018b18    00000018     rtsv7M4_T_le_eabi.lib : ll_mul_t2.asm.obj (.text)
                  20018b30    00000018     freertos_builds_CC3220S_LAUNCHXL_release_ccs.lib : semaphore.obj (.text:sem_wait)
                  20018b48    00000018     rtsv7M4_T_le_eabi.lib : strcmp.c.obj (.text:strcmp)
                  20018b60    00000018     freertos_builds_CC3220S_LAUNCHXL_release_ccs.lib : tasks.obj (.text:xTaskGetTickCountFromISR)
                  20018b78    00000016                                                      : ClockP_freertos.obj (.text:ClockP_setTimeout)
                  20018b8e    00000016     driverlib.a : prcm.obj (.text:PRCMHIBRegRead)
                  20018ba4    00000016                 : prcm.obj (.text:PRCMHIBRegWrite)
                  20018bba    00000016     freertos_builds_CC3220S_LAUNCHXL_release_ccs.lib : PTLS.obj (.text:PTLS_getBuf)
                  20018bd0    00000016                                                      : PTLS.obj (.text:PTLS_setBuf)
                  20018be6    00000016                                                      : SemaphoreP_freertos.obj (.text:SemaphoreP_Params_init)
                  20018bfc    00000016     simplelink.a : driver.obj (.text:_SlDrvMemZero)
                  20018c12    00000016     httpclient_release.a : httpclient.oem4 (.text:clearNonPersistResponseFilter)
                  20018c28    00000016     freertos_builds_CC3220S_LAUNCHXL_release_ccs.lib : startup_cc32xx_ccs.obj (.text:resetISR)
                  20018c3e    00000016     rtsv7M4_T_le_eabi.lib : strchr.c.obj (.text:strchr)
                  20018c54    00000014     driverlib.a : cpu.obj (.text:CPUcpsie)
                  20018c68    00000014                 : interrupt.obj (.text:IntVTableBaseSet)
                  20018c7c    00000014     drivers_cc32xx.aem4 : PowerCC32XX.oem4 (.text:Power_getDependencyCount)
                  20018c90    00000014                         : SPI.oem4 (.text:SPI_Params_init)
                  20018ca4    00000014     freertos_builds_CC3220S_LAUNCHXL_release_ccs.lib : tasks.obj (.text:prvDeleteTCB)
                  20018cb8    00000014                                                      : pthread.obj (.text:pthread_attr_setstacksize)
                  20018ccc    00000014                                                      : pthread_mutex.obj (.text:pthread_mutex_lock)
                  20018ce0    00000014                                                      : pthread.obj (.text:pthread_self)
                  20018cf4    00000014     drivers_cc32xx.aem4 : UARTCC32XX.oem4 (.text:releasePowerConstraint)
                  20018d08    00000014     freertos_builds_CC3220S_LAUNCHXL_release_ccs.lib : semaphore.obj (.text:sem_destroy)
                  20018d1c    00000014     rtsv7M4_T_le_eabi.lib : strcpy.c.obj (.text:strcpy)
                  20018d30    00000014                           : strlen.c.obj (.text:strlen)
                  20018d44    00000014     freertos_builds_CC3220S_LAUNCHXL_release_ccs.lib : PowerCC32XX_freertos.obj (.text:vPortSuppressTicksAndSleep)
                  20018d58    00000014                                                      : tasks.obj (.text:xTaskGetCurrentTaskHandle)
                  20018d6c    00000014                                                      : tasks.obj (.text:xTaskGetTickCount)
                  20018d80    00000012                                                      : HwiPCC32XX_freertos.obj (.text:HwiP_delete)
                  20018d92    00000012     drivers_cc32xx.aem4 : RingBuf.oem4 (.text:RingBuf_construct)
                  20018da4    00000012     slnetifwifi.a : slnetifwifi.obj (.text:SlNetIfWifi_close)
                  20018db6    00000012     rtsv7M4_T_le_eabi.lib : wcslen.c.obj (.text:wcslen)
                  20018dc8    00000010     freertos_builds_CC3220S_LAUNCHXL_release_ccs.lib : ClockP_freertos.obj (.text:ClockP_getSystemTickPeriod)
                  20018dd8    00000010     provisioning.obj (.text:HandleConnection)
                  20018de8    00000010     slnetsock_release.a : slnetsock.oem4 (.text:SlNetSock_secAttribCreate)
                  20018df8    00000010     driverlib.a : systick.obj (.text:SysTickDisable)
                  20018e08    00000010                 : systick.obj (.text:SysTickEnable)
                  20018e18    00000010     simplelink.a : driver.obj (.text:_SlDrvDispatchHttpServerEvents)
                  20018e28    00000010                  : driver.obj (.text:_SlDrvDispatchNetAppRequestEvents)
                  20018e38    00000010                  : driver.obj (.text:_SlDrvIsSpawnOwnGlobalLock)
                  20018e48    00000010     CC3220S_LAUNCHXL.obj (.text:dmaErrorFxn)
                  20018e58    00000010     drivers_cc32xx.aem4 : UARTCC32XX.oem4 (.text:readBlockingTimeout)
                  20018e68    00000010     httpclient_release.a : httpclient.oem4 (.text:skipWhiteSpace)
                  20018e78    00000010     freertos_builds_CC3220S_LAUNCHXL_release_ccs.lib : list.obj (.text:vListInitialiseItem)
                  20018e88    00000010                                                      : tasks.obj (.text:vTaskSuspendAll)
                  20018e98    0000000e     provisioning.obj (.text:CheckLanConnection)
                  20018ea6    0000000e     drivers_cc32xx.aem4 : PowerCC32XX.oem4 (.text:Power_getTransitionLatency)
                  20018eb4    0000000e                         : RingBuf.oem4 (.text:RingBuf_isFull)
                  20018ec2    0000000e     simplelink.a : driver.obj (.text:_SlDrvResetCmdExt)
                  20018ed0    0000000e     rtsv7M4_T_le_eabi.lib : copy_decompress_none.c.obj (.text:decompress:none:__TI_decompress_none)
                  20018ede    0000000e     drivers_cc32xx.aem4 : SPICC32XXDMA.oem4 (.text:postNotifyFxn)
                  20018eec    0000000e     simplelink.a : cc_pal.obj (.text:spi_Close)
                  20018efa    0000000c     provisioning.obj (.text:AsyncEvtTimerHandler)
                  20018f06    0000000c     CC3220S_LAUNCHXL.obj (.text:CC3220S_LAUNCHXL_initGeneral)
                  20018f12    0000000c     driverlib.a : cpu.obj (.text:CPUwfi)
                  20018f1e    0000000c     provisioning.obj (.text:HandleProvisioningTimeOut)
                  20018f2a    0000000c     provisioning.obj (.text:HandleWaitForIp)
                  20018f36    0000000c     freertos_builds_CC3220S_LAUNCHXL_release_ccs.lib : HwiPCC32XX_freertos.obj (.text:HwiP_clearInterrupt)
                  20018f42    0000000c                                                      : HwiPCC32XX_freertos.obj (.text:HwiP_disableInterrupt)
                  20018f4e    0000000c                                                      : HwiPCC32XX_freertos.obj (.text:HwiP_enableInterrupt)
                  20018f5a    00000002     --HOLE-- [fill = 0]
                  20018f5c    0000000c     simplelink.a : cc_pal.obj (.text:NwpMaskInterrupt)
                  20018f68    0000000c                  : cc_pal.obj (.text:NwpUnMaskInterrupt)
                  20018f74    0000000c     drivers_cc32xx.aem4 : PowerCC32XX.oem4 (.text:Power_getConstraintMask)
                  20018f80    0000000c     freertos_builds_CC3220S_LAUNCHXL_release_ccs.lib : SemaphoreP_freertos.obj (.text:SemaphoreP_delete)
                  20018f8c    0000000c     provisioning.obj (.text:SimpleLinkHttpServerEventHandler)
                  20018f98    0000000c     provisioning.obj (.text:SimpleLinkNetAppRequestEventHandler)
                  20018fa4    0000000c     simplelink.a : device.obj (.text:_SlDeviceResetRequestInitCompletedCB)
                  20018fb0    0000000c     rtsv7M4_T_le_eabi.lib : copy_zero_init.c.obj (.text:decompress:ZI:__TI_zero_init)
                  20018fbc    0000000c     drivers_cc32xx.aem4 : UARTCC32XX.oem4 (.text:postNotifyFxn)
                  20018fc8    0000000c     driverlib.a : udma.obj (.text:uDMAErrorStatusClear)
                  20018fd4    0000000c                 : udma.obj (.text:uDMAErrorStatusGet)
                  20018fe0    0000000c     freertos_builds_CC3220S_LAUNCHXL_release_ccs.lib : tasks.obj (.text:vTaskMissedYield)
                  20018fec    0000000a     driverlib.a : interrupt.obj (.text:IntMasterEnable)
                  20018ff6    0000000a     drivers_cc32xx.aem4 : SPI.oem4 (.text:SPI_close)
                  20019000    0000000a                         : SPI.oem4 (.text:SPI_transfer)
                  2001900a    0000000a     provisioning.obj (.text:SimpleLinkNetAppRequestMemFreeEventHandler)
                  20019014    0000000a     drivers_cc32xx.aem4 : UART.oem4 (.text:UART_control)
                  2001901e    0000000a                         : UART.oem4 (.text:UART_writePolling)
                  20019028    0000000a     rtsv7M4_T_le_eabi.lib : sprintf.c.obj (.text:_outc)
                  20019032    0000000a     simplelink.a : device.obj (.text:sl_Task)
                  2001903c    0000000a     main_freertos.obj (.text:vApplicationStackOverflowHook)
                  20019046    00000008     freertos_builds_CC3220S_LAUNCHXL_release_ccs.lib : ClockP_freertos.obj (.text:ClockP_getSystemTicks)
                  2001904e    00000008     driverlib.a : prcm.obj (.text:PRCMSleepEnter)
                  20019056    00000008     simplelink.a : cc_pal.obj (.text:TimerGetCurrentTimestamp)
                  2001905e    00000008     drivers_cc32xx.aem4 : SPICC32XXDMA.oem4 (.text:blockingTransferCallback)
                  20019066    00000008     rtsv7M4_T_le_eabi.lib : s_copysign.c.obj (.text:copysign)
                  2001906e    00000008     drivers_cc32xx.aem4 : UARTCC32XX.oem4 (.text:readSemCallback)
                  20019076    00000008                         : UARTCC32XX.oem4 (.text:writeSemCallback)
                  2001907e    00000006                         : SPICC32XXDMA.oem4 (.text:SPICC32XXDMA_control)
                  20019084    00000006     driverlib.a : utils.obj (.text:UtilsDelay)
                  2001908a    00000004     provisioning.obj (.text:CheckInternetConnection)
                  2001908e    00000004     provisioning.obj (.text:DoNothing)
                  20019092    00000004     external_provisioning_conf.obj (.text:IsActiveExternalConfiguration)
                  20019096    00000004     provisioning.obj (.text:ProcessStartRequest)
                  2001909a    00000004     drivers_cc32xx.aem4 : SPICC32XXDMA.oem4 (.text:SPICC32XXDMA_init)
                  2001909e    00000004     slnetsock_release.a : slnetif.oem4 (.text:SlNetIf_init)
                  200190a2    00000004                         : slnetutils.oem4 (.text:SlNetUtil_init)
                  200190a6    00000004     rtsv7M4_T_le_eabi.lib : pre_init.c.obj (.text:_system_pre_init)
                  200190aa    00000004                           : exit.c.obj (.text:abort:abort)

.ramVecs   0    20000000    0000030c     NOLOAD SECTION
                  20000000    0000030c     freertos_builds_CC3220S_LAUNCHXL_release_ccs.lib : startup_cc32xx_ccs.obj (.ramVecs)

.cinit     0    200190b0    00000270     
                  200190b0    0000024c     (.cinit..data.load) [load image, compression = lzss]
                  200192fc    0000000c     (__TI_handler_table)
                  20019308    00000008     (.cinit..bss.load) [load image, compression = zero_init]
                  20019310    00000010     (__TI_cinit_table)

.bss       0    20019400    00008de6     UNINITIALIZED
                  20019400    00008000     freertos_builds_CC3220S_LAUNCHXL_release_ccs.lib : heap_4.obj (.bss:ucHeap)
                  20021400    00000400     CC3220S_LAUNCHXL.obj (.bss:dmaControlTable)
                  20021800    000003fc     (.common:g_CB)
                  20021bfc    0000012c     (.common:PowerCC32XX_contextSave)
                  20021d28    00000108     (.common:uartCC3220SObjects)
                  20021e30    000000c8     freertos_builds_CC3220S_LAUNCHXL_release_ccs.lib : tasks.obj (.bss:pxReadyTasksLists)
                  20021ef8    00000088     (.common:spiCC3220SDMAObjects)
                  20021f80    00000080     slnetsock_release.a : slnetsock.oem4 (.bss:VirtualSockets)
                  20022000    00000040     (.common:uartCC3220SRingBuffer)
                  20022040    0000002c                         : slnetsock.oem4 (.bss:VirtualSocketMutex)
                  2002206c    0000002c     (.common:GlobalLockObj)
                  20022098    00000028     (.common:g_SlInternalSpawnCB)
                  200220c0    00000020     drivers_cc32xx.aem4 : GPIOCC32XX.oem4 (.bss:gpioCallbackInfo)
                  200220e0    00000014                         : UDMACC32XX.oem4 (.bss:postNotifyObj)
                  200220f4    00000014                         : GPIOCC32XX.oem4 (.bss:powerNotifyObj)
                  20022108    00000014     freertos_builds_CC3220S_LAUNCHXL_release_ccs.lib : timers.obj (.bss:xActiveTimerList1)
                  2002211c    00000014                                                      : timers.obj (.bss:xActiveTimerList2)
                  20022130    00000014                                                      : tasks.obj (.bss:xDelayedTaskList1)
                  20022144    00000014                                                      : tasks.obj (.bss:xDelayedTaskList2)
                  20022158    00000014                                                      : tasks.obj (.bss:xPendingReadyList)
                  2002216c    00000014                                                      : tasks.obj (.bss:xSuspendedTaskList)
                  20022180    00000014                                                      : tasks.obj (.bss:xTasksWaitingTermination)
                  20022194    0000000c     (.common:DeviceCB)
                  200221a0    0000000c     (.common:Msg)
                  200221ac    00000008                                                      : tasks.obj (.bss)
                  200221b4    00000008                                                      : timers.obj (.bss)
                  200221bc    00000008                                                      : heap_4.obj (.bss:xStart)
                  200221c4    00000008     (.common:spiCC3220SDMAscratchBuf)
                  200221cc    00000008     (.common:udmaCC3220SObject)
                  200221d4    00000004     drivers_cc32xx.aem4 : GPIOCC32XX.oem4 (.bss)
                  200221d8    00000004     uart_term.obj (.bss)
                  200221dc    00000004     (.common:gProvisioningSMQueue)
                  200221e0    00000004     (.common:gTimer)
                  200221e4    00000001     (.common:RxIrqCnt)
                  200221e5    00000001     (.common:g_CurrentState)

.const     0    200221e8    00000ed2     
                  200221e8    000002a0     provisioning.obj (.const:gTransitionTable)
                  20022488    00000288     httpclient_release.a : httpclient.oem4 (.const:.string)
                  20022710    00000101     rtsv7M4_T_le_eabi.lib : ctype.c.obj (.const:.string:_ctypes_)
                  20022811    00000003     --HOLE-- [fill = 0]
                  20022814    00000100     driverlib.a : pin.obj (.const:g_ulPinToPadMap)
                  20022914    000000d4                 : interrupt.obj (.const:g_pulRegs)
                  200229e8    000000a8                 : prcm.obj (.const:PRCM_PeriphRegsList)
                  20022a90    00000078     CC3220S_LAUNCHXL.obj (.const:spiCC3220SDMAHWAttrs)
                  20022b08    00000070     simplelink.a : driver.obj (.const:OpcodeTranslateTable)
                  20022b78    00000058                  : driver.obj (.const:_SlActionLookupTable)
                  20022bd0    00000048     CC3220S_LAUNCHXL.obj (.const:uartCC3220SHWAttrs)
                  20022c18    00000040     CC3220S_LAUNCHXL.obj (.const:PowerCC32XX_config)
                  20022c58    0000003a     provisioning.obj (.const:.string)
                  20022c92    00000002     --HOLE-- [fill = 0]
                  20022c94    0000002c     provisioning.obj (.const:$P$T3$4)
                  20022cc0    00000028     drivers_cc32xx.aem4 : UARTCC32XX.oem4 (.const:UARTCC32XX_fxnTable)
                  20022ce8    00000024                         : UART.oem4 (.const:UART_defaultParams)
                  20022d0c    00000022     httpclient_release.a : httpclient.oem4 (.const:.string:$P$T1$2)
                  20022d2e    00000021     drivers_cc32xx.aem4 : GPIOCC32XX.oem4 (.const:.string:pinTable)
                  20022d4f    00000001     --HOLE-- [fill = 0]
                  20022d50    00000020     simplelink.a : driver.obj (.const:RxMsgClassLUT)
                  20022d70    00000020     drivers_cc32xx.aem4 : SPI.oem4 (.const:SPI_defaultParams)
                  20022d90    00000020     simplelink.a : device.obj (.const:StartResponseLUT)
                  20022db0    00000020     drivers_cc32xx.aem4 : UARTCC32XX.oem4 (.const:staticFxnTable)
                  20022dd0    00000018                         : SPICC32XXDMA.oem4 (.const:SPICC32XXDMA_fxnTable)
                  20022de8    00000018     CC3220S_LAUNCHXL.obj (.const:SPI_config)
                  20022e00    00000018     CC3220S_LAUNCHXL.obj (.const:UART_config)
                  20022e18    00000018     driverlib.a : interrupt.obj (.const:g_pulDisRegs)
                  20022e30    00000018                 : interrupt.obj (.const:g_pulEnRegs)
                  20022e48    00000018                 : interrupt.obj (.const:g_pulUnpendRegs)
                  20022e60    00000014     simplelink.a : cc_pal.obj (.const:$P$T0$1)
                  20022e74    00000014                  : device.obj (.const:$P$T0$1)
                  20022e88    00000014                  : driver.obj (.const:$P$T0$1)
                  20022e9c    00000014                  : fs.obj (.const:$P$T0$1)
                  20022eb0    00000014                  : cc_pal.obj (.const:$P$T1$2)
                  20022ec4    00000014     provisioning.obj (.const:$P$T2$3)
                  20022ed8    00000014     simplelink.a : driver.obj (.const:$P$T2$3)
                  20022eec    00000014     CC3220S_LAUNCHXL.obj (.const:GPIOCC32XX_config)
                  20022f00    00000014     slnetifwifi.a : slnetifwifi.obj (.const:StartSecOptName)
                  20022f14    00000014     drivers_cc32xx.aem4 : GPIOCC32XX.oem4 (.const:gpioBaseAddresses)
                  20022f28    00000014                         : UARTCC32XX.oem4 (.const:parityType)
                  20022f3c    00000014                         : GPIOCC32XX.oem4 (.const:powerResources)
                  20022f50    00000010     provisioning.obj (.const:$P$T0$1)
                  20022f60    00000010     provisioning.obj (.const:$P$T1$2)
                  20022f70    00000010     simplelink.a : sl_socket.obj (.const:_SlCtrlSockAddr)
                  20022f80    00000010                  : sl_socket.obj (.const:_SlCtrlSockRelease)
                  20022f90    00000010     drivers_cc32xx.aem4 : UARTCC32XX.oem4 (.const:dataLength)
                  20022fa0    00000010     slnetifwifi.a : slnetifwifi.obj (.const:socketType)
                  20022fb0    0000000d     CC3220S_LAUNCHXL.obj (.const)
                  20022fbd    00000003     --HOLE-- [fill = 0]
[...]
20015be5  ClockP_delete                             
20015c39  InitTerm                                  
20015c8d  IntPrioritySet                            
20015ce1  _SlDrvRxIrqHandler                        
20015d35  ltoa                                      
20015ddd  xTimerCreateTimerTask                     
20015e31  PowerCC32XX_resumeLPDS                    
20015ed5  NwpRegisterInterruptHandler               
20015f25  SlNetIf_queryIf                           
20015fc5  _SlDrvCmdSend_noWait                      
20016065  _SlInternalSpawnTaskEntry                 
200160b5  _SlNetAppHttpServerHdlr                   
20016105  _SlNetAppRequestHdlr                      
20016155  pxPortInitialiseStack                     
200161f5  sem_init                                  
20016245  xQueueGiveMutexRecursive                  
20016295  GPIO_enableInt                            
200162e1  NwpWaitForShutDownInd                     
2001632d  PowerCC32XX_parkPin                       
20016379  SlNetIfWifi_getConnectionStatus           
20016411  SlNetSock_startSec                        
2001645d  atoi                                      
200164a9  initVectors                               
200165d9  vPortEnterCritical                        
20016625  FlashDisable                              
2001666d  HwiP_dispatch                             
200166b5  PRCMLPDSEnter                             
200166fd  PRCMPeripheralClkEnable                   
20016745  Power_releaseConstraint                   
2001678d  SlNetSock_connect                         
200167d5  SlNetSock_init                            
2001681d  _SlDeviceFatalErrorEvtHdlr                
20016865  _SlDeviceGeneralEvtHdlr                   
200168ad  _SlDrvSyncObjWaitTimeout                  
200168f5  _SlNetAppEvtHdlr                          
2001693d  _SlNetAppRequestMemFree                   
20016985  _SlSockEvtHdlr                            
200169cd  _SlWlanEvtHdlr                            
20016a15  __aeabi_d2iz                              
20016a5d  uxListRemove                              
20016aa5  RingBuf_put                               
20016aed  HTTPClient_create                         
20016b31  PRCMLPDSRestoreInfoSet                    
20016b75  PowerCC32XX_enterLPDS                     
20016bb9  SPI_init                                  
20016bfd  UART_init                                 
20016c41  __TI_auto_init_nobinit_nopinit            
20016cc9  vTaskStepTick                             
20016d4f  malloc                                    
20016dd1  PinModeSet                                
20016e11  RingBuf_get                               
20016e51  SimpleLinkGeneralEventHandler             
20016e91  SlNetSock_close                           
20016ed1  SlNetSock_secAttribSet                    
20016f11  UARTCC32XX_read                           
20016f51  UDMACC32XX_init                           
20016f91  _SlDrvGlobalObjUnLock                     
20016fd1  _SlFindAndReleasePendingCmd               
20017011  _SlInternalSpawnWaitForEvent              
20017051  _SlIsEventRegistered                      
200170d1  sprintf                                   
20017111  vTaskPlaceOnEventListRestricted           
20017151  vsnprintf                                 
20017191  ClockP_callbackFxn                        
2001724b  pthread_setcancelstate                    
20017289  sem_post                                  
200172c9  PRCMSlowClkCtrFastGet                     
20017305  Power_setConstraint                       
20017341  SPI_open                                  
2001737d  UART_open                                 
2001746d  pvTaskGetThreadLocalStoragePointer        
200174e5  usleep                                    
20017521  vListInsertEnd                            
2001755d  SlNetIfWifi_getIPAddr                     
20017645  HTTPClient_disconnect                     
2001767d  PRCMLPDSEnterKeepDebugIf                  
200176b5  SlNetIfWifi_recvFrom                      
200176ed  SlNetIfWifi_sendTo                        
20017725  SlNetIfWifi_socket                        
20017795  SlNetUtil_htonl                           
20017795  SlNetUtil_ntohl                           
20017805  printError                                
200178e5  SlNetIfWifi_getHostByName                 
2001791b  SlNetIfWifi_select                        
20017951  UARTCC32XX_readCancel                     
20017987  strncpy                                   
200179bd  PinModeGet                                
200179f1  PowerCC32XX_restoreParkState              
20017a25  SemaphoreP_pend                           
20017a59  SlNetUtil_htons                           
20017a59  SlNetUtil_ntohs                           
20017a8d  UDMACC32XX_close                          
20017b29  strstr                                    
20017b5d  vTaskPlaceOnEventList                     
20017b91  vTaskSetThreadLocalStoragePointer         
20017bc5  xTimerCreate                              
20017bf9  PowerCC32XX_restoreParkedPin              
20017c29  StartAsyncEvtTimer                        
20017ce9  vListInitialise                           
20017d19  vPortExitCritical                         
20017d49  xTaskGetSchedulerState                    
20017d79  assertChipSelect                          
20017da9  Mutex_create_handle                       
20017dd7  pvTimerGetTimerID                         
20017e05  __aeabi_i2d                               
20017e33  GetSecureStatus                           
20017e5f  HTTPClient_destroy                        
20017e8d  HwiP_disable                              
20017eb9  NwpPowerOn                                
20017ee5  PRCMLPDSIntervalSet                       
20017f11  PowerCC32XX_getParkState                  
20017f3d  SemaphoreP_createBinary                   
20017f69  SlNetIfWifi_recv                          
20017f95  SlNetIfWifi_send                          
20017fc1  SlNetUtil_inetPton                        
20017fed  StopAsyncEvtTimer                         
20018019  _SlDrvSyncObjWaitForever                  
20018045  pthread_mutexattr_settype                 
20018071  strncmp                                   
2001809d  vTaskSetApplicationTaskTag                
200180c9  xPortSysTickHandler                       
200180f5  xQueueCreateMutex                         
20018121  xTaskGetApplicationTaskTag                
20018177  uxQueueMessagesWaiting                    
200181a1  xTimerGetExpiryTime                       
200181cd  HwiP_inISR                                
200181f5  PRCMLPDSWakeupSourceEnable                
2001821d  PRCMPeripheralClkDisable                  
20018245  Power_registerNotify                      
2001826d  SignalEvent                               
20018295  SlNetSock_secAttribDelete                 
200182bd  _SlDrvProtectionObjLockWaitForever        
200182e5  _SlDrvProtectionObjUnLock                 
2001830d  _SlFlowContSet                            
20018335  _c_int00_noargs                           
2001835d  pthread_attr_setschedparam                
20018385  List_put                                  
200183ab  List_remove                               
200183f7  _pthread_cleanup_pop                      
20018445  IntUnregister                             
20018469  ProcessRestartRequest                     
2001848d  SlNetIf_getConnectionStatus               
200184b1  SlNetIf_getIfByID                         
200184d5  SlNetSock_getIfID                         
200184f9  _SlDrvIsApiInProgress                     
2001851d  _SlDrvStartMeasureTimeout                 
20018565  sem_getvalue                              
20018589  vQueueDelete                              
200185ad  vTaskInternalSetTimeOutState              
200185d1  SemaphoreP_post                           
200185f3  __aeabi_errno_addr                        
20018615  pthread_attr_setdetachstate               
20018639  ClockP_getCpuFreq                         
20018659  HwiP_restore                              
20018679  IntRegister                               
20018699  Power_unregisterNotify                    
200186b9  RingBuf_peek                              
200186d9  SlNetIfWifi_accept                        
20018799  ClockP_start                              
200187b7  HwiP_Params_init                          
200187d5  SlNetIfWifi_bind                          
200187f3  SlNetIfWifi_connect                       
20018811  _SlDrvObjLockWaitForever                  
2001882f  _SlDrvObjUnLock                           
2001884d  _SlDrvSyncObjSignal                       
200188a7  ClockP_Params_init                        
200188c5  Message                                   
200188e1  PinToPadGet                               
20018919  _SlInternalIsItSpawnThread                
20018935  memccpy                                   
20018951  pthread_attr_init                         
2001896d  pthread_mutexattr_init                    
20018989  pvTaskIncrementMutexHeldCount             
200189c1  PTLS_taskDeleteHook                       
200189db  SlNetIfWifi_listen                        
20018a0f  pthread_mutex_destroy                     
20018a29  HandleDiscnctEvt                          
20018a41  Power_idleFunc                            
20018a59  StartConnection                           
20018a71  UARTBusy                                  
20018a89  UARTIntEnable                             
20018aa1  UART_Params_init                          
20018b01  free                                      
20018b19  __aeabi_lmul                              
20018b31  sem_wait                                  
20018b49  strcmp                                    
20018b61  xTaskGetTickCountFromISR                  
20018b79  ClockP_setTimeout                         
20018b8f  PRCMHIBRegRead                            
20018ba5  PRCMHIBRegWrite                           
20018bbb  PTLS_getBuf                               
20018bd1  PTLS_setBuf                               
20018be7  SemaphoreP_Params_init                    
20018bfd  _SlDrvMemZero                             
20018c29  resetISR                                  
20018c38  resetVectorAddr                           
20018c3f  strchr                                    
20018c55  CPUcpsie                                  
20018c69  IntVTableBaseSet                          
20018c7d  Power_getDependencyCount                  
20018c91  SPI_Params_init                           
20018cb9  pthread_attr_setstacksize                 
20018ccd  pthread_mutex_lock                        
20018ce1  pthread_self                              
20018d09  sem_destroy                               
20018d1d  strcpy                                    
20018d31  strlen                                    
20018d45  vPortSuppressTicksAndSleep                
20018d59  xTaskGetCurrentTaskHandle                 
20018d6d  xTaskGetTickCount                         
20018d81  HwiP_delete                               
20018d93  RingBuf_construct                         
20018da5  SlNetIfWifi_close                         
20018db7  wcslen                                    
20018dc9  ClockP_getSystemTickPeriod                
20018dd9  HandleConnection                          
20018de9  SlNetSock_secAttribCreate                 
20018df9  SysTickDisable                            
20018e09  SysTickEnable                             
20018e19  _SlDrvDispatchHttpServerEvents            
20018e29  _SlDrvDispatchNetAppRequestEvents         
20018e39  _SlDrvIsSpawnOwnGlobalLock                
20018e79  vListInitialiseItem                       
20018e89  vTaskSuspendAll                           
20018e99  CheckLanConnection                        
20018ea7  Power_getTransitionLatency                
20018eb5  RingBuf_isFull                            
20018ec3  _SlDrvResetCmdExt                         
20018ed1  __TI_decompress_none                      
20018eed  spi_Close                                 
20018efb  AsyncEvtTimerHandler                      
20018f07  CC3220S_LAUNCHXL_initGeneral              
20018f13  CPUwfi                                    
20018f1f  HandleProvisioningTimeOut                 
20018f2b  HandleWaitForIp                           
20018f37  HwiP_clearInterrupt                       
20018f43  HwiP_disableInterrupt                     
20018f4f  HwiP_enableInterrupt                      
20018f5d  NwpMaskInterrupt                          
20018f69  NwpUnMaskInterrupt                        
20018f75  Power_getConstraintMask                   
20018f81  SemaphoreP_delete                         
20018f8d  SimpleLinkHttpServerEventHandler          
20018f99  SimpleLinkNetAppRequestEventHandler       
20018fa5  _SlDeviceResetRequestInitCompletedCB      
20018fb1  __TI_zero_init                            
20018fc9  uDMAErrorStatusClear                      
20018fd5  uDMAErrorStatusGet                        
20018fe1  vTaskMissedYield                          
20018fed  IntMasterEnable                           
20018ff7  SPI_close                                 
20019001  SPI_transfer                              
2001900b  SimpleLinkNetAppRequestMemFreeEventHandler
20019015  UART_control                              
2001901f  UART_writePolling                         
20019033  sl_Task                                   
2001903d  vApplicationStackOverflowHook             
20019047  ClockP_getSystemTicks                     
2001904f  PRCMSleepEnter                            
20019057  TimerGetCurrentTimestamp                  
20019067  copysign                                  
20019067  copysignl                                 
2001907f  SPICC32XXDMA_control                      
20019085  UtilsDelay                                
2001908b  CheckInternetConnection                   
2001908f  DoNothing                                 
20019093  IsActiveExternalConfiguration             
20019097  ProcessStartRequest                       
2001909b  SPICC32XXDMA_init                         
2001909f  SlNetIf_init                              
200190a3  SlNetUtil_init                            
200190a7  _system_pre_init                          
200190ab  C$$EXIT                                   
200190ab  abort                                     
200190b0  __TI_static_base__                        
200192fc  __TI_Handler_Table_Base                   
20019308  __TI_Handler_Table_Limit                  
20019310  __TI_CINIT_Base                           
20019320  __TI_CINIT_Limit                          
20021800  g_CB                                      
20021bfc  PowerCC32XX_contextSave                   
20021d28  uartCC3220SObjects                        
20021ef8  spiCC3220SDMAObjects                      
20022000  uartCC3220SRingBuffer                     
2002206c  GlobalLockObj                             
20022098  g_SlInternalSpawnCB                       
20022194  DeviceCB                                  
200221a0  Msg                                       
200221c4  spiCC3220SDMAscratchBuf                   
200221cc  udmaCC3220SObject                         
200221dc  gProvisioningSMQueue                      
200221e0  gTimer                                    
200221e4  RxIrqCnt                                  
200221e5  g_CurrentState                            
200221e8  gTransitionTable                          
20022710  _ctypes_                                  
20022a90  spiCC3220SDMAHWAttrs                      
20022b08  OpcodeTranslateTable                      
20022b78  _SlActionLookupTable                      
20022bd0  uartCC3220SHWAttrs                        
20022c18  PowerCC32XX_config                        
20022cc0  UARTCC32XX_fxnTable                       
20022ce8  UART_defaultParams                        
20022d70  SPI_defaultParams                         
20022dd0  SPICC32XXDMA_fxnTable                     
20022de8  SPI_config                                
20022e00  UART_config                               
20022eec  GPIOCC32XX_config                         
20022fb0  ADC_count                                 
20022fb1  Capture_count                             
20022fb2  CryptoCC32XX_count                        
20022fb3  Display_count                             
20022fb4  I2C_count                                 
20022fb5  I2S_count                                 
20022fb6  PWM_count                                 
20022fb7  SDFatFS_count                             
20022fb8  SD_count                                  
20022fb9  SPI_count                                 
20022fba  Timer_count                               
20022fbb  UART_count                                
20022fbc  Watchdog_count                            
20022fe4  udmaCC3220SHWAttrs                        
20022ff8  UDMACC32XX_config                         
20023000  ulMaxSyscallInterruptPriority             
20023020  outPinTypes                               
20023036  inPinTypes                                
2002303c  outPinStrengths                           
2002307a  _SlNetAppSendResponseCmdCtrl              
2002307e  _SlNetAppSendTokenValueCmdCtrl            
20023086  _SlProvisioningCmdCtrl                    
200230bc  HwiP_dispatchTable                        
200238bc  PowerCC32XX_module                        
20023a28  parkInfo                                  
20023bd8  SlNetIfConfigWifi                         
20023c80  pxCurrentTCB                              
20023cb4  httpThread                                
20023cb8  gProvisioningThread                       
20023cbc  gDisplayThread                            
20023cc0  gSpawnThread                              
20023cc4  gIsWlanConnected                          
20023cc5  gStopInProgress                           
20023cc8  gPingSent                                 
20023ccc  gPingSuccess                              
20023cd0  gRole                                     
20023cd2  gLedCount                                 
20023cd4  gLedState                                 
20023cd8  gErrledCount                              
20023cdc  gErrLedState                              
20023cdd  gWaitForConn                              
20023cde  gLedDisplayState                          
20023ce0  gpioPinConfigs                            
20023d08  g_LibsEvents                              
20023d2c  g_UserEvents                              
20023d50  HTTP_METHOD_GET                           
20023d54  HTTP_METHOD_POST                          
20023d58  HTTP_METHOD_HEAD                          
20023d5c  HTTP_METHOD_OPTIONS                       
20023d60  HTTP_METHOD_PUT                           
20023d64  HTTP_METHOD_DELETE                        
20023d68  HTTP_METHOD_CONNECT                       
20023d98  Roles                                     
20023da8  WlanStatus                                
20023dd8  gpioCallbackFunctions                     
20023e10  gGlobalLockCntRequested                   
20023e11  gGlobalLockCntReleased                    
20023e12  g_SlDeviceStatus                          
20023e14  g_pCB                                     
20023e18  pPingCallBackFunc                         
20023e54  g_intHandle                               
ffffffff  __TI_pprof_out_hndl                       
ffffffff  __TI_prof_data_size                       
ffffffff  __TI_prof_data_start                      
ffffffff  __binit__                                 
ffffffff  __c_args__                                
ffffffff  binit                                     
UNDEFED   __mpu_init                                
UNDEFED   _system_post_cinit                        

[606 symbols]
