******************************************************************************
                  TI ARM Linker PC v18.1.4                     
******************************************************************************
>> Linked Thu Feb 28 15:12:17 2019

OUTPUT FILE NAME:   <solarMonitor_CC3220S_LAUNCHXL_freertos_ccs.out>
ENTRY POINT SYMBOL: "resetISR"  address: 20016849


MEMORY CONFIGURATION

         name            origin    length      used     unused   attr    fill
----------------------  --------  ---------  --------  --------  ----  --------
  SRAM2                 20000000   00004000  0000070c  000038f4  RW X
  SRAM                  20004000   0003c000  0001d836  0001e7ca  RW X


SEGMENT ALLOCATION MAP

run origin  load origin   length   init length attrs members
----------  ----------- ---------- ----------- ----- -------
20003c00    20003c00    00000400   00000000    rw-
  20003c00    20003c00    00000400   00000000    rw- .stack
20004000    20004000    00012ed0   00012ed0    r-x
  20004000    20004000    00000040   00000040    r-- .resetVecs
  20004040    20004040    00012c76   00012c76    r-x .text
  20016cb8    20016cb8    00000218   00000218    r-- .cinit
20017000    20017000    00008de6   00000000    rw-
  20017000    20017000    00008de6   00000000    rw- .bss
2001fde8    2001fde8    00000e3e   00000e3e    r--
  2001fde8    2001fde8    00000e3e   00000e3e    r-- .const
20020c28    20020c28    00000d44   00000000    rw-
  20020c28    20020c28    00000d44   00000000    rw- .data


SECTION ALLOCATION MAP

 output                                  attributes/
section   page    origin      length       input sections
--------  ----  ----------  ----------   ----------------
.text      0    20004040    00012c76     
                  20004040    00000a4a     rtsv7M4_T_le_eabi.lib : _printfi.c.obj (.text:__TI_printfi)
                  20004a8a    00000002     driverlib.a : interrupt.obj (.text:IntDefaultHandler)
                  20004a8c    00000928     simplelink.a : driver.obj (.text:_SlDrvMsgRead)
                  200053b4    00000778     provisioning.obj (.text:SimpleLinkWlanEventHandler)
                  20005b2c    000004b0     simplelink.a : sl_socket.obj (.text:_SlSocketHandleAsync_Select)
                  20005fdc    0000042c     driverlib.a : prcm.obj (.text:PRCMCC3200MCUInit)
                  20006408    0000040c     httpclient_release.a : httpclient.oem4 (.text:sendRequest)
                  20006814    00000384     simplelink.a : driver.obj (.text:_SlDrvMsgWrite)
                  20006b98    00000380     provisioning.obj (.text:ProvisioningStart)
                  20006f18    00000374     http_push.obj (.text:httpPostTask)
                  2000728c    000002e0     simplelink.a : driver.obj (.text:_SlDrvWaitForPoolObj)
                  2000756c    000002d8                  : driver.obj (.text:_SlDrvRxHdrRead)
                  20007844    00000294                  : driver.obj (.text:_SlDrvReleasePoolObj)
                  20007ad8    00000278     drivers_cc32xx.aem4 : UARTCC32XX.oem4 (.text:UARTCC32XX_open)
                  20007d50    00000278     freertos_builds_CC3220S_LAUNCHXL_release_ccs.lib : mqueue.obj (.text:mq_open)
                  20007fc8    00000268     rtsv7M4_T_le_eabi.lib : _printfi.c.obj (.text:_pconv_a)
                  20008230    00000224     simplelink.a : driver.obj (.text:_SlDrvDriverCBInit)
                  20008454    000001f8     httpclient_release.a : httpclient.oem4 (.text:SlNetSock_connectURI)
                  2000864c    000001f4     simplelink.a : driver.obj (.text:_SlDrvMsgReadCmdCtx)
                  20008840    000001f2                  : netapp.obj (.text:_SlNetAppEventHandler)
                  20008a32    00000002     freertos_builds_CC3220S_LAUNCHXL_release_ccs.lib : PowerCC32XX_freertos.obj (.text:PowerCC32XX_initPolicy)
                  20008a34    000001e4     simplelink.a : netapp.obj (.text:sl_NetAppPing)
                  20008c18    000001e1     provisioning.obj (.text:SimpleLinkFatalErrorEventHandler)
                  20008df9    00000001     --HOLE-- [fill = 0]
                  20008dfa    00000002     external_provisioning_conf.obj (.text:StopExternalProvisioning)
                  20008dfc    000001dc     httpclient_release.a : httpclient.oem4 (.text:HTTPClient_connect)
                  20008fd8    000001dc     provisioning.obj (.text:HandleUserApplication)
                  200091b4    000001d8     drivers_cc32xx.aem4 : GPIOCC32XX.oem4 (.text:GPIO_setConfig)
                  2000938c    000001d4     freertos_builds_CC3220S_LAUNCHXL_release_ccs.lib : timer.obj (.text:timer_settime)
                  20009560    000001d0     drivers_cc32xx.aem4 : SPICC32XXDMA.oem4 (.text:SPICC32XXDMA_transfer)
                  20009730    000001d0     freertos_builds_CC3220S_LAUNCHXL_release_ccs.lib : queue.obj (.text:xQueueSemaphoreTake)
                  20009900    000001cc     rtsv7M4_T_le_eabi.lib : _printfi.c.obj (.text:_pconv_g)
                  20009acc    000001c0     provisioning.obj (.text:ProvisioningTask)
                  20009c8c    000001bc     simplelink.a : device.obj (.text:sl_Stop)
                  20009e48    000001b8     drivers_cc32xx.aem4 : SPICC32XXDMA.oem4 (.text:configDMA)
                  2000a000    000001b8     freertos_builds_CC3220S_LAUNCHXL_release_ccs.lib : queue.obj (.text:xQueueGenericSend)
                  2000a1b8    000001b6     rtsv7M4_T_le_eabi.lib : fd_add_t2.asm.obj (.text)
                  2000a36e    00000002     drivers_cc32xx.aem4 : UARTCC32XX.oem4 (.text:UARTCC32XX_init)
                  2000a370    000001b4     simplelink.a : driver.obj (.text:_SlDrvReleaseAllActivePendingPoolObj)
                  2000a524    000001b0     freertos_builds_CC3220S_LAUNCHXL_release_ccs.lib : PowerCC32XX_freertos.obj (.text:PowerCC32XX_sleepPolicy)
                  2000a6d4    000001a0     httpclient_release.a : httpclient.oem4 (.text:manageResponseHeaders)
                  2000a874    00000194                          : httpclient.oem4 (.text:redirect)
                  2000aa08    00000184     simplelink.a : driver.obj (.text:_SlDrvFindAndSetActiveObj)
                  2000ab8c    0000017c     freertos_builds_CC3220S_LAUNCHXL_release_ccs.lib : queue.obj (.text:xQueueReceive)
                  2000ad08    00000179     provisioning.obj (.text:SimpleLinkNetAppEventHandler)
                  2000ae81    00000001     --HOLE-- [fill = 0]
                  2000ae82    00000002     freertos_builds_CC3220S_LAUNCHXL_release_ccs.lib : startup_cc32xx_ccs.obj (.text:busFaultHandler)
                  2000ae84    00000178                                                      : heap_4.obj (.text:pvPortMalloc)
                  2000affc    00000170     provisioning.obj (.text:SimpleLinkInitCallback)
                  2000b16c    00000158     drivers_cc32xx.aem4 : SPICC32XXDMA.oem4 (.text:SPICC32XXDMA_open)
                  2000b2c4    00000148                         : PowerCC32XX.oem4 (.text:parkPins)
                  2000b40c    00000148     httpclient_release.a : httpclient.oem4 (.text:parseURI)
                  2000b554    00000147                          : httpclient.oem4 (.text:readResponseHeader)
                  2000b69b    00000001     --HOLE-- [fill = 0]
                  2000b69c    00000140     simplelink.a : driver.obj (.text:_SlDrvMsgReadSpawnCtx)
                  2000b7dc    0000013c                  : driver.obj (.text:_SlDrvDriverCBDeinit)
                  2000b918    0000013c     rtsv7M4_T_le_eabi.lib : _printfi.c.obj (.text:_pconv_e)
                  2000ba54    00000138     freertos_builds_CC3220S_LAUNCHXL_release_ccs.lib : pthread.obj (.text:pthread_create)
                  2000bb8c    00000138                                                      : tasks.obj (.text:xTaskIncrementTick)
                  2000bcc4    00000136     rtsv7M4_T_le_eabi.lib : fd_div_t2.asm.obj (.text)
                  2000bdfa    00000002     freertos_builds_CC3220S_LAUNCHXL_release_ccs.lib : startup_cc32xx_ccs.obj (.text:defaultHandler)
                  2000bdfc    00000130     simplelink.a : sl_socket.obj (.text:_SlDrvGetNextTimeoutValue)
                  2000bf2c    0000012c     provisioning.obj (.text:SendPingToGW)
                  2000c058    00000128     simplelink.a : driver.obj (.text:_SlDrvClassifyRxMsg)
                  2000c180    00000121     httpclient_release.a : httpclient.oem4 (.text:getChunkedData)
                  2000c2a1    00000001     --HOLE-- [fill = 0]
                  2000c2a2    00000002     freertos_builds_CC3220S_LAUNCHXL_release_ccs.lib : startup_cc32xx_ccs.obj (.text:faultISR)
                  2000c2a4    00000120     drivers_cc32xx.aem4 : UARTCC32XX.oem4 (.text:UARTCC32XX_close)
                  2000c3c4    00000120     simplelink.a : driver.obj (.text:_SlDrvAsyncEventGenericHandler)
                  2000c4e4    00000120     rtsv7M4_T_le_eabi.lib : _printfi.c.obj (.text:fcvt)
                  2000c604    00000120     provisioning.obj (.text:mainThread)
                  2000c724    0000011c     freertos_builds_CC3220S_LAUNCHXL_release_ccs.lib : tasks.obj (.text:prvInitialiseNewTask)
                  2000c840    0000011c     simplelink.a : device.obj (.text:sl_Start)
                  2000c95c    0000011c     freertos_builds_CC3220S_LAUNCHXL_release_ccs.lib : tasks.obj (.text:xTaskResumeAll)
                  2000ca78    00000118     drivers_cc32xx.aem4 : PowerCC32XX.oem4 (.text:Power_sleep)
                  2000cb90    00000118     simplelink.a : netapp.obj (.text:_SlNetAppHandleAsync_DnsGetHostByService)
                  2000cca8    00000118     freertos_builds_CC3220S_LAUNCHXL_release_ccs.lib : timers.obj (.text:prvProcessReceivedCommands)
                  2000cdc0    00000110     rtsv7M4_T_le_eabi.lib : strtoul.c.obj (.text:strtoul)
                  2000ced0    00000110     freertos_builds_CC3220S_LAUNCHXL_release_ccs.lib : tasks.obj (.text:vTaskPriorityDisinheritAfterTimeout)
                  2000cfe0    0000010c     slnetsock_release.a : slnetutils.oem4 (.text:SlNetUtil_str2BinIpV6)
                  2000d0ec    00000108     httpclient_release.a : httpclient.oem4 (.text:HTTPClient_setHeader)
                  2000d1f4    00000104     simplelink.a : device.obj (.text:_SlDeviceEventHandler)
                  2000d2f8    00000104                  : driver.obj (.text:_SlDrvCmdOp)
                  2000d3fc    00000102     freertos_builds_CC3220S_LAUNCHXL_release_ccs.lib : queue.obj (.text:xQueueGenericSendFromISR)
                  2000d4fe    00000002                                                      : startup_cc32xx_ccs.obj (.text:nmiISR)
                  2000d500    00000100     simplelink.a : driver.obj (.text:_SlDrvObjGlobalLockWaitForever)
                  2000d600    000000fd     provisioning.obj (.text:SimpleLinkSockEventHandler)
                  2000d6fd    00000001     --HOLE-- [fill = 0]
                  2000d6fe    000000fc     rtsv7M4_T_le_eabi.lib : fd_mul_t2.asm.obj (.text)
                  2000d7fa    00000002                           : div0.asm.obj (.text)
                  2000d7fc    000000fc     freertos_builds_CC3220S_LAUNCHXL_release_ccs.lib : tasks.obj (.text:vTaskSuspend)
                  2000d8f8    000000f8                                                      : tasks.obj (.text:vTaskDelete)
                  2000d9f0    000000f2     drivers_cc32xx.aem4 : SPICC32XXDMA.oem4 (.text:SPICC32XXDMA_transferCancel)
                  2000dae2    000000f2                         : UARTCC32XX.oem4 (.text:UARTCC32XX_control)
                  2000dbd4    000000ee     freertos_builds_CC3220S_LAUNCHXL_release_ccs.lib : queue.obj (.text:xQueueGiveFromISR)
                  2000dcc2    00000002     main_freertos.obj (.text:vApplicationMallocFailedHook)
                  2000dcc4    000000e8     freertos_builds_CC3220S_LAUNCHXL_release_ccs.lib : tasks.obj (.text:xTaskPriorityInherit)
                  2000ddac    000000e0     simplelink.a : driver.obj (.text:_SlSpawnMsgListInsert)
                  2000de8c    000000e0     freertos_builds_CC3220S_LAUNCHXL_release_ccs.lib : tasks.obj (.text:xTaskPriorityDisinherit)
                  2000df6c    000000dc                                                      : tasks.obj (.text:vTaskSwitchContext)
                  2000e048    000000d8     drivers_cc32xx.aem4 : SPICC32XXDMA.oem4 (.text:SPICC32XXDMA_close)
                  2000e120    000000d8     simplelink.a : device.obj (.text:_SlDeviceHandleAsync_InitComplete)
                  2000e1f8    000000d8                  : driver.obj (.text:_SlDrvWaitForInternalAsyncEvent)
                  2000e2d0    000000d8                  : netapp.obj (.text:_SlNetAppHandleAsync_NetAppReceive)
                  2000e3a8    000000d6     freertos_builds_CC3220S_LAUNCHXL_release_ccs.lib : queue.obj (.text:xQueueReceiveFromISR)
                  2000e47e    00000002     --HOLE-- [fill = 0]
                  2000e480    000000d0     simplelink.a : driver.obj (.text:_SlDrvRemoveFromList)
                  2000e550    000000d0     httpclient_release.a : httpclient.oem4 (.text:getStatus)
                  2000e620    000000d0     rtsv7M4_T_le_eabi.lib : s_scalbn.c.obj (.text:scalbn)
                  2000e6f0    000000cc     httpclient_release.a : httpclient.oem4 (.text:sprsend)
                  2000e7bc    000000c8     simplelink.a : sl_socket.obj (.text:_SlSocketHandleAsync_StartTLS)
                  2000e884    000000c8     drivers_cc32xx.aem4 : SPICC32XXDMA.oem4 (.text:spiHwiFxn)
                  2000e94c    000000c4                         : GPIOCC32XX.oem4 (.text:GPIO_init)
                  2000ea10    000000c4     freertos_builds_CC3220S_LAUNCHXL_release_ccs.lib : tasks.obj (.text:prvAddNewTaskToReadyList)
                  2000ead4    000000c2     drivers_cc32xx.aem4 : UARTCC32XX.oem4 (.text:UARTCC32XX_write)
                  2000eb96    00000002     --HOLE-- [fill = 0]
                  2000eb98    000000c0     simplelink.a : cc_pal.obj (.text:NwpPowerOff)
                  2000ec58    000000c0     httpclient_release.a : httpclient.oem4 (.text:resHeaderFieldHandler)
                  2000ed18    000000c0     simplelink.a : netcfg.obj (.text:sl_NetCfgGet)
                  2000edd8    000000c0     freertos_builds_CC3220S_LAUNCHXL_release_ccs.lib : port.obj (.text:xPortStartScheduler)
                  2000ee98    000000be                                                      : queue.obj (.text:prvCopyDataToQueue)
                  2000ef56    00000002     --HOLE-- [fill = 0]
                  2000ef58    000000bc     simplelink.a : netapp.obj (.text:_SlNetAppSendResponse)
                  2000f014    000000bc     freertos_builds_CC3220S_LAUNCHXL_release_ccs.lib : heap_4.obj (.text:prvHeapInit)
                  2000f0d0    000000bc     simplelink.a : wlan.obj (.text:sl_WlanProvisioning)
                  2000f18c    000000ba     drivers_cc32xx.aem4 : UARTCC32XX.oem4 (.text:UARTCC32XX_readPolling)
                  2000f246    00000002     --HOLE-- [fill = 0]
                  2000f248    000000ba     freertos_builds_CC3220S_LAUNCHXL_release_ccs.lib : portasm.obj (.text)
                  2000f302    00000002     --HOLE-- [fill = 0]
                  2000f304    000000b8     httpclient_release.a : httpclient.oem4 (.text:HTTPClient_readResponseBody)
                  2000f3bc    000000b8     simplelink.a : netapp.obj (.text:_SlNetAppHandleAsync_DnsGetHostByName)
                  2000f474    000000b8                  : netapp.obj (.text:_SlNetAppHandleAsync_PingResponse)
                  2000f52c    000000b8     httpclient_release.a : httpclient.oem4 (.text:httpProxyTunnel)
                  2000f5e4    000000b8     drivers_cc32xx.aem4 : UARTCC32XX.oem4 (.text:initHw)
                  2000f69c    000000b8     freertos_builds_CC3220S_LAUNCHXL_release_ccs.lib : timers.obj (.text:prvSwitchTimerLists)
                  2000f754    000000b8     simplelink.a : device.obj (.text:sl_DeviceGet)
                  2000f80c    000000b8                  : wlan.obj (.text:sl_WlanGet)
                  2000f8c4    000000b8     freertos_builds_CC3220S_LAUNCHXL_release_ccs.lib : timer.obj (.text:timer_create)
                  2000f97c    000000b8                                                      : queue.obj (.text:xQueueGenericReset)
                  2000fa34    000000b6     drivers_cc32xx.aem4 : UARTCC32XX.oem4 (.text:readTaskCallback)
                  2000faea    00000002     --HOLE-- [fill = 0]
                  2000faec    000000b4     simplelink.a : driver.obj (.text:_SlDrvHandleFatalError)
                  2000fba0    000000b4                  : netutil.obj (.text:_SlNetUtilHandleAsync_Cmd)
                  2000fc54    000000b4     freertos_builds_CC3220S_LAUNCHXL_release_ccs.lib : clock.obj (.text:_clock_abstime2ticks)
                  2000fd08    000000b1     rtsv7M4_T_le_eabi.lib : _printfi.c.obj (.text:_ltostr)
                  2000fdb9    00000003     --HOLE-- [fill = 0]
                  2000fdbc    000000b0     freertos_builds_CC3220S_LAUNCHXL_release_ccs.lib : tasks.obj (.text:prvAddCurrentTaskToDelayedList)
                  2000fe6c    000000b0                                                      : tasks.obj (.text:xTaskCheckForTimeOut)
                  2000ff1c    000000ae     drivers_cc32xx.aem4 : UARTCC32XX.oem4 (.text:readIsrTextBlocking)
                  2000ffca    00000002     --HOLE-- [fill = 0]
                  2000ffcc    000000ac     simplelink.a : sl_socket.obj (.text:_SlSocketHandleAsync_Close)
                  20010078    000000ac                  : sl_socket.obj (.text:_SlSocketHandleAsync_Connect)
                  20010124    000000ac     freertos_builds_CC3220S_LAUNCHXL_release_ccs.lib : clock.obj (.text:clock_gettime)
                  200101d0    000000ac     drivers_cc32xx.aem4 : PowerCC32XX.oem4 (.text:restoreParkedPins)
                  2001027c    000000ac     httpclient_release.a : httpclient.oem4 (.text:sendReqHeaders)
                  20010328    000000aa     uart_term.obj (.text:Report)
                  200103d2    000000aa     freertos_builds_CC3220S_LAUNCHXL_release_ccs.lib : queue.obj (.text:prvUnlockQueue)
                  2001047c    000000a8     driverlib.a : interrupt.obj (.text:IntDisable)
                  20010524    000000a8                 : interrupt.obj (.text:IntEnable)
                  200105cc    000000a8                 : prcm.obj (.text:PRCMPeripheralClockGet)
                  20010674    000000a8     drivers_cc32xx.aem4 : PowerCC32XX.oem4 (.text:PowerCC32XX_configureWakeup)
                  2001071c    000000a8     freertos_builds_CC3220S_LAUNCHXL_release_ccs.lib : heap_4.obj (.text:prvInsertBlockIntoFreeList)
                  200107c4    000000a8     drivers_cc32xx.aem4 : UARTCC32XX.oem4 (.text:readTaskBlocking)
                  2001086c    000000a8     freertos_builds_CC3220S_LAUNCHXL_release_ccs.lib : tasks.obj (.text:xTaskRemoveFromEventList)
                  20010914    000000a5     provisioning.obj (.text:SetSecuredAP)
                  200109b9    00000001     --HOLE-- [fill = 0]
                  200109ba    000000a2     drivers_cc32xx.aem4 : UARTCC32XX.oem4 (.text:readIsrTextCallback)
                  20010a5c    000000a2                         : UARTCC32XX.oem4 (.text:writeData)
                  20010afe    00000002     --HOLE-- [fill = 0]
                  20010b00    000000a0     freertos_builds_CC3220S_LAUNCHXL_release_ccs.lib : ClockP_freertos.obj (.text:ClockP_create)
                  20010ba0    000000a0     simplelink.a : driver.obj (.text:_SlSpawnMsgListProcess)
                  20010c40    0000009e                  : cc_pal.obj (.text:spi_Read)
                  20010cde    0000009e                  : cc_pal.obj (.text:spi_Write)
                  20010d7c    0000009c     rtsv7M4_T_le_eabi.lib : memcpy_t2.asm.obj (.text)
                  20010e18    0000009c     httpclient_release.a : httpclient.oem4 (.text:startSecureMode)
                  20010eb4    0000009c     freertos_builds_CC3220S_LAUNCHXL_release_ccs.lib : heap_4.obj (.text:vPortFree)
                  20010f50    00000098     httpclient_release.a : httpclient.oem4 (.text:HTTPClient_sendRequest)
                  20010fe8    00000098     drivers_cc32xx.aem4 : GPIOCC32XX.oem4 (.text:powerNotifyFxn)
                  20011080    00000098     httpclient_release.a : httpclient.oem4 (.text:resHeaderNameToHash)
                  20011118    00000096     rtsv7M4_T_le_eabi.lib : ull_div_t2.asm.obj (.text)
                  200111ae    00000002     --HOLE-- [fill = 0]
                  200111b0    00000094     simplelink.a : cc_pal.obj (.text:Semaphore_pend_handle)
                  20011244    00000094     drivers_cc32xx.aem4 : SPICC32XXDMA.oem4 (.text:initHw)
                  200112d8    00000094     httpclient_release.a : httpclient.oem4 (.text:locationParser)
                  2001136c    00000094     freertos_builds_CC3220S_LAUNCHXL_release_ccs.lib : tasks.obj (.text:vTaskStartScheduler)
                  20011400    00000092     slnetsock_release.a : slnetsock.oem4 (.text:SlNetSock_create)
                  20011492    00000002     --HOLE-- [fill = 0]
                  20011494    00000090                         : slnetsock.oem4 (.text:SlNetSock_getVirtualSdConf)
                  20011524    00000090     simplelink.a : device.obj (.text:_SlDeviceHandleAsync_Stop)
                  200115b4    00000090                  : sl_socket.obj (.text:_SlSocketHandleAsync_Accept)
                  20011644    00000090     drivers_cc32xx.aem4 : PowerCC32XX.oem4 (.text:restoreNVICRegs)
                  200116d4    0000008e     provisioning.obj (.text:DisplayBanner)
                  20011762    00000002     --HOLE-- [fill = 0]
                  20011764    0000008c     simplelink.a : driver.obj (.text:_SlDrvDriverIsApiAllowed)
                  200117f0    0000008c     freertos_builds_CC3220S_LAUNCHXL_release_ccs.lib : clock.obj (.text:_clock_gettimeMono)
                  2001187c    00000088     driverlib.a : pin.obj (.text:PinConfigSet)
                  20011904    00000088     simplelink.a : driver.obj (.text:_SlDrvProtectAsyncRespSetting)
                  2001198c    00000088     freertos_builds_CC3220S_LAUNCHXL_release_ccs.lib : mqueue.obj (.text:mq_receive)
                  20011a14    00000088     httpclient_release.a : httpclient.oem4 (.text:readLine)
                  20011a9c    00000086     simplelink.a : driver.obj (.text:_SlDrvIsTimeoutExpired)
                  20011b22    00000086     rtsv7M4_T_le_eabi.lib : fd_cmp_t2.asm.obj (.text:__aeabi_cdcmple)
                  20011ba8    00000086                           : fd_cmp_t2.asm.obj (.text:__aeabi_cdrcmple)
                  20011c2e    00000086     freertos_builds_CC3220S_LAUNCHXL_release_ccs.lib : mqueue.obj (.text:mq_send)
                  20011cb4    00000084     drivers_cc32xx.aem4 : PowerCC32XX.oem4 (.text:Power_init)
                  20011d38    00000084     freertos_builds_CC3220S_LAUNCHXL_release_ccs.lib : timers.obj (.text:prvProcessTimerOrBlockTask)
                  20011dbc    00000084     drivers_cc32xx.aem4 : PowerCC32XX.oem4 (.text:saveNVICRegs)
                  20011e40    00000084     simplelink.a : wlan.obj (.text:sl_WlanSet)
                  20011ec4    00000084     freertos_builds_CC3220S_LAUNCHXL_release_ccs.lib : timers.obj (.text:xTimerGenericCommand)
                  20011f48    00000080     drivers_cc32xx.aem4 : PowerCC32XX.oem4 (.text:Power_setDependency)
                  20011fc8    00000080     provisioning.obj (.text:setDeviceTime)
                  20012048    00000080     simplelink.a : device.obj (.text:sl_DeviceSet)
                  200120c8    00000080     freertos_builds_CC3220S_LAUNCHXL_release_ccs.lib : timer.obj (.text:timer_gettime)
                  20012148    0000007c     drivers_cc32xx.aem4 : UDMACC32XX.oem4 (.text:UDMACC32XX_open)
                  200121c4    0000007c                         : UARTCC32XX.oem4 (.text:readIsrBinaryBlocking)
                  20012240    0000007a     freertos_builds_CC3220S_LAUNCHXL_release_ccs.lib : pthread.obj (.text:removeThreadKeys)
                  200122ba    0000007a     rtsv7M4_T_le_eabi.lib : memset_t2.asm.obj (.text)
                  20012334    0000007a     freertos_builds_CC3220S_LAUNCHXL_release_ccs.lib : tasks.obj (.text:xTaskCreate)
                  200123ae    00000002     --HOLE-- [fill = 0]
                  200123b0    00000078     provisioning.obj (.text:FactoryIndicationLed)
                  20012428    00000078     drivers_cc32xx.aem4 : GPIOCC32XX.oem4 (.text:GPIO_hwiIntFxn)
                  200124a0    00000078     provisioning.obj (.text:UpdateLedDisplay)
                  20012518    00000078     freertos_builds_CC3220S_LAUNCHXL_release_ccs.lib : timers.obj (.text:prvInsertTimerInActiveList)
                  20012590    00000078     drivers_cc32xx.aem4 : UARTCC32XX.oem4 (.text:readIsrBinaryCallback)
                  20012608    00000074     provisioning.obj (.text:HandleProvisioningComplete)
                  2001267c    00000074     slnetsock_release.a : slnetsock.oem4 (.text:SlNetSock_AllocVirtualSocket)
                  200126f0    00000074     drivers_cc32xx.aem4 : UARTCC32XX.oem4 (.text:UARTCC32XX_hwiIntFxn)
                  20012764    00000074     freertos_builds_CC3220S_LAUNCHXL_release_ccs.lib : tasks.obj (.text:prvInitialiseTaskLists)
                  200127d8    00000074                                                      : pthread_mutex.obj (.text:pthread_mutex_init)
                  2001284c    00000074                                                      : port.obj (.text:vPortValidateInterruptPriority)
                  200128c0    00000070     simplelink.a : driver.obj (.text:_SlDrvCmdSend_noLock)
                  20012930    00000070     freertos_builds_CC3220S_LAUNCHXL_release_ccs.lib : timers.obj (.text:prvProcessExpiredTimer)
                  200129a0    00000070                                                      : ClockP_freertos.obj (.text:setClockObjTimeout)
                  20012a10    0000006e     rtsv7M4_T_le_eabi.lib : _printfi.c.obj (.text:_mcpy)
                  20012a7e    00000002     --HOLE-- [fill = 0]
                  20012a80    0000006c     httpclient_release.a : httpclient.oem4 (.text:HTTPClient_getHeader)
                  20012aec    0000006c     provisioning.obj (.text:ReportError)
                  20012b58    0000006c     simplelink.a : device.obj (.text:_SlDeviceHandleResetRequestInternally)
                  20012bc4    0000006c                  : netapp.obj (.text:_SlNetAppSendTokenValue)
                  20012c30    00000068     provisioning.obj (.text:ErrorLedDisplay)
                  20012c98    00000068     simplelink.a : driver.obj (.text:_SlSpawnMsgListGetCount)
                  20012d00    00000068     rtsv7M4_T_le_eabi.lib : copy_decompress_lzss.c.obj (.text:decompress:lzss:__TI_decompress_lzss)
                  20012d68    00000068     main_freertos.obj (.text:main)
                  20012dd0    00000068     simplelink.a : cc_pal.obj (.text:spi_Open)
                  20012e38    00000066     drivers_cc32xx.aem4 : UARTCC32XX.oem4 (.text:UARTCC32XX_writeCancel)
                  20012e9e    00000066     freertos_builds_CC3220S_LAUNCHXL_release_ccs.lib : memory.obj (.text:realloc)
                  20012f04    00000066                                                      : list.obj (.text:vListInsert)
                  20012f6a    00000066                                                      : queue.obj (.text:xQueueGenericCreate)
                  20012fd0    00000064                                                      : ClockP_freertos.obj (.text:ClockP_stop)
                  20013034    00000064     drivers_cc32xx.aem4 : PowerCC32XX.oem4 (.text:PowerCC32XX_setParkState)
                  20013098    00000064     freertos_builds_CC3220S_LAUNCHXL_release_ccs.lib : pthread_mutex.obj (.text:acquireMutex)
                  200130fc    00000064                                                      : tasks.obj (.text:prvGetExpectedIdleTime)
                  20013160    00000062     drivers_cc32xx.aem4 : UARTCC32XX.oem4 (.text:UARTCC32XX_writePolling)
                  200131c2    00000002     --HOLE-- [fill = 0]
                  200131c4    00000060     freertos_builds_CC3220S_LAUNCHXL_release_ccs.lib : HwiPCC32XX_freertos.obj (.text:HwiP_create)
                  20013224    00000060     driverlib.a : prcm.obj (.text:PRCMSysResetCauseGet)
                  20013284    00000060     slnetsock_release.a : slnetutils.oem4 (.text:SlNetUtil_getHostByName)
                  200132e4    00000060     freertos_builds_CC3220S_LAUNCHXL_release_ccs.lib : pthread_mutex.obj (.text:pthread_mutex_unlock)
                  20013344    0000005e                                                      : semaphore.obj (.text:sem_timedwait)
                  200133a2    00000002     --HOLE-- [fill = 0]
                  200133a4    0000005c     slnetsock_release.a : slnetutils.oem4 (.text:SlNetUtil_str2BinIpV4)
                  20013400    0000005c     simplelink.a : spawn.obj (.text:_SlInternalSpawn)
                  2001345c    0000005c     freertos_builds_CC3220S_LAUNCHXL_release_ccs.lib : memory.obj (.text:calloc)
                  200134b8    0000005c     rtsv7M4_T_le_eabi.lib : s_frexp.c.obj (.text:frexp)
                  20013514    0000005c     freertos_builds_CC3220S_LAUNCHXL_release_ccs.lib : tasks.obj (.text:prvIdleTask)
                  20013570    0000005c                                                      : pthread.obj (.text:pthread_exit)
                  200135cc    0000005c     httpclient_release.a : httpclient.oem4 (.text:readRawResponseBody)
                  20013628    0000005c     freertos_builds_CC3220S_LAUNCHXL_release_ccs.lib : queue.obj (.text:vQueueWaitForMessageRestricted)
                  20013684    0000005c                                                      : tasks.obj (.text:vTaskDelay)
                  200136e0    0000005a                                                      : timers.obj (.text:prvInitialiseNewTimer)
                  2001373a    00000002     --HOLE-- [fill = 0]
                  2001373c    00000058     drivers_cc32xx.aem4 : GPIOCC32XX.oem4 (.text:GPIO_setCallback)
                  20013794    00000058                         : GPIOCC32XX.oem4 (.text:GPIO_write)
                  200137ec    00000058     driverlib.a : interrupt.obj (.text:IntPendClear)
                  20013844    00000058                 : prcm.obj (.text:PRCMPeripheralReset)
                  2001389c    00000058     drivers_cc32xx.aem4 : PowerCC32XX.oem4 (.text:Power_releaseDependency)
                  200138f4    00000058     slnetsock_release.a : slnetsock.oem4 (.text:SlNetSock_recv)
                  2001394c    00000058                         : slnetsock.oem4 (.text:SlNetSock_send)
                  200139a4    00000058     simplelink.a : sl_socket.obj (.text:_SlDrvClearCtrlSocket)
                  200139fc    00000058     freertos_builds_CC3220S_LAUNCHXL_release_ccs.lib : tasks.obj (.text:eTaskConfirmSleepModeStatus)
                  20013a54    00000058                                                      : port.obj (.text:vPortSetupTimerInterrupt)
                  20013aac    00000058                                                      : queue.obj (.text:xQueueCreateCountingSemaphore)
                  20013b04    00000058                                                      : queue.obj (.text:xQueueTakeMutexRecursive)
                  20013b5c    00000056                                                      : SemaphoreP_freertos.obj (.text:SemaphoreP_create)
                  20013bb2    00000056     rtsv7M4_T_le_eabi.lib : _printfi.c.obj (.text:_pconv_f)
                  20013c08    00000054     freertos_builds_CC3220S_LAUNCHXL_release_ccs.lib : ClockP_freertos.obj (.text:ClockP_delete)
                  20013c5c    00000054     uart_term.obj (.text:InitTerm)
                  20013cb0    00000054     driverlib.a : interrupt.obj (.text:IntPrioritySet)
                  20013d04    00000054     simplelink.a : driver.obj (.text:_SlDrvRxIrqHandler)
                  20013d58    00000054     rtsv7M4_T_le_eabi.lib : ltoa.c.obj (.text:ltoa)
                  20013dac    00000054     drivers_cc32xx.aem4 : UARTCC32XX.oem4 (.text:ringBufGet)
                  20013e00    00000054     freertos_builds_CC3220S_LAUNCHXL_release_ccs.lib : timers.obj (.text:xTimerCreateTimerTask)
                  20013e54    00000052     drivers_cc32xx.aem4 : PowerCC32XX_asm.oem4 (.text:PowerCC32XX_resumeLPDS)
                  20013ea6    00000052     rtsv7M4_T_le_eabi.lib : _printfi.c.obj (.text:_ecpy)
                  20013ef8    00000050     simplelink.a : cc_pal.obj (.text:NwpRegisterInterruptHandler)
                  20013f48    00000050     slnetsock_release.a : slnetif.oem4 (.text:SlNetIf_queryIf)
                  20013f98    00000050     simplelink.a : driver.obj (.text:_SlDrvCmdSend_noWait)
                  20013fe8    00000050                  : driver.obj (.text:_SlDrvUpdateApiInProgress)
                  20014038    00000050                  : spawn.obj (.text:_SlInternalSpawnTaskEntry)
                  20014088    00000050                  : eventreg.obj (.text:_SlNetAppHttpServerHdlr)
                  200140d8    00000050                  : eventreg.obj (.text:_SlNetAppRequestHdlr)
                  20014128    00000050     freertos_builds_CC3220S_LAUNCHXL_release_ccs.lib : port.obj (.text:pxPortInitialiseStack)
                  20014178    00000050     httpclient_release.a : httpclient.oem4 (.text:removeRequestHeader)
                  200141c8    00000050     freertos_builds_CC3220S_LAUNCHXL_release_ccs.lib : semaphore.obj (.text:sem_init)
                  20014218    00000050                                                      : queue.obj (.text:xQueueGiveMutexRecursive)
                  20014268    0000004c     drivers_cc32xx.aem4 : GPIOCC32XX.oem4 (.text:GPIO_enableInt)
                  200142b4    0000004c     simplelink.a : cc_pal.obj (.text:NwpWaitForShutDownInd)
                  20014300    0000004c     drivers_cc32xx.aem4 : PowerCC32XX.oem4 (.text:PowerCC32XX_parkPin)
                  2001434c    0000004c     slnetsock_release.a : slnetsock.oem4 (.text:SlNetSock_freeVirtualSocket)
                  20014398    0000004c                         : slnetsock.oem4 (.text:SlNetSock_startSec)
                  200143e4    0000004c     rtsv7M4_T_le_eabi.lib : atoi.c.obj (.text:atoi)
                  20014430    0000004c     freertos_builds_CC3220S_LAUNCHXL_release_ccs.lib : startup_cc32xx_ccs.obj (.text:initVectors)
                  2001447c    0000004c                                                      : timers.obj (.text:prvCheckForValidListAndQueue)
                  200144c8    0000004c                                                      : tasks.obj (.text:prvCheckTasksWaitingTermination)
                  20014514    0000004c     drivers_cc32xx.aem4 : PowerCC32XX.oem4 (.text:restorePeriphClocks)
                  20014560    0000004c     freertos_builds_CC3220S_LAUNCHXL_release_ccs.lib : port.obj (.text:vPortEnterCritical)
                  200145ac    00000048     driverlib.a : flash.obj (.text:FlashDisable)
                  200145f4    00000048     freertos_builds_CC3220S_LAUNCHXL_release_ccs.lib : HwiPCC32XX_freertos.obj (.text:HwiP_dispatch)
                  2001463c    00000048     driverlib.a : prcm.obj (.text:PRCMLPDSEnter)
                  20014684    00000048                 : prcm.obj (.text:PRCMPeripheralClkEnable)
                  200146cc    00000048     drivers_cc32xx.aem4 : PowerCC32XX.oem4 (.text:Power_releaseConstraint)
                  20014714    00000048     slnetsock_release.a : slnetsock.oem4 (.text:SlNetSock_connect)
                  2001475c    00000048     simplelink.a : eventreg.obj (.text:_SlDeviceFatalErrorEvtHdlr)
                  200147a4    00000048                  : eventreg.obj (.text:_SlDeviceGeneralEvtHdlr)
                  200147ec    00000048                  : driver.obj (.text:_SlDrvSyncObjWaitTimeout)
                  20014834    00000048                  : eventreg.obj (.text:_SlNetAppEvtHdlr)
                  2001487c    00000048                  : eventreg.obj (.text:_SlNetAppRequestMemFree)
                  200148c4    00000048                  : eventreg.obj (.text:_SlSockEvtHdlr)
                  2001490c    00000048                  : eventreg.obj (.text:_SlWlanEvtHdlr)
                  20014954    00000048     rtsv7M4_T_le_eabi.lib : fd_toi_t2.asm.obj (.text)
                  2001499c    00000048     freertos_builds_CC3220S_LAUNCHXL_release_ccs.lib : list.obj (.text:uxListRemove)
                  200149e4    00000046     drivers_cc32xx.aem4 : RingBuf.oem4 (.text:RingBuf_put)
                  20014a2a    00000002     --HOLE-- [fill = 0]
                  20014a2c    00000044     httpclient_release.a : httpclient.oem4 (.text:HTTPClient_create)
                  20014a70    00000044     driverlib.a : prcm.obj (.text:PRCMLPDSRestoreInfoSet)
                  20014ab4    00000044     drivers_cc32xx.aem4 : PowerCC32XX_asm.oem4 (.text:PowerCC32XX_enterLPDS)
                  20014af8    00000044                         : SPI.oem4 (.text:SPI_init)
                  20014b3c    00000044                         : UART.oem4 (.text:UART_init)
                  20014b80    00000044     rtsv7M4_T_le_eabi.lib : autoinit.c.obj (.text:__TI_auto_init_nobinit_nopinit:__TI_auto_init_nobinit_nopinit)
                  20014bc4    00000044     freertos_builds_CC3220S_LAUNCHXL_release_ccs.lib : queue.obj (.text:prvInitialiseNewQueue)
                  20014c08    00000044                                                      : tasks.obj (.text:vTaskStepTick)
                  20014c4c    00000042     httpclient_release.a : httpclient.oem4 (.text:initializeCB)
                  20014c8e    00000042     freertos_builds_CC3220S_LAUNCHXL_release_ccs.lib : memory.obj (.text:malloc)
                  20014cd0    00000040     simplelink.a : sl_socket.obj (.text:CountSetBits)
                  20014d10    00000040     driverlib.a : pin.obj (.text:PinModeSet)
                  20014d50    00000040     drivers_cc32xx.aem4 : RingBuf.oem4 (.text:RingBuf_get)
                  20014d90    00000040     provisioning.obj (.text:SimpleLinkGeneralEventHandler)
                  20014dd0    00000040     slnetsock_release.a : slnetsock.oem4 (.text:SlNetSock_close)
                  20014e10    00000040                         : slnetsock.oem4 (.text:SlNetSock_secAttribSet)
                  20014e50    00000040     drivers_cc32xx.aem4 : UARTCC32XX.oem4 (.text:UARTCC32XX_read)
                  20014e90    00000040                         : UDMACC32XX.oem4 (.text:UDMACC32XX_init)
                  20014ed0    00000040     simplelink.a : driver.obj (.text:_SlDrvGlobalObjUnLock)
                  20014f10    00000040                  : driver.obj (.text:_SlFindAndReleasePendingCmd)
                  20014f50    00000040                  : spawn.obj (.text:_SlInternalSpawnWaitForEvent)
                  20014f90    00000040                  : eventreg.obj (.text:_SlIsEventRegistered)
                  20014fd0    00000040     httpclient_release.a : httpclient.oem4 (.text:clearReqHeaders)
                  20015010    00000040     rtsv7M4_T_le_eabi.lib : sprintf.c.obj (.text:sprintf)
                  20015050    00000040     freertos_builds_CC3220S_LAUNCHXL_release_ccs.lib : tasks.obj (.text:vTaskPlaceOnEventListRestricted)
                  20015090    00000040     rtsv7M4_T_le_eabi.lib : vsnprintf.c.obj (.text:vsnprintf)
                  200150d0    0000003e     freertos_builds_CC3220S_LAUNCHXL_release_ccs.lib : ClockP_freertos.obj (.text:ClockP_callbackFxn)
                  2001510e    0000003e     rtsv7M4_T_le_eabi.lib : _printfi.c.obj (.text:_fcpy)
                  2001514c    0000003e     freertos_builds_CC3220S_LAUNCHXL_release_ccs.lib : pthread.obj (.text:pthread_setcancelstate)
                  2001518a    0000003e                                                      : semaphore.obj (.text:sem_post)
                  200151c8    0000003c     driverlib.a : prcm.obj (.text:PRCMSlowClkCtrFastGet)
                  20015204    0000003c     drivers_cc32xx.aem4 : PowerCC32XX.oem4 (.text:Power_setConstraint)
                  20015240    0000003c                         : SPI.oem4 (.text:SPI_open)
                  2001527c    0000003c                         : UART.oem4 (.text:UART_open)
                  200152b8    0000003c     simplelink.a : netapp.obj (.text:_SlNetAppCopyPingResultsToReport)
                  200152f4    0000003c     freertos_builds_CC3220S_LAUNCHXL_release_ccs.lib : queue.obj (.text:prvCopyDataFromQueue)
                  20015330    0000003c                                                      : tasks.obj (.text:prvResetNextTaskUnblockTime)
                  2001536c    0000003c                                                      : tasks.obj (.text:pvTaskGetThreadLocalStoragePointer)
                  200153a8    0000003c                                                      : timer.obj (.text:timespecToTicks)
                  200153e4    0000003c                                                      : sleep.obj (.text:usleep)
                  20015420    0000003c                                                      : list.obj (.text:vListInsertEnd)
                  2001545c    0000003a                                                      : timer.obj (.text:callbackFxn)
                  20015496    0000003a     httpclient_release.a : httpclient.oem4 (.text:clearResponseValues)
                  200154d0    0000003a                          : httpclient.oem4 (.text:stringncasecmp)
                  2001550a    00000038                          : httpclient.oem4 (.text:HTTPClient_disconnect)
                  20015542    00000002     --HOLE-- [fill = 0]
                  20015544    00000038     driverlib.a : prcm.obj (.text:PRCMLPDSEnterKeepDebugIf)
                  2001557c    00000038     slnetsock_release.a : slnetutils.oem4 (.text:SlNetUtil_htonl)
                  200155b4    00000038     drivers_cc32xx.aem4 : PowerCC32XX.oem4 (.text:notify)
                  200155ec    00000038     http_push.obj (.text:printError)
                  20015624    00000038     freertos_builds_CC3220S_LAUNCHXL_release_ccs.lib : timers.obj (.text:prvGetNextExpireTime)
                  2001565c    00000038                                                      : port.obj (.text:prvTaskExitError)
                  20015694    00000038     httpclient_release.a : httpclient.oem4 (.text:stringcasecmp)
                  200156cc    00000036     drivers_cc32xx.aem4 : UARTCC32XX.oem4 (.text:UARTCC32XX_readCancel)
                  20015702    00000036     rtsv7M4_T_le_eabi.lib : strncpy.c.obj (.text:strncpy)
                  20015738    00000034     driverlib.a : pin.obj (.text:PinModeGet)
                  2001576c    00000034     drivers_cc32xx.aem4 : PowerCC32XX.oem4 (.text:PowerCC32XX_restoreParkState)
                  200157a0    00000034     freertos_builds_CC3220S_LAUNCHXL_release_ccs.lib : SemaphoreP_freertos.obj (.text:SemaphoreP_pend)
                  200157d4    00000034     slnetsock_release.a : slnetutils.oem4 (.text:SlNetUtil_htons)
                  20015808    00000034     drivers_cc32xx.aem4 : UDMACC32XX.oem4 (.text:UDMACC32XX_close)
                  2001583c    00000034     freertos_builds_CC3220S_LAUNCHXL_release_ccs.lib : mqueue.obj (.text:findInList)
                  20015870    00000034                                                      : timers.obj (.text:prvSampleTimeNow)
                  200158a4    00000034     rtsv7M4_T_le_eabi.lib : strstr.c.obj (.text:strstr)
                  200158d8    00000034     freertos_builds_CC3220S_LAUNCHXL_release_ccs.lib : tasks.obj (.text:vTaskPlaceOnEventList)
                  2001590c    00000034                                                      : tasks.obj (.text:vTaskSetThreadLocalStoragePointer)
                  20015940    00000034                                                      : timers.obj (.text:xTimerCreate)
                  20015974    00000030     drivers_cc32xx.aem4 : PowerCC32XX.oem4 (.text:PowerCC32XX_restoreParkedPin)
                  200159a4    00000030     provisioning.obj (.text:StartAsyncEvtTimer)
                  200159d4    00000030     rtsv7M4_T_le_eabi.lib : vsnprintf.c.obj (.text:_outs)
                  20015a04    00000030     freertos_builds_CC3220S_LAUNCHXL_release_ccs.lib : list.obj (.text:vListInitialise)
                  20015a34    00000030                                                      : port.obj (.text:vPortExitCritical)
                  20015a64    00000030                                                      : tasks.obj (.text:xTaskGetSchedulerState)
                  20015a94    0000002e     simplelink.a : cc_pal.obj (.text:Mutex_create_handle)
                  20015ac2    0000002e     freertos_builds_CC3220S_LAUNCHXL_release_ccs.lib : timers.obj (.text:pvTimerGetTimerID)
                  20015af0    0000002e     rtsv7M4_T_le_eabi.lib : i_tofd_t2.asm.obj (.text)
                  20015b1e    0000002c     provisioning.obj (.text:GetSecureStatus)
                  20015b4a    0000002c     httpclient_release.a : httpclient.oem4 (.text:HTTPClient_destroy)
                  20015b76    00000002     --HOLE-- [fill = 0]
                  20015b78    0000002c     freertos_builds_CC3220S_LAUNCHXL_release_ccs.lib : HwiPCC32XX_freertos.obj (.text:HwiP_disable)
                  20015ba4    0000002c     simplelink.a : cc_pal.obj (.text:NwpPowerOn)
                  20015bd0    0000002c     driverlib.a : prcm.obj (.text:PRCMLPDSIntervalSet)
                  20015bfc    0000002c     drivers_cc32xx.aem4 : PowerCC32XX.oem4 (.text:PowerCC32XX_getParkState)
                  20015c28    0000002c     freertos_builds_CC3220S_LAUNCHXL_release_ccs.lib : SemaphoreP_freertos.obj (.text:SemaphoreP_createBinary)
                  20015c54    0000002c     slnetsock_release.a : slnetutils.oem4 (.text:SlNetUtil_inetPton)
                  20015c80    0000002c     provisioning.obj (.text:StopAsyncEvtTimer)
                  20015cac    0000002c     simplelink.a : driver.obj (.text:_SlDrvSyncObjWaitForever)
                  20015cd8    0000002c     freertos_builds_CC3220S_LAUNCHXL_release_ccs.lib : pthread_mutex.obj (.text:pthread_mutexattr_settype)
                  20015d04    0000002c     rtsv7M4_T_le_eabi.lib : strncmp.c.obj (.text:strncmp)
                  20015d30    0000002c     freertos_builds_CC3220S_LAUNCHXL_release_ccs.lib : tasks.obj (.text:vTaskSetApplicationTaskTag)
                  20015d5c    0000002c                                                      : port.obj (.text:xPortSysTickHandler)
                  20015d88    0000002c                                                      : queue.obj (.text:xQueueCreateMutex)
                  20015db4    0000002c                                                      : tasks.obj (.text:xTaskGetApplicationTaskTag)
                  20015de0    0000002a                                                      : queue.obj (.text:prvInitialiseMutex)
                  20015e0a    0000002a                                                      : queue.obj (.text:uxQueueMessagesWaiting)
                  20015e34    0000002a                                                      : timers.obj (.text:xTimerGetExpiryTime)
                  20015e5e    00000002     --HOLE-- [fill = 0]
                  20015e60    00000028                                                      : HwiPCC32XX_freertos.obj (.text:HwiP_inISR)
                  20015e88    00000028     driverlib.a : prcm.obj (.text:PRCMLPDSWakeupSourceEnable)
                  20015eb0    00000028                 : prcm.obj (.text:PRCMPeripheralClkDisable)
                  20015ed8    00000028     drivers_cc32xx.aem4 : PowerCC32XX.oem4 (.text:Power_registerNotify)
                  20015f00    00000028     provisioning.obj (.text:SignalEvent)
                  20015f28    00000028     slnetsock_release.a : slnetsock.oem4 (.text:SlNetSock_secAttribDelete)
                  20015f50    00000028     simplelink.a : driver.obj (.text:_SlDrvProtectionObjLockWaitForever)
                  20015f78    00000028                  : driver.obj (.text:_SlDrvProtectionObjUnLock)
                  20015fa0    00000028                  : flowcont.obj (.text:_SlFlowContSet)
                  20015fc8    00000028     rtsv7M4_T_le_eabi.lib : boot_cortex_m.c.obj (.text:_c_int00_noargs:_c_int00_noargs)
                  20015ff0    00000028     freertos_builds_CC3220S_LAUNCHXL_release_ccs.lib : pthread.obj (.text:pthread_attr_setschedparam)
                  20016018    00000026     drivers_cc32xx.aem4 : List.oem4 (.text:List_put)
                  2001603e    00000026                         : List.oem4 (.text:List_remove)
                  20016064    00000026     slnetsock_release.a : slnetutils.oem4 (.text:SlNetUtil_strTok)
                  2001608a    00000026     freertos_builds_CC3220S_LAUNCHXL_release_ccs.lib : pthread.obj (.text:_pthread_cleanup_pop)
                  200160b0    00000026                                                      : queue.obj (.text:prvIsQueueFull)
                  200160d6    00000002     --HOLE-- [fill = 0]
                  200160d8    00000024     driverlib.a : interrupt.obj (.text:IntUnregister)
                  200160fc    00000024     provisioning.obj (.text:ProcessRestartRequest)
                  20016120    00000024     slnetsock_release.a : slnetif.oem4 (.text:SlNetIf_getConnectionStatus)
                  20016144    00000024                         : slnetif.oem4 (.text:SlNetIf_getIfByID)
                  20016168    00000024                         : slnetsock.oem4 (.text:SlNetSock_getIfID)
                  2001618c    00000024     simplelink.a : driver.obj (.text:_SlDrvIsApiInProgress)
                  200161b0    00000024                  : driver.obj (.text:_SlDrvStartMeasureTimeout)
                  200161d4    00000024     freertos_builds_CC3220S_LAUNCHXL_release_ccs.lib : queue.obj (.text:prvGetDisinheritPriorityAfterTimeout)
                  200161f8    00000024                                                      : semaphore.obj (.text:sem_getvalue)
                  2001621c    00000024                                                      : queue.obj (.text:vQueueDelete)
                  20016240    00000024                                                      : tasks.obj (.text:vTaskInternalSetTimeOutState)
                  20016264    00000022                                                      : SemaphoreP_freertos.obj (.text:SemaphoreP_post)
                  20016286    00000022                                                      : aeabi_portable.obj (.text:__aeabi_errno_addr)
                  200162a8    00000022                                                      : pthread.obj (.text:pthread_attr_setdetachstate)
                  200162ca    00000002     --HOLE-- [fill = 0]
                  200162cc    00000020                                                      : ClockP_freertos.obj (.text:ClockP_getCpuFreq)
                  200162ec    00000020                                                      : HwiPCC32XX_freertos.obj (.text:HwiP_restore)
                  2001630c    00000020     driverlib.a : interrupt.obj (.text:IntRegister)
                  2001632c    00000020     drivers_cc32xx.aem4 : PowerCC32XX.oem4 (.text:Power_unregisterNotify)
                  2001634c    00000020                         : RingBuf.oem4 (.text:RingBuf_peek)
                  2001636c    00000020                         : SPICC32XXDMA.oem4 (.text:getPowerMgrId)
                  2001638c    00000020                         : UARTCC32XX.oem4 (.text:getPowerMgrId)
                  200163ac    00000020     freertos_builds_CC3220S_LAUNCHXL_release_ccs.lib : queue.obj (.text:prvIsQueueEmpty)
                  200163cc    00000020     httpclient_release.a : httpclient.oem4 (.text:searchRequestHeader)
                  200163ec    00000020     freertos_builds_CC3220S_LAUNCHXL_release_ccs.lib : semaphore.obj (.text:semaphorePend)
                  2001640c    0000001e                                                      : ClockP_freertos.obj (.text:ClockP_start)
                  2001642a    0000001e                                                      : HwiPCC32XX_freertos.obj (.text:HwiP_Params_init)
                  20016448    0000001e     simplelink.a : driver.obj (.text:_SlDrvObjLockWaitForever)
                  20016466    0000001e                  : driver.obj (.text:_SlDrvObjUnLock)
                  20016484    0000001e                  : driver.obj (.text:_SlDrvSyncObjSignal)
                  200164a2    0000001e     freertos_builds_CC3220S_LAUNCHXL_release_ccs.lib : pthread.obj (.text:_pthread_runStub)
                  200164c0    0000001e     drivers_cc32xx.aem4 : UDMACC32XX.oem4 (.text:postNotifyFxn)
                  200164de    0000001c     freertos_builds_CC3220S_LAUNCHXL_release_ccs.lib : ClockP_freertos.obj (.text:ClockP_Params_init)
                  200164fa    00000002     --HOLE-- [fill = 0]
                  200164fc    0000001c     uart_term.obj (.text:Message)
                  20016518    0000001c     driverlib.a : pin.obj (.text:PinToPadGet)
                  20016534    0000001c     simplelink.a : device.obj (.text:_SlDeviceGetStartResponseConvert)
                  20016550    0000001c                  : spawn.obj (.text:_SlInternalIsItSpawnThread)
                  2001656c    0000001c     rtsv7M4_T_le_eabi.lib : memccpy.c.obj (.text:memccpy)
                  20016588    0000001c     freertos_builds_CC3220S_LAUNCHXL_release_ccs.lib : pthread.obj (.text:pthread_attr_init)
                  200165a4    0000001c                                                      : pthread_mutex.obj (.text:pthread_mutexattr_init)
                  200165c0    0000001c                                                      : tasks.obj (.text:pvTaskIncrementMutexHeldCount)
                  200165dc    0000001c     httpclient_release.a : httpclient.oem4 (.text:validateResponseHeader)
                  200165f8    0000001a     freertos_builds_CC3220S_LAUNCHXL_release_ccs.lib : PTLS.obj (.text:PTLS_taskDeleteHook)
                  20016612    0000001a                                                      : timers.obj (.text:prvTimerTask)
                  2001662c    0000001a                                                      : pthread_mutex.obj (.text:pthread_mutex_destroy)
                  20016646    00000002     --HOLE-- [fill = 0]
                  20016648    00000018     provisioning.obj (.text:HandleDiscnctEvt)
                  20016660    00000018     drivers_cc32xx.aem4 : PowerCC32XX.oem4 (.text:Power_idleFunc)
                  20016678    00000018     provisioning.obj (.text:StartConnection)
                  20016690    00000018     driverlib.a : uart.obj (.text:UARTBusy)
                  200166a8    00000018                 : uart.obj (.text:UARTIntEnable)
                  200166c0    00000018     drivers_cc32xx.aem4 : UART.oem4 (.text:UART_Params_init)
                  200166d8    00000018     rtsv7M4_T_le_eabi.lib : vsnprintf.c.obj (.text:_outc)
                  200166f0    00000018                           : sprintf.c.obj (.text:_outs)
                  20016708    00000018     httpclient_release.a : httpclient.oem4 (.text:countChar)
                  20016720    00000018     freertos_builds_CC3220S_LAUNCHXL_release_ccs.lib : memory.obj (.text:free)
                  20016738    00000018     rtsv7M4_T_le_eabi.lib : ll_mul_t2.asm.obj (.text)
                  20016750    00000018     freertos_builds_CC3220S_LAUNCHXL_release_ccs.lib : semaphore.obj (.text:sem_wait)
                  20016768    00000018     rtsv7M4_T_le_eabi.lib : strcmp.c.obj (.text:strcmp)
                  20016780    00000018     freertos_builds_CC3220S_LAUNCHXL_release_ccs.lib : tasks.obj (.text:xTaskGetTickCountFromISR)
                  20016798    00000016                                                      : ClockP_freertos.obj (.text:ClockP_setTimeout)
                  200167ae    00000016     driverlib.a : prcm.obj (.text:PRCMHIBRegRead)
                  200167c4    00000016                 : prcm.obj (.text:PRCMHIBRegWrite)
                  200167da    00000016     freertos_builds_CC3220S_LAUNCHXL_release_ccs.lib : PTLS.obj (.text:PTLS_getBuf)
                  200167f0    00000016                                                      : PTLS.obj (.text:PTLS_setBuf)
                  20016806    00000016                                                      : SemaphoreP_freertos.obj (.text:SemaphoreP_Params_init)
                  2001681c    00000016     simplelink.a : driver.obj (.text:_SlDrvMemZero)
                  20016832    00000016     httpclient_release.a : httpclient.oem4 (.text:clearNonPersistResponseFilter)
                  20016848    00000016     freertos_builds_CC3220S_LAUNCHXL_release_ccs.lib : startup_cc32xx_ccs.obj (.text:resetISR)
                  2001685e    00000016     rtsv7M4_T_le_eabi.lib : strchr.c.obj (.text:strchr)
                  20016874    00000014     driverlib.a : cpu.obj (.text:CPUcpsie)
                  20016888    00000014                 : interrupt.obj (.text:IntVTableBaseSet)
                  2001689c    00000014     drivers_cc32xx.aem4 : PowerCC32XX.oem4 (.text:Power_getDependencyCount)
                  200168b0    00000014                         : SPI.oem4 (.text:SPI_Params_init)
                  200168c4    00000014     freertos_builds_CC3220S_LAUNCHXL_release_ccs.lib : tasks.obj (.text:prvDeleteTCB)
                  200168d8    00000014                                                      : pthread.obj (.text:pthread_attr_setstacksize)
                  200168ec    00000014                                                      : pthread_mutex.obj (.text:pthread_mutex_lock)
                  20016900    00000014                                                      : pthread.obj (.text:pthread_self)
                  20016914    00000014     drivers_cc32xx.aem4 : UARTCC32XX.oem4 (.text:releasePowerConstraint)
                  20016928    00000014     freertos_builds_CC3220S_LAUNCHXL_release_ccs.lib : semaphore.obj (.text:sem_destroy)
                  2001693c    00000014     rtsv7M4_T_le_eabi.lib : strcpy.c.obj (.text:strcpy)
                  20016950    00000014                           : strlen.c.obj (.text:strlen)
                  20016964    00000014     freertos_builds_CC3220S_LAUNCHXL_release_ccs.lib : PowerCC32XX_freertos.obj (.text:vPortSuppressTicksAndSleep)
                  20016978    00000014                                                      : tasks.obj (.text:xTaskGetCurrentTaskHandle)
                  2001698c    00000014                                                      : tasks.obj (.text:xTaskGetTickCount)
                  200169a0    00000012                                                      : HwiPCC32XX_freertos.obj (.text:HwiP_delete)
                  200169b2    00000012     drivers_cc32xx.aem4 : RingBuf.oem4 (.text:RingBuf_construct)
                  200169c4    00000012     rtsv7M4_T_le_eabi.lib : wcslen.c.obj (.text:wcslen)
                  200169d6    00000010     freertos_builds_CC3220S_LAUNCHXL_release_ccs.lib : ClockP_freertos.obj (.text:ClockP_getSystemTickPeriod)
                  200169e6    00000002     --HOLE-- [fill = 0]
                  200169e8    00000010     provisioning.obj (.text:HandleConnection)
                  200169f8    00000010     slnetsock_release.a : slnetsock.oem4 (.text:SlNetSock_secAttribCreate)
                  20016a08    00000010     driverlib.a : systick.obj (.text:SysTickDisable)
                  20016a18    00000010                 : systick.obj (.text:SysTickEnable)
                  20016a28    00000010     simplelink.a : driver.obj (.text:_SlDrvDispatchHttpServerEvents)
                  20016a38    00000010                  : driver.obj (.text:_SlDrvDispatchNetAppRequestEvents)
                  20016a48    00000010                  : driver.obj (.text:_SlDrvIsSpawnOwnGlobalLock)
                  20016a58    00000010     CC3220S_LAUNCHXL.obj (.text:dmaErrorFxn)
                  20016a68    00000010     drivers_cc32xx.aem4 : UARTCC32XX.oem4 (.text:readBlockingTimeout)
                  20016a78    00000010     httpclient_release.a : httpclient.oem4 (.text:skipWhiteSpace)
                  20016a88    00000010     freertos_builds_CC3220S_LAUNCHXL_release_ccs.lib : list.obj (.text:vListInitialiseItem)
                  20016a98    00000010                                                      : tasks.obj (.text:vTaskSuspendAll)
                  20016aa8    0000000e     provisioning.obj (.text:CheckLanConnection)
                  20016ab6    0000000e     drivers_cc32xx.aem4 : PowerCC32XX.oem4 (.text:Power_getTransitionLatency)
                  20016ac4    0000000e                         : RingBuf.oem4 (.text:RingBuf_isFull)
                  20016ad2    0000000e     simplelink.a : driver.obj (.text:_SlDrvResetCmdExt)
                  20016ae0    0000000e     rtsv7M4_T_le_eabi.lib : copy_decompress_none.c.obj (.text:decompress:none:__TI_decompress_none)
                  20016aee    0000000e     drivers_cc32xx.aem4 : SPICC32XXDMA.oem4 (.text:postNotifyFxn)
                  20016afc    0000000e     simplelink.a : cc_pal.obj (.text:spi_Close)
                  20016b0a    0000000c     provisioning.obj (.text:AsyncEvtTimerHandler)
                  20016b16    0000000c     CC3220S_LAUNCHXL.obj (.text:CC3220S_LAUNCHXL_initGeneral)
                  20016b22    0000000c     driverlib.a : cpu.obj (.text:CPUwfi)
                  20016b2e    0000000c     provisioning.obj (.text:HandleProvisioningTimeOut)
                  20016b3a    0000000c     provisioning.obj (.text:HandleWaitForIp)
                  20016b46    0000000c     freertos_builds_CC3220S_LAUNCHXL_release_ccs.lib : HwiPCC32XX_freertos.obj (.text:HwiP_clearInterrupt)
                  20016b52    0000000c                                                      : HwiPCC32XX_freertos.obj (.text:HwiP_disableInterrupt)
                  20016b5e    0000000c                                                      : HwiPCC32XX_freertos.obj (.text:HwiP_enableInterrupt)
                  20016b6a    00000002     --HOLE-- [fill = 0]
                  20016b6c    0000000c     simplelink.a : cc_pal.obj (.text:NwpMaskInterrupt)
                  20016b78    0000000c                  : cc_pal.obj (.text:NwpUnMaskInterrupt)
                  20016b84    0000000c     drivers_cc32xx.aem4 : PowerCC32XX.oem4 (.text:Power_getConstraintMask)
                  20016b90    0000000c     freertos_builds_CC3220S_LAUNCHXL_release_ccs.lib : SemaphoreP_freertos.obj (.text:SemaphoreP_delete)
                  20016b9c    0000000c     provisioning.obj (.text:SimpleLinkHttpServerEventHandler)
                  20016ba8    0000000c     provisioning.obj (.text:SimpleLinkNetAppRequestEventHandler)
                  20016bb4    0000000c     simplelink.a : device.obj (.text:_SlDeviceResetRequestInitCompletedCB)
                  20016bc0    0000000c     rtsv7M4_T_le_eabi.lib : copy_zero_init.c.obj (.text:decompress:ZI:__TI_zero_init)
                  20016bcc    0000000c     drivers_cc32xx.aem4 : UARTCC32XX.oem4 (.text:postNotifyFxn)
                  20016bd8    0000000c     driverlib.a : udma.obj (.text:uDMAErrorStatusClear)
                  20016be4    0000000c                 : udma.obj (.text:uDMAErrorStatusGet)
                  20016bf0    0000000c     freertos_builds_CC3220S_LAUNCHXL_release_ccs.lib : tasks.obj (.text:vTaskMissedYield)
                  20016bfc    0000000a     driverlib.a : interrupt.obj (.text:IntMasterEnable)
                  20016c06    0000000a     drivers_cc32xx.aem4 : SPI.oem4 (.text:SPI_close)
                  20016c10    0000000a                         : SPI.oem4 (.text:SPI_transfer)
                  20016c1a    0000000a     provisioning.obj (.text:SimpleLinkNetAppRequestMemFreeEventHandler)
                  20016c24    0000000a     drivers_cc32xx.aem4 : UART.oem4 (.text:UART_control)
                  20016c2e    0000000a                         : UART.oem4 (.text:UART_writePolling)
                  20016c38    0000000a     rtsv7M4_T_le_eabi.lib : sprintf.c.obj (.text:_outc)
                  20016c42    0000000a     simplelink.a : device.obj (.text:sl_Task)
                  20016c4c    0000000a     main_freertos.obj (.text:vApplicationStackOverflowHook)
                  20016c56    00000008     freertos_builds_CC3220S_LAUNCHXL_release_ccs.lib : ClockP_freertos.obj (.text:ClockP_getSystemTicks)
                  20016c5e    00000008     driverlib.a : prcm.obj (.text:PRCMSleepEnter)
                  20016c66    00000008     simplelink.a : cc_pal.obj (.text:TimerGetCurrentTimestamp)
                  20016c6e    00000008     drivers_cc32xx.aem4 : SPICC32XXDMA.oem4 (.text:blockingTransferCallback)
                  20016c76    00000008     rtsv7M4_T_le_eabi.lib : s_copysign.c.obj (.text:copysign)
                  20016c7e    00000008     drivers_cc32xx.aem4 : UARTCC32XX.oem4 (.text:readSemCallback)
                  20016c86    00000008                         : UARTCC32XX.oem4 (.text:writeSemCallback)
                  20016c8e    00000006                         : SPICC32XXDMA.oem4 (.text:SPICC32XXDMA_control)
                  20016c94    00000006     driverlib.a : utils.obj (.text:UtilsDelay)
                  20016c9a    00000004     provisioning.obj (.text:CheckInternetConnection)
                  20016c9e    00000004     provisioning.obj (.text:DoNothing)
                  20016ca2    00000004     external_provisioning_conf.obj (.text:IsActiveExternalConfiguration)
                  20016ca6    00000004     provisioning.obj (.text:ProcessStartRequest)
                  20016caa    00000004     drivers_cc32xx.aem4 : SPICC32XXDMA.oem4 (.text:SPICC32XXDMA_init)
                  20016cae    00000004     rtsv7M4_T_le_eabi.lib : pre_init.c.obj (.text:_system_pre_init)
                  20016cb2    00000004                           : exit.c.obj (.text:abort:abort)

.ramVecs   0    20000000    0000030c     NOLOAD SECTION
                  20000000    0000030c     freertos_builds_CC3220S_LAUNCHXL_release_ccs.lib : startup_cc32xx_ccs.obj (.ramVecs)

.cinit     0    20016cb8    00000218     
                  20016cb8    000001f2     (.cinit..data.load) [load image, compression = lzss]
                  20016eaa    00000002     --HOLE-- [fill = 0]
                  20016eac    0000000c     (__TI_handler_table)
                  20016eb8    00000008     (.cinit..bss.load) [load image, compression = zero_init]
                  20016ec0    00000010     (__TI_cinit_table)

.bss       0    20017000    00008de6     UNINITIALIZED
                  20017000    00008000     freertos_builds_CC3220S_LAUNCHXL_release_ccs.lib : heap_4.obj (.bss:ucHeap)
                  2001f000    00000400     CC3220S_LAUNCHXL.obj (.bss:dmaControlTable)
                  2001f400    000003fc     (.common:g_CB)
                  2001f7fc    0000012c     (.common:PowerCC32XX_contextSave)
                  2001f928    00000108     (.common:uartCC3220SObjects)
                  2001fa30    000000c8     freertos_builds_CC3220S_LAUNCHXL_release_ccs.lib : tasks.obj (.bss:pxReadyTasksLists)
                  2001faf8    00000088     (.common:spiCC3220SDMAObjects)
                  2001fb80    00000080     slnetsock_release.a : slnetsock.oem4 (.bss:VirtualSockets)
                  2001fc00    00000040     (.common:uartCC3220SRingBuffer)
                  2001fc40    0000002c                         : slnetsock.oem4 (.bss:VirtualSocketMutex)
                  2001fc6c    0000002c     (.common:GlobalLockObj)
                  2001fc98    00000028     (.common:g_SlInternalSpawnCB)
                  2001fcc0    00000020     drivers_cc32xx.aem4 : GPIOCC32XX.oem4 (.bss:gpioCallbackInfo)
                  2001fce0    00000014                         : UDMACC32XX.oem4 (.bss:postNotifyObj)
                  2001fcf4    00000014                         : GPIOCC32XX.oem4 (.bss:powerNotifyObj)
                  2001fd08    00000014     freertos_builds_CC3220S_LAUNCHXL_release_ccs.lib : timers.obj (.bss:xActiveTimerList1)
                  2001fd1c    00000014                                                      : timers.obj (.bss:xActiveTimerList2)
                  2001fd30    00000014                                                      : tasks.obj (.bss:xDelayedTaskList1)
                  2001fd44    00000014                                                      : tasks.obj (.bss:xDelayedTaskList2)
                  2001fd58    00000014                                                      : tasks.obj (.bss:xPendingReadyList)
                  2001fd6c    00000014                                                      : tasks.obj (.bss:xSuspendedTaskList)
                  2001fd80    00000014                                                      : tasks.obj (.bss:xTasksWaitingTermination)
                  2001fd94    0000000c     (.common:DeviceCB)
                  2001fda0    0000000c     (.common:Msg)
                  2001fdac    00000008                                                      : tasks.obj (.bss)
                  2001fdb4    00000008                                                      : timers.obj (.bss)
                  2001fdbc    00000008                                                      : heap_4.obj (.bss:xStart)
                  2001fdc4    00000008     (.common:spiCC3220SDMAscratchBuf)
                  2001fdcc    00000008     (.common:udmaCC3220SObject)
                  2001fdd4    00000004     drivers_cc32xx.aem4 : GPIOCC32XX.oem4 (.bss)
                  2001fdd8    00000004     uart_term.obj (.bss)
                  2001fddc    00000004     (.common:gProvisioningSMQueue)
                  2001fde0    00000004     (.common:gTimer)
                  2001fde4    00000001     (.common:RxIrqCnt)
                  2001fde5    00000001     (.common:g_CurrentState)

.const     0    2001fde8    00000e3e     
                  2001fde8    000002a0     provisioning.obj (.const:gTransitionTable)
                  20020088    00000288     httpclient_release.a : httpclient.oem4 (.const:.string)
                  20020310    00000101     rtsv7M4_T_le_eabi.lib : ctype.c.obj (.const:.string:_ctypes_)
                  20020411    00000003     --HOLE-- [fill = 0]
                  20020414    00000100     driverlib.a : pin.obj (.const:g_ulPinToPadMap)
                  20020514    000000d4                 : interrupt.obj (.const:g_pulRegs)
                  200205e8    000000a8                 : prcm.obj (.const:PRCM_PeriphRegsList)
                  20020690    00000078     CC3220S_LAUNCHXL.obj (.const:spiCC3220SDMAHWAttrs)
                  20020708    00000070     simplelink.a : driver.obj (.const:OpcodeTranslateTable)
                  20020778    00000058                  : driver.obj (.const:_SlActionLookupTable)
                  200207d0    00000048     CC3220S_LAUNCHXL.obj (.const:uartCC3220SHWAttrs)
                  20020818    00000040     CC3220S_LAUNCHXL.obj (.const:PowerCC32XX_config)
                  20020858    0000003a     provisioning.obj (.const:.string)
                  20020892    00000002     --HOLE-- [fill = 0]
                  20020894    0000002c     provisioning.obj (.const:$P$T3$4)
                  200208c0    00000028     drivers_cc32xx.aem4 : UARTCC32XX.oem4 (.const:UARTCC32XX_fxnTable)
                  200208e8    00000024                         : UART.oem4 (.const:UART_defaultParams)
                  2002090c    00000022     httpclient_release.a : httpclient.oem4 (.const:.string:$P$T1$2)
                  2002092e    00000021     drivers_cc32xx.aem4 : GPIOCC32XX.oem4 (.const:.string:pinTable)
                  2002094f    00000001     --HOLE-- [fill = 0]
                  20020950    00000020     simplelink.a : driver.obj (.const:RxMsgClassLUT)
                  20020970    00000020     drivers_cc32xx.aem4 : SPI.oem4 (.const:SPI_defaultParams)
                  20020990    00000020     simplelink.a : device.obj (.const:StartResponseLUT)
                  200209b0    00000020     drivers_cc32xx.aem4 : UARTCC32XX.oem4 (.const:staticFxnTable)
                  200209d0    00000018                         : SPICC32XXDMA.oem4 (.const:SPICC32XXDMA_fxnTable)
                  200209e8    00000018     CC3220S_LAUNCHXL.obj (.const:SPI_config)
                  20020a00    00000018     CC3220S_LAUNCHXL.obj (.const:UART_config)
                  20020a18    00000018     driverlib.a : interrupt.obj (.const:g_pulDisRegs)
                  20020a30    00000018                 : interrupt.obj (.const:g_pulEnRegs)
                  20020a48    00000018                 : interrupt.obj (.const:g_pulUnpendRegs)
                  20020a60    00000014     simplelink.a : cc_pal.obj (.const:$P$T0$1)
                  20020a74    00000014                  : device.obj (.const:$P$T0$1)
                  20020a88    00000014                  : driver.obj (.const:$P$T0$1)
                  20020a9c    00000014                  : cc_pal.obj (.const:$P$T1$2)
                  20020ab0    00000014     provisioning.obj (.const:$P$T2$3)
                  20020ac4    00000014     simplelink.a : driver.obj (.const:$P$T2$3)
                  20020ad8    00000014     CC3220S_LAUNCHXL.obj (.const:GPIOCC32XX_config)
                  20020aec    00000014     drivers_cc32xx.aem4 : GPIOCC32XX.oem4 (.const:gpioBaseAddresses)
                  20020b00    00000014                         : UARTCC32XX.oem4 (.const:parityType)
                  20020b14    00000014                         : GPIOCC32XX.oem4 (.const:powerResources)
                  20020b28    00000010     provisioning.obj (.const:$P$T0$1)
                  20020b38    00000010     provisioning.obj (.const:$P$T1$2)
                  20020b48    00000010     drivers_cc32xx.aem4 : UARTCC32XX.oem4 (.const:dataLength)
                  20020b58    0000000d     CC3220S_LAUNCHXL.obj (.const)
                  20020b65    00000003     --HOLE-- [fill = 0]
                  20020b68    0000000c     drivers_cc32xx.aem4 : SPICC32XXDMA.oem4 (.const:dmaNullConfig)
                  20020b74    0000000c                         : SPICC32XXDMA.oem4 (.const:dmaRxConfig)
                  20020b80    0000000c                         : SPICC32XXDMA.oem4 (.const:dmaTxConfig)
                  20020b8c    0000000c     CC3220S_LAUNCHXL.obj (.const:udmaCC3220SHWAttrs)
                  20020b98    00000008     httpclient_release.a : httpclient.oem4 (.const:.string:$P$T0$1)
                  20020ba0    00000008     CC3220S_LAUNCHXL.obj (.const:UDMACC32XX_config)
                  20020ba8    00000008     freertos_builds_CC3220S_LAUNCHXL_release_ccs.lib : port.obj (.const)
                  20020bb0    00000008     simplelink.a : driver.obj (.const:g_H2NCnysPattern)
                  20020bb8    00000008                  : driver.obj (.const:g_H2NSyncPattern)
                  20020bc0    00000008     drivers_cc32xx.aem4 : SPICC32XXDMA.oem4 (.const:mode)
                  20020bc8    00000008                         : GPIOCC32XX.oem4 (.const:outPinTypes)
                  20020bd0    00000008                         : UARTCC32XX.oem4 (.const:stopBits)
                  20020bd8    00000006                         : GPIOCC32XX.oem4 (.const:.string:interruptType)
                  20020bde    00000006                         : GPIOCC32XX.oem4 (.const:inPinTypes)
                  20020be4    00000006                         : GPIOCC32XX.oem4 (.const:outPinStrengths)
                  20020bea    00000004     simplelink.a : netapp.obj (.const:$P$T0$1)
                  20020bee    00000004     drivers_cc32xx.aem4 : GPIOCC32XX.oem4 (.const:.string:portInterruptIds)
                  20020bf2    00000004     simplelink.a : device.obj (.const:_SlDeviceGetCmdCtrl)
                  20020bf6    00000004                  : device.obj (.const:_SlDeviceSetCmdCtrl)
                  20020bfa    00000004                  : netapp.obj (.const:_SlNetAppSendResponseCmdCtrl)
                  20020bfe    00000004                  : netapp.obj (.const:_SlNetAppSendTokenValueCmdCtrl)
                  20020c02    00000004                  : netcfg.obj (.const:_SlNetCfgGetCmdCtrl)
                  20020c06    00000004                  : wlan.obj (.const:_SlProvisioningCmdCtrl)
                  20020c0a    00000004                  : sl_socket.obj (.const:_SlRecvfomCmdCtrl)
                  20020c0e    00000004                  : sl_socket.obj (.const:_SlSelectCmdCtrl)
                  20020c12    00000004                  : device.obj (.const:_SlStopCmdCtrl)
                  20020c16    00000004                  : wlan.obj (.const:_SlWlanCfgGetCmdCtrl)
                  20020c1a    00000004                  : wlan.obj (.const:_SlWlanCfgSetCmdCtrl)
                  20020c1e    00000002     --HOLE-- [fill = 0]
                  20020c20    00000004     freertos_builds_CC3220S_LAUNCHXL_release_ccs.lib : pthread.obj (.const)
                  20020c24    00000002                                                      : pthread.obj (.const:.string)

.init_array 
*          0    20004000    00000000     UNINITIALIZED

.data      0    20020c28    00000d44     UNINITIALIZED
                  20020c28    00000800     freertos_builds_CC3220S_LAUNCHXL_release_ccs.lib : HwiPCC32XX_freertos.obj (.data:HwiP_dispatchTable)
                  20021428    0000016c     drivers_cc32xx.aem4 : PowerCC32XX.oem4 (.data:PowerCC32XX_module)
                  20021594    000000f8     CC3220S_LAUNCHXL.obj (.data:parkInfo)
                  2002168c    000000b8     httpclient_release.a : httpclient.oem4 (.data:headerFieldStr)
                  20021744    00000050                          : httpclient.oem4 (.data:HeadersHashTable)
                  20021794    00000034     freertos_builds_CC3220S_LAUNCHXL_release_ccs.lib : tasks.obj (.data)
                  200217c8    0000002b     provisioning.obj (.data)
                  200217f3    00000001     drivers_cc32xx.aem4 : SPI.oem4 (.data)
                  200217f4    00000024     simplelink.a : eventreg.obj (.data:g_LibsEvents)
                  20021818    00000024                  : eventreg.obj (.data:g_UserEvents)
                  2002183c    00000024     CC3220S_LAUNCHXL.obj (.data:gpioPinConfigs)
                  20021860    0000001c     httpclient_release.a : httpclient.oem4 (.data)
                  2002187c    00000018     freertos_builds_CC3220S_LAUNCHXL_release_ccs.lib : port.obj (.data)
                  20021894    00000014                                                      : pthread.obj (.data:defaultPthreadAttrs)
                  200218a8    00000010     provisioning.obj (.data:Roles)
                  200218b8    00000010     provisioning.obj (.data:WlanStatus)
                  200218c8    00000010     freertos_builds_CC3220S_LAUNCHXL_release_ccs.lib : mqueue.obj (.data:defaultAttrs)
                  200218d8    00000010                                                      : heap_4.obj (.data)
                  200218e8    00000010     CC3220S_LAUNCHXL.obj (.data:gpioCallbackFunctions)
[...]
20013401  _SlInternalSpawn                          
2001345d  calloc                                    
200134b9  frexp                                     
200134b9  frexpl                                    
20013571  pthread_exit                              
20013629  vQueueWaitForMessageRestricted            
20013685  vTaskDelay                                
2001373d  GPIO_setCallback                          
20013795  GPIO_write                                
200137ed  IntPendClear                              
20013845  PRCMPeripheralReset                       
2001389d  Power_releaseDependency                   
200138f5  SlNetSock_recv                            
2001394d  SlNetSock_send                            
200139fd  eTaskConfirmSleepModeStatus               
20013a55  vPortSetupTimerInterrupt                  
20013aad  xQueueCreateCountingSemaphore             
20013b05  xQueueTakeMutexRecursive                  
20013b5d  SemaphoreP_create                         
20013c09  ClockP_delete                             
20013c5d  InitTerm                                  
20013cb1  IntPrioritySet                            
20013d05  _SlDrvRxIrqHandler                        
20013d59  ltoa                                      
20013e01  xTimerCreateTimerTask                     
20013e55  PowerCC32XX_resumeLPDS                    
20013ef9  NwpRegisterInterruptHandler               
20013f49  SlNetIf_queryIf                           
20013f99  _SlDrvCmdSend_noWait                      
20014039  _SlInternalSpawnTaskEntry                 
20014089  _SlNetAppHttpServerHdlr                   
200140d9  _SlNetAppRequestHdlr                      
20014129  pxPortInitialiseStack                     
200141c9  sem_init                                  
20014219  xQueueGiveMutexRecursive                  
20014269  GPIO_enableInt                            
200142b5  NwpWaitForShutDownInd                     
20014301  PowerCC32XX_parkPin                       
20014399  SlNetSock_startSec                        
200143e5  atoi                                      
20014431  initVectors                               
20014561  vPortEnterCritical                        
200145ad  FlashDisable                              
200145f5  HwiP_dispatch                             
2001463d  PRCMLPDSEnter                             
20014685  PRCMPeripheralClkEnable                   
200146cd  Power_releaseConstraint                   
20014715  SlNetSock_connect                         
2001475d  _SlDeviceFatalErrorEvtHdlr                
200147a5  _SlDeviceGeneralEvtHdlr                   
200147ed  _SlDrvSyncObjWaitTimeout                  
20014835  _SlNetAppEvtHdlr                          
2001487d  _SlNetAppRequestMemFree                   
200148c5  _SlSockEvtHdlr                            
2001490d  _SlWlanEvtHdlr                            
20014955  __aeabi_d2iz                              
2001499d  uxListRemove                              
200149e5  RingBuf_put                               
20014a2d  HTTPClient_create                         
20014a71  PRCMLPDSRestoreInfoSet                    
20014ab5  PowerCC32XX_enterLPDS                     
20014af9  SPI_init                                  
20014b3d  UART_init                                 
20014b81  __TI_auto_init_nobinit_nopinit            
20014c09  vTaskStepTick                             
20014c8f  malloc                                    
20014d11  PinModeSet                                
20014d51  RingBuf_get                               
20014d91  SimpleLinkGeneralEventHandler             
20014dd1  SlNetSock_close                           
20014e11  SlNetSock_secAttribSet                    
20014e51  UARTCC32XX_read                           
20014e91  UDMACC32XX_init                           
20014ed1  _SlDrvGlobalObjUnLock                     
20014f11  _SlFindAndReleasePendingCmd               
20014f51  _SlInternalSpawnWaitForEvent              
20014f91  _SlIsEventRegistered                      
20015011  sprintf                                   
20015051  vTaskPlaceOnEventListRestricted           
20015091  vsnprintf                                 
200150d1  ClockP_callbackFxn                        
2001514d  pthread_setcancelstate                    
2001518b  sem_post                                  
200151c9  PRCMSlowClkCtrFastGet                     
20015205  Power_setConstraint                       
20015241  SPI_open                                  
2001527d  UART_open                                 
2001536d  pvTaskGetThreadLocalStoragePointer        
200153e5  usleep                                    
20015421  vListInsertEnd                            
2001550b  HTTPClient_disconnect                     
20015545  PRCMLPDSEnterKeepDebugIf                  
2001557d  SlNetUtil_htonl                           
2001557d  SlNetUtil_ntohl                           
200155ed  printError                                
200156cd  UARTCC32XX_readCancel                     
20015703  strncpy                                   
20015739  PinModeGet                                
2001576d  PowerCC32XX_restoreParkState              
200157a1  SemaphoreP_pend                           
200157d5  SlNetUtil_htons                           
200157d5  SlNetUtil_ntohs                           
20015809  UDMACC32XX_close                          
200158a5  strstr                                    
200158d9  vTaskPlaceOnEventList                     
2001590d  vTaskSetThreadLocalStoragePointer         
20015941  xTimerCreate                              
20015975  PowerCC32XX_restoreParkedPin              
200159a5  StartAsyncEvtTimer                        
20015a05  vListInitialise                           
20015a35  vPortExitCritical                         
20015a65  xTaskGetSchedulerState                    
20015a95  Mutex_create_handle                       
20015ac3  pvTimerGetTimerID                         
20015af1  __aeabi_i2d                               
20015b1f  GetSecureStatus                           
20015b4b  HTTPClient_destroy                        
20015b79  HwiP_disable                              
20015ba5  NwpPowerOn                                
20015bd1  PRCMLPDSIntervalSet                       
20015bfd  PowerCC32XX_getParkState                  
20015c29  SemaphoreP_createBinary                   
20015c55  SlNetUtil_inetPton                        
20015c81  StopAsyncEvtTimer                         
20015cad  _SlDrvSyncObjWaitForever                  
20015cd9  pthread_mutexattr_settype                 
20015d05  strncmp                                   
20015d31  vTaskSetApplicationTaskTag                
20015d5d  xPortSysTickHandler                       
20015d89  xQueueCreateMutex                         
20015db5  xTaskGetApplicationTaskTag                
20015e0b  uxQueueMessagesWaiting                    
20015e35  xTimerGetExpiryTime                       
20015e61  HwiP_inISR                                
20015e89  PRCMLPDSWakeupSourceEnable                
20015eb1  PRCMPeripheralClkDisable                  
20015ed9  Power_registerNotify                      
20015f01  SignalEvent                               
20015f29  SlNetSock_secAttribDelete                 
20015f51  _SlDrvProtectionObjLockWaitForever        
20015f79  _SlDrvProtectionObjUnLock                 
20015fa1  _SlFlowContSet                            
20015fc9  _c_int00_noargs                           
20015ff1  pthread_attr_setschedparam                
20016019  List_put                                  
2001603f  List_remove                               
2001608b  _pthread_cleanup_pop                      
200160d9  IntUnregister                             
200160fd  ProcessRestartRequest                     
20016121  SlNetIf_getConnectionStatus               
20016145  SlNetIf_getIfByID                         
20016169  SlNetSock_getIfID                         
2001618d  _SlDrvIsApiInProgress                     
200161b1  _SlDrvStartMeasureTimeout                 
200161f9  sem_getvalue                              
2001621d  vQueueDelete                              
20016241  vTaskInternalSetTimeOutState              
20016265  SemaphoreP_post                           
20016287  __aeabi_errno_addr                        
200162a9  pthread_attr_setdetachstate               
200162cd  ClockP_getCpuFreq                         
200162ed  HwiP_restore                              
2001630d  IntRegister                               
2001632d  Power_unregisterNotify                    
2001634d  RingBuf_peek                              
2001640d  ClockP_start                              
2001642b  HwiP_Params_init                          
20016449  _SlDrvObjLockWaitForever                  
20016467  _SlDrvObjUnLock                           
20016485  _SlDrvSyncObjSignal                       
200164df  ClockP_Params_init                        
200164fd  Message                                   
20016519  PinToPadGet                               
20016551  _SlInternalIsItSpawnThread                
2001656d  memccpy                                   
20016589  pthread_attr_init                         
200165a5  pthread_mutexattr_init                    
200165c1  pvTaskIncrementMutexHeldCount             
200165f9  PTLS_taskDeleteHook                       
2001662d  pthread_mutex_destroy                     
20016649  HandleDiscnctEvt                          
20016661  Power_idleFunc                            
20016679  StartConnection                           
20016691  UARTBusy                                  
200166a9  UARTIntEnable                             
200166c1  UART_Params_init                          
20016721  free                                      
20016739  __aeabi_lmul                              
20016751  sem_wait                                  
20016769  strcmp                                    
20016781  xTaskGetTickCountFromISR                  
20016799  ClockP_setTimeout                         
200167af  PRCMHIBRegRead                            
200167c5  PRCMHIBRegWrite                           
200167db  PTLS_getBuf                               
200167f1  PTLS_setBuf                               
20016807  SemaphoreP_Params_init                    
2001681d  _SlDrvMemZero                             
20016849  resetISR                                  
20016858  resetVectorAddr                           
2001685f  strchr                                    
20016875  CPUcpsie                                  
20016889  IntVTableBaseSet                          
2001689d  Power_getDependencyCount                  
200168b1  SPI_Params_init                           
200168d9  pthread_attr_setstacksize                 
200168ed  pthread_mutex_lock                        
20016901  pthread_self                              
20016929  sem_destroy                               
2001693d  strcpy                                    
20016951  strlen                                    
20016965  vPortSuppressTicksAndSleep                
20016979  xTaskGetCurrentTaskHandle                 
2001698d  xTaskGetTickCount                         
200169a1  HwiP_delete                               
200169b3  RingBuf_construct                         
200169c5  wcslen                                    
200169d7  ClockP_getSystemTickPeriod                
200169e9  HandleConnection                          
200169f9  SlNetSock_secAttribCreate                 
20016a09  SysTickDisable                            
20016a19  SysTickEnable                             
20016a29  _SlDrvDispatchHttpServerEvents            
20016a39  _SlDrvDispatchNetAppRequestEvents         
20016a49  _SlDrvIsSpawnOwnGlobalLock                
20016a89  vListInitialiseItem                       
20016a99  vTaskSuspendAll                           
20016aa9  CheckLanConnection                        
20016ab7  Power_getTransitionLatency                
20016ac5  RingBuf_isFull                            
20016ad3  _SlDrvResetCmdExt                         
20016ae1  __TI_decompress_none                      
20016afd  spi_Close                                 
20016b0b  AsyncEvtTimerHandler                      
20016b17  CC3220S_LAUNCHXL_initGeneral              
20016b23  CPUwfi                                    
20016b2f  HandleProvisioningTimeOut                 
20016b3b  HandleWaitForIp                           
20016b47  HwiP_clearInterrupt                       
20016b53  HwiP_disableInterrupt                     
20016b5f  HwiP_enableInterrupt                      
20016b6d  NwpMaskInterrupt                          
20016b79  NwpUnMaskInterrupt                        
20016b85  Power_getConstraintMask                   
20016b91  SemaphoreP_delete                         
20016b9d  SimpleLinkHttpServerEventHandler          
20016ba9  SimpleLinkNetAppRequestEventHandler       
20016bb5  _SlDeviceResetRequestInitCompletedCB      
20016bc1  __TI_zero_init                            
20016bd9  uDMAErrorStatusClear                      
20016be5  uDMAErrorStatusGet                        
20016bf1  vTaskMissedYield                          
20016bfd  IntMasterEnable                           
20016c07  SPI_close                                 
20016c11  SPI_transfer                              
20016c1b  SimpleLinkNetAppRequestMemFreeEventHandler
20016c25  UART_control                              
20016c2f  UART_writePolling                         
20016c43  sl_Task                                   
20016c4d  vApplicationStackOverflowHook             
20016c57  ClockP_getSystemTicks                     
20016c5f  PRCMSleepEnter                            
20016c67  TimerGetCurrentTimestamp                  
20016c77  copysign                                  
20016c77  copysignl                                 
20016c8f  SPICC32XXDMA_control                      
20016c95  UtilsDelay                                
20016c9b  CheckInternetConnection                   
20016c9f  DoNothing                                 
20016ca3  IsActiveExternalConfiguration             
20016ca7  ProcessStartRequest                       
20016cab  SPICC32XXDMA_init                         
20016caf  _system_pre_init                          
20016cb3  C$$EXIT                                   
20016cb3  abort                                     
20016cb8  __TI_static_base__                        
20016eac  __TI_Handler_Table_Base                   
20016eb8  __TI_Handler_Table_Limit                  
20016ec0  __TI_CINIT_Base                           
20016ed0  __TI_CINIT_Limit                          
2001f400  g_CB                                      
2001f7fc  PowerCC32XX_contextSave                   
2001f928  uartCC3220SObjects                        
2001faf8  spiCC3220SDMAObjects                      
2001fc00  uartCC3220SRingBuffer                     
2001fc6c  GlobalLockObj                             
2001fc98  g_SlInternalSpawnCB                       
2001fd94  DeviceCB                                  
2001fda0  Msg                                       
2001fdc4  spiCC3220SDMAscratchBuf                   
2001fdcc  udmaCC3220SObject                         
2001fddc  gProvisioningSMQueue                      
2001fde0  gTimer                                    
2001fde4  RxIrqCnt                                  
2001fde5  g_CurrentState                            
2001fde8  gTransitionTable                          
20020310  _ctypes_                                  
20020690  spiCC3220SDMAHWAttrs                      
20020708  OpcodeTranslateTable                      
20020778  _SlActionLookupTable                      
200207d0  uartCC3220SHWAttrs                        
20020818  PowerCC32XX_config                        
200208c0  UARTCC32XX_fxnTable                       
200208e8  UART_defaultParams                        
20020970  SPI_defaultParams                         
200209d0  SPICC32XXDMA_fxnTable                     
200209e8  SPI_config                                
20020a00  UART_config                               
20020ad8  GPIOCC32XX_config                         
20020b58  ADC_count                                 
20020b59  Capture_count                             
20020b5a  CryptoCC32XX_count                        
20020b5b  Display_count                             
20020b5c  I2C_count                                 
20020b5d  I2S_count                                 
20020b5e  PWM_count                                 
20020b5f  SDFatFS_count                             
20020b60  SD_count                                  
20020b61  SPI_count                                 
20020b62  Timer_count                               
20020b63  UART_count                                
20020b64  Watchdog_count                            
20020b8c  udmaCC3220SHWAttrs                        
20020ba0  UDMACC32XX_config                         
20020ba8  ulMaxSyscallInterruptPriority             
20020bc8  outPinTypes                               
20020bde  inPinTypes                                
20020be4  outPinStrengths                           
20020bfa  _SlNetAppSendResponseCmdCtrl              
20020bfe  _SlNetAppSendTokenValueCmdCtrl            
20020c06  _SlProvisioningCmdCtrl                    
20020c28  HwiP_dispatchTable                        
20021428  PowerCC32XX_module                        
20021594  parkInfo                                  
20021794  pxCurrentTCB                              
200217c8  httpThread                                
200217cc  gProvisioningThread                       
200217d0  gDisplayThread                            
200217d4  gSpawnThread                              
200217d8  gIsWlanConnected                          
200217d9  gStopInProgress                           
200217dc  gPingSent                                 
200217e0  gPingSuccess                              
200217e4  gRole                                     
200217e6  gLedCount                                 
200217e8  gLedState                                 
200217ec  gErrledCount                              
200217f0  gErrLedState                              
200217f1  gWaitForConn                              
200217f2  gLedDisplayState                          
200217f4  g_LibsEvents                              
20021818  g_UserEvents                              
2002183c  gpioPinConfigs                            
20021860  HTTP_METHOD_GET                           
20021864  HTTP_METHOD_POST                          
20021868  HTTP_METHOD_HEAD                          
2002186c  HTTP_METHOD_OPTIONS                       
20021870  HTTP_METHOD_PUT                           
20021874  HTTP_METHOD_DELETE                        
20021878  HTTP_METHOD_CONNECT                       
200218a8  Roles                                     
200218b8  WlanStatus                                
200218e8  gpioCallbackFunctions                     
20021920  gGlobalLockCntRequested                   
20021921  gGlobalLockCntReleased                    
20021922  g_SlDeviceStatus                          
20021924  g_pCB                                     
20021928  pPingCallBackFunc                         
20021964  g_intHandle                               
ffffffff  __TI_pprof_out_hndl                       
ffffffff  __TI_prof_data_size                       
ffffffff  __TI_prof_data_start                      
ffffffff  __binit__                                 
ffffffff  __c_args__                                
ffffffff  binit                                     
UNDEFED   __mpu_init                                
UNDEFED   _system_post_cinit                        

[561 symbols]
