******************************************************************************
                  TI ARM Linker PC v18.1.4                     
******************************************************************************
>> Linked Tue Mar 12 14:23:58 2019

OUTPUT FILE NAME:   <solarMonitor_CC3220S_LAUNCHXL_freertos_ccs.out>
ENTRY POINT SYMBOL: "resetISR"  address: 20016451


MEMORY CONFIGURATION

         name            origin    length      used     unused   attr    fill
----------------------  --------  ---------  --------  --------  ----  --------
  SRAM2                 20000000   00004000  0000070c  000038f4  RW X
  SRAM                  20004000   0003c000  0001d10e  0001eef2  RW X


SEGMENT ALLOCATION MAP

run origin  load origin   length   init length attrs members
----------  ----------- ---------- ----------- ----- -------
20003c00    20003c00    00000400   00000000    rw-
  20003c00    20003c00    00000400   00000000    rw- .stack
20004000    20004000    00012a40   00012a40    r-x
  20004000    20004000    00000040   00000040    r-- .resetVecs
  20004040    20004040    0001286c   0001286c    r-x .text
  200168b0    200168b0    00000190   00000190    r-- .cinit
20016c00    20016c00    00009ab0   00000000    rw-
  20016c00    20016c00    00008e44   00000000    rw- .bss
  2001fa44    2001fa44    00000c6c   00000000    rw- .data
200206b0    200206b0    00000c22   00000c22    r--
  200206b0    200206b0    00000c22   00000c22    r-- .const


SECTION ALLOCATION MAP

 output                                  attributes/
section   page    origin      length       input sections
--------  ----  ----------  ----------   ----------------
.text      0    20004040    0001286c     
                  20004040    00000a4a     rtsv7M4_T_le_eabi.lib : _printfi.c.obj (.text:__TI_printfi)
                  20004a8a    00000002     driverlib.a : interrupt.obj (.text:IntDefaultHandler)
                  20004a8c    00000928     simplelink.a : driver.obj (.text:_SlDrvMsgRead)
                  200053b4    00000778     provisioning.obj (.text:SimpleLinkWlanEventHandler)
                  20005b2c    000004b0     simplelink.a : sl_socket.obj (.text:_SlSocketHandleAsync_Select)
                  20005fdc    0000042c     driverlib.a : prcm.obj (.text:PRCMCC3200MCUInit)
                  20006408    00000384     simplelink.a : driver.obj (.text:_SlDrvMsgWrite)
                  2000678c    00000380     provisioning.obj (.text:ProvisioningStart)
                  20006b0c    000002e0     simplelink.a : driver.obj (.text:_SlDrvWaitForPoolObj)
                  20006dec    000002d8                  : driver.obj (.text:_SlDrvRxHdrRead)
                  200070c4    000002b4                  : sl_socket.obj (.text:sl_Select)
                  20007378    00000294                  : driver.obj (.text:_SlDrvReleasePoolObj)
                  2000760c    00000278     drivers_cc32xx.aem4 : UARTCC32XX.oem4 (.text:UARTCC32XX_open)
                  20007884    00000278     freertos_builds_CC3220S_LAUNCHXL_release_ccs.lib : mqueue.obj (.text:mq_open)
                  20007afc    00000274     simplelink.a : driver.obj (.text:_SlDrvDataReadOp)
                  20007d70    00000268     rtsv7M4_T_le_eabi.lib : _printfi.c.obj (.text:_pconv_a)
                  20007fd8    00000224     simplelink.a : driver.obj (.text:_SlDrvDriverCBInit)
                  200081fc    00000218                  : driver.obj (.text:_SlDrvDataWriteOp)
                  20008414    000001f4                  : driver.obj (.text:_SlDrvMsgReadCmdCtx)
                  20008608    000001f2                  : netapp.obj (.text:_SlNetAppEventHandler)
                  200087fa    00000002     freertos_builds_CC3220S_LAUNCHXL_release_ccs.lib : PowerCC32XX_freertos.obj (.text:PowerCC32XX_initPolicy)
                  200087fc    000001e4     simplelink.a : netapp.obj (.text:sl_NetAppPing)
                  200089e0    000001e1     provisioning.obj (.text:SimpleLinkFatalErrorEventHandler)
                  20008bc1    00000001     --HOLE-- [fill = 0]
                  20008bc2    00000002     external_provisioning_conf.obj (.text:StopExternalProvisioning)
                  20008bc4    000001dc     provisioning.obj (.text:HandleUserApplication)
                  20008da0    000001d8     drivers_cc32xx.aem4 : GPIOCC32XX.oem4 (.text:GPIO_setConfig)
                  20008f78    000001d4     freertos_builds_CC3220S_LAUNCHXL_release_ccs.lib : timer.obj (.text:timer_settime)
                  2000914c    000001d0     drivers_cc32xx.aem4 : SPICC32XXDMA.oem4 (.text:SPICC32XXDMA_transfer)
                  2000931c    000001d0     provisioning.obj (.text:SimpleLinkNetAppEventHandler)
                  200094ec    000001d0     freertos_builds_CC3220S_LAUNCHXL_release_ccs.lib : queue.obj (.text:xQueueSemaphoreTake)
                  200096bc    000001cc     rtsv7M4_T_le_eabi.lib : _printfi.c.obj (.text:_pconv_g)
                  20009888    000001c0     provisioning.obj (.text:ProvisioningTask)
                  20009a48    000001bc     simplelink.a : device.obj (.text:sl_Stop)
                  20009c04    000001b8     drivers_cc32xx.aem4 : SPICC32XXDMA.oem4 (.text:configDMA)
                  20009dbc    000001b8     freertos_builds_CC3220S_LAUNCHXL_release_ccs.lib : queue.obj (.text:xQueueGenericSend)
                  20009f74    000001b6     rtsv7M4_T_le_eabi.lib : fd_add_t2.asm.obj (.text)
                  2000a12a    00000002     drivers_cc32xx.aem4 : UARTCC32XX.oem4 (.text:UARTCC32XX_init)
                  2000a12c    000001b4     simplelink.a : driver.obj (.text:_SlDrvReleaseAllActivePendingPoolObj)
                  2000a2e0    000001b4                  : sl_socket.obj (.text:sl_Accept)
                  2000a494    000001b0     freertos_builds_CC3220S_LAUNCHXL_release_ccs.lib : PowerCC32XX_freertos.obj (.text:PowerCC32XX_sleepPolicy)
                  2000a644    0000018c     simplelink.a : sl_socket.obj (.text:_SlDrvRegisterForSelectAsync)
                  2000a7d0    00000184                  : driver.obj (.text:_SlDrvFindAndSetActiveObj)
                  2000a954    00000184                  : sl_socket.obj (.text:sl_Connect)
                  2000aad8    0000017c     freertos_builds_CC3220S_LAUNCHXL_release_ccs.lib : queue.obj (.text:xQueueReceive)
                  2000ac54    00000178                                                      : heap_4.obj (.text:pvPortMalloc)
                  2000adcc    00000170     provisioning.obj (.text:SimpleLinkInitCallback)
                  2000af3c    00000168     simplelink.a : netapp.obj (.text:sl_NetAppDnsGetHostByName)
                  2000b0a4    00000158     drivers_cc32xx.aem4 : SPICC32XXDMA.oem4 (.text:SPICC32XXDMA_open)
                  2000b1fc    00000154     simplelink.a : sl_socket.obj (.text:sl_RecvFrom)
                  2000b350    00000148     drivers_cc32xx.aem4 : PowerCC32XX.oem4 (.text:parkPins)
                  2000b498    00000140     simplelink.a : driver.obj (.text:_SlDrvMsgReadSpawnCtx)
                  2000b5d8    0000013c                  : driver.obj (.text:_SlDrvDriverCBDeinit)
                  2000b714    0000013c     rtsv7M4_T_le_eabi.lib : _printfi.c.obj (.text:_pconv_e)
                  2000b850    00000138     freertos_builds_CC3220S_LAUNCHXL_release_ccs.lib : pthread.obj (.text:pthread_create)
                  2000b988    00000138                                                      : tasks.obj (.text:xTaskIncrementTick)
                  2000bac0    00000136     rtsv7M4_T_le_eabi.lib : fd_div_t2.asm.obj (.text)
                  2000bbf6    00000002     freertos_builds_CC3220S_LAUNCHXL_release_ccs.lib : startup_cc32xx_ccs.obj (.text:busFaultHandler)
                  2000bbf8    00000130     simplelink.a : sl_socket.obj (.text:_SlDrvGetNextTimeoutValue)
                  2000bd28    0000012c     provisioning.obj (.text:SendPingToGW)
                  2000be54    00000128     simplelink.a : driver.obj (.text:_SlDrvClassifyRxMsg)
                  2000bf7c    00000124     provisioning.obj (.text:mainThread)
                  2000c0a0    00000124     simplelink.a : fs.obj (.text:sl_FsOpen)
                  2000c1c4    00000120     drivers_cc32xx.aem4 : UARTCC32XX.oem4 (.text:UARTCC32XX_close)
                  2000c2e4    00000120     simplelink.a : driver.obj (.text:_SlDrvAsyncEventGenericHandler)
                  2000c404    00000120     rtsv7M4_T_le_eabi.lib : _printfi.c.obj (.text:fcvt)
                  2000c524    0000011c     freertos_builds_CC3220S_LAUNCHXL_release_ccs.lib : tasks.obj (.text:prvInitialiseNewTask)
                  2000c640    0000011c     simplelink.a : device.obj (.text:sl_Start)
                  2000c75c    0000011c     freertos_builds_CC3220S_LAUNCHXL_release_ccs.lib : tasks.obj (.text:xTaskResumeAll)
                  2000c878    00000118     drivers_cc32xx.aem4 : PowerCC32XX.oem4 (.text:Power_sleep)
                  2000c990    00000118     simplelink.a : netapp.obj (.text:_SlNetAppHandleAsync_DnsGetHostByService)
                  2000caa8    00000118     freertos_builds_CC3220S_LAUNCHXL_release_ccs.lib : timers.obj (.text:prvProcessReceivedCommands)
                  2000cbc0    00000110                                                      : tasks.obj (.text:vTaskPriorityDisinheritAfterTimeout)
                  2000ccd0    00000104     simplelink.a : device.obj (.text:_SlDeviceEventHandler)
                  2000cdd4    00000104                  : driver.obj (.text:_SlDrvCmdOp)
                  2000ced8    00000102     freertos_builds_CC3220S_LAUNCHXL_release_ccs.lib : queue.obj (.text:xQueueGenericSendFromISR)
                  2000cfda    00000002                                                      : startup_cc32xx_ccs.obj (.text:defaultHandler)
                  2000cfdc    00000100     simplelink.a : driver.obj (.text:_SlDrvObjGlobalLockWaitForever)
                  2000d0dc    00000100                  : sl_socket.obj (.text:sl_Close)
                  2000d1dc    00000100                  : fs.obj (.text:sl_FsWrite)
                  2000d2dc    00000100     spi_test.obj (.text:testSPITask)
                  2000d3dc    000000fd     provisioning.obj (.text:SimpleLinkSockEventHandler)
                  2000d4d9    00000001     --HOLE-- [fill = 0]
                  2000d4da    000000fc     rtsv7M4_T_le_eabi.lib : fd_mul_t2.asm.obj (.text)
                  2000d5d6    00000002     freertos_builds_CC3220S_LAUNCHXL_release_ccs.lib : startup_cc32xx_ccs.obj (.text:faultISR)
                  2000d5d8    000000fc                                                      : tasks.obj (.text:vTaskSuspend)
                  2000d6d4    000000f8     slnetifwifi.a : slnetifwifi.obj (.text:SlNetIfWifi_loadSecObj)
                  2000d7cc    000000f8     freertos_builds_CC3220S_LAUNCHXL_release_ccs.lib : tasks.obj (.text:vTaskDelete)
                  2000d8c4    000000f4     simplelink.a : sl_socket.obj (.text:sl_SendTo)
                  2000d9b8    000000f2     drivers_cc32xx.aem4 : SPICC32XXDMA.oem4 (.text:SPICC32XXDMA_transferCancel)
                  2000daaa    000000f2                         : UARTCC32XX.oem4 (.text:UARTCC32XX_control)
                  2000db9c    000000ee     freertos_builds_CC3220S_LAUNCHXL_release_ccs.lib : queue.obj (.text:xQueueGiveFromISR)
                  2000dc8a    00000002                                                      : startup_cc32xx_ccs.obj (.text:nmiISR)
                  2000dc8c    000000e8     slnetsock_release.a : slnetif.oem4 (.text:SlNetIf_add)
                  2000dd74    000000e8     freertos_builds_CC3220S_LAUNCHXL_release_ccs.lib : tasks.obj (.text:xTaskPriorityInherit)
                  2000de5c    000000e0     simplelink.a : driver.obj (.text:_SlSpawnMsgListInsert)
                  2000df3c    000000e0     freertos_builds_CC3220S_LAUNCHXL_release_ccs.lib : tasks.obj (.text:xTaskPriorityDisinherit)
                  2000e01c    000000dc                                                      : tasks.obj (.text:vTaskSwitchContext)
                  2000e0f8    000000d8     drivers_cc32xx.aem4 : SPICC32XXDMA.oem4 (.text:SPICC32XXDMA_close)
                  2000e1d0    000000d8     simplelink.a : device.obj (.text:_SlDeviceHandleAsync_InitComplete)
                  2000e2a8    000000d8                  : driver.obj (.text:_SlDrvWaitForInternalAsyncEvent)
                  2000e380    000000d8                  : netapp.obj (.text:_SlNetAppHandleAsync_NetAppReceive)
                  2000e458    000000d6     freertos_builds_CC3220S_LAUNCHXL_release_ccs.lib : queue.obj (.text:xQueueReceiveFromISR)
                  2000e52e    00000002     rtsv7M4_T_le_eabi.lib : div0.asm.obj (.text)
                  2000e530    000000d4     simplelink.a : sl_socket.obj (.text:sl_StartTLS)
                  2000e604    000000d0                  : driver.obj (.text:_SlDrvRemoveFromList)
                  2000e6d4    000000d0     rtsv7M4_T_le_eabi.lib : s_scalbn.c.obj (.text:scalbn)
                  2000e7a4    000000c8     simplelink.a : sl_socket.obj (.text:_SlSocketHandleAsync_StartTLS)
                  2000e86c    000000c8     drivers_cc32xx.aem4 : SPICC32XXDMA.oem4 (.text:spiHwiFxn)
                  2000e934    000000c4                         : GPIOCC32XX.oem4 (.text:GPIO_init)
                  2000e9f8    000000c4     freertos_builds_CC3220S_LAUNCHXL_release_ccs.lib : tasks.obj (.text:prvAddNewTaskToReadyList)
                  2000eabc    000000c2     drivers_cc32xx.aem4 : UARTCC32XX.oem4 (.text:UARTCC32XX_write)
                  2000eb7e    00000002     main_freertos.obj (.text:vApplicationMallocFailedHook)
                  2000eb80    000000c0     simplelink.a : cc_pal.obj (.text:NwpPowerOff)
                  2000ec40    000000c0                  : netcfg.obj (.text:sl_NetCfgGet)
                  2000ed00    000000c0     freertos_builds_CC3220S_LAUNCHXL_release_ccs.lib : port.obj (.text:xPortStartScheduler)
                  2000edc0    000000be                                                      : queue.obj (.text:prvCopyDataToQueue)
                  2000ee7e    00000002     --HOLE-- [fill = 0]
                  2000ee80    000000bc     simplelink.a : netapp.obj (.text:_SlNetAppSendResponse)
                  2000ef3c    000000bc     freertos_builds_CC3220S_LAUNCHXL_release_ccs.lib : heap_4.obj (.text:prvHeapInit)
                  2000eff8    000000bc     simplelink.a : sl_socket.obj (.text:sl_Send)
                  2000f0b4    000000bc                  : wlan.obj (.text:sl_WlanProvisioning)
                  2000f170    000000ba     drivers_cc32xx.aem4 : UARTCC32XX.oem4 (.text:UARTCC32XX_readPolling)
                  2000f22a    00000002     --HOLE-- [fill = 0]
                  2000f22c    000000ba     freertos_builds_CC3220S_LAUNCHXL_release_ccs.lib : portasm.obj (.text)
                  2000f2e6    00000002     --HOLE-- [fill = 0]
                  2000f2e8    000000b8     simplelink.a : netapp.obj (.text:_SlNetAppHandleAsync_DnsGetHostByName)
                  2000f3a0    000000b8                  : netapp.obj (.text:_SlNetAppHandleAsync_PingResponse)
                  2000f458    000000b8     drivers_cc32xx.aem4 : UARTCC32XX.oem4 (.text:initHw)
                  2000f510    000000b8     freertos_builds_CC3220S_LAUNCHXL_release_ccs.lib : timers.obj (.text:prvSwitchTimerLists)
                  2000f5c8    000000b8     simplelink.a : device.obj (.text:sl_DeviceGet)
                  2000f680    000000b8                  : wlan.obj (.text:sl_WlanGet)
                  2000f738    000000b8     freertos_builds_CC3220S_LAUNCHXL_release_ccs.lib : timer.obj (.text:timer_create)
                  2000f7f0    000000b8                                                      : queue.obj (.text:xQueueGenericReset)
                  2000f8a8    000000b6     drivers_cc32xx.aem4 : UARTCC32XX.oem4 (.text:readTaskCallback)
                  2000f95e    00000002     --HOLE-- [fill = 0]
                  2000f960    000000b4     simplelink.a : driver.obj (.text:_SlDrvHandleFatalError)
                  2000fa14    000000b4                  : netutil.obj (.text:_SlNetUtilHandleAsync_Cmd)
                  2000fac8    000000b4     freertos_builds_CC3220S_LAUNCHXL_release_ccs.lib : clock.obj (.text:_clock_abstime2ticks)
                  2000fb7c    000000b4     simplelink.a : sl_socket.obj (.text:sl_GetSockOpt)
                  2000fc30    000000b1     rtsv7M4_T_le_eabi.lib : _printfi.c.obj (.text:_ltostr)
                  2000fce1    00000003     --HOLE-- [fill = 0]
                  2000fce4    000000b0     slnetifwifi.a : slnetifwifi.obj (.text:SlNetIfWifi_getSockOpt)
                  2000fd94    000000b0     freertos_builds_CC3220S_LAUNCHXL_release_ccs.lib : tasks.obj (.text:prvAddCurrentTaskToDelayedList)
                  2000fe44    000000b0                                                      : tasks.obj (.text:xTaskCheckForTimeOut)
                  2000fef4    000000ae     slnetifwifi.a : slnetifwifi.obj (.text:matchModeByRole)
                  2000ffa2    000000ae     drivers_cc32xx.aem4 : UARTCC32XX.oem4 (.text:readIsrTextBlocking)
                  20010050    000000ac     simplelink.a : sl_socket.obj (.text:_SlSocketHandleAsync_Close)
                  200100fc    000000ac                  : sl_socket.obj (.text:_SlSocketHandleAsync_Connect)
                  200101a8    000000ac     freertos_builds_CC3220S_LAUNCHXL_release_ccs.lib : clock.obj (.text:clock_gettime)
                  20010254    000000ac     drivers_cc32xx.aem4 : PowerCC32XX.oem4 (.text:restoreParkedPins)
                  20010300    000000aa     uart_term.obj (.text:Report)
                  200103aa    000000aa     freertos_builds_CC3220S_LAUNCHXL_release_ccs.lib : queue.obj (.text:prvUnlockQueue)
                  20010454    000000a8     driverlib.a : interrupt.obj (.text:IntDisable)
                  200104fc    000000a8                 : interrupt.obj (.text:IntEnable)
                  200105a4    000000a8                 : prcm.obj (.text:PRCMPeripheralClockGet)
                  2001064c    000000a8     drivers_cc32xx.aem4 : PowerCC32XX.oem4 (.text:PowerCC32XX_configureWakeup)
                  200106f4    000000a8     freertos_builds_CC3220S_LAUNCHXL_release_ccs.lib : heap_4.obj (.text:prvInsertBlockIntoFreeList)
                  2001079c    000000a8     drivers_cc32xx.aem4 : UARTCC32XX.oem4 (.text:readTaskBlocking)
                  20010844    000000a8     simplelink.a : fs.obj (.text:sl_FsClose)
                  200108ec    000000a8     freertos_builds_CC3220S_LAUNCHXL_release_ccs.lib : tasks.obj (.text:xTaskRemoveFromEventList)
                  20010994    000000a5     provisioning.obj (.text:SetSecuredAP)
                  20010a39    00000003     --HOLE-- [fill = 0]
                  20010a3c    000000a4     simplelink.a : sl_socket.obj (.text:sl_Bind)
                  20010ae0    000000a2     drivers_cc32xx.aem4 : UARTCC32XX.oem4 (.text:readIsrTextCallback)
                  20010b82    000000a2                         : UARTCC32XX.oem4 (.text:writeData)
                  20010c24    000000a0     freertos_builds_CC3220S_LAUNCHXL_release_ccs.lib : ClockP_freertos.obj (.text:ClockP_create)
                  20010cc4    000000a0     simplelink.a : fs.obj (.text:FsGetCreateFsMode)
                  20010d64    000000a0                  : sl_socket.obj (.text:_SlDrvUnRegisterForSelectAsync)
                  20010e04    000000a0                  : driver.obj (.text:_SlSpawnMsgListProcess)
                  20010ea4    0000009e                  : cc_pal.obj (.text:spi_Read)
                  20010f42    0000009e                  : cc_pal.obj (.text:spi_Write)
                  20010fe0    0000009c     rtsv7M4_T_le_eabi.lib : memcpy_t2.asm.obj (.text)
                  2001107c    0000009c     freertos_builds_CC3220S_LAUNCHXL_release_ccs.lib : heap_4.obj (.text:vPortFree)
                  20011118    00000098     drivers_cc32xx.aem4 : GPIOCC32XX.oem4 (.text:powerNotifyFxn)
                  200111b0    00000096     rtsv7M4_T_le_eabi.lib : ull_div_t2.asm.obj (.text)
                  20011246    00000002     --HOLE-- [fill = 0]
                  20011248    00000094     simplelink.a : cc_pal.obj (.text:Semaphore_pend_handle)
                  200112dc    00000094     drivers_cc32xx.aem4 : SPICC32XXDMA.oem4 (.text:initHw)
                  20011370    00000094     freertos_builds_CC3220S_LAUNCHXL_release_ccs.lib : tasks.obj (.text:vTaskStartScheduler)
                  20011404    00000090     simplelink.a : device.obj (.text:_SlDeviceHandleAsync_Stop)
                  20011494    00000090                  : sl_socket.obj (.text:_SlSocketHandleAsync_Accept)
                  20011524    00000090     drivers_cc32xx.aem4 : PowerCC32XX.oem4 (.text:restoreNVICRegs)
                  200115b4    0000008e     provisioning.obj (.text:DisplayBanner)
                  20011642    00000002     --HOLE-- [fill = 0]
                  20011644    0000008c     simplelink.a : driver.obj (.text:_SlDrvDriverIsApiAllowed)
                  200116d0    0000008c     freertos_builds_CC3220S_LAUNCHXL_release_ccs.lib : clock.obj (.text:_clock_gettimeMono)
                  2001175c    0000008c     simplelink.a : sl_socket.obj (.text:sl_Recv)
                  200117e8    00000088     driverlib.a : pin.obj (.text:PinConfigSet)
                  20011870    00000088     simplelink.a : driver.obj (.text:_SlDrvProtectAsyncRespSetting)
                  200118f8    00000088     freertos_builds_CC3220S_LAUNCHXL_release_ccs.lib : mqueue.obj (.text:mq_receive)
                  20011980    00000086     simplelink.a : driver.obj (.text:_SlDrvIsTimeoutExpired)
                  20011a06    00000086     rtsv7M4_T_le_eabi.lib : fd_cmp_t2.asm.obj (.text:__aeabi_cdcmple)
                  20011a8c    00000086                           : fd_cmp_t2.asm.obj (.text:__aeabi_cdrcmple)
                  20011b12    00000086     freertos_builds_CC3220S_LAUNCHXL_release_ccs.lib : mqueue.obj (.text:mq_send)
                  20011b98    00000084     drivers_cc32xx.aem4 : PowerCC32XX.oem4 (.text:Power_init)
                  20011c1c    00000084     slnetifwifi.a : slnetifwifi.obj (.text:SlNetIfWifi_sockstartSec)
                  20011ca0    00000084     freertos_builds_CC3220S_LAUNCHXL_release_ccs.lib : timers.obj (.text:prvProcessTimerOrBlockTask)
                  20011d24    00000084     drivers_cc32xx.aem4 : PowerCC32XX.oem4 (.text:saveNVICRegs)
                  20011da8    00000084     simplelink.a : sl_socket.obj (.text:sl_SetSockOpt)
                  20011e2c    00000084                  : wlan.obj (.text:sl_WlanSet)
                  20011eb0    00000084     freertos_builds_CC3220S_LAUNCHXL_release_ccs.lib : timers.obj (.text:xTimerGenericCommand)
                  20011f34    00000080     drivers_cc32xx.aem4 : PowerCC32XX.oem4 (.text:Power_setDependency)
                  20011fb4    00000080     provisioning.obj (.text:setDeviceTime)
                  20012034    00000080     simplelink.a : device.obj (.text:sl_DeviceSet)
                  200120b4    00000080     freertos_builds_CC3220S_LAUNCHXL_release_ccs.lib : timer.obj (.text:timer_gettime)
                  20012134    0000007c     drivers_cc32xx.aem4 : UDMACC32XX.oem4 (.text:UDMACC32XX_open)
                  200121b0    0000007c                         : UARTCC32XX.oem4 (.text:readIsrBinaryBlocking)
                  2001222c    0000007a     freertos_builds_CC3220S_LAUNCHXL_release_ccs.lib : pthread.obj (.text:removeThreadKeys)
                  200122a6    0000007a     rtsv7M4_T_le_eabi.lib : memset_t2.asm.obj (.text)
                  20012320    0000007a     freertos_builds_CC3220S_LAUNCHXL_release_ccs.lib : tasks.obj (.text:xTaskCreate)
                  2001239a    00000002     --HOLE-- [fill = 0]
                  2001239c    00000078     provisioning.obj (.text:FactoryIndicationLed)
                  20012414    00000078     drivers_cc32xx.aem4 : GPIOCC32XX.oem4 (.text:GPIO_hwiIntFxn)
                  2001248c    00000078     provisioning.obj (.text:UpdateLedDisplay)
                  20012504    00000078     freertos_builds_CC3220S_LAUNCHXL_release_ccs.lib : timers.obj (.text:prvInsertTimerInActiveList)
                  2001257c    00000078     drivers_cc32xx.aem4 : UARTCC32XX.oem4 (.text:readIsrBinaryCallback)
                  200125f4    00000078     simplelink.a : sl_socket.obj (.text:sl_Socket)
                  2001266c    00000074     provisioning.obj (.text:HandleProvisioningComplete)
                  200126e0    00000074     drivers_cc32xx.aem4 : UARTCC32XX.oem4 (.text:UARTCC32XX_hwiIntFxn)
                  20012754    00000074     freertos_builds_CC3220S_LAUNCHXL_release_ccs.lib : tasks.obj (.text:prvInitialiseTaskLists)
                  200127c8    00000074                                                      : pthread_mutex.obj (.text:pthread_mutex_init)
                  2001283c    00000074                                                      : port.obj (.text:vPortValidateInterruptPriority)
                  200128b0    00000070     simplelink.a : driver.obj (.text:_SlDrvCmdSend_noLock)
                  20012920    00000070     freertos_builds_CC3220S_LAUNCHXL_release_ccs.lib : timers.obj (.text:prvProcessExpiredTimer)
                  20012990    00000070                                                      : ClockP_freertos.obj (.text:setClockObjTimeout)
                  20012a00    0000006e     rtsv7M4_T_le_eabi.lib : _printfi.c.obj (.text:_mcpy)
                  20012a6e    00000002     --HOLE-- [fill = 0]
                  20012a70    0000006c     provisioning.obj (.text:ReportError)
                  20012adc    0000006c     simplelink.a : device.obj (.text:_SlDeviceHandleResetRequestInternally)
                  20012b48    0000006c                  : sl_socket.obj (.text:_SlDrvOpenCtrlSocket)
                  20012bb4    0000006c                  : netapp.obj (.text:_SlNetAppSendTokenValue)
                  20012c20    00000068     provisioning.obj (.text:ErrorLedDisplay)
                  20012c88    00000068     simplelink.a : driver.obj (.text:_SlSpawnMsgListGetCount)
                  20012cf0    00000068     rtsv7M4_T_le_eabi.lib : copy_decompress_lzss.c.obj (.text:decompress:lzss:__TI_decompress_lzss)
                  20012d58    00000068     main_freertos.obj (.text:main)
                  20012dc0    00000068     simplelink.a : cc_pal.obj (.text:spi_Open)
                  20012e28    00000066     drivers_cc32xx.aem4 : UARTCC32XX.oem4 (.text:UARTCC32XX_writeCancel)
                  20012e8e    00000066     freertos_builds_CC3220S_LAUNCHXL_release_ccs.lib : memory.obj (.text:realloc)
                  20012ef4    00000066                                                      : list.obj (.text:vListInsert)
                  20012f5a    00000066                                                      : queue.obj (.text:xQueueGenericCreate)
                  20012fc0    00000064                                                      : ClockP_freertos.obj (.text:ClockP_stop)
                  20013024    00000064     drivers_cc32xx.aem4 : PowerCC32XX.oem4 (.text:PowerCC32XX_setParkState)
                  20013088    00000064     freertos_builds_CC3220S_LAUNCHXL_release_ccs.lib : pthread_mutex.obj (.text:acquireMutex)
                  200130ec    00000064                                                      : tasks.obj (.text:prvGetExpectedIdleTime)
                  20013150    00000062     drivers_cc32xx.aem4 : UARTCC32XX.oem4 (.text:UARTCC32XX_writePolling)
                  200131b2    00000002     --HOLE-- [fill = 0]
                  200131b4    00000060     freertos_builds_CC3220S_LAUNCHXL_release_ccs.lib : HwiPCC32XX_freertos.obj (.text:HwiP_create)
                  20013214    00000060     driverlib.a : prcm.obj (.text:PRCMSysResetCauseGet)
                  20013274    00000060     freertos_builds_CC3220S_LAUNCHXL_release_ccs.lib : pthread_mutex.obj (.text:pthread_mutex_unlock)
                  200132d4    0000005e     slnetifwifi.a : slnetifwifi.obj (.text:SlNetIfWifi_setSockOpt)
                  20013332    0000005e     freertos_builds_CC3220S_LAUNCHXL_release_ccs.lib : semaphore.obj (.text:sem_timedwait)
                  20013390    0000005c     simplelink.a : spawn.obj (.text:_SlInternalSpawn)
                  200133ec    0000005c     rtsv7M4_T_le_eabi.lib : s_frexp.c.obj (.text:frexp)
                  20013448    0000005c     freertos_builds_CC3220S_LAUNCHXL_release_ccs.lib : tasks.obj (.text:prvIdleTask)
                  200134a4    0000005c                                                      : pthread.obj (.text:pthread_exit)
                  20013500    0000005c                                                      : queue.obj (.text:vQueueWaitForMessageRestricted)
                  2001355c    0000005c                                                      : tasks.obj (.text:vTaskDelay)
                  200135b8    0000005a                                                      : timers.obj (.text:prvInitialiseNewTimer)
                  20013612    00000002     --HOLE-- [fill = 0]
                  20013614    00000058     drivers_cc32xx.aem4 : GPIOCC32XX.oem4 (.text:GPIO_setCallback)
                  2001366c    00000058                         : GPIOCC32XX.oem4 (.text:GPIO_write)
                  200136c4    00000058     driverlib.a : interrupt.obj (.text:IntPendClear)
                  2001371c    00000058                 : prcm.obj (.text:PRCMPeripheralReset)
                  20013774    00000058     drivers_cc32xx.aem4 : PowerCC32XX.oem4 (.text:Power_releaseDependency)
                  200137cc    00000058     simplelink.a : sl_socket.obj (.text:_SlDrvClearCtrlSocket)
                  20013824    00000058     freertos_builds_CC3220S_LAUNCHXL_release_ccs.lib : tasks.obj (.text:eTaskConfirmSleepModeStatus)
                  2001387c    00000058     simplelink.a : sl_socket.obj (.text:sl_Listen)
                  200138d4    00000058     freertos_builds_CC3220S_LAUNCHXL_release_ccs.lib : port.obj (.text:vPortSetupTimerInterrupt)
                  2001392c    00000058                                                      : queue.obj (.text:xQueueCreateCountingSemaphore)
                  20013984    00000058                                                      : queue.obj (.text:xQueueTakeMutexRecursive)
                  200139dc    00000056                                                      : SemaphoreP_freertos.obj (.text:SemaphoreP_create)
                  20013a32    00000056     rtsv7M4_T_le_eabi.lib : _printfi.c.obj (.text:_pconv_f)
                  20013a88    00000054     freertos_builds_CC3220S_LAUNCHXL_release_ccs.lib : ClockP_freertos.obj (.text:ClockP_delete)
                  20013adc    00000054     uart_term.obj (.text:InitTerm)
                  20013b30    00000054     driverlib.a : interrupt.obj (.text:IntPrioritySet)
                  20013b84    00000054     simplelink.a : driver.obj (.text:_SlDrvRxIrqHandler)
                  20013bd8    00000054     rtsv7M4_T_le_eabi.lib : ltoa.c.obj (.text:ltoa)
                  20013c2c    00000054     drivers_cc32xx.aem4 : UARTCC32XX.oem4 (.text:ringBufGet)
                  20013c80    00000054     freertos_builds_CC3220S_LAUNCHXL_release_ccs.lib : timers.obj (.text:xTimerCreateTimerTask)
                  20013cd4    00000052     drivers_cc32xx.aem4 : PowerCC32XX_asm.oem4 (.text:PowerCC32XX_resumeLPDS)
                  20013d26    00000052     rtsv7M4_T_le_eabi.lib : _printfi.c.obj (.text:_ecpy)
                  20013d78    00000050     simplelink.a : cc_pal.obj (.text:NwpRegisterInterruptHandler)
                  20013dc8    00000050                  : sl_socket.obj (.text:_SlDrvCloseCtrlSocket)
                  20013e18    00000050                  : driver.obj (.text:_SlDrvCmdSend_noWait)
                  20013e68    00000050                  : driver.obj (.text:_SlDrvUpdateApiInProgress)
                  20013eb8    00000050                  : spawn.obj (.text:_SlInternalSpawnTaskEntry)
                  20013f08    00000050                  : eventreg.obj (.text:_SlNetAppHttpServerHdlr)
                  20013f58    00000050                  : eventreg.obj (.text:_SlNetAppRequestHdlr)
                  20013fa8    00000050     freertos_builds_CC3220S_LAUNCHXL_release_ccs.lib : port.obj (.text:pxPortInitialiseStack)
                  20013ff8    00000050                                                      : semaphore.obj (.text:sem_init)
                  20014048    00000050                                                      : queue.obj (.text:xQueueGiveMutexRecursive)
                  20014098    0000004c     drivers_cc32xx.aem4 : GPIOCC32XX.oem4 (.text:GPIO_enableInt)
                  200140e4    0000004c     simplelink.a : cc_pal.obj (.text:NwpWaitForShutDownInd)
                  20014130    0000004c     drivers_cc32xx.aem4 : PowerCC32XX.oem4 (.text:PowerCC32XX_parkPin)
                  2001417c    0000004c     slnetifwifi.a : slnetifwifi.obj (.text:SlNetIfWifi_getConnectionStatus)
                  200141c8    0000004c     rtsv7M4_T_le_eabi.lib : atoi.c.obj (.text:atoi)
                  20014214    0000004c     freertos_builds_CC3220S_LAUNCHXL_release_ccs.lib : startup_cc32xx_ccs.obj (.text:initVectors)
                  20014260    0000004c                                                      : timers.obj (.text:prvCheckForValidListAndQueue)
                  200142ac    0000004c                                                      : tasks.obj (.text:prvCheckTasksWaitingTermination)
                  200142f8    0000004c     drivers_cc32xx.aem4 : PowerCC32XX.oem4 (.text:restorePeriphClocks)
                  20014344    0000004c     freertos_builds_CC3220S_LAUNCHXL_release_ccs.lib : port.obj (.text:vPortEnterCritical)
                  20014390    00000048     driverlib.a : flash.obj (.text:FlashDisable)
                  200143d8    00000048     freertos_builds_CC3220S_LAUNCHXL_release_ccs.lib : HwiPCC32XX_freertos.obj (.text:HwiP_dispatch)
                  20014420    00000048     driverlib.a : prcm.obj (.text:PRCMLPDSEnter)
                  20014468    00000048                 : prcm.obj (.text:PRCMPeripheralClkEnable)
                  200144b0    00000048     drivers_cc32xx.aem4 : PowerCC32XX.oem4 (.text:Power_releaseConstraint)
                  200144f8    00000048     slnetsock_release.a : slnetsock.oem4 (.text:SlNetSock_init)
                  20014540    00000048     simplelink.a : eventreg.obj (.text:_SlDeviceFatalErrorEvtHdlr)
                  20014588    00000048                  : eventreg.obj (.text:_SlDeviceGeneralEvtHdlr)
                  200145d0    00000048                  : driver.obj (.text:_SlDrvSyncObjWaitTimeout)
                  20014618    00000048                  : eventreg.obj (.text:_SlNetAppEvtHdlr)
                  20014660    00000048                  : eventreg.obj (.text:_SlNetAppRequestMemFree)
                  200146a8    00000048                  : eventreg.obj (.text:_SlSockEvtHdlr)
                  200146f0    00000048                  : eventreg.obj (.text:_SlWlanEvtHdlr)
                  20014738    00000048     rtsv7M4_T_le_eabi.lib : fd_toi_t2.asm.obj (.text)
                  20014780    00000048     freertos_builds_CC3220S_LAUNCHXL_release_ccs.lib : list.obj (.text:uxListRemove)
                  200147c8    00000046     drivers_cc32xx.aem4 : RingBuf.oem4 (.text:RingBuf_put)
                  2001480e    00000002     --HOLE-- [fill = 0]
                  20014810    00000044     driverlib.a : prcm.obj (.text:PRCMLPDSRestoreInfoSet)
                  20014854    00000044     drivers_cc32xx.aem4 : PowerCC32XX_asm.oem4 (.text:PowerCC32XX_enterLPDS)
                  20014898    00000044                         : SPI.oem4 (.text:SPI_init)
                  200148dc    00000044                         : UART.oem4 (.text:UART_init)
                  20014920    00000044     rtsv7M4_T_le_eabi.lib : autoinit.c.obj (.text:__TI_auto_init_nobinit_nopinit:__TI_auto_init_nobinit_nopinit)
                  20014964    00000044     freertos_builds_CC3220S_LAUNCHXL_release_ccs.lib : queue.obj (.text:prvInitialiseNewQueue)
                  200149a8    00000044                                                      : tasks.obj (.text:vTaskStepTick)
                  200149ec    00000042                                                      : memory.obj (.text:malloc)
                  20014a2e    00000040     simplelink.a : sl_socket.obj (.text:CountSetBits)
                  20014a6e    00000002     --HOLE-- [fill = 0]
                  20014a70    00000040     driverlib.a : pin.obj (.text:PinModeSet)
                  20014ab0    00000040     drivers_cc32xx.aem4 : RingBuf.oem4 (.text:RingBuf_get)
                  20014af0    00000040     provisioning.obj (.text:SimpleLinkGeneralEventHandler)
                  20014b30    00000040     drivers_cc32xx.aem4 : UARTCC32XX.oem4 (.text:UARTCC32XX_read)
                  20014b70    00000040                         : UDMACC32XX.oem4 (.text:UDMACC32XX_init)
                  20014bb0    00000040     simplelink.a : driver.obj (.text:_SlDrvGlobalObjUnLock)
                  20014bf0    00000040                  : driver.obj (.text:_SlFindAndReleasePendingCmd)
                  20014c30    00000040                  : spawn.obj (.text:_SlInternalSpawnWaitForEvent)
                  20014c70    00000040                  : eventreg.obj (.text:_SlIsEventRegistered)
                  20014cb0    00000040     freertos_builds_CC3220S_LAUNCHXL_release_ccs.lib : tasks.obj (.text:vTaskPlaceOnEventListRestricted)
                  20014cf0    00000040     rtsv7M4_T_le_eabi.lib : vsnprintf.c.obj (.text:vsnprintf)
                  20014d30    0000003e     freertos_builds_CC3220S_LAUNCHXL_release_ccs.lib : ClockP_freertos.obj (.text:ClockP_callbackFxn)
                  20014d6e    0000003e     simplelink.a : sl_socket.obj (.text:_SlSocketBuildAddress)
                  20014dac    0000003e     rtsv7M4_T_le_eabi.lib : _printfi.c.obj (.text:_fcpy)
                  20014dea    0000003e     freertos_builds_CC3220S_LAUNCHXL_release_ccs.lib : pthread.obj (.text:pthread_setcancelstate)
                  20014e28    0000003e                                                      : semaphore.obj (.text:sem_post)
                  20014e66    00000002     --HOLE-- [fill = 0]
                  20014e68    0000003c     driverlib.a : prcm.obj (.text:PRCMSlowClkCtrFastGet)
                  20014ea4    0000003c     drivers_cc32xx.aem4 : PowerCC32XX.oem4 (.text:Power_setConstraint)
                  20014ee0    0000003c                         : SPI.oem4 (.text:SPI_open)
                  20014f1c    0000003c                         : UART.oem4 (.text:UART_open)
                  20014f58    0000003c     simplelink.a : netapp.obj (.text:_SlNetAppCopyPingResultsToReport)
                  20014f94    0000003c     freertos_builds_CC3220S_LAUNCHXL_release_ccs.lib : queue.obj (.text:prvCopyDataFromQueue)
                  20014fd0    0000003c                                                      : tasks.obj (.text:prvResetNextTaskUnblockTime)
                  2001500c    0000003c                                                      : tasks.obj (.text:pvTaskGetThreadLocalStoragePointer)
                  20015048    0000003c                                                      : timer.obj (.text:timespecToTicks)
                  20015084    0000003c                                                      : sleep.obj (.text:usleep)
                  200150c0    0000003c                                                      : list.obj (.text:vListInsertEnd)
                  200150fc    0000003a     slnetifwifi.a : slnetifwifi.obj (.text:SlNetIfWifi_getIPAddr)
                  20015136    0000003a     freertos_builds_CC3220S_LAUNCHXL_release_ccs.lib : timer.obj (.text:callbackFxn)
                  20015170    00000038     driverlib.a : prcm.obj (.text:PRCMLPDSEnterKeepDebugIf)
                  200151a8    00000038     slnetifwifi.a : slnetifwifi.obj (.text:SlNetIfWifi_recvFrom)
                  200151e0    00000038                   : slnetifwifi.obj (.text:SlNetIfWifi_sendTo)
                  20015218    00000038                   : slnetifwifi.obj (.text:SlNetIfWifi_socket)
                  20015250    00000038     slnetsock_release.a : slnetif.oem4 (.text:SlNetIf_configCheck)
                  20015288    00000038     drivers_cc32xx.aem4 : PowerCC32XX.oem4 (.text:notify)
                  200152c0    00000038     freertos_builds_CC3220S_LAUNCHXL_release_ccs.lib : timers.obj (.text:prvGetNextExpireTime)
                  200152f8    00000038                                                      : port.obj (.text:prvTaskExitError)
                  20015330    00000036     slnetifwifi.a : slnetifwifi.obj (.text:SlNetIfWifi_getHostByName)
                  20015366    00000036                   : slnetifwifi.obj (.text:SlNetIfWifi_select)
                  2001539c    00000036     drivers_cc32xx.aem4 : UARTCC32XX.oem4 (.text:UARTCC32XX_readCancel)
                  200153d2    00000036     rtsv7M4_T_le_eabi.lib : strncpy.c.obj (.text:strncpy)
                  20015408    00000034     driverlib.a : pin.obj (.text:PinModeGet)
                  2001543c    00000034     drivers_cc32xx.aem4 : PowerCC32XX.oem4 (.text:PowerCC32XX_restoreParkState)
                  20015470    00000034     freertos_builds_CC3220S_LAUNCHXL_release_ccs.lib : SemaphoreP_freertos.obj (.text:SemaphoreP_pend)
                  200154a4    00000034     drivers_cc32xx.aem4 : UDMACC32XX.oem4 (.text:UDMACC32XX_close)
                  200154d8    00000034     freertos_builds_CC3220S_LAUNCHXL_release_ccs.lib : mqueue.obj (.text:findInList)
                  2001550c    00000034                                                      : timers.obj (.text:prvSampleTimeNow)
                  20015540    00000034                                                      : tasks.obj (.text:vTaskPlaceOnEventList)
                  20015574    00000034                                                      : tasks.obj (.text:vTaskSetThreadLocalStoragePointer)
                  200155a8    00000034                                                      : timers.obj (.text:xTimerCreate)
                  200155dc    00000031     spi_test.obj (.text:assertChipSelect)
                  2001560d    00000001     --HOLE-- [fill = 0]
                  2001560e    00000030     drivers_cc32xx.aem4 : PowerCC32XX.oem4 (.text:PowerCC32XX_restoreParkedPin)
                  2001563e    00000002     --HOLE-- [fill = 0]
                  20015640    00000030     provisioning.obj (.text:StartAsyncEvtTimer)
                  20015670    00000030     simplelink.a : fs.obj (.text:_SlFsStrlen)
                  200156a0    00000030     rtsv7M4_T_le_eabi.lib : vsnprintf.c.obj (.text:_outs)
                  200156d0    00000030     simplelink.a : sl_socket.obj (.text:to_mSec)
                  20015700    00000030     freertos_builds_CC3220S_LAUNCHXL_release_ccs.lib : list.obj (.text:vListInitialise)
                  20015730    00000030                                                      : port.obj (.text:vPortExitCritical)
                  20015760    00000030                                                      : tasks.obj (.text:xTaskGetSchedulerState)
                  20015790    0000002e     simplelink.a : cc_pal.obj (.text:Mutex_create_handle)
                  200157be    0000002e     freertos_builds_CC3220S_LAUNCHXL_release_ccs.lib : timers.obj (.text:pvTimerGetTimerID)
                  200157ec    0000002e     rtsv7M4_T_le_eabi.lib : i_tofd_t2.asm.obj (.text)
                  2001581a    0000002c     provisioning.obj (.text:GetSecureStatus)
                  20015846    00000002     --HOLE-- [fill = 0]
                  20015848    0000002c     freertos_builds_CC3220S_LAUNCHXL_release_ccs.lib : HwiPCC32XX_freertos.obj (.text:HwiP_disable)
                  20015874    0000002c     simplelink.a : cc_pal.obj (.text:NwpPowerOn)
                  200158a0    0000002c     driverlib.a : prcm.obj (.text:PRCMLPDSIntervalSet)
                  200158cc    0000002c     drivers_cc32xx.aem4 : PowerCC32XX.oem4 (.text:PowerCC32XX_getParkState)
                  200158f8    0000002c     freertos_builds_CC3220S_LAUNCHXL_release_ccs.lib : SemaphoreP_freertos.obj (.text:SemaphoreP_createBinary)
                  20015924    0000002c     slnetifwifi.a : slnetifwifi.obj (.text:SlNetIfWifi_recv)
                  20015950    0000002c                   : slnetifwifi.obj (.text:SlNetIfWifi_send)
                  2001597c    0000002c     provisioning.obj (.text:StopAsyncEvtTimer)
                  200159a8    0000002c     simplelink.a : driver.obj (.text:_SlDrvSyncObjWaitForever)
                  200159d4    0000002c     freertos_builds_CC3220S_LAUNCHXL_release_ccs.lib : pthread_mutex.obj (.text:pthread_mutexattr_settype)
                  20015a00    0000002c                                                      : tasks.obj (.text:vTaskSetApplicationTaskTag)
                  20015a2c    0000002c                                                      : port.obj (.text:xPortSysTickHandler)
                  20015a58    0000002c                                                      : queue.obj (.text:xQueueCreateMutex)
                  20015a84    0000002c                                                      : tasks.obj (.text:xTaskGetApplicationTaskTag)
                  20015ab0    0000002a                                                      : queue.obj (.text:prvInitialiseMutex)
                  20015ada    0000002a                                                      : queue.obj (.text:uxQueueMessagesWaiting)
                  20015b04    0000002a                                                      : timers.obj (.text:xTimerGetExpiryTime)
                  20015b2e    00000002     --HOLE-- [fill = 0]
                  20015b30    00000028                                                      : HwiPCC32XX_freertos.obj (.text:HwiP_inISR)
                  20015b58    00000028     driverlib.a : prcm.obj (.text:PRCMLPDSWakeupSourceEnable)
                  20015b80    00000028                 : prcm.obj (.text:PRCMPeripheralClkDisable)
                  20015ba8    00000028     drivers_cc32xx.aem4 : PowerCC32XX.oem4 (.text:Power_registerNotify)
                  20015bd0    00000028     provisioning.obj (.text:SignalEvent)
                  20015bf8    00000028     simplelink.a : driver.obj (.text:_SlDrvProtectionObjLockWaitForever)
                  20015c20    00000028                  : driver.obj (.text:_SlDrvProtectionObjUnLock)
                  20015c48    00000028                  : flowcont.obj (.text:_SlFlowContSet)
                  20015c70    00000028     rtsv7M4_T_le_eabi.lib : boot_cortex_m.c.obj (.text:_c_int00_noargs:_c_int00_noargs)
                  20015c98    00000028     freertos_builds_CC3220S_LAUNCHXL_release_ccs.lib : pthread.obj (.text:pthread_attr_setschedparam)
                  20015cc0    00000026     drivers_cc32xx.aem4 : List.oem4 (.text:List_put)
                  20015ce6    00000026                         : List.oem4 (.text:List_remove)
                  20015d0c    00000026     freertos_builds_CC3220S_LAUNCHXL_release_ccs.lib : pthread.obj (.text:_pthread_cleanup_pop)
                  20015d32    00000026                                                      : queue.obj (.text:prvIsQueueFull)
                  20015d58    00000024     driverlib.a : interrupt.obj (.text:IntUnregister)
                  20015d7c    00000024     provisioning.obj (.text:ProcessRestartRequest)
                  20015da0    00000024     simplelink.a : driver.obj (.text:_SlDrvIsApiInProgress)
                  20015dc4    00000024                  : driver.obj (.text:_SlDrvStartMeasureTimeout)
                  20015de8    00000024     freertos_builds_CC3220S_LAUNCHXL_release_ccs.lib : queue.obj (.text:prvGetDisinheritPriorityAfterTimeout)
                  20015e0c    00000024                                                      : semaphore.obj (.text:sem_getvalue)
                  20015e30    00000024                                                      : queue.obj (.text:vQueueDelete)
                  20015e54    00000024                                                      : tasks.obj (.text:vTaskInternalSetTimeOutState)
                  20015e78    00000022                                                      : SemaphoreP_freertos.obj (.text:SemaphoreP_post)
                  20015e9a    00000022                                                      : aeabi_portable.obj (.text:__aeabi_errno_addr)
                  20015ebc    00000022                                                      : pthread.obj (.text:pthread_attr_setdetachstate)
                  20015ede    00000002     --HOLE-- [fill = 0]
                  20015ee0    00000020                                                      : ClockP_freertos.obj (.text:ClockP_getCpuFreq)
                  20015f00    00000020                                                      : HwiPCC32XX_freertos.obj (.text:HwiP_restore)
                  20015f20    00000020     driverlib.a : interrupt.obj (.text:IntRegister)
                  20015f40    00000020     drivers_cc32xx.aem4 : PowerCC32XX.oem4 (.text:Power_unregisterNotify)
                  20015f60    00000020                         : RingBuf.oem4 (.text:RingBuf_peek)
                  20015f80    00000020     slnetifwifi.a : slnetifwifi.obj (.text:SlNetIfWifi_accept)
                  20015fa0    00000020     drivers_cc32xx.aem4 : SPICC32XXDMA.oem4 (.text:getPowerMgrId)
                  20015fc0    00000020                         : UARTCC32XX.oem4 (.text:getPowerMgrId)
                  20015fe0    00000020     freertos_builds_CC3220S_LAUNCHXL_release_ccs.lib : queue.obj (.text:prvIsQueueEmpty)
                  20016000    00000020                                                      : semaphore.obj (.text:semaphorePend)
                  20016020    0000001e                                                      : ClockP_freertos.obj (.text:ClockP_start)
                  2001603e    0000001e                                                      : HwiPCC32XX_freertos.obj (.text:HwiP_Params_init)
                  2001605c    0000001e     slnetifwifi.a : slnetifwifi.obj (.text:SlNetIfWifi_bind)
                  2001607a    0000001e                   : slnetifwifi.obj (.text:SlNetIfWifi_connect)
                  20016098    0000001e     simplelink.a : driver.obj (.text:_SlDrvObjLockWaitForever)
                  200160b6    0000001e                  : driver.obj (.text:_SlDrvObjUnLock)
                  200160d4    0000001e                  : driver.obj (.text:_SlDrvSyncObjSignal)
                  200160f2    0000001e     freertos_builds_CC3220S_LAUNCHXL_release_ccs.lib : pthread.obj (.text:_pthread_runStub)
                  20016110    0000001e     drivers_cc32xx.aem4 : UDMACC32XX.oem4 (.text:postNotifyFxn)
                  2001612e    0000001c     freertos_builds_CC3220S_LAUNCHXL_release_ccs.lib : ClockP_freertos.obj (.text:ClockP_Params_init)
                  2001614a    00000002     --HOLE-- [fill = 0]
                  2001614c    0000001c     uart_term.obj (.text:Message)
                  20016168    0000001c     driverlib.a : pin.obj (.text:PinToPadGet)
                  20016184    0000001c     simplelink.a : device.obj (.text:_SlDeviceGetStartResponseConvert)
                  200161a0    0000001c                  : spawn.obj (.text:_SlInternalIsItSpawnThread)
                  200161bc    0000001c     rtsv7M4_T_le_eabi.lib : memccpy.c.obj (.text:memccpy)
                  200161d8    0000001c     freertos_builds_CC3220S_LAUNCHXL_release_ccs.lib : pthread.obj (.text:pthread_attr_init)
                  200161f4    0000001c                                                      : pthread_mutex.obj (.text:pthread_mutexattr_init)
                  20016210    0000001c                                                      : tasks.obj (.text:pvTaskIncrementMutexHeldCount)
                  2001622c    0000001a                                                      : PTLS.obj (.text:PTLS_taskDeleteHook)
                  20016246    0000001a     slnetifwifi.a : slnetifwifi.obj (.text:SlNetIfWifi_listen)
                  20016260    0000001a     freertos_builds_CC3220S_LAUNCHXL_release_ccs.lib : timers.obj (.text:prvTimerTask)
                  2001627a    0000001a                                                      : pthread_mutex.obj (.text:pthread_mutex_destroy)
                  20016294    00000018     provisioning.obj (.text:HandleDiscnctEvt)
                  200162ac    00000018     drivers_cc32xx.aem4 : PowerCC32XX.oem4 (.text:Power_idleFunc)
                  200162c4    00000018     provisioning.obj (.text:StartConnection)
                  200162dc    00000018     driverlib.a : uart.obj (.text:UARTBusy)
                  200162f4    00000018                 : uart.obj (.text:UARTIntEnable)
                  2001630c    00000018     drivers_cc32xx.aem4 : UART.oem4 (.text:UART_Params_init)
                  20016324    00000018     rtsv7M4_T_le_eabi.lib : vsnprintf.c.obj (.text:_outc)
                  2001633c    00000018     freertos_builds_CC3220S_LAUNCHXL_release_ccs.lib : memory.obj (.text:free)
                  20016354    00000018     rtsv7M4_T_le_eabi.lib : ll_mul_t2.asm.obj (.text)
                  2001636c    00000018     freertos_builds_CC3220S_LAUNCHXL_release_ccs.lib : semaphore.obj (.text:sem_wait)
                  20016384    00000018     rtsv7M4_T_le_eabi.lib : strcmp.c.obj (.text:strcmp)
                  2001639c    00000018     freertos_builds_CC3220S_LAUNCHXL_release_ccs.lib : tasks.obj (.text:xTaskGetTickCountFromISR)
                  200163b4    00000016                                                      : ClockP_freertos.obj (.text:ClockP_setTimeout)
                  200163ca    00000016     driverlib.a : prcm.obj (.text:PRCMHIBRegRead)
                  200163e0    00000016                 : prcm.obj (.text:PRCMHIBRegWrite)
                  200163f6    00000016     freertos_builds_CC3220S_LAUNCHXL_release_ccs.lib : PTLS.obj (.text:PTLS_getBuf)
                  2001640c    00000016                                                      : PTLS.obj (.text:PTLS_setBuf)
                  20016422    00000016                                                      : SemaphoreP_freertos.obj (.text:SemaphoreP_Params_init)
                  20016438    00000016     simplelink.a : driver.obj (.text:_SlDrvMemZero)
                  2001644e    00000002     --HOLE-- [fill = 0]
                  20016450    00000016     freertos_builds_CC3220S_LAUNCHXL_release_ccs.lib : startup_cc32xx_ccs.obj (.text:resetISR)
                  20016466    00000016     rtsv7M4_T_le_eabi.lib : strchr.c.obj (.text:strchr)
                  2001647c    00000014     driverlib.a : cpu.obj (.text:CPUcpsie)
                  20016490    00000014                 : interrupt.obj (.text:IntVTableBaseSet)
                  200164a4    00000014     drivers_cc32xx.aem4 : PowerCC32XX.oem4 (.text:Power_getDependencyCount)
                  200164b8    00000014                         : SPI.oem4 (.text:SPI_Params_init)
                  200164cc    00000014     freertos_builds_CC3220S_LAUNCHXL_release_ccs.lib : tasks.obj (.text:prvDeleteTCB)
                  200164e0    00000014                                                      : pthread.obj (.text:pthread_attr_setstacksize)
                  200164f4    00000014                                                      : pthread_mutex.obj (.text:pthread_mutex_lock)
                  20016508    00000014                                                      : pthread.obj (.text:pthread_self)
                  2001651c    00000014     drivers_cc32xx.aem4 : UARTCC32XX.oem4 (.text:releasePowerConstraint)
                  20016530    00000014     freertos_builds_CC3220S_LAUNCHXL_release_ccs.lib : semaphore.obj (.text:sem_destroy)
                  20016544    00000014     rtsv7M4_T_le_eabi.lib : strcpy.c.obj (.text:strcpy)
                  20016558    00000014                           : strlen.c.obj (.text:strlen)
                  2001656c    00000014     freertos_builds_CC3220S_LAUNCHXL_release_ccs.lib : PowerCC32XX_freertos.obj (.text:vPortSuppressTicksAndSleep)
                  20016580    00000014                                                      : tasks.obj (.text:xTaskGetCurrentTaskHandle)
                  20016594    00000014                                                      : tasks.obj (.text:xTaskGetTickCount)
                  200165a8    00000012                                                      : HwiPCC32XX_freertos.obj (.text:HwiP_delete)
                  200165ba    00000012     drivers_cc32xx.aem4 : RingBuf.oem4 (.text:RingBuf_construct)
                  200165cc    00000012     slnetifwifi.a : slnetifwifi.obj (.text:SlNetIfWifi_close)
                  200165de    00000012     rtsv7M4_T_le_eabi.lib : wcslen.c.obj (.text:wcslen)
                  200165f0    00000010     freertos_builds_CC3220S_LAUNCHXL_release_ccs.lib : ClockP_freertos.obj (.text:ClockP_getSystemTickPeriod)
                  20016600    00000010     provisioning.obj (.text:HandleConnection)
                  20016610    00000010     driverlib.a : systick.obj (.text:SysTickDisable)
                  20016620    00000010                 : systick.obj (.text:SysTickEnable)
                  20016630    00000010     simplelink.a : driver.obj (.text:_SlDrvDispatchHttpServerEvents)
                  20016640    00000010                  : driver.obj (.text:_SlDrvDispatchNetAppRequestEvents)
                  20016650    00000010                  : driver.obj (.text:_SlDrvIsSpawnOwnGlobalLock)
                  20016660    00000010     CC3220S_LAUNCHXL.obj (.text:dmaErrorFxn)
                  20016670    00000010     drivers_cc32xx.aem4 : UARTCC32XX.oem4 (.text:readBlockingTimeout)
                  20016680    00000010     freertos_builds_CC3220S_LAUNCHXL_release_ccs.lib : list.obj (.text:vListInitialiseItem)
                  20016690    00000010                                                      : tasks.obj (.text:vTaskSuspendAll)
                  200166a0    0000000e     provisioning.obj (.text:CheckLanConnection)
                  200166ae    0000000e     drivers_cc32xx.aem4 : PowerCC32XX.oem4 (.text:Power_getTransitionLatency)
                  200166bc    0000000e                         : RingBuf.oem4 (.text:RingBuf_isFull)
                  200166ca    0000000e     simplelink.a : driver.obj (.text:_SlDrvResetCmdExt)
                  200166d8    0000000e     rtsv7M4_T_le_eabi.lib : copy_decompress_none.c.obj (.text:decompress:none:__TI_decompress_none)
                  200166e6    0000000e     drivers_cc32xx.aem4 : SPICC32XXDMA.oem4 (.text:postNotifyFxn)
                  200166f4    0000000e     simplelink.a : cc_pal.obj (.text:spi_Close)
                  20016702    0000000c     provisioning.obj (.text:AsyncEvtTimerHandler)
                  2001670e    0000000c     CC3220S_LAUNCHXL.obj (.text:CC3220S_LAUNCHXL_initGeneral)
                  2001671a    0000000c     driverlib.a : cpu.obj (.text:CPUwfi)
                  20016726    0000000c     provisioning.obj (.text:HandleProvisioningTimeOut)
                  20016732    0000000c     provisioning.obj (.text:HandleWaitForIp)
                  2001673e    0000000c     freertos_builds_CC3220S_LAUNCHXL_release_ccs.lib : HwiPCC32XX_freertos.obj (.text:HwiP_clearInterrupt)
                  2001674a    0000000c                                                      : HwiPCC32XX_freertos.obj (.text:HwiP_disableInterrupt)
                  20016756    0000000c                                                      : HwiPCC32XX_freertos.obj (.text:HwiP_enableInterrupt)
                  20016762    00000002     --HOLE-- [fill = 0]
                  20016764    0000000c     simplelink.a : cc_pal.obj (.text:NwpMaskInterrupt)
                  20016770    0000000c                  : cc_pal.obj (.text:NwpUnMaskInterrupt)
                  2001677c    0000000c     drivers_cc32xx.aem4 : PowerCC32XX.oem4 (.text:Power_getConstraintMask)
                  20016788    0000000c     freertos_builds_CC3220S_LAUNCHXL_release_ccs.lib : SemaphoreP_freertos.obj (.text:SemaphoreP_delete)
                  20016794    0000000c     provisioning.obj (.text:SimpleLinkHttpServerEventHandler)
                  200167a0    0000000c     provisioning.obj (.text:SimpleLinkNetAppRequestEventHandler)
                  200167ac    0000000c     simplelink.a : device.obj (.text:_SlDeviceResetRequestInitCompletedCB)
                  200167b8    0000000c     rtsv7M4_T_le_eabi.lib : copy_zero_init.c.obj (.text:decompress:ZI:__TI_zero_init)
                  200167c4    0000000c     drivers_cc32xx.aem4 : UARTCC32XX.oem4 (.text:postNotifyFxn)
                  200167d0    0000000c     driverlib.a : udma.obj (.text:uDMAErrorStatusClear)
                  200167dc    0000000c                 : udma.obj (.text:uDMAErrorStatusGet)
                  200167e8    0000000c     freertos_builds_CC3220S_LAUNCHXL_release_ccs.lib : tasks.obj (.text:vTaskMissedYield)
                  200167f4    0000000a     driverlib.a : interrupt.obj (.text:IntMasterEnable)
                  200167fe    0000000a     drivers_cc32xx.aem4 : SPI.oem4 (.text:SPI_close)
                  20016808    0000000a                         : SPI.oem4 (.text:SPI_transfer)
                  20016812    0000000a     provisioning.obj (.text:SimpleLinkNetAppRequestMemFreeEventHandler)
                  2001681c    0000000a     drivers_cc32xx.aem4 : UART.oem4 (.text:UART_control)
                  20016826    0000000a                         : UART.oem4 (.text:UART_writePolling)
                  20016830    0000000a     simplelink.a : device.obj (.text:sl_Task)
                  2001683a    0000000a     main_freertos.obj (.text:vApplicationStackOverflowHook)
                  20016844    00000008     freertos_builds_CC3220S_LAUNCHXL_release_ccs.lib : ClockP_freertos.obj (.text:ClockP_getSystemTicks)
                  2001684c    00000008     driverlib.a : prcm.obj (.text:PRCMSleepEnter)
                  20016854    00000008     simplelink.a : cc_pal.obj (.text:TimerGetCurrentTimestamp)
                  2001685c    00000008     drivers_cc32xx.aem4 : SPICC32XXDMA.oem4 (.text:blockingTransferCallback)
                  20016864    00000008     rtsv7M4_T_le_eabi.lib : s_copysign.c.obj (.text:copysign)
                  2001686c    00000008     drivers_cc32xx.aem4 : UARTCC32XX.oem4 (.text:readSemCallback)
                  20016874    00000008                         : UARTCC32XX.oem4 (.text:writeSemCallback)
                  2001687c    00000006                         : SPICC32XXDMA.oem4 (.text:SPICC32XXDMA_control)
                  20016882    00000006     driverlib.a : utils.obj (.text:UtilsDelay)
                  20016888    00000004     provisioning.obj (.text:CheckInternetConnection)
                  2001688c    00000004     provisioning.obj (.text:DoNothing)
                  20016890    00000004     external_provisioning_conf.obj (.text:IsActiveExternalConfiguration)
                  20016894    00000004     provisioning.obj (.text:ProcessStartRequest)
                  20016898    00000004     drivers_cc32xx.aem4 : SPICC32XXDMA.oem4 (.text:SPICC32XXDMA_init)
                  2001689c    00000004     slnetsock_release.a : slnetif.oem4 (.text:SlNetIf_init)
                  200168a0    00000004                         : slnetutils.oem4 (.text:SlNetUtil_init)
                  200168a4    00000004     rtsv7M4_T_le_eabi.lib : pre_init.c.obj (.text:_system_pre_init)
                  200168a8    00000004                           : exit.c.obj (.text:abort:abort)

.ramVecs   0    20000000    0000030c     NOLOAD SECTION
                  20000000    0000030c     freertos_builds_CC3220S_LAUNCHXL_release_ccs.lib : startup_cc32xx_ccs.obj (.ramVecs)

.cinit     0    200168b0    00000190     
                  200168b0    00000169     (.cinit..data.load) [load image, compression = lzss]
                  20016a19    00000003     --HOLE-- [fill = 0]
                  20016a1c    0000000c     (__TI_handler_table)
                  20016a28    00000008     (.cinit..bss.load) [load image, compression = zero_init]
                  20016a30    00000010     (__TI_cinit_table)

.bss       0    20016c00    00008e44     UNINITIALIZED
                  20016c00    00008000     freertos_builds_CC3220S_LAUNCHXL_release_ccs.lib : heap_4.obj (.bss:ucHeap)
                  2001ec00    00000400     CC3220S_LAUNCHXL.obj (.bss:dmaControlTable)
                  2001f000    000003fc     (.common:g_CB)
                  2001f3fc    0000012c     (.common:PowerCC32XX_contextSave)
                  2001f528    00000108     (.common:uartCC3220SObjects)
                  2001f630    000000c8     freertos_builds_CC3220S_LAUNCHXL_release_ccs.lib : tasks.obj (.bss:pxReadyTasksLists)
                  2001f6f8    00000088     (.common:spiCC3220SDMAObjects)
                  2001f780    00000080     slnetsock_release.a : slnetsock.oem4 (.bss:VirtualSockets)
                  2001f800    00000040     (.common:uartCC3220SRingBuffer)
                  2001f840    0000002c                         : slnetsock.oem4 (.bss:VirtualSocketMutex)
                  2001f86c    0000002c     (.common:GlobalLockObj)
                  2001f898    00000028     (.common:g_SlInternalSpawnCB)
                  2001f8c0    00000020     drivers_cc32xx.aem4 : GPIOCC32XX.oem4 (.bss:gpioCallbackInfo)
                  2001f8e0    00000020     (.common:spiParams)
                  2001f900    00000018     (.common:spiTransaction)
                  2001f918    00000014                         : UDMACC32XX.oem4 (.bss:postNotifyObj)
                  2001f92c    00000014                         : GPIOCC32XX.oem4 (.bss:powerNotifyObj)
                  2001f940    00000014     freertos_builds_CC3220S_LAUNCHXL_release_ccs.lib : timers.obj (.bss:xActiveTimerList1)
                  2001f954    00000014                                                      : timers.obj (.bss:xActiveTimerList2)
                  2001f968    00000014                                                      : tasks.obj (.bss:xDelayedTaskList1)
                  2001f97c    00000014                                                      : tasks.obj (.bss:xDelayedTaskList2)
                  2001f990    00000014                                                      : tasks.obj (.bss:xPendingReadyList)
                  2001f9a4    00000014                                                      : tasks.obj (.bss:xSuspendedTaskList)
                  2001f9b8    00000014                                                      : tasks.obj (.bss:xTasksWaitingTermination)
                  2001f9cc    00000010     (.common:receiveBuffer)
                  2001f9dc    00000010     (.common:transmitBuffer)
                  2001f9ec    0000000c     (.common:DeviceCB)
                  2001f9f8    0000000c     (.common:Msg)
                  2001fa04    00000008                                                      : tasks.obj (.bss)
                  2001fa0c    00000008                                                      : timers.obj (.bss)
                  2001fa14    00000008                                                      : heap_4.obj (.bss:xStart)
                  2001fa1c    00000008     (.common:spiCC3220SDMAscratchBuf)
                  2001fa24    00000008     (.common:udmaCC3220SObject)
                  2001fa2c    00000004     drivers_cc32xx.aem4 : GPIOCC32XX.oem4 (.bss)
                  2001fa30    00000004     uart_term.obj (.bss)
                  2001fa34    00000004     (.common:gProvisioningSMQueue)
                  2001fa38    00000004     (.common:gTimer)
                  2001fa3c    00000004     (.common:spi)
                  2001fa40    00000001     (.common:RxIrqCnt)
                  2001fa41    00000001     (.common:g_CurrentState)
                  2001fa42    00000001     (.common:transferMode)
                  2001fa43    00000001     (.common:transferOK)

.const     0    200206b0    00000c22     
                  200206b0    000002a0     provisioning.obj (.const:gTransitionTable)
                  20020950    00000101     rtsv7M4_T_le_eabi.lib : ctype.c.obj (.const:.string:_ctypes_)
                  20020a51    00000003     --HOLE-- [fill = 0]
                  20020a54    00000100     driverlib.a : pin.obj (.const:g_ulPinToPadMap)
                  20020b54    000000d4                 : interrupt.obj (.const:g_pulRegs)
                  20020c28    000000a8                 : prcm.obj (.const:PRCM_PeriphRegsList)
                  20020cd0    00000078     CC3220S_LAUNCHXL.obj (.const:spiCC3220SDMAHWAttrs)
                  20020d48    00000070     simplelink.a : driver.obj (.const:OpcodeTranslateTable)
                  20020db8    00000058                  : driver.obj (.const:_SlActionLookupTable)
                  20020e10    00000048     CC3220S_LAUNCHXL.obj (.const:uartCC3220SHWAttrs)
                  20020e58    00000040     CC3220S_LAUNCHXL.obj (.const:PowerCC32XX_config)
                  20020e98    0000003a     provisioning.obj (.const:.string)
                  20020ed2    00000002     --HOLE-- [fill = 0]
                  20020ed4    0000002c     provisioning.obj (.const:$P$T3$4)
                  20020f00    00000028     drivers_cc32xx.aem4 : UARTCC32XX.oem4 (.const:UARTCC32XX_fxnTable)
                  20020f28    00000024                         : UART.oem4 (.const:UART_defaultParams)
                  20020f4c    00000021                         : GPIOCC32XX.oem4 (.const:.string:pinTable)
                  20020f6d    00000003     --HOLE-- [fill = 0]
                  20020f70    00000020     simplelink.a : driver.obj (.const:RxMsgClassLUT)
                  20020f90    00000020     drivers_cc32xx.aem4 : SPI.oem4 (.const:SPI_defaultParams)
                  20020fb0    00000020     simplelink.a : device.obj (.const:StartResponseLUT)
                  20020fd0    00000020     drivers_cc32xx.aem4 : UARTCC32XX.oem4 (.const:staticFxnTable)
                  20020ff0    00000018                         : SPICC32XXDMA.oem4 (.const:SPICC32XXDMA_fxnTable)
                  20021008    00000018     CC3220S_LAUNCHXL.obj (.const:SPI_config)
                  20021020    00000018     CC3220S_LAUNCHXL.obj (.const:UART_config)
                  20021038    00000018     driverlib.a : interrupt.obj (.const:g_pulDisRegs)
                  20021050    00000018                 : interrupt.obj (.const:g_pulEnRegs)
                  20021068    00000018                 : interrupt.obj (.const:g_pulUnpendRegs)
                  20021080    00000014     simplelink.a : cc_pal.obj (.const:$P$T0$1)
                  20021094    00000014                  : device.obj (.const:$P$T0$1)
                  200210a8    00000014                  : driver.obj (.const:$P$T0$1)
                  200210bc    00000014                  : fs.obj (.const:$P$T0$1)
                  200210d0    00000014                  : cc_pal.obj (.const:$P$T1$2)
                  200210e4    00000014     provisioning.obj (.const:$P$T2$3)
                  200210f8    00000014     simplelink.a : driver.obj (.const:$P$T2$3)
                  2002110c    00000014     CC3220S_LAUNCHXL.obj (.const:GPIOCC32XX_config)
                  20021120    00000014     slnetifwifi.a : slnetifwifi.obj (.const:StartSecOptName)
                  20021134    00000014     drivers_cc32xx.aem4 : GPIOCC32XX.oem4 (.const:gpioBaseAddresses)
                  20021148    00000014                         : UARTCC32XX.oem4 (.const:parityType)
                  2002115c    00000014                         : GPIOCC32XX.oem4 (.const:powerResources)
                  20021170    00000010     provisioning.obj (.const:$P$T0$1)
                  20021180    00000010     provisioning.obj (.const:$P$T1$2)
                  20021190    00000010     simplelink.a : sl_socket.obj (.const:_SlCtrlSockAddr)
                  200211a0    00000010                  : sl_socket.obj (.const:_SlCtrlSockRelease)
                  200211b0    00000010     drivers_cc32xx.aem4 : UARTCC32XX.oem4 (.const:dataLength)
                  200211c0    00000010     slnetifwifi.a : slnetifwifi.obj (.const:socketType)
                  200211d0    0000000d     CC3220S_LAUNCHXL.obj (.const)
                  200211dd    00000003     --HOLE-- [fill = 0]
                  200211e0    0000000c     drivers_cc32xx.aem4 : SPICC32XXDMA.oem4 (.const:dmaNullConfig)
                  200211ec    0000000c                         : SPICC32XXDMA.oem4 (.const:dmaRxConfig)
                  200211f8    0000000c                         : SPICC32XXDMA.oem4 (.const:dmaTxConfig)
                  20021204    0000000c     CC3220S_LAUNCHXL.obj (.const:udmaCC3220SHWAttrs)
                  20021210    00000008     CC3220S_LAUNCHXL.obj (.const:UDMACC32XX_config)
                  20021218    00000008     freertos_builds_CC3220S_LAUNCHXL_release_ccs.lib : port.obj (.const)
                  20021220    00000008     simplelink.a : driver.obj (.const:g_H2NCnysPattern)
                  20021228    00000008                  : driver.obj (.const:g_H2NSyncPattern)
                  20021230    00000008     drivers_cc32xx.aem4 : SPICC32XXDMA.oem4 (.const:mode)
                  20021238    00000008                         : GPIOCC32XX.oem4 (.const:outPinTypes)
                  20021240    00000008                         : UARTCC32XX.oem4 (.const:stopBits)
                  20021248    00000006                         : GPIOCC32XX.oem4 (.const:.string:interruptType)
                  2002124e    00000006                         : GPIOCC32XX.oem4 (.const:inPinTypes)
                  20021254    00000006                         : GPIOCC32XX.oem4 (.const:outPinStrengths)
                  2002125a    00000004     simplelink.a : netapp.obj (.const:$P$T0$1)
                  2002125e    00000004                  : sl_socket.obj (.const:$P$T0$1)
                  20021262    00000004                  : sl_socket.obj (.const:$P$T1$2)
                  20021266    00000004                  : sl_socket.obj (.const:$P$T2$3)
                  2002126a    00000004     drivers_cc32xx.aem4 : GPIOCC32XX.oem4 (.const:.string:portInterruptIds)
                  2002126e    00000004     simplelink.a : sl_socket.obj (.const:_SlAcceptCmdCtrl)
                  20021272    00000004                  : device.obj (.const:_SlDeviceGetCmdCtrl)
                  20021276    00000004                  : device.obj (.const:_SlDeviceSetCmdCtrl)
                  2002127a    00000004                  : fs.obj (.const:_SlFsCloseCmdCtrl)
                  2002127e    00000004                  : fs.obj (.const:_SlFsOpenCmdCtrl)
                  20021282    00000004                  : fs.obj (.const:_SlFsWriteCmdCtrl)
                  20021286    00000004                  : netapp.obj (.const:_SlGetHostByNameCtrl)
                  2002128a    00000004                  : sl_socket.obj (.const:_SlGetSockOptCmdCtrl)
                  2002128e    00000004                  : sl_socket.obj (.const:_SlListenCmdCtrl)
                  20021292    00000004                  : netapp.obj (.const:_SlNetAppSendResponseCmdCtrl)
                  20021296    00000004                  : netapp.obj (.const:_SlNetAppSendTokenValueCmdCtrl)
                  2002129a    00000004                  : netcfg.obj (.const:_SlNetCfgGetCmdCtrl)
                  2002129e    00000004                  : wlan.obj (.const:_SlProvisioningCmdCtrl)
                  200212a2    00000004                  : sl_socket.obj (.const:_SlRecvCmdCtrl)
                  200212a6    00000004                  : sl_socket.obj (.const:_SlRecvfomCmdCtrl)
                  200212aa    00000004                  : sl_socket.obj (.const:_SlSelectCmdCtrl)
                  200212ae    00000004                  : sl_socket.obj (.const:_SlSendCmdCtrl)
                  200212b2    00000004                  : sl_socket.obj (.const:_SlSetSockOptCmdCtrl)
                  200212b6    00000004                  : sl_socket.obj (.const:_SlSockCloseCmdCtrl)
                  200212ba    00000004                  : sl_socket.obj (.const:_SlSockSocketCmdCtrl)
                  200212be    00000004                  : device.obj (.const:_SlStopCmdCtrl)
                  200212c2    00000004                  : wlan.obj (.const:_SlWlanCfgGetCmdCtrl)
                  200212c6    00000004                  : wlan.obj (.const:_SlWlanCfgSetCmdCtrl)
                  200212ca    00000002     --HOLE-- [fill = 0]
                  200212cc    00000004     freertos_builds_CC3220S_LAUNCHXL_release_ccs.lib : pthread.obj (.const)
                  200212d0    00000002                                                      : pthread.obj (.const:.string)

.init_array 
*          0    20004000    00000000     UNINITIALIZED

.data      0    2001fa44    00000c6c     UNINITIALIZED
                  2001fa44    00000800     freertos_builds_CC3220S_LAUNCHXL_release_ccs.lib : HwiPCC32XX_freertos.obj (.data:HwiP_dispatchTable)
                  20020244    0000016c     drivers_cc32xx.aem4 : PowerCC32XX.oem4 (.data:PowerCC32XX_module)
                  200203b0    000000f8     CC3220S_LAUNCHXL.obj (.data:parkInfo)
                  200204a8    00000058     slnetifwifi.a : slnetifwifi.obj (.data:SlNetIfConfigWifi)
                  20020500    00000034     freertos_builds_CC3220S_LAUNCHXL_release_ccs.lib : tasks.obj (.data)
                  20020534    0000002b     provisioning.obj (.data)
                  2002055f    00000001     drivers_cc32xx.aem4 : SPI.oem4 (.data)
                  20020560    00000028     CC3220S_LAUNCHXL.obj (.data:gpioPinConfigs)
                  20020588    00000024     simplelink.a : eventreg.obj (.data:g_LibsEvents)
                  200205ac    00000024                  : eventreg.obj (.data:g_UserEvents)
                  200205d0    00000018     freertos_builds_CC3220S_LAUNCHXL_release_ccs.lib : port.obj (.data)
                  200205e8    00000014                                                      : pthread.obj (.data:defaultPthreadAttrs)
                  200205fc    00000010     provisioning.obj (.data:Roles)
                  2002060c    00000010     provisioning.obj (.data:WlanStatus)
                  2002061c    00000010     freertos_builds_CC3220S_LAUNCHXL_release_ccs.lib : mqueue.obj (.data:defaultAttrs)
                  2002062c    00000010                                                      : heap_4.obj (.data)
                  2002063c    00000010     CC3220S_LAUNCHXL.obj (.data:gpioCallbackFunctions)
                  2002064c    0000000c     freertos_builds_CC3220S_LAUNCHXL_release_ccs.lib : pthread_mutex.obj (.data:defAttrs)
                  20020658    0000000c                                                      : timers.obj (.data)
                  20020664    0000000c     simplelink.a : driver.obj (.data)
                  20020670    00000009     drivers_cc32xx.aem4 : GPIOCC32XX.oem4 (.data)
                  20020679    00000001                         : UART.oem4 (.data)
                  2002067a    00000001     slnetsock_release.a : slnetsock.oem4 (.data)
                  2002067b    00000001     --HOLE--
                  2002067c    00000008     drivers_cc32xx.aem4 : UDMACC32XX.oem4 (.data)
[...]
200131b5  HwiP_create                               
20013215  PRCMSysResetCauseGet                      
20013275  pthread_mutex_unlock                      
200132d5  SlNetIfWifi_setSockOpt                    
20013333  sem_timedwait                             
20013391  _SlInternalSpawn                          
200133ed  frexp                                     
200133ed  frexpl                                    
200134a5  pthread_exit                              
20013501  vQueueWaitForMessageRestricted            
2001355d  vTaskDelay                                
20013615  GPIO_setCallback                          
2001366d  GPIO_write                                
200136c5  IntPendClear                              
2001371d  PRCMPeripheralReset                       
20013775  Power_releaseDependency                   
20013825  eTaskConfirmSleepModeStatus               
2001387d  sl_Listen                                 
200138d5  vPortSetupTimerInterrupt                  
2001392d  xQueueCreateCountingSemaphore             
20013985  xQueueTakeMutexRecursive                  
200139dd  SemaphoreP_create                         
20013a89  ClockP_delete                             
20013add  InitTerm                                  
20013b31  IntPrioritySet                            
20013b85  _SlDrvRxIrqHandler                        
20013bd9  ltoa                                      
20013c81  xTimerCreateTimerTask                     
20013cd5  PowerCC32XX_resumeLPDS                    
20013d79  NwpRegisterInterruptHandler               
20013e19  _SlDrvCmdSend_noWait                      
20013eb9  _SlInternalSpawnTaskEntry                 
20013f09  _SlNetAppHttpServerHdlr                   
20013f59  _SlNetAppRequestHdlr                      
20013fa9  pxPortInitialiseStack                     
20013ff9  sem_init                                  
20014049  xQueueGiveMutexRecursive                  
20014099  GPIO_enableInt                            
200140e5  NwpWaitForShutDownInd                     
20014131  PowerCC32XX_parkPin                       
2001417d  SlNetIfWifi_getConnectionStatus           
200141c9  atoi                                      
20014215  initVectors                               
20014345  vPortEnterCritical                        
20014391  FlashDisable                              
200143d9  HwiP_dispatch                             
20014421  PRCMLPDSEnter                             
20014469  PRCMPeripheralClkEnable                   
200144b1  Power_releaseConstraint                   
200144f9  SlNetSock_init                            
20014541  _SlDeviceFatalErrorEvtHdlr                
20014589  _SlDeviceGeneralEvtHdlr                   
200145d1  _SlDrvSyncObjWaitTimeout                  
20014619  _SlNetAppEvtHdlr                          
20014661  _SlNetAppRequestMemFree                   
200146a9  _SlSockEvtHdlr                            
200146f1  _SlWlanEvtHdlr                            
20014739  __aeabi_d2iz                              
20014781  uxListRemove                              
200147c9  RingBuf_put                               
20014811  PRCMLPDSRestoreInfoSet                    
20014855  PowerCC32XX_enterLPDS                     
20014899  SPI_init                                  
200148dd  UART_init                                 
20014921  __TI_auto_init_nobinit_nopinit            
200149a9  vTaskStepTick                             
200149ed  malloc                                    
20014a71  PinModeSet                                
20014ab1  RingBuf_get                               
20014af1  SimpleLinkGeneralEventHandler             
20014b31  UARTCC32XX_read                           
20014b71  UDMACC32XX_init                           
20014bb1  _SlDrvGlobalObjUnLock                     
20014bf1  _SlFindAndReleasePendingCmd               
20014c31  _SlInternalSpawnWaitForEvent              
20014c71  _SlIsEventRegistered                      
20014cb1  vTaskPlaceOnEventListRestricted           
20014cf1  vsnprintf                                 
20014d31  ClockP_callbackFxn                        
20014deb  pthread_setcancelstate                    
20014e29  sem_post                                  
20014e69  PRCMSlowClkCtrFastGet                     
20014ea5  Power_setConstraint                       
20014ee1  SPI_open                                  
20014f1d  UART_open                                 
2001500d  pvTaskGetThreadLocalStoragePointer        
20015085  usleep                                    
200150c1  vListInsertEnd                            
200150fd  SlNetIfWifi_getIPAddr                     
20015171  PRCMLPDSEnterKeepDebugIf                  
200151a9  SlNetIfWifi_recvFrom                      
200151e1  SlNetIfWifi_sendTo                        
20015219  SlNetIfWifi_socket                        
20015331  SlNetIfWifi_getHostByName                 
20015367  SlNetIfWifi_select                        
2001539d  UARTCC32XX_readCancel                     
200153d3  strncpy                                   
20015409  PinModeGet                                
2001543d  PowerCC32XX_restoreParkState              
20015471  SemaphoreP_pend                           
200154a5  UDMACC32XX_close                          
20015541  vTaskPlaceOnEventList                     
20015575  vTaskSetThreadLocalStoragePointer         
200155a9  xTimerCreate                              
200155dd  assertChipSelect                          
2001560f  PowerCC32XX_restoreParkedPin              
20015641  StartAsyncEvtTimer                        
20015701  vListInitialise                           
20015731  vPortExitCritical                         
20015761  xTaskGetSchedulerState                    
20015791  Mutex_create_handle                       
200157bf  pvTimerGetTimerID                         
200157ed  __aeabi_i2d                               
2001581b  GetSecureStatus                           
20015849  HwiP_disable                              
20015875  NwpPowerOn                                
200158a1  PRCMLPDSIntervalSet                       
200158cd  PowerCC32XX_getParkState                  
200158f9  SemaphoreP_createBinary                   
20015925  SlNetIfWifi_recv                          
20015951  SlNetIfWifi_send                          
2001597d  StopAsyncEvtTimer                         
200159a9  _SlDrvSyncObjWaitForever                  
200159d5  pthread_mutexattr_settype                 
20015a01  vTaskSetApplicationTaskTag                
20015a2d  xPortSysTickHandler                       
20015a59  xQueueCreateMutex                         
20015a85  xTaskGetApplicationTaskTag                
20015adb  uxQueueMessagesWaiting                    
20015b05  xTimerGetExpiryTime                       
20015b31  HwiP_inISR                                
20015b59  PRCMLPDSWakeupSourceEnable                
20015b81  PRCMPeripheralClkDisable                  
20015ba9  Power_registerNotify                      
20015bd1  SignalEvent                               
20015bf9  _SlDrvProtectionObjLockWaitForever        
20015c21  _SlDrvProtectionObjUnLock                 
20015c49  _SlFlowContSet                            
20015c71  _c_int00_noargs                           
20015c99  pthread_attr_setschedparam                
20015cc1  List_put                                  
20015ce7  List_remove                               
20015d0d  _pthread_cleanup_pop                      
20015d59  IntUnregister                             
20015d7d  ProcessRestartRequest                     
20015da1  _SlDrvIsApiInProgress                     
20015dc5  _SlDrvStartMeasureTimeout                 
20015e0d  sem_getvalue                              
20015e31  vQueueDelete                              
20015e55  vTaskInternalSetTimeOutState              
20015e79  SemaphoreP_post                           
20015e9b  __aeabi_errno_addr                        
20015ebd  pthread_attr_setdetachstate               
20015ee1  ClockP_getCpuFreq                         
20015f01  HwiP_restore                              
20015f21  IntRegister                               
20015f41  Power_unregisterNotify                    
20015f61  RingBuf_peek                              
20015f81  SlNetIfWifi_accept                        
20016021  ClockP_start                              
2001603f  HwiP_Params_init                          
2001605d  SlNetIfWifi_bind                          
2001607b  SlNetIfWifi_connect                       
20016099  _SlDrvObjLockWaitForever                  
200160b7  _SlDrvObjUnLock                           
200160d5  _SlDrvSyncObjSignal                       
2001612f  ClockP_Params_init                        
2001614d  Message                                   
20016169  PinToPadGet                               
200161a1  _SlInternalIsItSpawnThread                
200161bd  memccpy                                   
200161d9  pthread_attr_init                         
200161f5  pthread_mutexattr_init                    
20016211  pvTaskIncrementMutexHeldCount             
2001622d  PTLS_taskDeleteHook                       
20016247  SlNetIfWifi_listen                        
2001627b  pthread_mutex_destroy                     
20016295  HandleDiscnctEvt                          
200162ad  Power_idleFunc                            
200162c5  StartConnection                           
200162dd  UARTBusy                                  
200162f5  UARTIntEnable                             
2001630d  UART_Params_init                          
2001633d  free                                      
20016355  __aeabi_lmul                              
2001636d  sem_wait                                  
20016385  strcmp                                    
2001639d  xTaskGetTickCountFromISR                  
200163b5  ClockP_setTimeout                         
200163cb  PRCMHIBRegRead                            
200163e1  PRCMHIBRegWrite                           
200163f7  PTLS_getBuf                               
2001640d  PTLS_setBuf                               
20016423  SemaphoreP_Params_init                    
20016439  _SlDrvMemZero                             
20016451  resetISR                                  
20016460  resetVectorAddr                           
20016467  strchr                                    
2001647d  CPUcpsie                                  
20016491  IntVTableBaseSet                          
200164a5  Power_getDependencyCount                  
200164b9  SPI_Params_init                           
200164e1  pthread_attr_setstacksize                 
200164f5  pthread_mutex_lock                        
20016509  pthread_self                              
20016531  sem_destroy                               
20016545  strcpy                                    
20016559  strlen                                    
2001656d  vPortSuppressTicksAndSleep                
20016581  xTaskGetCurrentTaskHandle                 
20016595  xTaskGetTickCount                         
200165a9  HwiP_delete                               
200165bb  RingBuf_construct                         
200165cd  SlNetIfWifi_close                         
200165df  wcslen                                    
200165f1  ClockP_getSystemTickPeriod                
20016601  HandleConnection                          
20016611  SysTickDisable                            
20016621  SysTickEnable                             
20016631  _SlDrvDispatchHttpServerEvents            
20016641  _SlDrvDispatchNetAppRequestEvents         
20016651  _SlDrvIsSpawnOwnGlobalLock                
20016681  vListInitialiseItem                       
20016691  vTaskSuspendAll                           
200166a1  CheckLanConnection                        
200166af  Power_getTransitionLatency                
200166bd  RingBuf_isFull                            
200166cb  _SlDrvResetCmdExt                         
200166d9  __TI_decompress_none                      
200166f5  spi_Close                                 
20016703  AsyncEvtTimerHandler                      
2001670f  CC3220S_LAUNCHXL_initGeneral              
2001671b  CPUwfi                                    
20016727  HandleProvisioningTimeOut                 
20016733  HandleWaitForIp                           
2001673f  HwiP_clearInterrupt                       
2001674b  HwiP_disableInterrupt                     
20016757  HwiP_enableInterrupt                      
20016765  NwpMaskInterrupt                          
20016771  NwpUnMaskInterrupt                        
2001677d  Power_getConstraintMask                   
20016789  SemaphoreP_delete                         
20016795  SimpleLinkHttpServerEventHandler          
200167a1  SimpleLinkNetAppRequestEventHandler       
200167ad  _SlDeviceResetRequestInitCompletedCB      
200167b9  __TI_zero_init                            
200167d1  uDMAErrorStatusClear                      
200167dd  uDMAErrorStatusGet                        
200167e9  vTaskMissedYield                          
200167f5  IntMasterEnable                           
200167ff  SPI_close                                 
20016809  SPI_transfer                              
20016813  SimpleLinkNetAppRequestMemFreeEventHandler
2001681d  UART_control                              
20016827  UART_writePolling                         
20016831  sl_Task                                   
2001683b  vApplicationStackOverflowHook             
20016845  ClockP_getSystemTicks                     
2001684d  PRCMSleepEnter                            
20016855  TimerGetCurrentTimestamp                  
20016865  copysign                                  
20016865  copysignl                                 
2001687d  SPICC32XXDMA_control                      
20016883  UtilsDelay                                
20016889  CheckInternetConnection                   
2001688d  DoNothing                                 
20016891  IsActiveExternalConfiguration             
20016895  ProcessStartRequest                       
20016899  SPICC32XXDMA_init                         
2001689d  SlNetIf_init                              
200168a1  SlNetUtil_init                            
200168a5  _system_pre_init                          
200168a9  C$$EXIT                                   
200168a9  abort                                     
200168b0  __TI_static_base__                        
20016a1c  __TI_Handler_Table_Base                   
20016a28  __TI_Handler_Table_Limit                  
20016a30  __TI_CINIT_Base                           
20016a40  __TI_CINIT_Limit                          
2001f000  g_CB                                      
2001f3fc  PowerCC32XX_contextSave                   
2001f528  uartCC3220SObjects                        
2001f6f8  spiCC3220SDMAObjects                      
2001f800  uartCC3220SRingBuffer                     
2001f86c  GlobalLockObj                             
2001f898  g_SlInternalSpawnCB                       
2001f8e0  spiParams                                 
2001f900  spiTransaction                            
2001f9cc  receiveBuffer                             
2001f9dc  transmitBuffer                            
2001f9ec  DeviceCB                                  
2001f9f8  Msg                                       
2001fa1c  spiCC3220SDMAscratchBuf                   
2001fa24  udmaCC3220SObject                         
2001fa34  gProvisioningSMQueue                      
2001fa38  gTimer                                    
2001fa3c  spi                                       
2001fa40  RxIrqCnt                                  
2001fa41  g_CurrentState                            
2001fa42  transferMode                              
2001fa43  transferOK                                
2001fa44  HwiP_dispatchTable                        
20020244  PowerCC32XX_module                        
200203b0  parkInfo                                  
200204a8  SlNetIfConfigWifi                         
20020500  pxCurrentTCB                              
20020534  httpThread                                
20020538  gProvisioningThread                       
2002053c  gDisplayThread                            
20020540  gSpawnThread                              
20020544  gIsWlanConnected                          
20020545  gStopInProgress                           
20020548  gPingSent                                 
2002054c  gPingSuccess                              
20020550  gRole                                     
20020552  gLedCount                                 
20020554  gLedState                                 
20020558  gErrledCount                              
2002055c  gErrLedState                              
2002055d  gWaitForConn                              
2002055e  gLedDisplayState                          
20020560  gpioPinConfigs                            
20020588  g_LibsEvents                              
200205ac  g_UserEvents                              
200205fc  Roles                                     
2002060c  WlanStatus                                
2002063c  gpioCallbackFunctions                     
20020664  gGlobalLockCntRequested                   
20020665  gGlobalLockCntReleased                    
20020666  g_SlDeviceStatus                          
20020668  g_pCB                                     
2002066c  pPingCallBackFunc                         
200206a8  g_intHandle                               
200206b0  gTransitionTable                          
20020950  _ctypes_                                  
20020cd0  spiCC3220SDMAHWAttrs                      
20020d48  OpcodeTranslateTable                      
20020db8  _SlActionLookupTable                      
20020e10  uartCC3220SHWAttrs                        
20020e58  PowerCC32XX_config                        
20020f00  UARTCC32XX_fxnTable                       
20020f28  UART_defaultParams                        
20020f90  SPI_defaultParams                         
20020ff0  SPICC32XXDMA_fxnTable                     
20021008  SPI_config                                
20021020  UART_config                               
2002110c  GPIOCC32XX_config                         
200211d0  ADC_count                                 
200211d1  Capture_count                             
200211d2  CryptoCC32XX_count                        
200211d3  Display_count                             
200211d4  I2C_count                                 
200211d5  I2S_count                                 
200211d6  PWM_count                                 
200211d7  SDFatFS_count                             
200211d8  SD_count                                  
200211d9  SPI_count                                 
200211da  Timer_count                               
200211db  UART_count                                
200211dc  Watchdog_count                            
20021204  udmaCC3220SHWAttrs                        
20021210  UDMACC32XX_config                         
20021218  ulMaxSyscallInterruptPriority             
20021238  outPinTypes                               
2002124e  inPinTypes                                
20021254  outPinStrengths                           
20021292  _SlNetAppSendResponseCmdCtrl              
20021296  _SlNetAppSendTokenValueCmdCtrl            
2002129e  _SlProvisioningCmdCtrl                    
ffffffff  __TI_pprof_out_hndl                       
ffffffff  __TI_prof_data_size                       
ffffffff  __TI_prof_data_start                      
ffffffff  __binit__                                 
ffffffff  __c_args__                                
ffffffff  binit                                     
UNDEFED   __mpu_init                                
UNDEFED   _system_post_cinit                        

[573 symbols]
