******************************************************************************
                  TI ARM Linker PC v18.1.4                     
******************************************************************************
>> Linked Thu Feb 28 15:43:40 2019

OUTPUT FILE NAME:   <solarMonitor_CC3220S_LAUNCHXL_freertos_ccs.out>
ENTRY POINT SYMBOL: "resetISR"  address: 20018a59


MEMORY CONFIGURATION

         name            origin    length      used     unused   attr    fill
----------------------  --------  ---------  --------  --------  ----  --------
  SRAM2                 20000000   00004000  0000070c  000038f4  RW X
  SRAM                  20004000   0003c000  0001fb9a  0001c466  RW X


SEGMENT ALLOCATION MAP

run origin  load origin   length   init length attrs members
----------  ----------- ---------- ----------- ----- -------
20003c00    20003c00    00000400   00000000    rw-
  20003c00    20003c00    00000400   00000000    rw- .stack
20004000    20004000    00014ede   00014ede    r-x
  20004000    20004000    00000040   00000040    r-- .resetVecs
  20004040    20004040    00014e9e   00014e9e    r-x .text
20019000    20019000    00008de6   00000000    rw-
  20019000    20019000    00008de6   00000000    rw- .bss
20021de8    20021de8    00000ed2   00000ed2    r--
  20021de8    20021de8    00000ed2   00000ed2    r-- .const
20022cbc    20022cbc    00000d9c   00000000    rw-
  20022cbc    20022cbc    00000d9c   00000000    rw- .data
20023a58    20023a58    00000268   00000268    r--
  20023a58    20023a58    00000268   00000268    r-- .cinit


SECTION ALLOCATION MAP

 output                                  attributes/
section   page    origin      length       input sections
--------  ----  ----------  ----------   ----------------
.text      0    20004040    00014e9e     
                  20004040    00000a4a     rtsv7M4_T_le_eabi.lib : _printfi.c.obj (.text:__TI_printfi)
                  20004a8a    00000002     driverlib.a : interrupt.obj (.text:IntDefaultHandler)
                  20004a8c    00000928     simplelink.a : driver.obj (.text:_SlDrvMsgRead)
                  200053b4    00000778     provisioning.obj (.text:SimpleLinkWlanEventHandler)
                  20005b2c    000004b0     simplelink.a : sl_socket.obj (.text:_SlSocketHandleAsync_Select)
                  20005fdc    0000042c     driverlib.a : prcm.obj (.text:PRCMCC3200MCUInit)
                  20006408    0000040c     httpclient_release.a : httpclient.oem4 (.text:sendRequest)
                  20006814    00000384     simplelink.a : driver.obj (.text:_SlDrvMsgWrite)
                  20006b98    00000380     provisioning.obj (.text:ProvisioningStart)
                  20006f18    00000374     http_push.obj (.text:httpPostTask)
                  2000728c    000002e0     simplelink.a : driver.obj (.text:_SlDrvWaitForPoolObj)
                  2000756c    000002d8                  : driver.obj (.text:_SlDrvRxHdrRead)
                  20007844    000002b4                  : sl_socket.obj (.text:sl_Select)
                  20007af8    00000294                  : driver.obj (.text:_SlDrvReleasePoolObj)
                  20007d8c    00000278     drivers_cc32xx.aem4 : UARTCC32XX.oem4 (.text:UARTCC32XX_open)
                  20008004    00000278     freertos_builds_CC3220S_LAUNCHXL_release_ccs.lib : mqueue.obj (.text:mq_open)
                  2000827c    00000274     simplelink.a : driver.obj (.text:_SlDrvDataReadOp)
                  200084f0    00000268     rtsv7M4_T_le_eabi.lib : _printfi.c.obj (.text:_pconv_a)
                  20008758    00000224     simplelink.a : driver.obj (.text:_SlDrvDriverCBInit)
                  2000897c    00000218                  : driver.obj (.text:_SlDrvDataWriteOp)
                  20008b94    000001f8     httpclient_release.a : httpclient.oem4 (.text:SlNetSock_connectURI)
                  20008d8c    000001f4     simplelink.a : driver.obj (.text:_SlDrvMsgReadCmdCtx)
                  20008f80    000001f2                  : netapp.obj (.text:_SlNetAppEventHandler)
                  20009172    00000002     freertos_builds_CC3220S_LAUNCHXL_release_ccs.lib : PowerCC32XX_freertos.obj (.text:PowerCC32XX_initPolicy)
                  20009174    000001e4     simplelink.a : netapp.obj (.text:sl_NetAppPing)
                  20009358    000001e1     provisioning.obj (.text:SimpleLinkFatalErrorEventHandler)
                  20009539    00000001     --HOLE-- [fill = 0]
                  2000953a    00000002     external_provisioning_conf.obj (.text:StopExternalProvisioning)
                  2000953c    000001dc     httpclient_release.a : httpclient.oem4 (.text:HTTPClient_connect)
                  20009718    000001dc     provisioning.obj (.text:HandleUserApplication)
                  200098f4    000001d8     drivers_cc32xx.aem4 : GPIOCC32XX.oem4 (.text:GPIO_setConfig)
                  20009acc    000001d4     freertos_builds_CC3220S_LAUNCHXL_release_ccs.lib : timer.obj (.text:timer_settime)
                  20009ca0    000001d0     drivers_cc32xx.aem4 : SPICC32XXDMA.oem4 (.text:SPICC32XXDMA_transfer)
                  20009e70    000001d0     freertos_builds_CC3220S_LAUNCHXL_release_ccs.lib : queue.obj (.text:xQueueSemaphoreTake)
                  2000a040    000001cc     rtsv7M4_T_le_eabi.lib : _printfi.c.obj (.text:_pconv_g)
                  2000a20c    000001c0     provisioning.obj (.text:ProvisioningTask)
                  2000a3cc    000001bc     simplelink.a : device.obj (.text:sl_Stop)
                  2000a588    000001b8     drivers_cc32xx.aem4 : SPICC32XXDMA.oem4 (.text:configDMA)
                  2000a740    000001b8     freertos_builds_CC3220S_LAUNCHXL_release_ccs.lib : queue.obj (.text:xQueueGenericSend)
                  2000a8f8    000001b6     rtsv7M4_T_le_eabi.lib : fd_add_t2.asm.obj (.text)
                  2000aaae    00000002     drivers_cc32xx.aem4 : UARTCC32XX.oem4 (.text:UARTCC32XX_init)
                  2000aab0    000001b4     simplelink.a : driver.obj (.text:_SlDrvReleaseAllActivePendingPoolObj)
                  2000ac64    000001b4                  : sl_socket.obj (.text:sl_Accept)
                  2000ae18    000001b0     freertos_builds_CC3220S_LAUNCHXL_release_ccs.lib : PowerCC32XX_freertos.obj (.text:PowerCC32XX_sleepPolicy)
                  2000afc8    000001a8     provisioning.obj (.text:SimpleLinkNetAppEventHandler)
                  2000b170    000001a0     httpclient_release.a : httpclient.oem4 (.text:manageResponseHeaders)
                  2000b310    00000194                          : httpclient.oem4 (.text:redirect)
                  2000b4a4    0000018c     simplelink.a : sl_socket.obj (.text:_SlDrvRegisterForSelectAsync)
                  2000b630    00000184                  : driver.obj (.text:_SlDrvFindAndSetActiveObj)
                  2000b7b4    00000184                  : sl_socket.obj (.text:sl_Connect)
                  2000b938    0000017c     freertos_builds_CC3220S_LAUNCHXL_release_ccs.lib : queue.obj (.text:xQueueReceive)
                  2000bab4    00000178                                                      : heap_4.obj (.text:pvPortMalloc)
                  2000bc2c    00000170     provisioning.obj (.text:SimpleLinkInitCallback)
                  2000bd9c    00000168     simplelink.a : netapp.obj (.text:sl_NetAppDnsGetHostByName)
                  2000bf04    00000158     drivers_cc32xx.aem4 : SPICC32XXDMA.oem4 (.text:SPICC32XXDMA_open)
                  2000c05c    00000154     simplelink.a : sl_socket.obj (.text:sl_RecvFrom)
                  2000c1b0    00000148     drivers_cc32xx.aem4 : PowerCC32XX.oem4 (.text:parkPins)
                  2000c2f8    00000148     httpclient_release.a : httpclient.oem4 (.text:parseURI)
                  2000c440    00000147                          : httpclient.oem4 (.text:readResponseHeader)
                  2000c587    00000001     --HOLE-- [fill = 0]
                  2000c588    00000140     simplelink.a : driver.obj (.text:_SlDrvMsgReadSpawnCtx)
                  2000c6c8    0000013c                  : driver.obj (.text:_SlDrvDriverCBDeinit)
                  2000c804    0000013c     rtsv7M4_T_le_eabi.lib : _printfi.c.obj (.text:_pconv_e)
                  2000c940    00000138     freertos_builds_CC3220S_LAUNCHXL_release_ccs.lib : pthread.obj (.text:pthread_create)
                  2000ca78    00000138                                                      : tasks.obj (.text:xTaskIncrementTick)
                  2000cbb0    00000136     rtsv7M4_T_le_eabi.lib : fd_div_t2.asm.obj (.text)
                  2000cce6    00000002     freertos_builds_CC3220S_LAUNCHXL_release_ccs.lib : startup_cc32xx_ccs.obj (.text:busFaultHandler)
                  2000cce8    00000130     simplelink.a : sl_socket.obj (.text:_SlDrvGetNextTimeoutValue)
                  2000ce18    0000012c     provisioning.obj (.text:SendPingToGW)
                  2000cf44    00000128     simplelink.a : driver.obj (.text:_SlDrvClassifyRxMsg)
                  2000d06c    00000124                  : fs.obj (.text:sl_FsOpen)
                  2000d190    00000121     httpclient_release.a : httpclient.oem4 (.text:getChunkedData)
                  2000d2b1    00000001     --HOLE-- [fill = 0]
                  2000d2b2    00000002     freertos_builds_CC3220S_LAUNCHXL_release_ccs.lib : startup_cc32xx_ccs.obj (.text:defaultHandler)
                  2000d2b4    00000120     drivers_cc32xx.aem4 : UARTCC32XX.oem4 (.text:UARTCC32XX_close)
                  2000d3d4    00000120     simplelink.a : driver.obj (.text:_SlDrvAsyncEventGenericHandler)
                  2000d4f4    00000120     rtsv7M4_T_le_eabi.lib : _printfi.c.obj (.text:fcvt)
                  2000d614    00000120     provisioning.obj (.text:mainThread)
                  2000d734    0000011c     freertos_builds_CC3220S_LAUNCHXL_release_ccs.lib : tasks.obj (.text:prvInitialiseNewTask)
                  2000d850    0000011c     simplelink.a : device.obj (.text:sl_Start)
                  2000d96c    0000011c     freertos_builds_CC3220S_LAUNCHXL_release_ccs.lib : tasks.obj (.text:xTaskResumeAll)
                  2000da88    00000118     drivers_cc32xx.aem4 : PowerCC32XX.oem4 (.text:Power_sleep)
                  2000dba0    00000118     simplelink.a : netapp.obj (.text:_SlNetAppHandleAsync_DnsGetHostByService)
                  2000dcb8    00000118     freertos_builds_CC3220S_LAUNCHXL_release_ccs.lib : timers.obj (.text:prvProcessReceivedCommands)
                  2000ddd0    00000110     rtsv7M4_T_le_eabi.lib : strtoul.c.obj (.text:strtoul)
                  2000dee0    00000110     freertos_builds_CC3220S_LAUNCHXL_release_ccs.lib : tasks.obj (.text:vTaskPriorityDisinheritAfterTimeout)
                  2000dff0    0000010c     slnetsock_release.a : slnetutils.oem4 (.text:SlNetUtil_str2BinIpV6)
                  2000e0fc    00000108     httpclient_release.a : httpclient.oem4 (.text:HTTPClient_setHeader)
                  2000e204    00000104     simplelink.a : device.obj (.text:_SlDeviceEventHandler)
                  2000e308    00000104                  : driver.obj (.text:_SlDrvCmdOp)
                  2000e40c    00000102     freertos_builds_CC3220S_LAUNCHXL_release_ccs.lib : queue.obj (.text:xQueueGenericSendFromISR)
                  2000e50e    00000002                                                      : startup_cc32xx_ccs.obj (.text:faultISR)
                  2000e510    00000100     simplelink.a : driver.obj (.text:_SlDrvObjGlobalLockWaitForever)
                  2000e610    00000100                  : sl_socket.obj (.text:sl_Close)
                  2000e710    00000100                  : fs.obj (.text:sl_FsWrite)
                  2000e810    000000fd     provisioning.obj (.text:SimpleLinkSockEventHandler)
                  2000e90d    00000001     --HOLE-- [fill = 0]
                  2000e90e    000000fc     rtsv7M4_T_le_eabi.lib : fd_mul_t2.asm.obj (.text)
                  2000ea0a    00000002     freertos_builds_CC3220S_LAUNCHXL_release_ccs.lib : startup_cc32xx_ccs.obj (.text:nmiISR)
                  2000ea0c    000000fc                                                      : tasks.obj (.text:vTaskSuspend)
                  2000eb08    000000f8     slnetifwifi.a : slnetifwifi.obj (.text:SlNetIfWifi_loadSecObj)
                  2000ec00    000000f8     freertos_builds_CC3220S_LAUNCHXL_release_ccs.lib : tasks.obj (.text:vTaskDelete)
                  2000ecf8    000000f4     simplelink.a : sl_socket.obj (.text:sl_SendTo)
                  2000edec    000000f2     drivers_cc32xx.aem4 : SPICC32XXDMA.oem4 (.text:SPICC32XXDMA_transferCancel)
                  2000eede    000000f2                         : UARTCC32XX.oem4 (.text:UARTCC32XX_control)
                  2000efd0    000000ee     freertos_builds_CC3220S_LAUNCHXL_release_ccs.lib : queue.obj (.text:xQueueGiveFromISR)
                  2000f0be    00000002     rtsv7M4_T_le_eabi.lib : div0.asm.obj (.text)
                  2000f0c0    000000e8     slnetsock_release.a : slnetif.oem4 (.text:SlNetIf_add)
                  2000f1a8    000000e8     freertos_builds_CC3220S_LAUNCHXL_release_ccs.lib : tasks.obj (.text:xTaskPriorityInherit)
                  2000f290    000000e0     simplelink.a : driver.obj (.text:_SlSpawnMsgListInsert)
                  2000f370    000000e0     freertos_builds_CC3220S_LAUNCHXL_release_ccs.lib : tasks.obj (.text:xTaskPriorityDisinherit)
                  2000f450    000000dc                                                      : tasks.obj (.text:vTaskSwitchContext)
                  2000f52c    000000d8     drivers_cc32xx.aem4 : SPICC32XXDMA.oem4 (.text:SPICC32XXDMA_close)
                  2000f604    000000d8     simplelink.a : device.obj (.text:_SlDeviceHandleAsync_InitComplete)
                  2000f6dc    000000d8                  : driver.obj (.text:_SlDrvWaitForInternalAsyncEvent)
                  2000f7b4    000000d8                  : netapp.obj (.text:_SlNetAppHandleAsync_NetAppReceive)
                  2000f88c    000000d6     freertos_builds_CC3220S_LAUNCHXL_release_ccs.lib : queue.obj (.text:xQueueReceiveFromISR)
                  2000f962    00000002     main_freertos.obj (.text:vApplicationMallocFailedHook)
                  2000f964    000000d4     simplelink.a : sl_socket.obj (.text:sl_StartTLS)
                  2000fa38    000000d0                  : driver.obj (.text:_SlDrvRemoveFromList)
                  2000fb08    000000d0     httpclient_release.a : httpclient.oem4 (.text:getStatus)
                  2000fbd8    000000d0     rtsv7M4_T_le_eabi.lib : s_scalbn.c.obj (.text:scalbn)
                  2000fca8    000000cc     httpclient_release.a : httpclient.oem4 (.text:sprsend)
                  2000fd74    000000c8     simplelink.a : sl_socket.obj (.text:_SlSocketHandleAsync_StartTLS)
                  2000fe3c    000000c8     drivers_cc32xx.aem4 : SPICC32XXDMA.oem4 (.text:spiHwiFxn)
                  2000ff04    000000c4                         : GPIOCC32XX.oem4 (.text:GPIO_init)
                  2000ffc8    000000c4     freertos_builds_CC3220S_LAUNCHXL_release_ccs.lib : tasks.obj (.text:prvAddNewTaskToReadyList)
                  2001008c    000000c2     drivers_cc32xx.aem4 : UARTCC32XX.oem4 (.text:UARTCC32XX_write)
                  2001014e    00000002     --HOLE-- [fill = 0]
                  20010150    000000c0     simplelink.a : cc_pal.obj (.text:NwpPowerOff)
                  20010210    000000c0     httpclient_release.a : httpclient.oem4 (.text:resHeaderFieldHandler)
                  200102d0    000000c0     simplelink.a : netcfg.obj (.text:sl_NetCfgGet)
                  20010390    000000c0     freertos_builds_CC3220S_LAUNCHXL_release_ccs.lib : port.obj (.text:xPortStartScheduler)
                  20010450    000000be                                                      : queue.obj (.text:prvCopyDataToQueue)
                  2001050e    00000002     --HOLE-- [fill = 0]
                  20010510    000000bc     simplelink.a : netapp.obj (.text:_SlNetAppSendResponse)
                  200105cc    000000bc     freertos_builds_CC3220S_LAUNCHXL_release_ccs.lib : heap_4.obj (.text:prvHeapInit)
                  20010688    000000bc     simplelink.a : sl_socket.obj (.text:sl_Send)
                  20010744    000000bc                  : wlan.obj (.text:sl_WlanProvisioning)
                  20010800    000000ba     drivers_cc32xx.aem4 : UARTCC32XX.oem4 (.text:UARTCC32XX_readPolling)
                  200108ba    00000002     --HOLE-- [fill = 0]
                  200108bc    000000ba     freertos_builds_CC3220S_LAUNCHXL_release_ccs.lib : portasm.obj (.text)
                  20010976    00000002     --HOLE-- [fill = 0]
                  20010978    000000b8     httpclient_release.a : httpclient.oem4 (.text:HTTPClient_readResponseBody)
                  20010a30    000000b8     simplelink.a : netapp.obj (.text:_SlNetAppHandleAsync_DnsGetHostByName)
                  20010ae8    000000b8                  : netapp.obj (.text:_SlNetAppHandleAsync_PingResponse)
                  20010ba0    000000b8     httpclient_release.a : httpclient.oem4 (.text:httpProxyTunnel)
                  20010c58    000000b8     drivers_cc32xx.aem4 : UARTCC32XX.oem4 (.text:initHw)
                  20010d10    000000b8     freertos_builds_CC3220S_LAUNCHXL_release_ccs.lib : timers.obj (.text:prvSwitchTimerLists)
                  20010dc8    000000b8     simplelink.a : device.obj (.text:sl_DeviceGet)
                  20010e80    000000b8                  : wlan.obj (.text:sl_WlanGet)
                  20010f38    000000b8     freertos_builds_CC3220S_LAUNCHXL_release_ccs.lib : timer.obj (.text:timer_create)
                  20010ff0    000000b8                                                      : queue.obj (.text:xQueueGenericReset)
                  200110a8    000000b6     drivers_cc32xx.aem4 : UARTCC32XX.oem4 (.text:readTaskCallback)
                  2001115e    00000002     --HOLE-- [fill = 0]
                  20011160    000000b4     simplelink.a : driver.obj (.text:_SlDrvHandleFatalError)
                  20011214    000000b4                  : netutil.obj (.text:_SlNetUtilHandleAsync_Cmd)
                  200112c8    000000b4     freertos_builds_CC3220S_LAUNCHXL_release_ccs.lib : clock.obj (.text:_clock_abstime2ticks)
                  2001137c    000000b4     simplelink.a : sl_socket.obj (.text:sl_GetSockOpt)
                  20011430    000000b1     rtsv7M4_T_le_eabi.lib : _printfi.c.obj (.text:_ltostr)
                  200114e1    00000003     --HOLE-- [fill = 0]
                  200114e4    000000b0     slnetifwifi.a : slnetifwifi.obj (.text:SlNetIfWifi_getSockOpt)
                  20011594    000000b0     freertos_builds_CC3220S_LAUNCHXL_release_ccs.lib : tasks.obj (.text:prvAddCurrentTaskToDelayedList)
                  20011644    000000b0                                                      : tasks.obj (.text:xTaskCheckForTimeOut)
                  200116f4    000000ae     slnetifwifi.a : slnetifwifi.obj (.text:matchModeByRole)
                  200117a2    000000ae     drivers_cc32xx.aem4 : UARTCC32XX.oem4 (.text:readIsrTextBlocking)
                  20011850    000000ac     simplelink.a : sl_socket.obj (.text:_SlSocketHandleAsync_Close)
                  200118fc    000000ac                  : sl_socket.obj (.text:_SlSocketHandleAsync_Connect)
                  200119a8    000000ac     freertos_builds_CC3220S_LAUNCHXL_release_ccs.lib : clock.obj (.text:clock_gettime)
                  20011a54    000000ac     drivers_cc32xx.aem4 : PowerCC32XX.oem4 (.text:restoreParkedPins)
                  20011b00    000000ac     httpclient_release.a : httpclient.oem4 (.text:sendReqHeaders)
                  20011bac    000000aa     uart_term.obj (.text:Report)
                  20011c56    000000aa     freertos_builds_CC3220S_LAUNCHXL_release_ccs.lib : queue.obj (.text:prvUnlockQueue)
                  20011d00    000000a8     driverlib.a : interrupt.obj (.text:IntDisable)
                  20011da8    000000a8                 : interrupt.obj (.text:IntEnable)
                  20011e50    000000a8                 : prcm.obj (.text:PRCMPeripheralClockGet)
                  20011ef8    000000a8     drivers_cc32xx.aem4 : PowerCC32XX.oem4 (.text:PowerCC32XX_configureWakeup)
                  20011fa0    000000a8     freertos_builds_CC3220S_LAUNCHXL_release_ccs.lib : heap_4.obj (.text:prvInsertBlockIntoFreeList)
                  20012048    000000a8     drivers_cc32xx.aem4 : UARTCC32XX.oem4 (.text:readTaskBlocking)
                  200120f0    000000a8     simplelink.a : fs.obj (.text:sl_FsClose)
                  20012198    000000a8     freertos_builds_CC3220S_LAUNCHXL_release_ccs.lib : tasks.obj (.text:xTaskRemoveFromEventList)
                  20012240    000000a5     provisioning.obj (.text:SetSecuredAP)
                  200122e5    00000003     --HOLE-- [fill = 0]
                  200122e8    000000a4     simplelink.a : sl_socket.obj (.text:sl_Bind)
                  2001238c    000000a2     drivers_cc32xx.aem4 : UARTCC32XX.oem4 (.text:readIsrTextCallback)
                  2001242e    000000a2                         : UARTCC32XX.oem4 (.text:writeData)
                  200124d0    000000a0     freertos_builds_CC3220S_LAUNCHXL_release_ccs.lib : ClockP_freertos.obj (.text:ClockP_create)
                  20012570    000000a0     simplelink.a : fs.obj (.text:FsGetCreateFsMode)
                  20012610    000000a0                  : sl_socket.obj (.text:_SlDrvUnRegisterForSelectAsync)
                  200126b0    000000a0                  : driver.obj (.text:_SlSpawnMsgListProcess)
                  20012750    0000009e                  : cc_pal.obj (.text:spi_Read)
                  200127ee    0000009e                  : cc_pal.obj (.text:spi_Write)
                  2001288c    0000009c     rtsv7M4_T_le_eabi.lib : memcpy_t2.asm.obj (.text)
                  20012928    0000009c     httpclient_release.a : httpclient.oem4 (.text:startSecureMode)
                  200129c4    0000009c     freertos_builds_CC3220S_LAUNCHXL_release_ccs.lib : heap_4.obj (.text:vPortFree)
                  20012a60    00000098     httpclient_release.a : httpclient.oem4 (.text:HTTPClient_sendRequest)
                  20012af8    00000098     drivers_cc32xx.aem4 : GPIOCC32XX.oem4 (.text:powerNotifyFxn)
                  20012b90    00000098     httpclient_release.a : httpclient.oem4 (.text:resHeaderNameToHash)
                  20012c28    00000096     rtsv7M4_T_le_eabi.lib : ull_div_t2.asm.obj (.text)
                  20012cbe    00000002     --HOLE-- [fill = 0]
                  20012cc0    00000094     simplelink.a : cc_pal.obj (.text:Semaphore_pend_handle)
                  20012d54    00000094     drivers_cc32xx.aem4 : SPICC32XXDMA.oem4 (.text:initHw)
                  20012de8    00000094     httpclient_release.a : httpclient.oem4 (.text:locationParser)
                  20012e7c    00000094     freertos_builds_CC3220S_LAUNCHXL_release_ccs.lib : tasks.obj (.text:vTaskStartScheduler)
                  20012f10    00000092     slnetsock_release.a : slnetsock.oem4 (.text:SlNetSock_create)
                  20012fa2    00000002     --HOLE-- [fill = 0]
                  20012fa4    00000090                         : slnetsock.oem4 (.text:SlNetSock_getVirtualSdConf)
                  20013034    00000090     simplelink.a : device.obj (.text:_SlDeviceHandleAsync_Stop)
                  200130c4    00000090                  : sl_socket.obj (.text:_SlSocketHandleAsync_Accept)
                  20013154    00000090     drivers_cc32xx.aem4 : PowerCC32XX.oem4 (.text:restoreNVICRegs)
                  200131e4    0000008e     provisioning.obj (.text:DisplayBanner)
                  20013272    00000002     --HOLE-- [fill = 0]
                  20013274    0000008c     simplelink.a : driver.obj (.text:_SlDrvDriverIsApiAllowed)
                  20013300    0000008c     freertos_builds_CC3220S_LAUNCHXL_release_ccs.lib : clock.obj (.text:_clock_gettimeMono)
                  2001338c    0000008c     simplelink.a : sl_socket.obj (.text:sl_Recv)
                  20013418    00000088     driverlib.a : pin.obj (.text:PinConfigSet)
                  200134a0    00000088     simplelink.a : driver.obj (.text:_SlDrvProtectAsyncRespSetting)
                  20013528    00000088     freertos_builds_CC3220S_LAUNCHXL_release_ccs.lib : mqueue.obj (.text:mq_receive)
                  200135b0    00000088     httpclient_release.a : httpclient.oem4 (.text:readLine)
                  20013638    00000086     simplelink.a : driver.obj (.text:_SlDrvIsTimeoutExpired)
                  200136be    00000086     rtsv7M4_T_le_eabi.lib : fd_cmp_t2.asm.obj (.text:__aeabi_cdcmple)
                  20013744    00000086                           : fd_cmp_t2.asm.obj (.text:__aeabi_cdrcmple)
                  200137ca    00000086     freertos_builds_CC3220S_LAUNCHXL_release_ccs.lib : mqueue.obj (.text:mq_send)
                  20013850    00000084     drivers_cc32xx.aem4 : PowerCC32XX.oem4 (.text:Power_init)
                  200138d4    00000084     slnetifwifi.a : slnetifwifi.obj (.text:SlNetIfWifi_sockstartSec)
                  20013958    00000084     freertos_builds_CC3220S_LAUNCHXL_release_ccs.lib : timers.obj (.text:prvProcessTimerOrBlockTask)
                  200139dc    00000084     drivers_cc32xx.aem4 : PowerCC32XX.oem4 (.text:saveNVICRegs)
                  20013a60    00000084     simplelink.a : sl_socket.obj (.text:sl_SetSockOpt)
                  20013ae4    00000084                  : wlan.obj (.text:sl_WlanSet)
                  20013b68    00000084     freertos_builds_CC3220S_LAUNCHXL_release_ccs.lib : timers.obj (.text:xTimerGenericCommand)
                  20013bec    00000080     drivers_cc32xx.aem4 : PowerCC32XX.oem4 (.text:Power_setDependency)
                  20013c6c    00000080     provisioning.obj (.text:setDeviceTime)
                  20013cec    00000080     simplelink.a : device.obj (.text:sl_DeviceSet)
                  20013d6c    00000080     freertos_builds_CC3220S_LAUNCHXL_release_ccs.lib : timer.obj (.text:timer_gettime)
                  20013dec    0000007c     drivers_cc32xx.aem4 : UDMACC32XX.oem4 (.text:UDMACC32XX_open)
                  20013e68    0000007c                         : UARTCC32XX.oem4 (.text:readIsrBinaryBlocking)
                  20013ee4    0000007a     freertos_builds_CC3220S_LAUNCHXL_release_ccs.lib : pthread.obj (.text:removeThreadKeys)
                  20013f5e    0000007a     rtsv7M4_T_le_eabi.lib : memset_t2.asm.obj (.text)
                  20013fd8    0000007a     freertos_builds_CC3220S_LAUNCHXL_release_ccs.lib : tasks.obj (.text:xTaskCreate)
                  20014052    00000002     --HOLE-- [fill = 0]
                  20014054    00000078     provisioning.obj (.text:FactoryIndicationLed)
                  200140cc    00000078     drivers_cc32xx.aem4 : GPIOCC32XX.oem4 (.text:GPIO_hwiIntFxn)
                  20014144    00000078     provisioning.obj (.text:UpdateLedDisplay)
                  200141bc    00000078     freertos_builds_CC3220S_LAUNCHXL_release_ccs.lib : timers.obj (.text:prvInsertTimerInActiveList)
                  20014234    00000078     drivers_cc32xx.aem4 : UARTCC32XX.oem4 (.text:readIsrBinaryCallback)
                  200142ac    00000078     simplelink.a : sl_socket.obj (.text:sl_Socket)
                  20014324    00000074     provisioning.obj (.text:HandleProvisioningComplete)
                  20014398    00000074     slnetsock_release.a : slnetsock.oem4 (.text:SlNetSock_AllocVirtualSocket)
                  2001440c    00000074     drivers_cc32xx.aem4 : UARTCC32XX.oem4 (.text:UARTCC32XX_hwiIntFxn)
                  20014480    00000074     freertos_builds_CC3220S_LAUNCHXL_release_ccs.lib : tasks.obj (.text:prvInitialiseTaskLists)
                  200144f4    00000074                                                      : pthread_mutex.obj (.text:pthread_mutex_init)
                  20014568    00000074                                                      : port.obj (.text:vPortValidateInterruptPriority)
                  200145dc    00000070     simplelink.a : driver.obj (.text:_SlDrvCmdSend_noLock)
                  2001464c    00000070     freertos_builds_CC3220S_LAUNCHXL_release_ccs.lib : timers.obj (.text:prvProcessExpiredTimer)
                  200146bc    00000070                                                      : ClockP_freertos.obj (.text:setClockObjTimeout)
                  2001472c    0000006e     rtsv7M4_T_le_eabi.lib : _printfi.c.obj (.text:_mcpy)
                  2001479a    00000002     --HOLE-- [fill = 0]
                  2001479c    0000006c     httpclient_release.a : httpclient.oem4 (.text:HTTPClient_getHeader)
                  20014808    0000006c     provisioning.obj (.text:ReportError)
                  20014874    0000006c     simplelink.a : device.obj (.text:_SlDeviceHandleResetRequestInternally)
                  200148e0    0000006c                  : sl_socket.obj (.text:_SlDrvOpenCtrlSocket)
                  2001494c    0000006c                  : netapp.obj (.text:_SlNetAppSendTokenValue)
                  200149b8    00000068     provisioning.obj (.text:ErrorLedDisplay)
                  20014a20    00000068     simplelink.a : driver.obj (.text:_SlSpawnMsgListGetCount)
                  20014a88    00000068     rtsv7M4_T_le_eabi.lib : copy_decompress_lzss.c.obj (.text:decompress:lzss:__TI_decompress_lzss)
                  20014af0    00000068     main_freertos.obj (.text:main)
                  20014b58    00000068     simplelink.a : cc_pal.obj (.text:spi_Open)
                  20014bc0    00000066     drivers_cc32xx.aem4 : UARTCC32XX.oem4 (.text:UARTCC32XX_writeCancel)
                  20014c26    00000066     freertos_builds_CC3220S_LAUNCHXL_release_ccs.lib : memory.obj (.text:realloc)
                  20014c8c    00000066                                                      : list.obj (.text:vListInsert)
                  20014cf2    00000066                                                      : queue.obj (.text:xQueueGenericCreate)
                  20014d58    00000064                                                      : ClockP_freertos.obj (.text:ClockP_stop)
                  20014dbc    00000064     drivers_cc32xx.aem4 : PowerCC32XX.oem4 (.text:PowerCC32XX_setParkState)
                  20014e20    00000064     freertos_builds_CC3220S_LAUNCHXL_release_ccs.lib : pthread_mutex.obj (.text:acquireMutex)
                  20014e84    00000064                                                      : tasks.obj (.text:prvGetExpectedIdleTime)
                  20014ee8    00000062     drivers_cc32xx.aem4 : UARTCC32XX.oem4 (.text:UARTCC32XX_writePolling)
                  20014f4a    00000002     --HOLE-- [fill = 0]
                  20014f4c    00000060     freertos_builds_CC3220S_LAUNCHXL_release_ccs.lib : HwiPCC32XX_freertos.obj (.text:HwiP_create)
                  20014fac    00000060     driverlib.a : prcm.obj (.text:PRCMSysResetCauseGet)
                  2001500c    00000060     slnetsock_release.a : slnetutils.oem4 (.text:SlNetUtil_getHostByName)
                  2001506c    00000060     freertos_builds_CC3220S_LAUNCHXL_release_ccs.lib : pthread_mutex.obj (.text:pthread_mutex_unlock)
                  200150cc    0000005e     slnetifwifi.a : slnetifwifi.obj (.text:SlNetIfWifi_setSockOpt)
                  2001512a    0000005e     freertos_builds_CC3220S_LAUNCHXL_release_ccs.lib : semaphore.obj (.text:sem_timedwait)
                  20015188    0000005c     slnetsock_release.a : slnetutils.oem4 (.text:SlNetUtil_str2BinIpV4)
                  200151e4    0000005c     simplelink.a : spawn.obj (.text:_SlInternalSpawn)
                  20015240    0000005c     freertos_builds_CC3220S_LAUNCHXL_release_ccs.lib : memory.obj (.text:calloc)
                  2001529c    0000005c     rtsv7M4_T_le_eabi.lib : s_frexp.c.obj (.text:frexp)
                  200152f8    0000005c     freertos_builds_CC3220S_LAUNCHXL_release_ccs.lib : tasks.obj (.text:prvIdleTask)
                  20015354    0000005c                                                      : pthread.obj (.text:pthread_exit)
                  200153b0    0000005c     httpclient_release.a : httpclient.oem4 (.text:readRawResponseBody)
                  2001540c    0000005c     freertos_builds_CC3220S_LAUNCHXL_release_ccs.lib : queue.obj (.text:vQueueWaitForMessageRestricted)
                  20015468    0000005c                                                      : tasks.obj (.text:vTaskDelay)
                  200154c4    0000005a                                                      : timers.obj (.text:prvInitialiseNewTimer)
                  2001551e    00000002     --HOLE-- [fill = 0]
                  20015520    00000058     drivers_cc32xx.aem4 : GPIOCC32XX.oem4 (.text:GPIO_setCallback)
                  20015578    00000058                         : GPIOCC32XX.oem4 (.text:GPIO_write)
                  200155d0    00000058     driverlib.a : interrupt.obj (.text:IntPendClear)
                  20015628    00000058                 : prcm.obj (.text:PRCMPeripheralReset)
                  20015680    00000058     drivers_cc32xx.aem4 : PowerCC32XX.oem4 (.text:Power_releaseDependency)
                  200156d8    00000058     slnetsock_release.a : slnetsock.oem4 (.text:SlNetSock_recv)
                  20015730    00000058                         : slnetsock.oem4 (.text:SlNetSock_send)
                  20015788    00000058     simplelink.a : sl_socket.obj (.text:_SlDrvClearCtrlSocket)
                  200157e0    00000058     freertos_builds_CC3220S_LAUNCHXL_release_ccs.lib : tasks.obj (.text:eTaskConfirmSleepModeStatus)
                  20015838    00000058     simplelink.a : sl_socket.obj (.text:sl_Listen)
                  20015890    00000058     freertos_builds_CC3220S_LAUNCHXL_release_ccs.lib : port.obj (.text:vPortSetupTimerInterrupt)
                  200158e8    00000058                                                      : queue.obj (.text:xQueueCreateCountingSemaphore)
                  20015940    00000058                                                      : queue.obj (.text:xQueueTakeMutexRecursive)
                  20015998    00000056                                                      : SemaphoreP_freertos.obj (.text:SemaphoreP_create)
                  200159ee    00000056     rtsv7M4_T_le_eabi.lib : _printfi.c.obj (.text:_pconv_f)
                  20015a44    00000054     freertos_builds_CC3220S_LAUNCHXL_release_ccs.lib : ClockP_freertos.obj (.text:ClockP_delete)
                  20015a98    00000054     uart_term.obj (.text:InitTerm)
                  20015aec    00000054     driverlib.a : interrupt.obj (.text:IntPrioritySet)
                  20015b40    00000054     simplelink.a : driver.obj (.text:_SlDrvRxIrqHandler)
                  20015b94    00000054     rtsv7M4_T_le_eabi.lib : ltoa.c.obj (.text:ltoa)
                  20015be8    00000054     drivers_cc32xx.aem4 : UARTCC32XX.oem4 (.text:ringBufGet)
                  20015c3c    00000054     freertos_builds_CC3220S_LAUNCHXL_release_ccs.lib : timers.obj (.text:xTimerCreateTimerTask)
                  20015c90    00000052     drivers_cc32xx.aem4 : PowerCC32XX_asm.oem4 (.text:PowerCC32XX_resumeLPDS)
                  20015ce2    00000052     rtsv7M4_T_le_eabi.lib : _printfi.c.obj (.text:_ecpy)
                  20015d34    00000050     simplelink.a : cc_pal.obj (.text:NwpRegisterInterruptHandler)
                  20015d84    00000050     slnetsock_release.a : slnetif.oem4 (.text:SlNetIf_queryIf)
                  20015dd4    00000050     simplelink.a : sl_socket.obj (.text:_SlDrvCloseCtrlSocket)
                  20015e24    00000050                  : driver.obj (.text:_SlDrvCmdSend_noWait)
                  20015e74    00000050                  : driver.obj (.text:_SlDrvUpdateApiInProgress)
                  20015ec4    00000050                  : spawn.obj (.text:_SlInternalSpawnTaskEntry)
                  20015f14    00000050                  : eventreg.obj (.text:_SlNetAppHttpServerHdlr)
                  20015f64    00000050                  : eventreg.obj (.text:_SlNetAppRequestHdlr)
                  20015fb4    00000050     freertos_builds_CC3220S_LAUNCHXL_release_ccs.lib : port.obj (.text:pxPortInitialiseStack)
                  20016004    00000050     httpclient_release.a : httpclient.oem4 (.text:removeRequestHeader)
                  20016054    00000050     freertos_builds_CC3220S_LAUNCHXL_release_ccs.lib : semaphore.obj (.text:sem_init)
                  200160a4    00000050                                                      : queue.obj (.text:xQueueGiveMutexRecursive)
                  200160f4    0000004c     drivers_cc32xx.aem4 : GPIOCC32XX.oem4 (.text:GPIO_enableInt)
                  20016140    0000004c     simplelink.a : cc_pal.obj (.text:NwpWaitForShutDownInd)
                  2001618c    0000004c     drivers_cc32xx.aem4 : PowerCC32XX.oem4 (.text:PowerCC32XX_parkPin)
                  200161d8    0000004c     slnetifwifi.a : slnetifwifi.obj (.text:SlNetIfWifi_getConnectionStatus)
                  20016224    0000004c     slnetsock_release.a : slnetsock.oem4 (.text:SlNetSock_freeVirtualSocket)
                  20016270    0000004c                         : slnetsock.oem4 (.text:SlNetSock_startSec)
                  200162bc    0000004c     rtsv7M4_T_le_eabi.lib : atoi.c.obj (.text:atoi)
                  20016308    0000004c     freertos_builds_CC3220S_LAUNCHXL_release_ccs.lib : startup_cc32xx_ccs.obj (.text:initVectors)
                  20016354    0000004c                                                      : timers.obj (.text:prvCheckForValidListAndQueue)
                  200163a0    0000004c                                                      : tasks.obj (.text:prvCheckTasksWaitingTermination)
                  200163ec    0000004c     drivers_cc32xx.aem4 : PowerCC32XX.oem4 (.text:restorePeriphClocks)
                  20016438    0000004c     freertos_builds_CC3220S_LAUNCHXL_release_ccs.lib : port.obj (.text:vPortEnterCritical)
                  20016484    00000048     driverlib.a : flash.obj (.text:FlashDisable)
                  200164cc    00000048     freertos_builds_CC3220S_LAUNCHXL_release_ccs.lib : HwiPCC32XX_freertos.obj (.text:HwiP_dispatch)
                  20016514    00000048     driverlib.a : prcm.obj (.text:PRCMLPDSEnter)
                  2001655c    00000048                 : prcm.obj (.text:PRCMPeripheralClkEnable)
                  200165a4    00000048     drivers_cc32xx.aem4 : PowerCC32XX.oem4 (.text:Power_releaseConstraint)
                  200165ec    00000048     slnetsock_release.a : slnetsock.oem4 (.text:SlNetSock_connect)
                  20016634    00000048                         : slnetsock.oem4 (.text:SlNetSock_init)
                  2001667c    00000048     simplelink.a : eventreg.obj (.text:_SlDeviceFatalErrorEvtHdlr)
                  200166c4    00000048                  : eventreg.obj (.text:_SlDeviceGeneralEvtHdlr)
                  2001670c    00000048                  : driver.obj (.text:_SlDrvSyncObjWaitTimeout)
                  20016754    00000048                  : eventreg.obj (.text:_SlNetAppEvtHdlr)
                  2001679c    00000048                  : eventreg.obj (.text:_SlNetAppRequestMemFree)
                  200167e4    00000048                  : eventreg.obj (.text:_SlSockEvtHdlr)
                  2001682c    00000048                  : eventreg.obj (.text:_SlWlanEvtHdlr)
                  20016874    00000048     rtsv7M4_T_le_eabi.lib : fd_toi_t2.asm.obj (.text)
                  200168bc    00000048     freertos_builds_CC3220S_LAUNCHXL_release_ccs.lib : list.obj (.text:uxListRemove)
                  20016904    00000046     drivers_cc32xx.aem4 : RingBuf.oem4 (.text:RingBuf_put)
                  2001694a    00000002     --HOLE-- [fill = 0]
                  2001694c    00000044     httpclient_release.a : httpclient.oem4 (.text:HTTPClient_create)
                  20016990    00000044     driverlib.a : prcm.obj (.text:PRCMLPDSRestoreInfoSet)
                  200169d4    00000044     drivers_cc32xx.aem4 : PowerCC32XX_asm.oem4 (.text:PowerCC32XX_enterLPDS)
                  20016a18    00000044                         : SPI.oem4 (.text:SPI_init)
                  20016a5c    00000044                         : UART.oem4 (.text:UART_init)
                  20016aa0    00000044     rtsv7M4_T_le_eabi.lib : autoinit.c.obj (.text:__TI_auto_init_nobinit_nopinit:__TI_auto_init_nobinit_nopinit)
                  20016ae4    00000044     freertos_builds_CC3220S_LAUNCHXL_release_ccs.lib : queue.obj (.text:prvInitialiseNewQueue)
                  20016b28    00000044                                                      : tasks.obj (.text:vTaskStepTick)
                  20016b6c    00000042     httpclient_release.a : httpclient.oem4 (.text:initializeCB)
                  20016bae    00000042     freertos_builds_CC3220S_LAUNCHXL_release_ccs.lib : memory.obj (.text:malloc)
                  20016bf0    00000040     simplelink.a : sl_socket.obj (.text:CountSetBits)
                  20016c30    00000040     driverlib.a : pin.obj (.text:PinModeSet)
                  20016c70    00000040     drivers_cc32xx.aem4 : RingBuf.oem4 (.text:RingBuf_get)
                  20016cb0    00000040     provisioning.obj (.text:SimpleLinkGeneralEventHandler)
                  20016cf0    00000040     slnetsock_release.a : slnetsock.oem4 (.text:SlNetSock_close)
                  20016d30    00000040                         : slnetsock.oem4 (.text:SlNetSock_secAttribSet)
                  20016d70    00000040     drivers_cc32xx.aem4 : UARTCC32XX.oem4 (.text:UARTCC32XX_read)
                  20016db0    00000040                         : UDMACC32XX.oem4 (.text:UDMACC32XX_init)
                  20016df0    00000040     simplelink.a : driver.obj (.text:_SlDrvGlobalObjUnLock)
                  20016e30    00000040                  : driver.obj (.text:_SlFindAndReleasePendingCmd)
                  20016e70    00000040                  : spawn.obj (.text:_SlInternalSpawnWaitForEvent)
                  20016eb0    00000040                  : eventreg.obj (.text:_SlIsEventRegistered)
                  20016ef0    00000040     httpclient_release.a : httpclient.oem4 (.text:clearReqHeaders)
                  20016f30    00000040     rtsv7M4_T_le_eabi.lib : sprintf.c.obj (.text:sprintf)
                  20016f70    00000040     freertos_builds_CC3220S_LAUNCHXL_release_ccs.lib : tasks.obj (.text:vTaskPlaceOnEventListRestricted)
                  20016fb0    00000040     rtsv7M4_T_le_eabi.lib : vsnprintf.c.obj (.text:vsnprintf)
                  20016ff0    0000003e     freertos_builds_CC3220S_LAUNCHXL_release_ccs.lib : ClockP_freertos.obj (.text:ClockP_callbackFxn)
                  2001702e    0000003e     simplelink.a : sl_socket.obj (.text:_SlSocketBuildAddress)
                  2001706c    0000003e     rtsv7M4_T_le_eabi.lib : _printfi.c.obj (.text:_fcpy)
                  200170aa    0000003e     freertos_builds_CC3220S_LAUNCHXL_release_ccs.lib : pthread.obj (.text:pthread_setcancelstate)
                  200170e8    0000003e                                                      : semaphore.obj (.text:sem_post)
                  20017126    00000002     --HOLE-- [fill = 0]
                  20017128    0000003c     driverlib.a : prcm.obj (.text:PRCMSlowClkCtrFastGet)
                  20017164    0000003c     drivers_cc32xx.aem4 : PowerCC32XX.oem4 (.text:Power_setConstraint)
                  200171a0    0000003c                         : SPI.oem4 (.text:SPI_open)
                  200171dc    0000003c                         : UART.oem4 (.text:UART_open)
                  20017218    0000003c     simplelink.a : netapp.obj (.text:_SlNetAppCopyPingResultsToReport)
                  20017254    0000003c     freertos_builds_CC3220S_LAUNCHXL_release_ccs.lib : queue.obj (.text:prvCopyDataFromQueue)
                  20017290    0000003c                                                      : tasks.obj (.text:prvResetNextTaskUnblockTime)
                  200172cc    0000003c                                                      : tasks.obj (.text:pvTaskGetThreadLocalStoragePointer)
                  20017308    0000003c                                                      : timer.obj (.text:timespecToTicks)
                  20017344    0000003c                                                      : sleep.obj (.text:usleep)
                  20017380    0000003c                                                      : list.obj (.text:vListInsertEnd)
                  200173bc    0000003a     slnetifwifi.a : slnetifwifi.obj (.text:SlNetIfWifi_getIPAddr)
                  200173f6    0000003a     freertos_builds_CC3220S_LAUNCHXL_release_ccs.lib : timer.obj (.text:callbackFxn)
                  20017430    0000003a     httpclient_release.a : httpclient.oem4 (.text:clearResponseValues)
                  2001746a    0000003a                          : httpclient.oem4 (.text:stringncasecmp)
                  200174a4    00000038                          : httpclient.oem4 (.text:HTTPClient_disconnect)
                  200174dc    00000038     driverlib.a : prcm.obj (.text:PRCMLPDSEnterKeepDebugIf)
                  20017514    00000038     slnetifwifi.a : slnetifwifi.obj (.text:SlNetIfWifi_recvFrom)
                  2001754c    00000038                   : slnetifwifi.obj (.text:SlNetIfWifi_sendTo)
                  20017584    00000038                   : slnetifwifi.obj (.text:SlNetIfWifi_socket)
                  200175bc    00000038     slnetsock_release.a : slnetif.oem4 (.text:SlNetIf_configCheck)
                  200175f4    00000038                         : slnetutils.oem4 (.text:SlNetUtil_htonl)
                  2001762c    00000038     drivers_cc32xx.aem4 : PowerCC32XX.oem4 (.text:notify)
                  20017664    00000038     http_push.obj (.text:printError)
                  2001769c    00000038     freertos_builds_CC3220S_LAUNCHXL_release_ccs.lib : timers.obj (.text:prvGetNextExpireTime)
                  200176d4    00000038                                                      : port.obj (.text:prvTaskExitError)
                  2001770c    00000038     httpclient_release.a : httpclient.oem4 (.text:stringcasecmp)
                  20017744    00000036     slnetifwifi.a : slnetifwifi.obj (.text:SlNetIfWifi_getHostByName)
                  2001777a    00000036                   : slnetifwifi.obj (.text:SlNetIfWifi_select)
                  200177b0    00000036     drivers_cc32xx.aem4 : UARTCC32XX.oem4 (.text:UARTCC32XX_readCancel)
                  200177e6    00000036     rtsv7M4_T_le_eabi.lib : strncpy.c.obj (.text:strncpy)
                  2001781c    00000034     driverlib.a : pin.obj (.text:PinModeGet)
                  20017850    00000034     drivers_cc32xx.aem4 : PowerCC32XX.oem4 (.text:PowerCC32XX_restoreParkState)
                  20017884    00000034     freertos_builds_CC3220S_LAUNCHXL_release_ccs.lib : SemaphoreP_freertos.obj (.text:SemaphoreP_pend)
                  200178b8    00000034     slnetsock_release.a : slnetutils.oem4 (.text:SlNetUtil_htons)
                  200178ec    00000034     drivers_cc32xx.aem4 : UDMACC32XX.oem4 (.text:UDMACC32XX_close)
                  20017920    00000034     freertos_builds_CC3220S_LAUNCHXL_release_ccs.lib : mqueue.obj (.text:findInList)
                  20017954    00000034                                                      : timers.obj (.text:prvSampleTimeNow)
                  20017988    00000034     rtsv7M4_T_le_eabi.lib : strstr.c.obj (.text:strstr)
                  200179bc    00000034     freertos_builds_CC3220S_LAUNCHXL_release_ccs.lib : tasks.obj (.text:vTaskPlaceOnEventList)
                  200179f0    00000034                                                      : tasks.obj (.text:vTaskSetThreadLocalStoragePointer)
                  20017a24    00000034                                                      : timers.obj (.text:xTimerCreate)
                  20017a58    00000030     drivers_cc32xx.aem4 : PowerCC32XX.oem4 (.text:PowerCC32XX_restoreParkedPin)
                  20017a88    00000030     provisioning.obj (.text:StartAsyncEvtTimer)
                  20017ab8    00000030     simplelink.a : fs.obj (.text:_SlFsStrlen)
                  20017ae8    00000030     rtsv7M4_T_le_eabi.lib : vsnprintf.c.obj (.text:_outs)
                  20017b18    00000030     simplelink.a : sl_socket.obj (.text:to_mSec)
                  20017b48    00000030     freertos_builds_CC3220S_LAUNCHXL_release_ccs.lib : list.obj (.text:vListInitialise)
                  20017b78    00000030                                                      : port.obj (.text:vPortExitCritical)
                  20017ba8    00000030                                                      : tasks.obj (.text:xTaskGetSchedulerState)
                  20017bd8    0000002e     simplelink.a : cc_pal.obj (.text:Mutex_create_handle)
                  20017c06    0000002e     freertos_builds_CC3220S_LAUNCHXL_release_ccs.lib : timers.obj (.text:pvTimerGetTimerID)
                  20017c34    0000002e     rtsv7M4_T_le_eabi.lib : i_tofd_t2.asm.obj (.text)
                  20017c62    0000002c     provisioning.obj (.text:GetSecureStatus)
                  20017c8e    0000002c     httpclient_release.a : httpclient.oem4 (.text:HTTPClient_destroy)
                  20017cba    00000002     --HOLE-- [fill = 0]
                  20017cbc    0000002c     freertos_builds_CC3220S_LAUNCHXL_release_ccs.lib : HwiPCC32XX_freertos.obj (.text:HwiP_disable)
                  20017ce8    0000002c     simplelink.a : cc_pal.obj (.text:NwpPowerOn)
                  20017d14    0000002c     driverlib.a : prcm.obj (.text:PRCMLPDSIntervalSet)
                  20017d40    0000002c     drivers_cc32xx.aem4 : PowerCC32XX.oem4 (.text:PowerCC32XX_getParkState)
                  20017d6c    0000002c     freertos_builds_CC3220S_LAUNCHXL_release_ccs.lib : SemaphoreP_freertos.obj (.text:SemaphoreP_createBinary)
                  20017d98    0000002c     slnetifwifi.a : slnetifwifi.obj (.text:SlNetIfWifi_recv)
                  20017dc4    0000002c                   : slnetifwifi.obj (.text:SlNetIfWifi_send)
                  20017df0    0000002c     slnetsock_release.a : slnetutils.oem4 (.text:SlNetUtil_inetPton)
                  20017e1c    0000002c     provisioning.obj (.text:StopAsyncEvtTimer)
                  20017e48    0000002c     simplelink.a : driver.obj (.text:_SlDrvSyncObjWaitForever)
                  20017e74    0000002c     freertos_builds_CC3220S_LAUNCHXL_release_ccs.lib : pthread_mutex.obj (.text:pthread_mutexattr_settype)
                  20017ea0    0000002c     rtsv7M4_T_le_eabi.lib : strncmp.c.obj (.text:strncmp)
                  20017ecc    0000002c     freertos_builds_CC3220S_LAUNCHXL_release_ccs.lib : tasks.obj (.text:vTaskSetApplicationTaskTag)
                  20017ef8    0000002c                                                      : port.obj (.text:xPortSysTickHandler)
                  20017f24    0000002c                                                      : queue.obj (.text:xQueueCreateMutex)
                  20017f50    0000002c                                                      : tasks.obj (.text:xTaskGetApplicationTaskTag)
                  20017f7c    0000002a                                                      : queue.obj (.text:prvInitialiseMutex)
                  20017fa6    0000002a                                                      : queue.obj (.text:uxQueueMessagesWaiting)
                  20017fd0    0000002a                                                      : timers.obj (.text:xTimerGetExpiryTime)
                  20017ffa    00000002     --HOLE-- [fill = 0]
                  20017ffc    00000028                                                      : HwiPCC32XX_freertos.obj (.text:HwiP_inISR)
                  20018024    00000028     driverlib.a : prcm.obj (.text:PRCMLPDSWakeupSourceEnable)
                  2001804c    00000028                 : prcm.obj (.text:PRCMPeripheralClkDisable)
                  20018074    00000028     drivers_cc32xx.aem4 : PowerCC32XX.oem4 (.text:Power_registerNotify)
                  2001809c    00000028     provisioning.obj (.text:SignalEvent)
                  200180c4    00000028     slnetsock_release.a : slnetsock.oem4 (.text:SlNetSock_secAttribDelete)
                  200180ec    00000028     simplelink.a : driver.obj (.text:_SlDrvProtectionObjLockWaitForever)
                  20018114    00000028                  : driver.obj (.text:_SlDrvProtectionObjUnLock)
                  2001813c    00000028                  : flowcont.obj (.text:_SlFlowContSet)
                  20018164    00000028     rtsv7M4_T_le_eabi.lib : boot_cortex_m.c.obj (.text:_c_int00_noargs:_c_int00_noargs)
                  2001818c    00000028     freertos_builds_CC3220S_LAUNCHXL_release_ccs.lib : pthread.obj (.text:pthread_attr_setschedparam)
                  200181b4    00000026     drivers_cc32xx.aem4 : List.oem4 (.text:List_put)
                  200181da    00000026                         : List.oem4 (.text:List_remove)
                  20018200    00000026     slnetsock_release.a : slnetutils.oem4 (.text:SlNetUtil_strTok)
                  20018226    00000026     freertos_builds_CC3220S_LAUNCHXL_release_ccs.lib : pthread.obj (.text:_pthread_cleanup_pop)
                  2001824c    00000026                                                      : queue.obj (.text:prvIsQueueFull)
                  20018272    00000002     --HOLE-- [fill = 0]
                  20018274    00000024     driverlib.a : interrupt.obj (.text:IntUnregister)
                  20018298    00000024     provisioning.obj (.text:ProcessRestartRequest)
                  200182bc    00000024     slnetsock_release.a : slnetif.oem4 (.text:SlNetIf_getConnectionStatus)
                  200182e0    00000024                         : slnetif.oem4 (.text:SlNetIf_getIfByID)
                  20018304    00000024                         : slnetsock.oem4 (.text:SlNetSock_getIfID)
                  20018328    00000024     simplelink.a : driver.obj (.text:_SlDrvIsApiInProgress)
                  2001834c    00000024                  : driver.obj (.text:_SlDrvStartMeasureTimeout)
                  20018370    00000024     freertos_builds_CC3220S_LAUNCHXL_release_ccs.lib : queue.obj (.text:prvGetDisinheritPriorityAfterTimeout)
                  20018394    00000024                                                      : semaphore.obj (.text:sem_getvalue)
                  200183b8    00000024                                                      : queue.obj (.text:vQueueDelete)
                  200183dc    00000024                                                      : tasks.obj (.text:vTaskInternalSetTimeOutState)
                  20018400    00000022                                                      : SemaphoreP_freertos.obj (.text:SemaphoreP_post)
                  20018422    00000022                                                      : aeabi_portable.obj (.text:__aeabi_errno_addr)
                  20018444    00000022                                                      : pthread.obj (.text:pthread_attr_setdetachstate)
                  20018466    00000002     --HOLE-- [fill = 0]
                  20018468    00000020                                                      : ClockP_freertos.obj (.text:ClockP_getCpuFreq)
                  20018488    00000020                                                      : HwiPCC32XX_freertos.obj (.text:HwiP_restore)
                  200184a8    00000020     driverlib.a : interrupt.obj (.text:IntRegister)
                  200184c8    00000020     drivers_cc32xx.aem4 : PowerCC32XX.oem4 (.text:Power_unregisterNotify)
                  200184e8    00000020                         : RingBuf.oem4 (.text:RingBuf_peek)
                  20018508    00000020     slnetifwifi.a : slnetifwifi.obj (.text:SlNetIfWifi_accept)
                  20018528    00000020     drivers_cc32xx.aem4 : SPICC32XXDMA.oem4 (.text:getPowerMgrId)
                  20018548    00000020                         : UARTCC32XX.oem4 (.text:getPowerMgrId)
                  20018568    00000020     freertos_builds_CC3220S_LAUNCHXL_release_ccs.lib : queue.obj (.text:prvIsQueueEmpty)
                  20018588    00000020     httpclient_release.a : httpclient.oem4 (.text:searchRequestHeader)
                  200185a8    00000020     freertos_builds_CC3220S_LAUNCHXL_release_ccs.lib : semaphore.obj (.text:semaphorePend)
                  200185c8    0000001e                                                      : ClockP_freertos.obj (.text:ClockP_start)
                  200185e6    0000001e                                                      : HwiPCC32XX_freertos.obj (.text:HwiP_Params_init)
                  20018604    0000001e     slnetifwifi.a : slnetifwifi.obj (.text:SlNetIfWifi_bind)
                  20018622    0000001e                   : slnetifwifi.obj (.text:SlNetIfWifi_connect)
                  20018640    0000001e     simplelink.a : driver.obj (.text:_SlDrvObjLockWaitForever)
                  2001865e    0000001e                  : driver.obj (.text:_SlDrvObjUnLock)
                  2001867c    0000001e                  : driver.obj (.text:_SlDrvSyncObjSignal)
                  2001869a    0000001e     freertos_builds_CC3220S_LAUNCHXL_release_ccs.lib : pthread.obj (.text:_pthread_runStub)
                  200186b8    0000001e     drivers_cc32xx.aem4 : UDMACC32XX.oem4 (.text:postNotifyFxn)
                  200186d6    0000001c     freertos_builds_CC3220S_LAUNCHXL_release_ccs.lib : ClockP_freertos.obj (.text:ClockP_Params_init)
                  200186f2    00000002     --HOLE-- [fill = 0]
                  200186f4    0000001c     uart_term.obj (.text:Message)
                  20018710    0000001c     driverlib.a : pin.obj (.text:PinToPadGet)
                  2001872c    0000001c     simplelink.a : device.obj (.text:_SlDeviceGetStartResponseConvert)
                  20018748    0000001c                  : spawn.obj (.text:_SlInternalIsItSpawnThread)
                  20018764    0000001c     rtsv7M4_T_le_eabi.lib : memccpy.c.obj (.text:memccpy)
                  20018780    0000001c     freertos_builds_CC3220S_LAUNCHXL_release_ccs.lib : pthread.obj (.text:pthread_attr_init)
                  2001879c    0000001c                                                      : pthread_mutex.obj (.text:pthread_mutexattr_init)
                  200187b8    0000001c                                                      : tasks.obj (.text:pvTaskIncrementMutexHeldCount)
                  200187d4    0000001c     httpclient_release.a : httpclient.oem4 (.text:validateResponseHeader)
                  200187f0    0000001a     freertos_builds_CC3220S_LAUNCHXL_release_ccs.lib : PTLS.obj (.text:PTLS_taskDeleteHook)
                  2001880a    0000001a     slnetifwifi.a : slnetifwifi.obj (.text:SlNetIfWifi_listen)
                  20018824    0000001a     freertos_builds_CC3220S_LAUNCHXL_release_ccs.lib : timers.obj (.text:prvTimerTask)
                  2001883e    0000001a                                                      : pthread_mutex.obj (.text:pthread_mutex_destroy)
                  20018858    00000018     provisioning.obj (.text:HandleDiscnctEvt)
                  20018870    00000018     drivers_cc32xx.aem4 : PowerCC32XX.oem4 (.text:Power_idleFunc)
                  20018888    00000018     provisioning.obj (.text:StartConnection)
                  200188a0    00000018     driverlib.a : uart.obj (.text:UARTBusy)
                  200188b8    00000018                 : uart.obj (.text:UARTIntEnable)
                  200188d0    00000018     drivers_cc32xx.aem4 : UART.oem4 (.text:UART_Params_init)
                  200188e8    00000018     rtsv7M4_T_le_eabi.lib : vsnprintf.c.obj (.text:_outc)
                  20018900    00000018                           : sprintf.c.obj (.text:_outs)
                  20018918    00000018     httpclient_release.a : httpclient.oem4 (.text:countChar)
                  20018930    00000018     freertos_builds_CC3220S_LAUNCHXL_release_ccs.lib : memory.obj (.text:free)
                  20018948    00000018     rtsv7M4_T_le_eabi.lib : ll_mul_t2.asm.obj (.text)
                  20018960    00000018     freertos_builds_CC3220S_LAUNCHXL_release_ccs.lib : semaphore.obj (.text:sem_wait)
                  20018978    00000018     rtsv7M4_T_le_eabi.lib : strcmp.c.obj (.text:strcmp)
                  20018990    00000018     freertos_builds_CC3220S_LAUNCHXL_release_ccs.lib : tasks.obj (.text:xTaskGetTickCountFromISR)
                  200189a8    00000016                                                      : ClockP_freertos.obj (.text:ClockP_setTimeout)
                  200189be    00000016     driverlib.a : prcm.obj (.text:PRCMHIBRegRead)
                  200189d4    00000016                 : prcm.obj (.text:PRCMHIBRegWrite)
                  200189ea    00000016     freertos_builds_CC3220S_LAUNCHXL_release_ccs.lib : PTLS.obj (.text:PTLS_getBuf)
                  20018a00    00000016                                                      : PTLS.obj (.text:PTLS_setBuf)
                  20018a16    00000016                                                      : SemaphoreP_freertos.obj (.text:SemaphoreP_Params_init)
                  20018a2c    00000016     simplelink.a : driver.obj (.text:_SlDrvMemZero)
                  20018a42    00000016     httpclient_release.a : httpclient.oem4 (.text:clearNonPersistResponseFilter)
                  20018a58    00000016     freertos_builds_CC3220S_LAUNCHXL_release_ccs.lib : startup_cc32xx_ccs.obj (.text:resetISR)
                  20018a6e    00000016     rtsv7M4_T_le_eabi.lib : strchr.c.obj (.text:strchr)
                  20018a84    00000014     driverlib.a : cpu.obj (.text:CPUcpsie)
                  20018a98    00000014                 : interrupt.obj (.text:IntVTableBaseSet)
                  20018aac    00000014     drivers_cc32xx.aem4 : PowerCC32XX.oem4 (.text:Power_getDependencyCount)
                  20018ac0    00000014                         : SPI.oem4 (.text:SPI_Params_init)
                  20018ad4    00000014     freertos_builds_CC3220S_LAUNCHXL_release_ccs.lib : tasks.obj (.text:prvDeleteTCB)
                  20018ae8    00000014                                                      : pthread.obj (.text:pthread_attr_setstacksize)
                  20018afc    00000014                                                      : pthread_mutex.obj (.text:pthread_mutex_lock)
                  20018b10    00000014                                                      : pthread.obj (.text:pthread_self)
                  20018b24    00000014     drivers_cc32xx.aem4 : UARTCC32XX.oem4 (.text:releasePowerConstraint)
                  20018b38    00000014     freertos_builds_CC3220S_LAUNCHXL_release_ccs.lib : semaphore.obj (.text:sem_destroy)
                  20018b4c    00000014     rtsv7M4_T_le_eabi.lib : strcpy.c.obj (.text:strcpy)
                  20018b60    00000014                           : strlen.c.obj (.text:strlen)
                  20018b74    00000014     freertos_builds_CC3220S_LAUNCHXL_release_ccs.lib : PowerCC32XX_freertos.obj (.text:vPortSuppressTicksAndSleep)
                  20018b88    00000014                                                      : tasks.obj (.text:xTaskGetCurrentTaskHandle)
                  20018b9c    00000014                                                      : tasks.obj (.text:xTaskGetTickCount)
                  20018bb0    00000012                                                      : HwiPCC32XX_freertos.obj (.text:HwiP_delete)
                  20018bc2    00000012     drivers_cc32xx.aem4 : RingBuf.oem4 (.text:RingBuf_construct)
                  20018bd4    00000012     slnetifwifi.a : slnetifwifi.obj (.text:SlNetIfWifi_close)
                  20018be6    00000012     rtsv7M4_T_le_eabi.lib : wcslen.c.obj (.text:wcslen)
                  20018bf8    00000010     freertos_builds_CC3220S_LAUNCHXL_release_ccs.lib : ClockP_freertos.obj (.text:ClockP_getSystemTickPeriod)
                  20018c08    00000010     provisioning.obj (.text:HandleConnection)
                  20018c18    00000010     slnetsock_release.a : slnetsock.oem4 (.text:SlNetSock_secAttribCreate)
                  20018c28    00000010     driverlib.a : systick.obj (.text:SysTickDisable)
                  20018c38    00000010                 : systick.obj (.text:SysTickEnable)
                  20018c48    00000010     simplelink.a : driver.obj (.text:_SlDrvDispatchHttpServerEvents)
                  20018c58    00000010                  : driver.obj (.text:_SlDrvDispatchNetAppRequestEvents)
                  20018c68    00000010                  : driver.obj (.text:_SlDrvIsSpawnOwnGlobalLock)
                  20018c78    00000010     CC3220S_LAUNCHXL.obj (.text:dmaErrorFxn)
                  20018c88    00000010     drivers_cc32xx.aem4 : UARTCC32XX.oem4 (.text:readBlockingTimeout)
                  20018c98    00000010     httpclient_release.a : httpclient.oem4 (.text:skipWhiteSpace)
                  20018ca8    00000010     freertos_builds_CC3220S_LAUNCHXL_release_ccs.lib : list.obj (.text:vListInitialiseItem)
                  20018cb8    00000010                                                      : tasks.obj (.text:vTaskSuspendAll)
                  20018cc8    0000000e     provisioning.obj (.text:CheckLanConnection)
                  20018cd6    0000000e     drivers_cc32xx.aem4 : PowerCC32XX.oem4 (.text:Power_getTransitionLatency)
                  20018ce4    0000000e                         : RingBuf.oem4 (.text:RingBuf_isFull)
                  20018cf2    0000000e     simplelink.a : driver.obj (.text:_SlDrvResetCmdExt)
                  20018d00    0000000e     rtsv7M4_T_le_eabi.lib : copy_decompress_none.c.obj (.text:decompress:none:__TI_decompress_none)
                  20018d0e    0000000e     drivers_cc32xx.aem4 : SPICC32XXDMA.oem4 (.text:postNotifyFxn)
                  20018d1c    0000000e     simplelink.a : cc_pal.obj (.text:spi_Close)
                  20018d2a    0000000c     provisioning.obj (.text:AsyncEvtTimerHandler)
                  20018d36    0000000c     CC3220S_LAUNCHXL.obj (.text:CC3220S_LAUNCHXL_initGeneral)
                  20018d42    0000000c     driverlib.a : cpu.obj (.text:CPUwfi)
                  20018d4e    0000000c     provisioning.obj (.text:HandleProvisioningTimeOut)
                  20018d5a    0000000c     provisioning.obj (.text:HandleWaitForIp)
                  20018d66    0000000c     freertos_builds_CC3220S_LAUNCHXL_release_ccs.lib : HwiPCC32XX_freertos.obj (.text:HwiP_clearInterrupt)
                  20018d72    0000000c                                                      : HwiPCC32XX_freertos.obj (.text:HwiP_disableInterrupt)
                  20018d7e    0000000c                                                      : HwiPCC32XX_freertos.obj (.text:HwiP_enableInterrupt)
                  20018d8a    00000002     --HOLE-- [fill = 0]
                  20018d8c    0000000c     simplelink.a : cc_pal.obj (.text:NwpMaskInterrupt)
                  20018d98    0000000c                  : cc_pal.obj (.text:NwpUnMaskInterrupt)
                  20018da4    0000000c     drivers_cc32xx.aem4 : PowerCC32XX.oem4 (.text:Power_getConstraintMask)
                  20018db0    0000000c     freertos_builds_CC3220S_LAUNCHXL_release_ccs.lib : SemaphoreP_freertos.obj (.text:SemaphoreP_delete)
                  20018dbc    0000000c     provisioning.obj (.text:SimpleLinkHttpServerEventHandler)
                  20018dc8    0000000c     provisioning.obj (.text:SimpleLinkNetAppRequestEventHandler)
                  20018dd4    0000000c     simplelink.a : device.obj (.text:_SlDeviceResetRequestInitCompletedCB)
                  20018de0    0000000c     rtsv7M4_T_le_eabi.lib : copy_zero_init.c.obj (.text:decompress:ZI:__TI_zero_init)
                  20018dec    0000000c     drivers_cc32xx.aem4 : UARTCC32XX.oem4 (.text:postNotifyFxn)
                  20018df8    0000000c     driverlib.a : udma.obj (.text:uDMAErrorStatusClear)
                  20018e04    0000000c                 : udma.obj (.text:uDMAErrorStatusGet)
                  20018e10    0000000c     freertos_builds_CC3220S_LAUNCHXL_release_ccs.lib : tasks.obj (.text:vTaskMissedYield)
                  20018e1c    0000000a     driverlib.a : interrupt.obj (.text:IntMasterEnable)
                  20018e26    0000000a     drivers_cc32xx.aem4 : SPI.oem4 (.text:SPI_close)
                  20018e30    0000000a                         : SPI.oem4 (.text:SPI_transfer)
                  20018e3a    0000000a     provisioning.obj (.text:SimpleLinkNetAppRequestMemFreeEventHandler)
                  20018e44    0000000a     drivers_cc32xx.aem4 : UART.oem4 (.text:UART_control)
                  20018e4e    0000000a                         : UART.oem4 (.text:UART_writePolling)
                  20018e58    0000000a     rtsv7M4_T_le_eabi.lib : sprintf.c.obj (.text:_outc)
                  20018e62    0000000a     simplelink.a : device.obj (.text:sl_Task)
                  20018e6c    0000000a     main_freertos.obj (.text:vApplicationStackOverflowHook)
                  20018e76    00000008     freertos_builds_CC3220S_LAUNCHXL_release_ccs.lib : ClockP_freertos.obj (.text:ClockP_getSystemTicks)
                  20018e7e    00000008     driverlib.a : prcm.obj (.text:PRCMSleepEnter)
                  20018e86    00000008     simplelink.a : cc_pal.obj (.text:TimerGetCurrentTimestamp)
                  20018e8e    00000008     drivers_cc32xx.aem4 : SPICC32XXDMA.oem4 (.text:blockingTransferCallback)
                  20018e96    00000008     rtsv7M4_T_le_eabi.lib : s_copysign.c.obj (.text:copysign)
                  20018e9e    00000008     drivers_cc32xx.aem4 : UARTCC32XX.oem4 (.text:readSemCallback)
                  20018ea6    00000008                         : UARTCC32XX.oem4 (.text:writeSemCallback)
                  20018eae    00000006                         : SPICC32XXDMA.oem4 (.text:SPICC32XXDMA_control)
                  20018eb4    00000006     driverlib.a : utils.obj (.text:UtilsDelay)
                  20018eba    00000004     provisioning.obj (.text:CheckInternetConnection)
                  20018ebe    00000004     provisioning.obj (.text:DoNothing)
                  20018ec2    00000004     external_provisioning_conf.obj (.text:IsActiveExternalConfiguration)
                  20018ec6    00000004     provisioning.obj (.text:ProcessStartRequest)
                  20018eca    00000004     drivers_cc32xx.aem4 : SPICC32XXDMA.oem4 (.text:SPICC32XXDMA_init)
                  20018ece    00000004     slnetsock_release.a : slnetif.oem4 (.text:SlNetIf_init)
                  20018ed2    00000004                         : slnetutils.oem4 (.text:SlNetUtil_init)
                  20018ed6    00000004     rtsv7M4_T_le_eabi.lib : pre_init.c.obj (.text:_system_pre_init)
                  20018eda    00000004                           : exit.c.obj (.text:abort:abort)

.ramVecs   0    20000000    0000030c     NOLOAD SECTION
                  20000000    0000030c     freertos_builds_CC3220S_LAUNCHXL_release_ccs.lib : startup_cc32xx_ccs.obj (.ramVecs)

.bss       0    20019000    00008de6     UNINITIALIZED
                  20019000    00008000     freertos_builds_CC3220S_LAUNCHXL_release_ccs.lib : heap_4.obj (.bss:ucHeap)
                  20021000    00000400     CC3220S_LAUNCHXL.obj (.bss:dmaControlTable)
                  20021400    000003fc     (.common:g_CB)
                  200217fc    0000012c     (.common:PowerCC32XX_contextSave)
                  20021928    00000108     (.common:uartCC3220SObjects)
                  20021a30    000000c8     freertos_builds_CC3220S_LAUNCHXL_release_ccs.lib : tasks.obj (.bss:pxReadyTasksLists)
                  20021af8    00000088     (.common:spiCC3220SDMAObjects)
                  20021b80    00000080     slnetsock_release.a : slnetsock.oem4 (.bss:VirtualSockets)
                  20021c00    00000040     (.common:uartCC3220SRingBuffer)
                  20021c40    0000002c                         : slnetsock.oem4 (.bss:VirtualSocketMutex)
                  20021c6c    0000002c     (.common:GlobalLockObj)
                  20021c98    00000028     (.common:g_SlInternalSpawnCB)
                  20021cc0    00000020     drivers_cc32xx.aem4 : GPIOCC32XX.oem4 (.bss:gpioCallbackInfo)
                  20021ce0    00000014                         : UDMACC32XX.oem4 (.bss:postNotifyObj)
                  20021cf4    00000014                         : GPIOCC32XX.oem4 (.bss:powerNotifyObj)
                  20021d08    00000014     freertos_builds_CC3220S_LAUNCHXL_release_ccs.lib : timers.obj (.bss:xActiveTimerList1)
                  20021d1c    00000014                                                      : timers.obj (.bss:xActiveTimerList2)
                  20021d30    00000014                                                      : tasks.obj (.bss:xDelayedTaskList1)
                  20021d44    00000014                                                      : tasks.obj (.bss:xDelayedTaskList2)
                  20021d58    00000014                                                      : tasks.obj (.bss:xPendingReadyList)
                  20021d6c    00000014                                                      : tasks.obj (.bss:xSuspendedTaskList)
                  20021d80    00000014                                                      : tasks.obj (.bss:xTasksWaitingTermination)
                  20021d94    0000000c     (.common:DeviceCB)
                  20021da0    0000000c     (.common:Msg)
                  20021dac    00000008                                                      : tasks.obj (.bss)
                  20021db4    00000008                                                      : timers.obj (.bss)
                  20021dbc    00000008                                                      : heap_4.obj (.bss:xStart)
                  20021dc4    00000008     (.common:spiCC3220SDMAscratchBuf)
                  20021dcc    00000008     (.common:udmaCC3220SObject)
                  20021dd4    00000004     drivers_cc32xx.aem4 : GPIOCC32XX.oem4 (.bss)
                  20021dd8    00000004     uart_term.obj (.bss)
                  20021ddc    00000004     (.common:gProvisioningSMQueue)
                  20021de0    00000004     (.common:gTimer)
                  20021de4    00000001     (.common:RxIrqCnt)
                  20021de5    00000001     (.common:g_CurrentState)

.const     0    20021de8    00000ed2     
                  20021de8    000002a0     provisioning.obj (.const:gTransitionTable)
                  20022088    00000288     httpclient_release.a : httpclient.oem4 (.const:.string)
                  20022310    00000101     rtsv7M4_T_le_eabi.lib : ctype.c.obj (.const:.string:_ctypes_)
                  20022411    00000003     --HOLE-- [fill = 0]
                  20022414    00000100     driverlib.a : pin.obj (.const:g_ulPinToPadMap)
                  20022514    000000d4                 : interrupt.obj (.const:g_pulRegs)
                  200225e8    000000a8                 : prcm.obj (.const:PRCM_PeriphRegsList)
                  20022690    00000078     CC3220S_LAUNCHXL.obj (.const:spiCC3220SDMAHWAttrs)
                  20022708    00000070     simplelink.a : driver.obj (.const:OpcodeTranslateTable)
                  20022778    00000058                  : driver.obj (.const:_SlActionLookupTable)
                  200227d0    00000048     CC3220S_LAUNCHXL.obj (.const:uartCC3220SHWAttrs)
                  20022818    00000040     CC3220S_LAUNCHXL.obj (.const:PowerCC32XX_config)
                  20022858    0000003a     provisioning.obj (.const:.string)
                  20022892    00000002     --HOLE-- [fill = 0]
                  20022894    0000002c     provisioning.obj (.const:$P$T3$4)
                  200228c0    00000028     drivers_cc32xx.aem4 : UARTCC32XX.oem4 (.const:UARTCC32XX_fxnTable)
                  200228e8    00000024                         : UART.oem4 (.const:UART_defaultParams)
                  2002290c    00000022     httpclient_release.a : httpclient.oem4 (.const:.string:$P$T1$2)
                  2002292e    00000021     drivers_cc32xx.aem4 : GPIOCC32XX.oem4 (.const:.string:pinTable)
                  2002294f    00000001     --HOLE-- [fill = 0]
                  20022950    00000020     simplelink.a : driver.obj (.const:RxMsgClassLUT)
                  20022970    00000020     drivers_cc32xx.aem4 : SPI.oem4 (.const:SPI_defaultParams)
                  20022990    00000020     simplelink.a : device.obj (.const:StartResponseLUT)
                  200229b0    00000020     drivers_cc32xx.aem4 : UARTCC32XX.oem4 (.const:staticFxnTable)
                  200229d0    00000018                         : SPICC32XXDMA.oem4 (.const:SPICC32XXDMA_fxnTable)
                  200229e8    00000018     CC3220S_LAUNCHXL.obj (.const:SPI_config)
                  20022a00    00000018     CC3220S_LAUNCHXL.obj (.const:UART_config)
                  20022a18    00000018     driverlib.a : interrupt.obj (.const:g_pulDisRegs)
                  20022a30    00000018                 : interrupt.obj (.const:g_pulEnRegs)
                  20022a48    00000018                 : interrupt.obj (.const:g_pulUnpendRegs)
                  20022a60    00000014     simplelink.a : cc_pal.obj (.const:$P$T0$1)
                  20022a74    00000014                  : device.obj (.const:$P$T0$1)
                  20022a88    00000014                  : driver.obj (.const:$P$T0$1)
                  20022a9c    00000014                  : fs.obj (.const:$P$T0$1)
                  20022ab0    00000014                  : cc_pal.obj (.const:$P$T1$2)
                  20022ac4    00000014     provisioning.obj (.const:$P$T2$3)
                  20022ad8    00000014     simplelink.a : driver.obj (.const:$P$T2$3)
                  20022aec    00000014     CC3220S_LAUNCHXL.obj (.const:GPIOCC32XX_config)
                  20022b00    00000014     slnetifwifi.a : slnetifwifi.obj (.const:StartSecOptName)
                  20022b14    00000014     drivers_cc32xx.aem4 : GPIOCC32XX.oem4 (.const:gpioBaseAddresses)
                  20022b28    00000014                         : UARTCC32XX.oem4 (.const:parityType)
                  20022b3c    00000014                         : GPIOCC32XX.oem4 (.const:powerResources)
                  20022b50    00000010     provisioning.obj (.const:$P$T0$1)
                  20022b60    00000010     provisioning.obj (.const:$P$T1$2)
                  20022b70    00000010     simplelink.a : sl_socket.obj (.const:_SlCtrlSockAddr)
                  20022b80    00000010                  : sl_socket.obj (.const:_SlCtrlSockRelease)
                  20022b90    00000010     drivers_cc32xx.aem4 : UARTCC32XX.oem4 (.const:dataLength)
                  20022ba0    00000010     slnetifwifi.a : slnetifwifi.obj (.const:socketType)
                  20022bb0    0000000d     CC3220S_LAUNCHXL.obj (.const)
                  20022bbd    00000003     --HOLE-- [fill = 0]
                  20022bc0    0000000c     drivers_cc32xx.aem4 : SPICC32XXDMA.oem4 (.const:dmaNullConfig)
                  20022bcc    0000000c                         : SPICC32XXDMA.oem4 (.const:dmaRxConfig)
                  20022bd8    0000000c                         : SPICC32XXDMA.oem4 (.const:dmaTxConfig)
                  20022be4    0000000c     CC3220S_LAUNCHXL.obj (.const:udmaCC3220SHWAttrs)
[...]
20015999  SemaphoreP_create                         
20015a45  ClockP_delete                             
20015a99  InitTerm                                  
20015aed  IntPrioritySet                            
20015b41  _SlDrvRxIrqHandler                        
20015b95  ltoa                                      
20015c3d  xTimerCreateTimerTask                     
20015c91  PowerCC32XX_resumeLPDS                    
20015d35  NwpRegisterInterruptHandler               
20015d85  SlNetIf_queryIf                           
20015e25  _SlDrvCmdSend_noWait                      
20015ec5  _SlInternalSpawnTaskEntry                 
20015f15  _SlNetAppHttpServerHdlr                   
20015f65  _SlNetAppRequestHdlr                      
20015fb5  pxPortInitialiseStack                     
20016055  sem_init                                  
200160a5  xQueueGiveMutexRecursive                  
200160f5  GPIO_enableInt                            
20016141  NwpWaitForShutDownInd                     
2001618d  PowerCC32XX_parkPin                       
200161d9  SlNetIfWifi_getConnectionStatus           
20016271  SlNetSock_startSec                        
200162bd  atoi                                      
20016309  initVectors                               
20016439  vPortEnterCritical                        
20016485  FlashDisable                              
200164cd  HwiP_dispatch                             
20016515  PRCMLPDSEnter                             
2001655d  PRCMPeripheralClkEnable                   
200165a5  Power_releaseConstraint                   
200165ed  SlNetSock_connect                         
20016635  SlNetSock_init                            
2001667d  _SlDeviceFatalErrorEvtHdlr                
200166c5  _SlDeviceGeneralEvtHdlr                   
2001670d  _SlDrvSyncObjWaitTimeout                  
20016755  _SlNetAppEvtHdlr                          
2001679d  _SlNetAppRequestMemFree                   
200167e5  _SlSockEvtHdlr                            
2001682d  _SlWlanEvtHdlr                            
20016875  __aeabi_d2iz                              
200168bd  uxListRemove                              
20016905  RingBuf_put                               
2001694d  HTTPClient_create                         
20016991  PRCMLPDSRestoreInfoSet                    
200169d5  PowerCC32XX_enterLPDS                     
20016a19  SPI_init                                  
20016a5d  UART_init                                 
20016aa1  __TI_auto_init_nobinit_nopinit            
20016b29  vTaskStepTick                             
20016baf  malloc                                    
20016c31  PinModeSet                                
20016c71  RingBuf_get                               
20016cb1  SimpleLinkGeneralEventHandler             
20016cf1  SlNetSock_close                           
20016d31  SlNetSock_secAttribSet                    
20016d71  UARTCC32XX_read                           
20016db1  UDMACC32XX_init                           
20016df1  _SlDrvGlobalObjUnLock                     
20016e31  _SlFindAndReleasePendingCmd               
20016e71  _SlInternalSpawnWaitForEvent              
20016eb1  _SlIsEventRegistered                      
20016f31  sprintf                                   
20016f71  vTaskPlaceOnEventListRestricted           
20016fb1  vsnprintf                                 
20016ff1  ClockP_callbackFxn                        
200170ab  pthread_setcancelstate                    
200170e9  sem_post                                  
20017129  PRCMSlowClkCtrFastGet                     
20017165  Power_setConstraint                       
200171a1  SPI_open                                  
200171dd  UART_open                                 
200172cd  pvTaskGetThreadLocalStoragePointer        
20017345  usleep                                    
20017381  vListInsertEnd                            
200173bd  SlNetIfWifi_getIPAddr                     
200174a5  HTTPClient_disconnect                     
200174dd  PRCMLPDSEnterKeepDebugIf                  
20017515  SlNetIfWifi_recvFrom                      
2001754d  SlNetIfWifi_sendTo                        
20017585  SlNetIfWifi_socket                        
200175f5  SlNetUtil_htonl                           
200175f5  SlNetUtil_ntohl                           
20017665  printError                                
20017745  SlNetIfWifi_getHostByName                 
2001777b  SlNetIfWifi_select                        
200177b1  UARTCC32XX_readCancel                     
200177e7  strncpy                                   
2001781d  PinModeGet                                
20017851  PowerCC32XX_restoreParkState              
20017885  SemaphoreP_pend                           
200178b9  SlNetUtil_htons                           
200178b9  SlNetUtil_ntohs                           
200178ed  UDMACC32XX_close                          
20017989  strstr                                    
200179bd  vTaskPlaceOnEventList                     
200179f1  vTaskSetThreadLocalStoragePointer         
20017a25  xTimerCreate                              
20017a59  PowerCC32XX_restoreParkedPin              
20017a89  StartAsyncEvtTimer                        
20017b49  vListInitialise                           
20017b79  vPortExitCritical                         
20017ba9  xTaskGetSchedulerState                    
20017bd9  Mutex_create_handle                       
20017c07  pvTimerGetTimerID                         
20017c35  __aeabi_i2d                               
20017c63  GetSecureStatus                           
20017c8f  HTTPClient_destroy                        
20017cbd  HwiP_disable                              
20017ce9  NwpPowerOn                                
20017d15  PRCMLPDSIntervalSet                       
20017d41  PowerCC32XX_getParkState                  
20017d6d  SemaphoreP_createBinary                   
20017d99  SlNetIfWifi_recv                          
20017dc5  SlNetIfWifi_send                          
20017df1  SlNetUtil_inetPton                        
20017e1d  StopAsyncEvtTimer                         
20017e49  _SlDrvSyncObjWaitForever                  
20017e75  pthread_mutexattr_settype                 
20017ea1  strncmp                                   
20017ecd  vTaskSetApplicationTaskTag                
20017ef9  xPortSysTickHandler                       
20017f25  xQueueCreateMutex                         
20017f51  xTaskGetApplicationTaskTag                
20017fa7  uxQueueMessagesWaiting                    
20017fd1  xTimerGetExpiryTime                       
20017ffd  HwiP_inISR                                
20018025  PRCMLPDSWakeupSourceEnable                
2001804d  PRCMPeripheralClkDisable                  
20018075  Power_registerNotify                      
2001809d  SignalEvent                               
200180c5  SlNetSock_secAttribDelete                 
200180ed  _SlDrvProtectionObjLockWaitForever        
20018115  _SlDrvProtectionObjUnLock                 
2001813d  _SlFlowContSet                            
20018165  _c_int00_noargs                           
2001818d  pthread_attr_setschedparam                
200181b5  List_put                                  
200181db  List_remove                               
20018227  _pthread_cleanup_pop                      
20018275  IntUnregister                             
20018299  ProcessRestartRequest                     
200182bd  SlNetIf_getConnectionStatus               
200182e1  SlNetIf_getIfByID                         
20018305  SlNetSock_getIfID                         
20018329  _SlDrvIsApiInProgress                     
2001834d  _SlDrvStartMeasureTimeout                 
20018395  sem_getvalue                              
200183b9  vQueueDelete                              
200183dd  vTaskInternalSetTimeOutState              
20018401  SemaphoreP_post                           
20018423  __aeabi_errno_addr                        
20018445  pthread_attr_setdetachstate               
20018469  ClockP_getCpuFreq                         
20018489  HwiP_restore                              
200184a9  IntRegister                               
200184c9  Power_unregisterNotify                    
200184e9  RingBuf_peek                              
20018509  SlNetIfWifi_accept                        
200185c9  ClockP_start                              
200185e7  HwiP_Params_init                          
20018605  SlNetIfWifi_bind                          
20018623  SlNetIfWifi_connect                       
20018641  _SlDrvObjLockWaitForever                  
2001865f  _SlDrvObjUnLock                           
2001867d  _SlDrvSyncObjSignal                       
200186d7  ClockP_Params_init                        
200186f5  Message                                   
20018711  PinToPadGet                               
20018749  _SlInternalIsItSpawnThread                
20018765  memccpy                                   
20018781  pthread_attr_init                         
2001879d  pthread_mutexattr_init                    
200187b9  pvTaskIncrementMutexHeldCount             
200187f1  PTLS_taskDeleteHook                       
2001880b  SlNetIfWifi_listen                        
2001883f  pthread_mutex_destroy                     
20018859  HandleDiscnctEvt                          
20018871  Power_idleFunc                            
20018889  StartConnection                           
200188a1  UARTBusy                                  
200188b9  UARTIntEnable                             
200188d1  UART_Params_init                          
20018931  free                                      
20018949  __aeabi_lmul                              
20018961  sem_wait                                  
20018979  strcmp                                    
20018991  xTaskGetTickCountFromISR                  
200189a9  ClockP_setTimeout                         
200189bf  PRCMHIBRegRead                            
200189d5  PRCMHIBRegWrite                           
200189eb  PTLS_getBuf                               
20018a01  PTLS_setBuf                               
20018a17  SemaphoreP_Params_init                    
20018a2d  _SlDrvMemZero                             
20018a59  resetISR                                  
20018a68  resetVectorAddr                           
20018a6f  strchr                                    
20018a85  CPUcpsie                                  
20018a99  IntVTableBaseSet                          
20018aad  Power_getDependencyCount                  
20018ac1  SPI_Params_init                           
20018ae9  pthread_attr_setstacksize                 
20018afd  pthread_mutex_lock                        
20018b11  pthread_self                              
20018b39  sem_destroy                               
20018b4d  strcpy                                    
20018b61  strlen                                    
20018b75  vPortSuppressTicksAndSleep                
20018b89  xTaskGetCurrentTaskHandle                 
20018b9d  xTaskGetTickCount                         
20018bb1  HwiP_delete                               
20018bc3  RingBuf_construct                         
20018bd5  SlNetIfWifi_close                         
20018be7  wcslen                                    
20018bf9  ClockP_getSystemTickPeriod                
20018c09  HandleConnection                          
20018c19  SlNetSock_secAttribCreate                 
20018c29  SysTickDisable                            
20018c39  SysTickEnable                             
20018c49  _SlDrvDispatchHttpServerEvents            
20018c59  _SlDrvDispatchNetAppRequestEvents         
20018c69  _SlDrvIsSpawnOwnGlobalLock                
20018ca9  vListInitialiseItem                       
20018cb9  vTaskSuspendAll                           
20018cc9  CheckLanConnection                        
20018cd7  Power_getTransitionLatency                
20018ce5  RingBuf_isFull                            
20018cf3  _SlDrvResetCmdExt                         
20018d01  __TI_decompress_none                      
20018d1d  spi_Close                                 
20018d2b  AsyncEvtTimerHandler                      
20018d37  CC3220S_LAUNCHXL_initGeneral              
20018d43  CPUwfi                                    
20018d4f  HandleProvisioningTimeOut                 
20018d5b  HandleWaitForIp                           
20018d67  HwiP_clearInterrupt                       
20018d73  HwiP_disableInterrupt                     
20018d7f  HwiP_enableInterrupt                      
20018d8d  NwpMaskInterrupt                          
20018d99  NwpUnMaskInterrupt                        
20018da5  Power_getConstraintMask                   
20018db1  SemaphoreP_delete                         
20018dbd  SimpleLinkHttpServerEventHandler          
20018dc9  SimpleLinkNetAppRequestEventHandler       
20018dd5  _SlDeviceResetRequestInitCompletedCB      
20018de1  __TI_zero_init                            
20018df9  uDMAErrorStatusClear                      
20018e05  uDMAErrorStatusGet                        
20018e11  vTaskMissedYield                          
20018e1d  IntMasterEnable                           
20018e27  SPI_close                                 
20018e31  SPI_transfer                              
20018e3b  SimpleLinkNetAppRequestMemFreeEventHandler
20018e45  UART_control                              
20018e4f  UART_writePolling                         
20018e63  sl_Task                                   
20018e6d  vApplicationStackOverflowHook             
20018e77  ClockP_getSystemTicks                     
20018e7f  PRCMSleepEnter                            
20018e87  TimerGetCurrentTimestamp                  
20018e97  copysign                                  
20018e97  copysignl                                 
20018eaf  SPICC32XXDMA_control                      
20018eb5  UtilsDelay                                
20018ebb  CheckInternetConnection                   
20018ebf  DoNothing                                 
20018ec3  IsActiveExternalConfiguration             
20018ec7  ProcessStartRequest                       
20018ecb  SPICC32XXDMA_init                         
20018ecf  SlNetIf_init                              
20018ed3  SlNetUtil_init                            
20018ed7  _system_pre_init                          
20018edb  C$$EXIT                                   
20018edb  abort                                     
20021400  g_CB                                      
200217fc  PowerCC32XX_contextSave                   
20021928  uartCC3220SObjects                        
20021af8  spiCC3220SDMAObjects                      
20021c00  uartCC3220SRingBuffer                     
20021c6c  GlobalLockObj                             
20021c98  g_SlInternalSpawnCB                       
20021d94  DeviceCB                                  
20021da0  Msg                                       
20021dc4  spiCC3220SDMAscratchBuf                   
20021dcc  udmaCC3220SObject                         
20021ddc  gProvisioningSMQueue                      
20021de0  gTimer                                    
20021de4  RxIrqCnt                                  
20021de5  g_CurrentState                            
20021de8  gTransitionTable                          
20022310  _ctypes_                                  
20022690  spiCC3220SDMAHWAttrs                      
20022708  OpcodeTranslateTable                      
20022778  _SlActionLookupTable                      
200227d0  uartCC3220SHWAttrs                        
20022818  PowerCC32XX_config                        
200228c0  UARTCC32XX_fxnTable                       
200228e8  UART_defaultParams                        
20022970  SPI_defaultParams                         
200229d0  SPICC32XXDMA_fxnTable                     
200229e8  SPI_config                                
20022a00  UART_config                               
20022aec  GPIOCC32XX_config                         
20022bb0  ADC_count                                 
20022bb1  Capture_count                             
20022bb2  CryptoCC32XX_count                        
20022bb3  Display_count                             
20022bb4  I2C_count                                 
20022bb5  I2S_count                                 
20022bb6  PWM_count                                 
20022bb7  SDFatFS_count                             
20022bb8  SD_count                                  
20022bb9  SPI_count                                 
20022bba  Timer_count                               
20022bbb  UART_count                                
20022bbc  Watchdog_count                            
20022be4  udmaCC3220SHWAttrs                        
20022bf8  UDMACC32XX_config                         
20022c00  ulMaxSyscallInterruptPriority             
20022c20  outPinTypes                               
20022c36  inPinTypes                                
20022c3c  outPinStrengths                           
20022c7a  _SlNetAppSendResponseCmdCtrl              
20022c7e  _SlNetAppSendTokenValueCmdCtrl            
20022c86  _SlProvisioningCmdCtrl                    
20022cbc  HwiP_dispatchTable                        
200234bc  PowerCC32XX_module                        
20023628  parkInfo                                  
200237d8  SlNetIfConfigWifi                         
20023880  pxCurrentTCB                              
200238b4  httpThread                                
200238b8  gProvisioningThread                       
200238bc  gDisplayThread                            
200238c0  gSpawnThread                              
200238c4  gIsWlanConnected                          
200238c5  gStopInProgress                           
200238c8  gPingSent                                 
200238cc  gPingSuccess                              
200238d0  gRole                                     
200238d2  gLedCount                                 
200238d4  gLedState                                 
200238d8  gErrledCount                              
200238dc  gErrLedState                              
200238dd  gWaitForConn                              
200238de  gLedDisplayState                          
200238e0  g_LibsEvents                              
20023904  g_UserEvents                              
20023928  gpioPinConfigs                            
2002394c  HTTP_METHOD_GET                           
20023950  HTTP_METHOD_POST                          
20023954  HTTP_METHOD_HEAD                          
20023958  HTTP_METHOD_OPTIONS                       
2002395c  HTTP_METHOD_PUT                           
20023960  HTTP_METHOD_DELETE                        
20023964  HTTP_METHOD_CONNECT                       
20023994  Roles                                     
200239a4  WlanStatus                                
200239d4  gpioCallbackFunctions                     
20023a0c  gGlobalLockCntRequested                   
20023a0d  gGlobalLockCntReleased                    
20023a0e  g_SlDeviceStatus                          
20023a10  g_pCB                                     
20023a14  pPingCallBackFunc                         
20023a50  g_intHandle                               
20023a58  __TI_static_base__                        
20023c9c  __TI_Handler_Table_Base                   
20023ca8  __TI_Handler_Table_Limit                  
20023cb0  __TI_CINIT_Base                           
20023cc0  __TI_CINIT_Limit                          
ffffffff  __TI_pprof_out_hndl                       
ffffffff  __TI_prof_data_size                       
ffffffff  __TI_prof_data_start                      
ffffffff  __binit__                                 
ffffffff  __c_args__                                
ffffffff  binit                                     
UNDEFED   __mpu_init                                
UNDEFED   _system_post_cinit                        

[605 symbols]
