******************************************************************************
                  TI ARM Linker PC v18.1.4                     
******************************************************************************
>> Linked Mon Apr 15 16:34:43 2019

OUTPUT FILE NAME:   <solarMonitor_CC3220S_LAUNCHXL_freertos_ccs.out>
ENTRY POINT SYMBOL: "resetISR"  address: 20016dcd


MEMORY CONFIGURATION

         name            origin    length      used     unused   attr    fill
----------------------  --------  ---------  --------  --------  ----  --------
  SRAM2                 20000000   00004000  0000070c  000038f4  RW X
  SRAM                  20004000   0003c000  0001db63  0001e49d  RW X


SEGMENT ALLOCATION MAP

run origin  load origin   length   init length attrs members
----------  ----------- ---------- ----------- ----- -------
20003c00    20003c00    00000400   00000000    rw-
  20003c00    20003c00    00000400   00000000    rw- .stack
20004000    20004000    00013400   00013400    r-x
  20004000    20004000    00000040   00000040    r-- .resetVecs
  20004040    20004040    0001322a   0001322a    r-x .text
  20017270    20017270    00000190   00000190    r-- .cinit
20017400    20017400    00008e33   00000000    rw-
  20017400    20017400    00008e33   00000000    rw- .bss
20020234    20020234    00000cc6   00000cc6    r--
  20020234    20020234    00000cc6   00000cc6    r-- .const
20020efc    20020efc    00000c70   00000000    rw-
  20020efc    20020efc    00000c70   00000000    rw- .data


SECTION ALLOCATION MAP

 output                                  attributes/
section   page    origin      length       input sections
--------  ----  ----------  ----------   ----------------
.text      0    20004040    0001322a     
                  20004040    00000a4a     rtsv7M4_T_le_eabi.lib : _printfi.c.obj (.text:__TI_printfi)
                  20004a8a    00000002     driverlib.a : interrupt.obj (.text:IntDefaultHandler)
                  20004a8c    00000928     simplelink.a : driver.obj (.text:_SlDrvMsgRead)
                  200053b4    00000778     provisioning.obj (.text:SimpleLinkWlanEventHandler)
                  20005b2c    000004b0     simplelink.a : sl_socket.obj (.text:_SlSocketHandleAsync_Select)
                  20005fdc    0000042c     driverlib.a : prcm.obj (.text:PRCMCC3200MCUInit)
                  20006408    00000384     simplelink.a : driver.obj (.text:_SlDrvMsgWrite)
                  2000678c    00000380     provisioning.obj (.text:ProvisioningStart)
                  20006b0c    000002e0     simplelink.a : driver.obj (.text:_SlDrvWaitForPoolObj)
                  20006dec    000002d8                  : driver.obj (.text:_SlDrvRxHdrRead)
                  200070c4    000002b4                  : sl_socket.obj (.text:sl_Select)
                  20007378    00000294                  : driver.obj (.text:_SlDrvReleasePoolObj)
                  2000760c    00000278     drivers_cc32xx.aem4 : UARTCC32XX.oem4 (.text:UARTCC32XX_open)
                  20007884    00000278     freertos_builds_CC3220S_LAUNCHXL_release_ccs.lib : mqueue.obj (.text:mq_open)
                  20007afc    00000274     simplelink.a : driver.obj (.text:_SlDrvDataReadOp)
                  20007d70    00000268     rtsv7M4_T_le_eabi.lib : _printfi.c.obj (.text:_pconv_a)
                  20007fd8    00000224     simplelink.a : driver.obj (.text:_SlDrvDriverCBInit)
                  200081fc    00000218                  : driver.obj (.text:_SlDrvDataWriteOp)
                  20008414    000001f4                  : driver.obj (.text:_SlDrvMsgReadCmdCtx)
                  20008608    000001f2                  : netapp.obj (.text:_SlNetAppEventHandler)
                  200087fa    00000002     drivers_cc32xx.aem4 : PWMTimerCC32XX.oem4 (.text:PWMTimerCC32XX_init)
                  200087fc    000001e4     simplelink.a : netapp.obj (.text:sl_NetAppPing)
                  200089e0    000001e1     provisioning.obj (.text:SimpleLinkFatalErrorEventHandler)
                  20008bc1    00000001     --HOLE-- [fill = 0]
                  20008bc2    00000002     freertos_builds_CC3220S_LAUNCHXL_release_ccs.lib : PowerCC32XX_freertos.obj (.text:PowerCC32XX_initPolicy)
                  20008bc4    000001dc     provisioning.obj (.text:HandleUserApplication)
                  20008da0    000001d8     drivers_cc32xx.aem4 : GPIOCC32XX.oem4 (.text:GPIO_setConfig)
                  20008f78    000001d4     freertos_builds_CC3220S_LAUNCHXL_release_ccs.lib : timer.obj (.text:timer_settime)
                  2000914c    000001d0     drivers_cc32xx.aem4 : SPICC32XXDMA.oem4 (.text:SPICC32XXDMA_transfer)
                  2000931c    000001d0     provisioning.obj (.text:SimpleLinkNetAppEventHandler)
                  200094ec    000001d0     freertos_builds_CC3220S_LAUNCHXL_release_ccs.lib : queue.obj (.text:xQueueSemaphoreTake)
                  200096bc    000001cc     rtsv7M4_T_le_eabi.lib : _printfi.c.obj (.text:_pconv_g)
                  20009888    000001c0     provisioning.obj (.text:ProvisioningTask)
                  20009a48    000001bc     simplelink.a : device.obj (.text:sl_Stop)
                  20009c04    000001b8     drivers_cc32xx.aem4 : SPICC32XXDMA.oem4 (.text:configDMA)
                  20009dbc    000001b8     freertos_builds_CC3220S_LAUNCHXL_release_ccs.lib : queue.obj (.text:xQueueGenericSend)
                  20009f74    000001b6     rtsv7M4_T_le_eabi.lib : fd_add_t2.asm.obj (.text)
                  2000a12a    00000002     external_provisioning_conf.obj (.text:StopExternalProvisioning)
                  2000a12c    000001b4     simplelink.a : driver.obj (.text:_SlDrvReleaseAllActivePendingPoolObj)
                  2000a2e0    000001b4                  : sl_socket.obj (.text:sl_Accept)
                  2000a494    000001b0     freertos_builds_CC3220S_LAUNCHXL_release_ccs.lib : PowerCC32XX_freertos.obj (.text:PowerCC32XX_sleepPolicy)
                  2000a644    00000198     spi_test.obj (.text:testSPITask)
                  2000a7dc    0000018c     simplelink.a : sl_socket.obj (.text:_SlDrvRegisterForSelectAsync)
                  2000a968    00000188     provisioning.obj (.text:mainThread)
                  2000aaf0    00000184     simplelink.a : driver.obj (.text:_SlDrvFindAndSetActiveObj)
                  2000ac74    00000184                  : sl_socket.obj (.text:sl_Connect)
                  2000adf8    0000017c     freertos_builds_CC3220S_LAUNCHXL_release_ccs.lib : queue.obj (.text:xQueueReceive)
                  2000af74    00000178                                                      : heap_4.obj (.text:pvPortMalloc)
                  2000b0ec    00000170     provisioning.obj (.text:SimpleLinkInitCallback)
                  2000b25c    00000168     simplelink.a : netapp.obj (.text:sl_NetAppDnsGetHostByName)
                  2000b3c4    00000158     drivers_cc32xx.aem4 : SPICC32XXDMA.oem4 (.text:SPICC32XXDMA_open)
                  2000b51c    00000154     simplelink.a : sl_socket.obj (.text:sl_RecvFrom)
                  2000b670    00000148     drivers_cc32xx.aem4 : PowerCC32XX.oem4 (.text:parkPins)
                  2000b7b8    00000140                         : PWMTimerCC32XX.oem4 (.text:PWMTimerCC32XX_setDutyAndPeriod)
                  2000b8f8    00000140     simplelink.a : driver.obj (.text:_SlDrvMsgReadSpawnCtx)
                  2000ba38    0000013c                  : driver.obj (.text:_SlDrvDriverCBDeinit)
                  2000bb74    0000013c     rtsv7M4_T_le_eabi.lib : _printfi.c.obj (.text:_pconv_e)
                  2000bcb0    00000138     freertos_builds_CC3220S_LAUNCHXL_release_ccs.lib : pthread.obj (.text:pthread_create)
                  2000bde8    00000138                                                      : tasks.obj (.text:xTaskIncrementTick)
                  2000bf20    00000136     rtsv7M4_T_le_eabi.lib : fd_div_t2.asm.obj (.text)
                  2000c056    00000002     drivers_cc32xx.aem4 : UARTCC32XX.oem4 (.text:UARTCC32XX_init)
                  2000c058    00000130     simplelink.a : sl_socket.obj (.text:_SlDrvGetNextTimeoutValue)
                  2000c188    0000012c     provisioning.obj (.text:SendPingToGW)
                  2000c2b4    00000128     simplelink.a : driver.obj (.text:_SlDrvClassifyRxMsg)
                  2000c3dc    00000124                  : fs.obj (.text:sl_FsOpen)
                  2000c500    00000120     drivers_cc32xx.aem4 : UARTCC32XX.oem4 (.text:UARTCC32XX_close)
                  2000c620    00000120     simplelink.a : driver.obj (.text:_SlDrvAsyncEventGenericHandler)
                  2000c740    00000120     rtsv7M4_T_le_eabi.lib : _printfi.c.obj (.text:fcvt)
                  2000c860    0000011c     freertos_builds_CC3220S_LAUNCHXL_release_ccs.lib : tasks.obj (.text:prvInitialiseNewTask)
                  2000c97c    0000011c     simplelink.a : device.obj (.text:sl_Start)
                  2000ca98    0000011c     freertos_builds_CC3220S_LAUNCHXL_release_ccs.lib : tasks.obj (.text:xTaskResumeAll)
                  2000cbb4    00000118     drivers_cc32xx.aem4 : PowerCC32XX.oem4 (.text:Power_sleep)
                  2000cccc    00000118     simplelink.a : netapp.obj (.text:_SlNetAppHandleAsync_DnsGetHostByService)
                  2000cde4    00000118     freertos_builds_CC3220S_LAUNCHXL_release_ccs.lib : timers.obj (.text:prvProcessReceivedCommands)
                  2000cefc    00000110                                                      : tasks.obj (.text:vTaskPriorityDisinheritAfterTimeout)
                  2000d00c    00000104     simplelink.a : device.obj (.text:_SlDeviceEventHandler)
                  2000d110    00000104                  : driver.obj (.text:_SlDrvCmdOp)
                  2000d214    00000102     freertos_builds_CC3220S_LAUNCHXL_release_ccs.lib : queue.obj (.text:xQueueGenericSendFromISR)
                  2000d316    00000002                                                      : startup_cc32xx_ccs.obj (.text:busFaultHandler)
                  2000d318    00000100     simplelink.a : driver.obj (.text:_SlDrvObjGlobalLockWaitForever)
                  2000d418    00000100                  : sl_socket.obj (.text:sl_Close)
                  2000d518    00000100                  : fs.obj (.text:sl_FsWrite)
                  2000d618    000000fd     provisioning.obj (.text:SimpleLinkSockEventHandler)
                  2000d715    00000001     --HOLE-- [fill = 0]
                  2000d716    000000fc     rtsv7M4_T_le_eabi.lib : fd_mul_t2.asm.obj (.text)
                  2000d812    00000002     freertos_builds_CC3220S_LAUNCHXL_release_ccs.lib : startup_cc32xx_ccs.obj (.text:defaultHandler)
                  2000d814    000000fc                                                      : tasks.obj (.text:vTaskSuspend)
                  2000d910    000000f8     slnetifwifi.a : slnetifwifi.obj (.text:SlNetIfWifi_loadSecObj)
                  2000da08    000000f8     freertos_builds_CC3220S_LAUNCHXL_release_ccs.lib : tasks.obj (.text:vTaskDelete)
                  2000db00    000000f4     simplelink.a : sl_socket.obj (.text:sl_SendTo)
                  2000dbf4    000000f2     drivers_cc32xx.aem4 : SPICC32XXDMA.oem4 (.text:SPICC32XXDMA_transferCancel)
                  2000dce6    000000f2                         : UARTCC32XX.oem4 (.text:UARTCC32XX_control)
                  2000ddd8    000000f0                         : PWMTimerCC32XX.oem4 (.text:PWMTimerCC32XX_open)
                  2000dec8    000000ee     freertos_builds_CC3220S_LAUNCHXL_release_ccs.lib : queue.obj (.text:xQueueGiveFromISR)
                  2000dfb6    00000002                                                      : startup_cc32xx_ccs.obj (.text:faultISR)
                  2000dfb8    000000e8     slnetsock_release.a : slnetif.oem4 (.text:SlNetIf_add)
                  2000e0a0    000000e8     freertos_builds_CC3220S_LAUNCHXL_release_ccs.lib : tasks.obj (.text:xTaskPriorityInherit)
                  2000e188    000000e0     simplelink.a : driver.obj (.text:_SlSpawnMsgListInsert)
                  2000e268    000000e0     freertos_builds_CC3220S_LAUNCHXL_release_ccs.lib : tasks.obj (.text:xTaskPriorityDisinherit)
                  2000e348    000000dc                                                      : tasks.obj (.text:vTaskSwitchContext)
                  2000e424    000000d8     drivers_cc32xx.aem4 : SPICC32XXDMA.oem4 (.text:SPICC32XXDMA_close)
                  2000e4fc    000000d8     simplelink.a : device.obj (.text:_SlDeviceHandleAsync_InitComplete)
                  2000e5d4    000000d8                  : driver.obj (.text:_SlDrvWaitForInternalAsyncEvent)
                  2000e6ac    000000d8                  : netapp.obj (.text:_SlNetAppHandleAsync_NetAppReceive)
                  2000e784    000000d6     freertos_builds_CC3220S_LAUNCHXL_release_ccs.lib : queue.obj (.text:xQueueReceiveFromISR)
                  2000e85a    00000002                                                      : startup_cc32xx_ccs.obj (.text:nmiISR)
                  2000e85c    000000d4     simplelink.a : sl_socket.obj (.text:sl_StartTLS)
                  2000e930    000000d0                  : driver.obj (.text:_SlDrvRemoveFromList)
                  2000ea00    000000d0     rtsv7M4_T_le_eabi.lib : s_scalbn.c.obj (.text:scalbn)
                  2000ead0    000000c8     simplelink.a : sl_socket.obj (.text:_SlSocketHandleAsync_StartTLS)
                  2000eb98    000000c8     drivers_cc32xx.aem4 : SPICC32XXDMA.oem4 (.text:spiHwiFxn)
                  2000ec60    000000c4                         : GPIOCC32XX.oem4 (.text:GPIO_init)
                  2000ed24    000000c4                         : PWMTimerCC32XX.oem4 (.text:PWMTimerCC32XX_stop)
                  2000ede8    000000c4     freertos_builds_CC3220S_LAUNCHXL_release_ccs.lib : tasks.obj (.text:prvAddNewTaskToReadyList)
                  2000eeac    000000c2     drivers_cc32xx.aem4 : UARTCC32XX.oem4 (.text:UARTCC32XX_write)
                  2000ef6e    00000002     rtsv7M4_T_le_eabi.lib : div0.asm.obj (.text)
                  2000ef70    000000c0     simplelink.a : cc_pal.obj (.text:NwpPowerOff)
                  2000f030    000000c0                  : netcfg.obj (.text:sl_NetCfgGet)
                  2000f0f0    000000c0     freertos_builds_CC3220S_LAUNCHXL_release_ccs.lib : port.obj (.text:xPortStartScheduler)
                  2000f1b0    000000be                                                      : queue.obj (.text:prvCopyDataToQueue)
                  2000f26e    00000002     main_freertos.obj (.text:vApplicationMallocFailedHook)
                  2000f270    000000bc     simplelink.a : netapp.obj (.text:_SlNetAppSendResponse)
                  2000f32c    000000bc     freertos_builds_CC3220S_LAUNCHXL_release_ccs.lib : heap_4.obj (.text:prvHeapInit)
                  2000f3e8    000000bc     simplelink.a : sl_socket.obj (.text:sl_Send)
                  2000f4a4    000000bc                  : wlan.obj (.text:sl_WlanProvisioning)
                  2000f560    000000ba     drivers_cc32xx.aem4 : UARTCC32XX.oem4 (.text:UARTCC32XX_readPolling)
                  2000f61a    00000002     --HOLE-- [fill = 0]
                  2000f61c    000000ba     freertos_builds_CC3220S_LAUNCHXL_release_ccs.lib : portasm.obj (.text)
                  2000f6d6    00000002     --HOLE-- [fill = 0]
                  2000f6d8    000000b8     drivers_cc32xx.aem4 : PWMTimerCC32XX.oem4 (.text:PWMTimerCC32XX_setDuty)
                  2000f790    000000b8     simplelink.a : netapp.obj (.text:_SlNetAppHandleAsync_DnsGetHostByName)
                  2000f848    000000b8                  : netapp.obj (.text:_SlNetAppHandleAsync_PingResponse)
                  2000f900    000000b8     drivers_cc32xx.aem4 : UARTCC32XX.oem4 (.text:initHw)
                  2000f9b8    000000b8     freertos_builds_CC3220S_LAUNCHXL_release_ccs.lib : timers.obj (.text:prvSwitchTimerLists)
                  2000fa70    000000b8     simplelink.a : device.obj (.text:sl_DeviceGet)
                  2000fb28    000000b8                  : wlan.obj (.text:sl_WlanGet)
                  2000fbe0    000000b8     freertos_builds_CC3220S_LAUNCHXL_release_ccs.lib : timer.obj (.text:timer_create)
                  2000fc98    000000b8                                                      : queue.obj (.text:xQueueGenericReset)
                  2000fd50    000000b6     drivers_cc32xx.aem4 : UARTCC32XX.oem4 (.text:readTaskCallback)
                  2000fe06    00000002     --HOLE-- [fill = 0]
                  2000fe08    000000b4     simplelink.a : driver.obj (.text:_SlDrvHandleFatalError)
                  2000febc    000000b4                  : netutil.obj (.text:_SlNetUtilHandleAsync_Cmd)
                  2000ff70    000000b4     freertos_builds_CC3220S_LAUNCHXL_release_ccs.lib : clock.obj (.text:_clock_abstime2ticks)
                  20010024    000000b4     simplelink.a : sl_socket.obj (.text:sl_GetSockOpt)
                  200100d8    000000b1     rtsv7M4_T_le_eabi.lib : _printfi.c.obj (.text:_ltostr)
                  20010189    00000003     --HOLE-- [fill = 0]
                  2001018c    000000b0     slnetifwifi.a : slnetifwifi.obj (.text:SlNetIfWifi_getSockOpt)
                  2001023c    000000b0     freertos_builds_CC3220S_LAUNCHXL_release_ccs.lib : tasks.obj (.text:prvAddCurrentTaskToDelayedList)
                  200102ec    000000b0                                                      : tasks.obj (.text:xTaskCheckForTimeOut)
                  2001039c    000000ae     slnetifwifi.a : slnetifwifi.obj (.text:matchModeByRole)
                  2001044a    000000ae     drivers_cc32xx.aem4 : UARTCC32XX.oem4 (.text:readIsrTextBlocking)
                  200104f8    000000ac     simplelink.a : sl_socket.obj (.text:_SlSocketHandleAsync_Close)
                  200105a4    000000ac                  : sl_socket.obj (.text:_SlSocketHandleAsync_Connect)
                  20010650    000000ac     freertos_builds_CC3220S_LAUNCHXL_release_ccs.lib : clock.obj (.text:clock_gettime)
                  200106fc    000000ac     drivers_cc32xx.aem4 : PowerCC32XX.oem4 (.text:restoreParkedPins)
                  200107a8    000000aa     uart_term.obj (.text:Report)
                  20010852    000000aa     freertos_builds_CC3220S_LAUNCHXL_release_ccs.lib : queue.obj (.text:prvUnlockQueue)
                  200108fc    000000a8     driverlib.a : interrupt.obj (.text:IntDisable)
                  200109a4    000000a8                 : interrupt.obj (.text:IntEnable)
                  20010a4c    000000a8                 : prcm.obj (.text:PRCMPeripheralClockGet)
                  20010af4    000000a8     drivers_cc32xx.aem4 : PowerCC32XX.oem4 (.text:PowerCC32XX_configureWakeup)
                  20010b9c    000000a8     freertos_builds_CC3220S_LAUNCHXL_release_ccs.lib : heap_4.obj (.text:prvInsertBlockIntoFreeList)
                  20010c44    000000a8     drivers_cc32xx.aem4 : UARTCC32XX.oem4 (.text:readTaskBlocking)
                  20010cec    000000a8     simplelink.a : fs.obj (.text:sl_FsClose)
                  20010d94    000000a8     freertos_builds_CC3220S_LAUNCHXL_release_ccs.lib : tasks.obj (.text:xTaskRemoveFromEventList)
                  20010e3c    000000a5     provisioning.obj (.text:SetSecuredAP)
                  20010ee1    00000003     --HOLE-- [fill = 0]
                  20010ee4    000000a4     drivers_cc32xx.aem4 : PWMTimerCC32XX.oem4 (.text:initHw)
                  20010f88    000000a4     simplelink.a : sl_socket.obj (.text:sl_Bind)
                  2001102c    000000a2     drivers_cc32xx.aem4 : UARTCC32XX.oem4 (.text:readIsrTextCallback)
                  200110ce    000000a2                         : UARTCC32XX.oem4 (.text:writeData)
                  20011170    000000a0     freertos_builds_CC3220S_LAUNCHXL_release_ccs.lib : ClockP_freertos.obj (.text:ClockP_create)
                  20011210    000000a0     simplelink.a : fs.obj (.text:FsGetCreateFsMode)
                  200112b0    000000a0                  : sl_socket.obj (.text:_SlDrvUnRegisterForSelectAsync)
                  20011350    000000a0                  : driver.obj (.text:_SlSpawnMsgListProcess)
                  200113f0    0000009e                  : cc_pal.obj (.text:spi_Read)
                  2001148e    0000009e                  : cc_pal.obj (.text:spi_Write)
                  2001152c    0000009c     afe_pwm.obj (.text:configurePWM)
                  200115c8    0000009c     rtsv7M4_T_le_eabi.lib : memcpy_t2.asm.obj (.text)
                  20011664    0000009c     freertos_builds_CC3220S_LAUNCHXL_release_ccs.lib : heap_4.obj (.text:vPortFree)
                  20011700    00000098     drivers_cc32xx.aem4 : PWMTimerCC32XX.oem4 (.text:PWMTimerCC32XX_setPeriod)
                  20011798    00000098                         : GPIOCC32XX.oem4 (.text:powerNotifyFxn)
                  20011830    00000096     rtsv7M4_T_le_eabi.lib : ull_div_t2.asm.obj (.text)
                  200118c6    00000002     --HOLE-- [fill = 0]
                  200118c8    00000094     simplelink.a : cc_pal.obj (.text:Semaphore_pend_handle)
                  2001195c    00000094     drivers_cc32xx.aem4 : SPICC32XXDMA.oem4 (.text:initHw)
                  200119f0    00000094     freertos_builds_CC3220S_LAUNCHXL_release_ccs.lib : tasks.obj (.text:vTaskStartScheduler)
                  20011a84    00000090     simplelink.a : device.obj (.text:_SlDeviceHandleAsync_Stop)
                  20011b14    00000090                  : sl_socket.obj (.text:_SlSocketHandleAsync_Accept)
                  20011ba4    00000090     drivers_cc32xx.aem4 : PowerCC32XX.oem4 (.text:restoreNVICRegs)
                  20011c34    0000008e     provisioning.obj (.text:DisplayBanner)
                  20011cc2    00000002     --HOLE-- [fill = 0]
                  20011cc4    0000008c     simplelink.a : driver.obj (.text:_SlDrvDriverIsApiAllowed)
                  20011d50    0000008c     freertos_builds_CC3220S_LAUNCHXL_release_ccs.lib : clock.obj (.text:_clock_gettimeMono)
                  20011ddc    0000008c     simplelink.a : sl_socket.obj (.text:sl_Recv)
                  20011e68    00000088     drivers_cc32xx.aem4 : PWMTimerCC32XX.oem4 (.text:PWMTimerCC32XX_close)
                  20011ef0    00000088     driverlib.a : pin.obj (.text:PinConfigSet)
                  20011f78    00000088     simplelink.a : driver.obj (.text:_SlDrvProtectAsyncRespSetting)
                  20012000    00000088     freertos_builds_CC3220S_LAUNCHXL_release_ccs.lib : mqueue.obj (.text:mq_receive)
                  20012088    00000086     simplelink.a : driver.obj (.text:_SlDrvIsTimeoutExpired)
                  2001210e    00000086     rtsv7M4_T_le_eabi.lib : fd_cmp_t2.asm.obj (.text:__aeabi_cdcmple)
                  20012194    00000086                           : fd_cmp_t2.asm.obj (.text:__aeabi_cdrcmple)
                  2001221a    00000086     freertos_builds_CC3220S_LAUNCHXL_release_ccs.lib : mqueue.obj (.text:mq_send)
                  200122a0    00000084     drivers_cc32xx.aem4 : PowerCC32XX.oem4 (.text:Power_init)
                  20012324    00000084     slnetifwifi.a : slnetifwifi.obj (.text:SlNetIfWifi_sockstartSec)
                  200123a8    00000084     freertos_builds_CC3220S_LAUNCHXL_release_ccs.lib : timers.obj (.text:prvProcessTimerOrBlockTask)
                  2001242c    00000084     drivers_cc32xx.aem4 : PowerCC32XX.oem4 (.text:saveNVICRegs)
                  200124b0    00000084     simplelink.a : sl_socket.obj (.text:sl_SetSockOpt)
                  20012534    00000084                  : wlan.obj (.text:sl_WlanSet)
                  200125b8    00000084     freertos_builds_CC3220S_LAUNCHXL_release_ccs.lib : timers.obj (.text:xTimerGenericCommand)
                  2001263c    00000080     drivers_cc32xx.aem4 : PowerCC32XX.oem4 (.text:Power_setDependency)
                  200126bc    00000080     provisioning.obj (.text:setDeviceTime)
                  2001273c    00000080     simplelink.a : device.obj (.text:sl_DeviceSet)
                  200127bc    00000080     freertos_builds_CC3220S_LAUNCHXL_release_ccs.lib : timer.obj (.text:timer_gettime)
                  2001283c    0000007c     drivers_cc32xx.aem4 : UDMACC32XX.oem4 (.text:UDMACC32XX_open)
                  200128b8    0000007c                         : UARTCC32XX.oem4 (.text:readIsrBinaryBlocking)
                  20012934    0000007a     freertos_builds_CC3220S_LAUNCHXL_release_ccs.lib : pthread.obj (.text:removeThreadKeys)
                  200129ae    0000007a     rtsv7M4_T_le_eabi.lib : memset_t2.asm.obj (.text)
                  20012a28    0000007a     freertos_builds_CC3220S_LAUNCHXL_release_ccs.lib : tasks.obj (.text:xTaskCreate)
                  20012aa2    00000002     --HOLE-- [fill = 0]
                  20012aa4    00000078     provisioning.obj (.text:FactoryIndicationLed)
                  20012b1c    00000078     drivers_cc32xx.aem4 : GPIOCC32XX.oem4 (.text:GPIO_hwiIntFxn)
                  20012b94    00000078     provisioning.obj (.text:UpdateLedDisplay)
                  20012c0c    00000078     freertos_builds_CC3220S_LAUNCHXL_release_ccs.lib : timers.obj (.text:prvInsertTimerInActiveList)
                  20012c84    00000078     drivers_cc32xx.aem4 : UARTCC32XX.oem4 (.text:readIsrBinaryCallback)
                  20012cfc    00000078     simplelink.a : sl_socket.obj (.text:sl_Socket)
                  20012d74    00000074     provisioning.obj (.text:HandleProvisioningComplete)
                  20012de8    00000074     drivers_cc32xx.aem4 : UARTCC32XX.oem4 (.text:UARTCC32XX_hwiIntFxn)
                  20012e5c    00000074     freertos_builds_CC3220S_LAUNCHXL_release_ccs.lib : tasks.obj (.text:prvInitialiseTaskLists)
                  20012ed0    00000074                                                      : pthread_mutex.obj (.text:pthread_mutex_init)
                  20012f44    00000074                                                      : port.obj (.text:vPortValidateInterruptPriority)
                  20012fb8    00000070     simplelink.a : driver.obj (.text:_SlDrvCmdSend_noLock)
                  20013028    00000070     freertos_builds_CC3220S_LAUNCHXL_release_ccs.lib : timers.obj (.text:prvProcessExpiredTimer)
                  20013098    00000070                                                      : ClockP_freertos.obj (.text:setClockObjTimeout)
                  20013108    0000006e     rtsv7M4_T_le_eabi.lib : _printfi.c.obj (.text:_mcpy)
                  20013176    00000002     --HOLE-- [fill = 0]
                  20013178    0000006c     provisioning.obj (.text:ReportError)
                  200131e4    0000006c     simplelink.a : device.obj (.text:_SlDeviceHandleResetRequestInternally)
                  20013250    0000006c                  : sl_socket.obj (.text:_SlDrvOpenCtrlSocket)
                  200132bc    0000006c                  : netapp.obj (.text:_SlNetAppSendTokenValue)
                  20013328    00000068     provisioning.obj (.text:ErrorLedDisplay)
                  20013390    00000068     drivers_cc32xx.aem4 : PWMTimerCC32XX.oem4 (.text:PWMTimerCC32XX_start)
                  200133f8    00000068     simplelink.a : driver.obj (.text:_SlSpawnMsgListGetCount)
                  20013460    00000068     rtsv7M4_T_le_eabi.lib : copy_decompress_lzss.c.obj (.text:decompress:lzss:__TI_decompress_lzss)
                  200134c8    00000068     main_freertos.obj (.text:main)
                  20013530    00000068     simplelink.a : cc_pal.obj (.text:spi_Open)
                  20013598    00000066     drivers_cc32xx.aem4 : UARTCC32XX.oem4 (.text:UARTCC32XX_writeCancel)
                  200135fe    00000066     freertos_builds_CC3220S_LAUNCHXL_release_ccs.lib : memory.obj (.text:realloc)
                  20013664    00000066                                                      : list.obj (.text:vListInsert)
                  200136ca    00000066                                                      : queue.obj (.text:xQueueGenericCreate)
                  20013730    00000064                                                      : ClockP_freertos.obj (.text:ClockP_stop)
                  20013794    00000064     drivers_cc32xx.aem4 : PowerCC32XX.oem4 (.text:PowerCC32XX_setParkState)
                  200137f8    00000064     freertos_builds_CC3220S_LAUNCHXL_release_ccs.lib : pthread_mutex.obj (.text:acquireMutex)
                  2001385c    00000064                                                      : tasks.obj (.text:prvGetExpectedIdleTime)
                  200138c0    00000062     drivers_cc32xx.aem4 : UARTCC32XX.oem4 (.text:UARTCC32XX_writePolling)
                  20013922    00000002     --HOLE-- [fill = 0]
                  20013924    00000060     freertos_builds_CC3220S_LAUNCHXL_release_ccs.lib : HwiPCC32XX_freertos.obj (.text:HwiP_create)
                  20013984    00000060     driverlib.a : prcm.obj (.text:PRCMSysResetCauseGet)
                  200139e4    00000060     freertos_builds_CC3220S_LAUNCHXL_release_ccs.lib : pthread_mutex.obj (.text:pthread_mutex_unlock)
                  20013a44    0000005e     slnetifwifi.a : slnetifwifi.obj (.text:SlNetIfWifi_setSockOpt)
                  20013aa2    0000005e     freertos_builds_CC3220S_LAUNCHXL_release_ccs.lib : semaphore.obj (.text:sem_timedwait)
                  20013b00    0000005c     simplelink.a : spawn.obj (.text:_SlInternalSpawn)
                  20013b5c    0000005c     rtsv7M4_T_le_eabi.lib : s_frexp.c.obj (.text:frexp)
                  20013bb8    0000005c     freertos_builds_CC3220S_LAUNCHXL_release_ccs.lib : tasks.obj (.text:prvIdleTask)
                  20013c14    0000005c                                                      : pthread.obj (.text:pthread_exit)
                  20013c70    0000005c                                                      : queue.obj (.text:vQueueWaitForMessageRestricted)
                  20013ccc    0000005c                                                      : tasks.obj (.text:vTaskDelay)
                  20013d28    0000005a                                                      : timers.obj (.text:prvInitialiseNewTimer)
                  20013d82    00000002     --HOLE-- [fill = 0]
                  20013d84    00000058     drivers_cc32xx.aem4 : GPIOCC32XX.oem4 (.text:GPIO_setCallback)
                  20013ddc    00000058                         : GPIOCC32XX.oem4 (.text:GPIO_write)
                  20013e34    00000058     driverlib.a : interrupt.obj (.text:IntPendClear)
                  20013e8c    00000058                 : prcm.obj (.text:PRCMPeripheralReset)
                  20013ee4    00000058     drivers_cc32xx.aem4 : PowerCC32XX.oem4 (.text:Power_releaseDependency)
                  20013f3c    00000058     simplelink.a : sl_socket.obj (.text:_SlDrvClearCtrlSocket)
                  20013f94    00000058     freertos_builds_CC3220S_LAUNCHXL_release_ccs.lib : tasks.obj (.text:eTaskConfirmSleepModeStatus)
                  20013fec    00000058     simplelink.a : sl_socket.obj (.text:sl_Listen)
                  20014044    00000058     freertos_builds_CC3220S_LAUNCHXL_release_ccs.lib : port.obj (.text:vPortSetupTimerInterrupt)
                  2001409c    00000058                                                      : queue.obj (.text:xQueueCreateCountingSemaphore)
                  200140f4    00000058                                                      : queue.obj (.text:xQueueTakeMutexRecursive)
                  2001414c    00000056                                                      : SemaphoreP_freertos.obj (.text:SemaphoreP_create)
                  200141a2    00000056     rtsv7M4_T_le_eabi.lib : _printfi.c.obj (.text:_pconv_f)
                  200141f8    00000054     freertos_builds_CC3220S_LAUNCHXL_release_ccs.lib : ClockP_freertos.obj (.text:ClockP_delete)
                  2001424c    00000054     uart_term.obj (.text:InitTerm)
                  200142a0    00000054     driverlib.a : interrupt.obj (.text:IntPrioritySet)
                  200142f4    00000054     simplelink.a : driver.obj (.text:_SlDrvRxIrqHandler)
                  20014348    00000054     rtsv7M4_T_le_eabi.lib : ltoa.c.obj (.text:ltoa)
                  2001439c    00000054     drivers_cc32xx.aem4 : UARTCC32XX.oem4 (.text:ringBufGet)
                  200143f0    00000054     freertos_builds_CC3220S_LAUNCHXL_release_ccs.lib : timers.obj (.text:xTimerCreateTimerTask)
                  20014444    00000052     drivers_cc32xx.aem4 : PowerCC32XX_asm.oem4 (.text:PowerCC32XX_resumeLPDS)
                  20014496    00000052     rtsv7M4_T_le_eabi.lib : _printfi.c.obj (.text:_ecpy)
                  200144e8    00000050     simplelink.a : cc_pal.obj (.text:NwpRegisterInterruptHandler)
                  20014538    00000050     drivers_cc32xx.aem4 : TimerCC32XX.oem4 (.text:TimerCC32XX_allocateTimerResource)
                  20014588    00000050     simplelink.a : sl_socket.obj (.text:_SlDrvCloseCtrlSocket)
                  200145d8    00000050                  : driver.obj (.text:_SlDrvCmdSend_noWait)
                  20014628    00000050                  : driver.obj (.text:_SlDrvUpdateApiInProgress)
                  20014678    00000050                  : spawn.obj (.text:_SlInternalSpawnTaskEntry)
                  200146c8    00000050                  : eventreg.obj (.text:_SlNetAppHttpServerHdlr)
                  20014718    00000050                  : eventreg.obj (.text:_SlNetAppRequestHdlr)
                  20014768    00000050     freertos_builds_CC3220S_LAUNCHXL_release_ccs.lib : port.obj (.text:pxPortInitialiseStack)
                  200147b8    00000050                                                      : semaphore.obj (.text:sem_init)
                  20014808    00000050                                                      : queue.obj (.text:xQueueGiveMutexRecursive)
                  20014858    0000004c     drivers_cc32xx.aem4 : GPIOCC32XX.oem4 (.text:GPIO_enableInt)
                  200148a4    0000004c     simplelink.a : cc_pal.obj (.text:NwpWaitForShutDownInd)
                  200148f0    0000004c     drivers_cc32xx.aem4 : PowerCC32XX.oem4 (.text:PowerCC32XX_parkPin)
                  2001493c    0000004c     slnetifwifi.a : slnetifwifi.obj (.text:SlNetIfWifi_getConnectionStatus)
                  20014988    0000004c     rtsv7M4_T_le_eabi.lib : atoi.c.obj (.text:atoi)
                  200149d4    0000004c     drivers_cc32xx.aem4 : PWMTimerCC32XX.oem4 (.text:getDutyCounts)
                  20014a20    0000004c                         : PWMTimerCC32XX.oem4 (.text:getPeriodCounts)
                  20014a6c    0000004c     freertos_builds_CC3220S_LAUNCHXL_release_ccs.lib : startup_cc32xx_ccs.obj (.text:initVectors)
                  20014ab8    0000004c                                                      : timers.obj (.text:prvCheckForValidListAndQueue)
                  20014b04    0000004c                                                      : tasks.obj (.text:prvCheckTasksWaitingTermination)
                  20014b50    0000004c     drivers_cc32xx.aem4 : PowerCC32XX.oem4 (.text:restorePeriphClocks)
                  20014b9c    0000004c     freertos_builds_CC3220S_LAUNCHXL_release_ccs.lib : port.obj (.text:vPortEnterCritical)
                  20014be8    00000048     driverlib.a : flash.obj (.text:FlashDisable)
                  20014c30    00000048     freertos_builds_CC3220S_LAUNCHXL_release_ccs.lib : HwiPCC32XX_freertos.obj (.text:HwiP_dispatch)
                  20014c78    00000048     driverlib.a : prcm.obj (.text:PRCMLPDSEnter)
                  20014cc0    00000048                 : prcm.obj (.text:PRCMPeripheralClkEnable)
                  20014d08    00000048     drivers_cc32xx.aem4 : PowerCC32XX.oem4 (.text:Power_releaseConstraint)
                  20014d50    00000048     slnetsock_release.a : slnetsock.oem4 (.text:SlNetSock_init)
                  20014d98    00000048     simplelink.a : eventreg.obj (.text:_SlDeviceFatalErrorEvtHdlr)
                  20014de0    00000048                  : eventreg.obj (.text:_SlDeviceGeneralEvtHdlr)
                  20014e28    00000048                  : driver.obj (.text:_SlDrvSyncObjWaitTimeout)
                  20014e70    00000048                  : eventreg.obj (.text:_SlNetAppEvtHdlr)
                  20014eb8    00000048                  : eventreg.obj (.text:_SlNetAppRequestMemFree)
                  20014f00    00000048                  : eventreg.obj (.text:_SlSockEvtHdlr)
                  20014f48    00000048                  : eventreg.obj (.text:_SlWlanEvtHdlr)
                  20014f90    00000048     rtsv7M4_T_le_eabi.lib : fd_toi_t2.asm.obj (.text)
                  20014fd8    00000048     freertos_builds_CC3220S_LAUNCHXL_release_ccs.lib : list.obj (.text:uxListRemove)
                  20015020    00000046     drivers_cc32xx.aem4 : RingBuf.oem4 (.text:RingBuf_put)
                  20015066    00000002     --HOLE-- [fill = 0]
                  20015068    00000044     driverlib.a : prcm.obj (.text:PRCMLPDSRestoreInfoSet)
                  200150ac    00000044     drivers_cc32xx.aem4 : PWM.oem4 (.text:PWM_init)
                  200150f0    00000044                         : PowerCC32XX_asm.oem4 (.text:PowerCC32XX_enterLPDS)
                  20015134    00000044                         : SPI.oem4 (.text:SPI_init)
                  20015178    00000044                         : UART.oem4 (.text:UART_init)
                  200151bc    00000044     rtsv7M4_T_le_eabi.lib : autoinit.c.obj (.text:__TI_auto_init_nobinit_nopinit:__TI_auto_init_nobinit_nopinit)
                  20015200    00000044     freertos_builds_CC3220S_LAUNCHXL_release_ccs.lib : queue.obj (.text:prvInitialiseNewQueue)
                  20015244    00000044                                                      : tasks.obj (.text:vTaskStepTick)
                  20015288    00000042                                                      : memory.obj (.text:malloc)
                  200152ca    00000040     simplelink.a : sl_socket.obj (.text:CountSetBits)
                  2001530a    00000002     --HOLE-- [fill = 0]
                  2001530c    00000040     driverlib.a : pin.obj (.text:PinModeSet)
                  2001534c    00000040     drivers_cc32xx.aem4 : RingBuf.oem4 (.text:RingBuf_get)
                  2001538c    00000040     provisioning.obj (.text:SimpleLinkGeneralEventHandler)
                  200153cc    00000040     drivers_cc32xx.aem4 : UARTCC32XX.oem4 (.text:UARTCC32XX_read)
                  2001540c    00000040                         : UDMACC32XX.oem4 (.text:UDMACC32XX_init)
                  2001544c    00000040     simplelink.a : driver.obj (.text:_SlDrvGlobalObjUnLock)
                  2001548c    00000040                  : driver.obj (.text:_SlFindAndReleasePendingCmd)
                  200154cc    00000040                  : spawn.obj (.text:_SlInternalSpawnWaitForEvent)
                  2001550c    00000040                  : eventreg.obj (.text:_SlIsEventRegistered)
                  2001554c    00000040     freertos_builds_CC3220S_LAUNCHXL_release_ccs.lib : tasks.obj (.text:vTaskPlaceOnEventListRestricted)
                  2001558c    00000040     rtsv7M4_T_le_eabi.lib : vsnprintf.c.obj (.text:vsnprintf)
                  200155cc    0000003e     freertos_builds_CC3220S_LAUNCHXL_release_ccs.lib : ClockP_freertos.obj (.text:ClockP_callbackFxn)
                  2001560a    0000003e     simplelink.a : sl_socket.obj (.text:_SlSocketBuildAddress)
                  20015648    0000003e     rtsv7M4_T_le_eabi.lib : _printfi.c.obj (.text:_fcpy)
                  20015686    0000003e     freertos_builds_CC3220S_LAUNCHXL_release_ccs.lib : pthread.obj (.text:pthread_setcancelstate)
                  200156c4    0000003e                                                      : semaphore.obj (.text:sem_post)
                  20015702    00000002     --HOLE-- [fill = 0]
                  20015704    0000003c     driverlib.a : prcm.obj (.text:PRCMSlowClkCtrFastGet)
                  20015740    0000003c     drivers_cc32xx.aem4 : PWM.oem4 (.text:PWM_open)
                  2001577c    0000003c                         : PowerCC32XX.oem4 (.text:Power_setConstraint)
                  200157b8    0000003c                         : SPI.oem4 (.text:SPI_open)
                  200157f4    0000003c                         : UART.oem4 (.text:UART_open)
                  20015830    0000003c     simplelink.a : netapp.obj (.text:_SlNetAppCopyPingResultsToReport)
                  2001586c    0000003c     freertos_builds_CC3220S_LAUNCHXL_release_ccs.lib : queue.obj (.text:prvCopyDataFromQueue)
                  200158a8    0000003c                                                      : tasks.obj (.text:prvResetNextTaskUnblockTime)
                  200158e4    0000003c                                                      : tasks.obj (.text:pvTaskGetThreadLocalStoragePointer)
                  20015920    0000003c                                                      : timer.obj (.text:timespecToTicks)
                  2001595c    0000003c                                                      : sleep.obj (.text:usleep)
                  20015998    0000003c                                                      : list.obj (.text:vListInsertEnd)
                  200159d4    0000003a     slnetifwifi.a : slnetifwifi.obj (.text:SlNetIfWifi_getIPAddr)
                  20015a0e    0000003a     freertos_builds_CC3220S_LAUNCHXL_release_ccs.lib : timer.obj (.text:callbackFxn)
                  20015a48    0000003a     drivers_cc32xx.aem4 : PWMTimerCC32XX.oem4 (.text:getPowerMgrId)
                  20015a82    00000002     --HOLE-- [fill = 0]
                  20015a84    00000038     driverlib.a : prcm.obj (.text:PRCMLPDSEnterKeepDebugIf)
                  20015abc    00000038     slnetifwifi.a : slnetifwifi.obj (.text:SlNetIfWifi_recvFrom)
                  20015af4    00000038                   : slnetifwifi.obj (.text:SlNetIfWifi_sendTo)
                  20015b2c    00000038                   : slnetifwifi.obj (.text:SlNetIfWifi_socket)
                  20015b64    00000038     slnetsock_release.a : slnetif.oem4 (.text:SlNetIf_configCheck)
                  20015b9c    00000038     drivers_cc32xx.aem4 : PowerCC32XX.oem4 (.text:notify)
                  20015bd4    00000038     freertos_builds_CC3220S_LAUNCHXL_release_ccs.lib : timers.obj (.text:prvGetNextExpireTime)
                  20015c0c    00000038                                                      : port.obj (.text:prvTaskExitError)
                  20015c44    00000036     slnetifwifi.a : slnetifwifi.obj (.text:SlNetIfWifi_getHostByName)
                  20015c7a    00000036                   : slnetifwifi.obj (.text:SlNetIfWifi_select)
                  20015cb0    00000036     drivers_cc32xx.aem4 : UARTCC32XX.oem4 (.text:UARTCC32XX_readCancel)
                  20015ce6    00000036     rtsv7M4_T_le_eabi.lib : strncpy.c.obj (.text:strncpy)
                  20015d1c    00000034     driverlib.a : pin.obj (.text:PinModeGet)
                  20015d50    00000034     drivers_cc32xx.aem4 : PowerCC32XX.oem4 (.text:PowerCC32XX_restoreParkState)
                  20015d84    00000034     freertos_builds_CC3220S_LAUNCHXL_release_ccs.lib : SemaphoreP_freertos.obj (.text:SemaphoreP_pend)
                  20015db8    00000034     drivers_cc32xx.aem4 : TimerCC32XX.oem4 (.text:TimerCC32XX_freeTimerResource)
                  20015dec    00000034                         : UDMACC32XX.oem4 (.text:UDMACC32XX_close)
                  20015e20    00000034     freertos_builds_CC3220S_LAUNCHXL_release_ccs.lib : mqueue.obj (.text:findInList)
                  20015e54    00000034     drivers_cc32xx.aem4 : TimerCC32XX.oem4 (.text:getPowerMgrId)
                  20015e88    00000034     freertos_builds_CC3220S_LAUNCHXL_release_ccs.lib : timers.obj (.text:prvSampleTimeNow)
                  20015ebc    00000034                                                      : tasks.obj (.text:vTaskPlaceOnEventList)
                  20015ef0    00000034                                                      : tasks.obj (.text:vTaskSetThreadLocalStoragePointer)
                  20015f24    00000034                                                      : timers.obj (.text:xTimerCreate)
                  20015f58    00000031     spi_test.obj (.text:assertChipSelect)
                  20015f89    00000001     --HOLE-- [fill = 0]
                  20015f8a    00000030     drivers_cc32xx.aem4 : PowerCC32XX.oem4 (.text:PowerCC32XX_restoreParkedPin)
                  20015fba    00000002     --HOLE-- [fill = 0]
                  20015fbc    00000030     provisioning.obj (.text:StartAsyncEvtTimer)
                  20015fec    00000030     simplelink.a : fs.obj (.text:_SlFsStrlen)
                  2001601c    00000030     rtsv7M4_T_le_eabi.lib : vsnprintf.c.obj (.text:_outs)
                  2001604c    00000030     simplelink.a : sl_socket.obj (.text:to_mSec)
                  2001607c    00000030     freertos_builds_CC3220S_LAUNCHXL_release_ccs.lib : list.obj (.text:vListInitialise)
                  200160ac    00000030                                                      : port.obj (.text:vPortExitCritical)
                  200160dc    00000030                                                      : tasks.obj (.text:xTaskGetSchedulerState)
                  2001610c    0000002e     simplelink.a : cc_pal.obj (.text:Mutex_create_handle)
                  2001613a    0000002e     freertos_builds_CC3220S_LAUNCHXL_release_ccs.lib : timers.obj (.text:pvTimerGetTimerID)
                  20016168    0000002e     rtsv7M4_T_le_eabi.lib : i_tofd_t2.asm.obj (.text)
                  20016196    0000002c     provisioning.obj (.text:GetSecureStatus)
                  200161c2    00000002     --HOLE-- [fill = 0]
                  200161c4    0000002c     freertos_builds_CC3220S_LAUNCHXL_release_ccs.lib : HwiPCC32XX_freertos.obj (.text:HwiP_disable)
                  200161f0    0000002c     simplelink.a : cc_pal.obj (.text:NwpPowerOn)
                  2001621c    0000002c     driverlib.a : prcm.obj (.text:PRCMLPDSIntervalSet)
                  20016248    0000002c     drivers_cc32xx.aem4 : PowerCC32XX.oem4 (.text:PowerCC32XX_getParkState)
                  20016274    0000002c     freertos_builds_CC3220S_LAUNCHXL_release_ccs.lib : SemaphoreP_freertos.obj (.text:SemaphoreP_createBinary)
                  200162a0    0000002c     slnetifwifi.a : slnetifwifi.obj (.text:SlNetIfWifi_recv)
                  200162cc    0000002c                   : slnetifwifi.obj (.text:SlNetIfWifi_send)
                  200162f8    0000002c     provisioning.obj (.text:StopAsyncEvtTimer)
                  20016324    0000002c     simplelink.a : driver.obj (.text:_SlDrvSyncObjWaitForever)
                  20016350    0000002c     freertos_builds_CC3220S_LAUNCHXL_release_ccs.lib : pthread_mutex.obj (.text:pthread_mutexattr_settype)
                  2001637c    0000002c                                                      : tasks.obj (.text:vTaskSetApplicationTaskTag)
                  200163a8    0000002c                                                      : port.obj (.text:xPortSysTickHandler)
                  200163d4    0000002c                                                      : queue.obj (.text:xQueueCreateMutex)
                  20016400    0000002c                                                      : tasks.obj (.text:xTaskGetApplicationTaskTag)
                  2001642c    0000002a                                                      : queue.obj (.text:prvInitialiseMutex)
                  20016456    0000002a                                                      : queue.obj (.text:uxQueueMessagesWaiting)
                  20016480    0000002a                                                      : timers.obj (.text:xTimerGetExpiryTime)
                  200164aa    00000002     --HOLE-- [fill = 0]
                  200164ac    00000028                                                      : HwiPCC32XX_freertos.obj (.text:HwiP_inISR)
                  200164d4    00000028     driverlib.a : prcm.obj (.text:PRCMLPDSWakeupSourceEnable)
                  200164fc    00000028                 : prcm.obj (.text:PRCMPeripheralClkDisable)
                  20016524    00000028     drivers_cc32xx.aem4 : PowerCC32XX.oem4 (.text:Power_registerNotify)
                  2001654c    00000028     provisioning.obj (.text:SignalEvent)
                  20016574    00000028     simplelink.a : driver.obj (.text:_SlDrvProtectionObjLockWaitForever)
                  2001659c    00000028                  : driver.obj (.text:_SlDrvProtectionObjUnLock)
                  200165c4    00000028                  : flowcont.obj (.text:_SlFlowContSet)
                  200165ec    00000028     rtsv7M4_T_le_eabi.lib : boot_cortex_m.c.obj (.text:_c_int00_noargs:_c_int00_noargs)
                  20016614    00000028     freertos_builds_CC3220S_LAUNCHXL_release_ccs.lib : pthread.obj (.text:pthread_attr_setschedparam)
                  2001663c    00000026     drivers_cc32xx.aem4 : List.oem4 (.text:List_put)
                  20016662    00000026                         : List.oem4 (.text:List_remove)
                  20016688    00000026     freertos_builds_CC3220S_LAUNCHXL_release_ccs.lib : pthread.obj (.text:_pthread_cleanup_pop)
                  200166ae    00000026                                                      : queue.obj (.text:prvIsQueueFull)
                  200166d4    00000024     driverlib.a : interrupt.obj (.text:IntUnregister)
                  200166f8    00000024     provisioning.obj (.text:ProcessRestartRequest)
                  2001671c    00000024     simplelink.a : driver.obj (.text:_SlDrvIsApiInProgress)
                  20016740    00000024                  : driver.obj (.text:_SlDrvStartMeasureTimeout)
                  20016764    00000024     freertos_builds_CC3220S_LAUNCHXL_release_ccs.lib : queue.obj (.text:prvGetDisinheritPriorityAfterTimeout)
                  20016788    00000024                                                      : semaphore.obj (.text:sem_getvalue)
                  200167ac    00000024                                                      : queue.obj (.text:vQueueDelete)
                  200167d0    00000024                                                      : tasks.obj (.text:vTaskInternalSetTimeOutState)
                  200167f4    00000022                                                      : SemaphoreP_freertos.obj (.text:SemaphoreP_post)
                  20016816    00000022                                                      : aeabi_portable.obj (.text:__aeabi_errno_addr)
                  20016838    00000022                                                      : pthread.obj (.text:pthread_attr_setdetachstate)
                  2001685a    00000002     --HOLE-- [fill = 0]
                  2001685c    00000020                                                      : ClockP_freertos.obj (.text:ClockP_getCpuFreq)
                  2001687c    00000020                                                      : HwiPCC32XX_freertos.obj (.text:HwiP_restore)
                  2001689c    00000020     driverlib.a : interrupt.obj (.text:IntRegister)
                  200168bc    00000020     drivers_cc32xx.aem4 : PowerCC32XX.oem4 (.text:Power_unregisterNotify)
                  200168dc    00000020                         : RingBuf.oem4 (.text:RingBuf_peek)
                  200168fc    00000020     slnetifwifi.a : slnetifwifi.obj (.text:SlNetIfWifi_accept)
                  2001691c    00000020     drivers_cc32xx.aem4 : SPICC32XXDMA.oem4 (.text:getPowerMgrId)
                  2001693c    00000020                         : UARTCC32XX.oem4 (.text:getPowerMgrId)
                  2001695c    00000020     freertos_builds_CC3220S_LAUNCHXL_release_ccs.lib : queue.obj (.text:prvIsQueueEmpty)
                  2001697c    00000020                                                      : semaphore.obj (.text:semaphorePend)
                  2001699c    0000001e                                                      : ClockP_freertos.obj (.text:ClockP_start)
                  200169ba    0000001e                                                      : HwiPCC32XX_freertos.obj (.text:HwiP_Params_init)
                  200169d8    0000001e     slnetifwifi.a : slnetifwifi.obj (.text:SlNetIfWifi_bind)
                  200169f6    0000001e                   : slnetifwifi.obj (.text:SlNetIfWifi_connect)
                  20016a14    0000001e     simplelink.a : driver.obj (.text:_SlDrvObjLockWaitForever)
                  20016a32    0000001e                  : driver.obj (.text:_SlDrvObjUnLock)
                  20016a50    0000001e                  : driver.obj (.text:_SlDrvSyncObjSignal)
                  20016a6e    0000001e     freertos_builds_CC3220S_LAUNCHXL_release_ccs.lib : pthread.obj (.text:_pthread_runStub)
                  20016a8c    0000001e     drivers_cc32xx.aem4 : UDMACC32XX.oem4 (.text:postNotifyFxn)
                  20016aaa    0000001c     freertos_builds_CC3220S_LAUNCHXL_release_ccs.lib : ClockP_freertos.obj (.text:ClockP_Params_init)
                  20016ac6    00000002     --HOLE-- [fill = 0]
                  20016ac8    0000001c     uart_term.obj (.text:Message)
                  20016ae4    0000001c     driverlib.a : pin.obj (.text:PinToPadGet)
                  20016b00    0000001c     simplelink.a : device.obj (.text:_SlDeviceGetStartResponseConvert)
                  20016b1c    0000001c                  : spawn.obj (.text:_SlInternalIsItSpawnThread)
                  20016b38    0000001c     rtsv7M4_T_le_eabi.lib : memccpy.c.obj (.text:memccpy)
                  20016b54    0000001c     freertos_builds_CC3220S_LAUNCHXL_release_ccs.lib : pthread.obj (.text:pthread_attr_init)
                  20016b70    0000001c                                                      : pthread_mutex.obj (.text:pthread_mutexattr_init)
                  20016b8c    0000001c                                                      : tasks.obj (.text:pvTaskIncrementMutexHeldCount)
                  20016ba8    0000001a                                                      : PTLS.obj (.text:PTLS_taskDeleteHook)
                  20016bc2    0000001a     slnetifwifi.a : slnetifwifi.obj (.text:SlNetIfWifi_listen)
                  20016bdc    0000001a     freertos_builds_CC3220S_LAUNCHXL_release_ccs.lib : timers.obj (.text:prvTimerTask)
                  20016bf6    0000001a                                                      : pthread_mutex.obj (.text:pthread_mutex_destroy)
                  20016c10    00000018     provisioning.obj (.text:HandleDiscnctEvt)
                  20016c28    00000018     drivers_cc32xx.aem4 : PowerCC32XX.oem4 (.text:Power_idleFunc)
                  20016c40    00000018     provisioning.obj (.text:StartConnection)
                  20016c58    00000018     driverlib.a : uart.obj (.text:UARTBusy)
                  20016c70    00000018                 : uart.obj (.text:UARTIntEnable)
                  20016c88    00000018     drivers_cc32xx.aem4 : UART.oem4 (.text:UART_Params_init)
                  20016ca0    00000018     rtsv7M4_T_le_eabi.lib : vsnprintf.c.obj (.text:_outc)
                  20016cb8    00000018     freertos_builds_CC3220S_LAUNCHXL_release_ccs.lib : memory.obj (.text:free)
                  20016cd0    00000018     rtsv7M4_T_le_eabi.lib : ll_mul_t2.asm.obj (.text)
                  20016ce8    00000018     freertos_builds_CC3220S_LAUNCHXL_release_ccs.lib : semaphore.obj (.text:sem_wait)
                  20016d00    00000018     rtsv7M4_T_le_eabi.lib : strcmp.c.obj (.text:strcmp)
                  20016d18    00000018     freertos_builds_CC3220S_LAUNCHXL_release_ccs.lib : tasks.obj (.text:xTaskGetTickCountFromISR)
                  20016d30    00000016                                                      : ClockP_freertos.obj (.text:ClockP_setTimeout)
                  20016d46    00000016     driverlib.a : prcm.obj (.text:PRCMHIBRegRead)
                  20016d5c    00000016                 : prcm.obj (.text:PRCMHIBRegWrite)
                  20016d72    00000016     freertos_builds_CC3220S_LAUNCHXL_release_ccs.lib : PTLS.obj (.text:PTLS_getBuf)
                  20016d88    00000016                                                      : PTLS.obj (.text:PTLS_setBuf)
                  20016d9e    00000016                                                      : SemaphoreP_freertos.obj (.text:SemaphoreP_Params_init)
                  20016db4    00000016     simplelink.a : driver.obj (.text:_SlDrvMemZero)
                  20016dca    00000002     --HOLE-- [fill = 0]
                  20016dcc    00000016     freertos_builds_CC3220S_LAUNCHXL_release_ccs.lib : startup_cc32xx_ccs.obj (.text:resetISR)
                  20016de2    00000016     rtsv7M4_T_le_eabi.lib : strchr.c.obj (.text:strchr)
                  20016df8    00000014     driverlib.a : cpu.obj (.text:CPUcpsie)
                  20016e0c    00000014                 : interrupt.obj (.text:IntVTableBaseSet)
                  20016e20    00000014     drivers_cc32xx.aem4 : PWM.oem4 (.text:PWM_Params_init)
                  20016e34    00000014                         : PowerCC32XX.oem4 (.text:Power_getDependencyCount)
                  20016e48    00000014                         : SPI.oem4 (.text:SPI_Params_init)
                  20016e5c    00000014     freertos_builds_CC3220S_LAUNCHXL_release_ccs.lib : tasks.obj (.text:prvDeleteTCB)
                  20016e70    00000014                                                      : pthread.obj (.text:pthread_attr_setstacksize)
                  20016e84    00000014                                                      : pthread_mutex.obj (.text:pthread_mutex_lock)
                  20016e98    00000014                                                      : pthread.obj (.text:pthread_self)
                  20016eac    00000014     drivers_cc32xx.aem4 : UARTCC32XX.oem4 (.text:releasePowerConstraint)
                  20016ec0    00000014     freertos_builds_CC3220S_LAUNCHXL_release_ccs.lib : semaphore.obj (.text:sem_destroy)
                  20016ed4    00000014     rtsv7M4_T_le_eabi.lib : strcpy.c.obj (.text:strcpy)
                  20016ee8    00000014                           : strlen.c.obj (.text:strlen)
                  20016efc    00000014     freertos_builds_CC3220S_LAUNCHXL_release_ccs.lib : PowerCC32XX_freertos.obj (.text:vPortSuppressTicksAndSleep)
                  20016f10    00000014                                                      : tasks.obj (.text:xTaskGetCurrentTaskHandle)
                  20016f24    00000014                                                      : tasks.obj (.text:xTaskGetTickCount)
                  20016f38    00000012                                                      : HwiPCC32XX_freertos.obj (.text:HwiP_delete)
                  20016f4a    00000012     drivers_cc32xx.aem4 : RingBuf.oem4 (.text:RingBuf_construct)
                  20016f5c    00000012     slnetifwifi.a : slnetifwifi.obj (.text:SlNetIfWifi_close)
                  20016f6e    00000012     drivers_cc32xx.aem4 : PWMTimerCC32XX.oem4 (.text:postNotifyFxn)
                  20016f80    00000012     rtsv7M4_T_le_eabi.lib : wcslen.c.obj (.text:wcslen)
                  20016f92    00000010     freertos_builds_CC3220S_LAUNCHXL_release_ccs.lib : ClockP_freertos.obj (.text:ClockP_getSystemTickPeriod)
                  20016fa2    00000002     --HOLE-- [fill = 0]
                  20016fa4    00000010     provisioning.obj (.text:HandleConnection)
                  20016fb4    00000010     driverlib.a : systick.obj (.text:SysTickDisable)
                  20016fc4    00000010                 : systick.obj (.text:SysTickEnable)
                  20016fd4    00000010     simplelink.a : driver.obj (.text:_SlDrvDispatchHttpServerEvents)
                  20016fe4    00000010                  : driver.obj (.text:_SlDrvDispatchNetAppRequestEvents)
                  20016ff4    00000010                  : driver.obj (.text:_SlDrvIsSpawnOwnGlobalLock)
                  20017004    00000010     CC3220S_LAUNCHXL.obj (.text:dmaErrorFxn)
                  20017014    00000010     drivers_cc32xx.aem4 : UARTCC32XX.oem4 (.text:readBlockingTimeout)
                  20017024    00000010     freertos_builds_CC3220S_LAUNCHXL_release_ccs.lib : list.obj (.text:vListInitialiseItem)
                  20017034    00000010                                                      : tasks.obj (.text:vTaskSuspendAll)
                  20017044    0000000e     provisioning.obj (.text:CheckLanConnection)
                  20017052    0000000e     drivers_cc32xx.aem4 : PowerCC32XX.oem4 (.text:Power_getTransitionLatency)
                  20017060    0000000e                         : RingBuf.oem4 (.text:RingBuf_isFull)
                  2001706e    0000000e     simplelink.a : driver.obj (.text:_SlDrvResetCmdExt)
                  2001707c    0000000e     rtsv7M4_T_le_eabi.lib : copy_decompress_none.c.obj (.text:decompress:none:__TI_decompress_none)
                  2001708a    0000000e     drivers_cc32xx.aem4 : SPICC32XXDMA.oem4 (.text:postNotifyFxn)
                  20017098    0000000e     simplelink.a : cc_pal.obj (.text:spi_Close)
                  200170a6    0000000c     provisioning.obj (.text:AsyncEvtTimerHandler)
                  200170b2    0000000c     CC3220S_LAUNCHXL.obj (.text:CC3220S_LAUNCHXL_initGeneral)
                  200170be    0000000c     driverlib.a : cpu.obj (.text:CPUwfi)
                  200170ca    0000000c     provisioning.obj (.text:HandleProvisioningTimeOut)
                  200170d6    0000000c     provisioning.obj (.text:HandleWaitForIp)
                  200170e2    0000000c     freertos_builds_CC3220S_LAUNCHXL_release_ccs.lib : HwiPCC32XX_freertos.obj (.text:HwiP_clearInterrupt)
                  200170ee    0000000c                                                      : HwiPCC32XX_freertos.obj (.text:HwiP_disableInterrupt)
                  200170fa    0000000c                                                      : HwiPCC32XX_freertos.obj (.text:HwiP_enableInterrupt)
                  20017106    00000002     --HOLE-- [fill = 0]
                  20017108    0000000c     simplelink.a : cc_pal.obj (.text:NwpMaskInterrupt)
                  20017114    0000000c                  : cc_pal.obj (.text:NwpUnMaskInterrupt)
                  20017120    0000000c     drivers_cc32xx.aem4 : PowerCC32XX.oem4 (.text:Power_getConstraintMask)
                  2001712c    0000000c     freertos_builds_CC3220S_LAUNCHXL_release_ccs.lib : SemaphoreP_freertos.obj (.text:SemaphoreP_delete)
                  20017138    0000000c     provisioning.obj (.text:SimpleLinkHttpServerEventHandler)
                  20017144    0000000c     provisioning.obj (.text:SimpleLinkNetAppRequestEventHandler)
                  20017150    0000000c     simplelink.a : device.obj (.text:_SlDeviceResetRequestInitCompletedCB)
                  2001715c    0000000c     rtsv7M4_T_le_eabi.lib : copy_zero_init.c.obj (.text:decompress:ZI:__TI_zero_init)
                  20017168    0000000c     drivers_cc32xx.aem4 : UARTCC32XX.oem4 (.text:postNotifyFxn)
                  20017174    0000000c     driverlib.a : udma.obj (.text:uDMAErrorStatusClear)
                  20017180    0000000c                 : udma.obj (.text:uDMAErrorStatusGet)
                  2001718c    0000000c     freertos_builds_CC3220S_LAUNCHXL_release_ccs.lib : tasks.obj (.text:vTaskMissedYield)
                  20017198    0000000a     driverlib.a : interrupt.obj (.text:IntMasterEnable)
                  200171a2    0000000a     drivers_cc32xx.aem4 : PWM.oem4 (.text:PWM_setDuty)
                  200171ac    0000000a                         : PWM.oem4 (.text:PWM_start)
                  200171b6    0000000a                         : SPI.oem4 (.text:SPI_close)
                  200171c0    0000000a                         : SPI.oem4 (.text:SPI_transfer)
                  200171ca    0000000a     provisioning.obj (.text:SimpleLinkNetAppRequestMemFreeEventHandler)
                  200171d4    0000000a     drivers_cc32xx.aem4 : UART.oem4 (.text:UART_control)
                  200171de    0000000a                         : UART.oem4 (.text:UART_writePolling)
                  200171e8    0000000a     simplelink.a : device.obj (.text:sl_Task)
                  200171f2    0000000a     main_freertos.obj (.text:vApplicationStackOverflowHook)
                  200171fc    00000008     freertos_builds_CC3220S_LAUNCHXL_release_ccs.lib : ClockP_freertos.obj (.text:ClockP_getSystemTicks)
                  20017204    00000008     driverlib.a : prcm.obj (.text:PRCMSleepEnter)
                  2001720c    00000008     simplelink.a : cc_pal.obj (.text:TimerGetCurrentTimestamp)
                  20017214    00000008     drivers_cc32xx.aem4 : SPICC32XXDMA.oem4 (.text:blockingTransferCallback)
                  2001721c    00000008     rtsv7M4_T_le_eabi.lib : s_copysign.c.obj (.text:copysign)
                  20017224    00000008     drivers_cc32xx.aem4 : UARTCC32XX.oem4 (.text:readSemCallback)
                  2001722c    00000008                         : UARTCC32XX.oem4 (.text:writeSemCallback)
                  20017234    00000006                         : PWMTimerCC32XX.oem4 (.text:PWMTimerCC32XX_control)
                  2001723a    00000006                         : SPICC32XXDMA.oem4 (.text:SPICC32XXDMA_control)
                  20017240    00000006     driverlib.a : utils.obj (.text:UtilsDelay)
                  20017246    00000004     provisioning.obj (.text:CheckInternetConnection)
                  2001724a    00000004     provisioning.obj (.text:DoNothing)
                  2001724e    00000004     external_provisioning_conf.obj (.text:IsActiveExternalConfiguration)
                  20017252    00000004     provisioning.obj (.text:ProcessStartRequest)
                  20017256    00000004     drivers_cc32xx.aem4 : SPICC32XXDMA.oem4 (.text:SPICC32XXDMA_init)
                  2001725a    00000004     slnetsock_release.a : slnetif.oem4 (.text:SlNetIf_init)
                  2001725e    00000004                         : slnetutils.oem4 (.text:SlNetUtil_init)
                  20017262    00000004     rtsv7M4_T_le_eabi.lib : pre_init.c.obj (.text:_system_pre_init)
                  20017266    00000004                           : exit.c.obj (.text:abort:abort)

.ramVecs   0    20000000    0000030c     NOLOAD SECTION
                  20000000    0000030c     freertos_builds_CC3220S_LAUNCHXL_release_ccs.lib : startup_cc32xx_ccs.obj (.ramVecs)

.cinit     0    20017270    00000190     
                  20017270    00000169     (.cinit..data.load) [load image, compression = lzss]
                  200173d9    00000003     --HOLE-- [fill = 0]
                  200173dc    0000000c     (__TI_handler_table)
                  200173e8    00000008     (.cinit..bss.load) [load image, compression = zero_init]
                  200173f0    00000010     (__TI_cinit_table)

.bss       0    20017400    00008e33     UNINITIALIZED
                  20017400    00008000     freertos_builds_CC3220S_LAUNCHXL_release_ccs.lib : heap_4.obj (.bss:ucHeap)
                  2001f400    00000400     CC3220S_LAUNCHXL.obj (.bss:dmaControlTable)
                  2001f800    000003fc     (.common:g_CB)
                  2001fbfc    0000012c     (.common:PowerCC32XX_contextSave)
                  2001fd28    00000108     (.common:uartCC3220SObjects)
                  2001fe30    000000c8     freertos_builds_CC3220S_LAUNCHXL_release_ccs.lib : tasks.obj (.bss:pxReadyTasksLists)
                  2001fef8    00000088     (.common:spiCC3220SDMAObjects)
                  2001ff80    00000080     slnetsock_release.a : slnetsock.oem4 (.bss:VirtualSockets)
                  20020000    00000048     (.common:pwmTimerCC3220SObjects)
                  20020048    00000040     (.common:uartCC3220SRingBuffer)
                  20020088    0000002c                         : slnetsock.oem4 (.bss:VirtualSocketMutex)
                  200200b4    0000002c     (.common:GlobalLockObj)
                  200200e0    00000028     (.common:g_SlInternalSpawnCB)
                  20020108    00000020     drivers_cc32xx.aem4 : GPIOCC32XX.oem4 (.bss:gpioCallbackInfo)
                  20020128    00000014                         : UDMACC32XX.oem4 (.bss:postNotifyObj)
                  2002013c    00000014                         : GPIOCC32XX.oem4 (.bss:powerNotifyObj)
                  20020150    00000014     freertos_builds_CC3220S_LAUNCHXL_release_ccs.lib : timers.obj (.bss:xActiveTimerList1)
                  20020164    00000014                                                      : timers.obj (.bss:xActiveTimerList2)
                  20020178    00000014                                                      : tasks.obj (.bss:xDelayedTaskList1)
                  2002018c    00000014                                                      : tasks.obj (.bss:xDelayedTaskList2)
                  200201a0    00000014                                                      : tasks.obj (.bss:xPendingReadyList)
                  200201b4    00000014                                                      : tasks.obj (.bss:xSuspendedTaskList)
                  200201c8    00000014                                                      : tasks.obj (.bss:xTasksWaitingTermination)
                  200201dc    0000000c     (.common:DeviceCB)
                  200201e8    0000000c     (.common:Msg)
                  200201f4    00000008                                                      : tasks.obj (.bss)
                  200201fc    00000008                                                      : timers.obj (.bss)
                  20020204    00000008                                                      : heap_4.obj (.bss:xStart)
                  2002020c    00000008     (.common:spiCC3220SDMAscratchBuf)
                  20020214    00000008     (.common:udmaCC3220SObject)
                  2002021c    00000004     drivers_cc32xx.aem4 : GPIOCC32XX.oem4 (.bss)
                  20020220    00000004                         : TimerCC32XX.oem4 (.bss:timerState)
                  20020224    00000004     uart_term.obj (.bss)
                  20020228    00000004     (.common:gProvisioningSMQueue)
                  2002022c    00000004     (.common:gTimer)
                  20020230    00000001     (.common:RxIrqCnt)
                  20020231    00000001     (.common:g_CurrentState)
                  20020232    00000001     (.common:transferMode)

.const     0    20020234    00000cc6     
                  20020234    000002a0     provisioning.obj (.const:gTransitionTable)
                  200204d4    00000101     rtsv7M4_T_le_eabi.lib : ctype.c.obj (.const:.string:_ctypes_)
                  200205d5    00000003     --HOLE-- [fill = 0]
                  200205d8    00000100     driverlib.a : pin.obj (.const:g_ulPinToPadMap)
                  200206d8    000000d4                 : interrupt.obj (.const:g_pulRegs)
                  200207ac    000000a8                 : prcm.obj (.const:PRCM_PeriphRegsList)
                  20020854    00000078     CC3220S_LAUNCHXL.obj (.const:spiCC3220SDMAHWAttrs)
                  200208cc    00000070     simplelink.a : driver.obj (.const:OpcodeTranslateTable)
                  2002093c    00000058                  : driver.obj (.const:_SlActionLookupTable)
                  20020994    00000048     CC3220S_LAUNCHXL.obj (.const:uartCC3220SHWAttrs)
                  200209dc    00000040     CC3220S_LAUNCHXL.obj (.const:PowerCC32XX_config)
                  20020a1c    0000003a     provisioning.obj (.const:.string)
                  20020a56    00000002     --HOLE-- [fill = 0]
                  20020a58    0000002c     provisioning.obj (.const:$P$T3$4)
                  20020a84    00000028     drivers_cc32xx.aem4 : UARTCC32XX.oem4 (.const:UARTCC32XX_fxnTable)
                  20020aac    00000024                         : PWMTimerCC32XX.oem4 (.const:PWMTimerCC32XX_fxnTable)
                  20020ad0    00000024                         : UART.oem4 (.const:UART_defaultParams)
                  20020af4    00000021                         : GPIOCC32XX.oem4 (.const:.string:pinTable)
                  20020b15    00000003     --HOLE-- [fill = 0]
                  20020b18    00000020     simplelink.a : driver.obj (.const:RxMsgClassLUT)
                  20020b38    00000020     drivers_cc32xx.aem4 : SPI.oem4 (.const:SPI_defaultParams)
                  20020b58    00000020     simplelink.a : device.obj (.const:StartResponseLUT)
                  20020b78    00000020     drivers_cc32xx.aem4 : PWMTimerCC32XX.oem4 (.const:gpioPinIndexes)
                  20020b98    00000020                         : UARTCC32XX.oem4 (.const:staticFxnTable)
                  20020bb8    00000018     CC3220S_LAUNCHXL.obj (.const:PWM_config)
                  20020bd0    00000018     drivers_cc32xx.aem4 : PWM.oem4 (.const:PWM_defaultParams)
                  20020be8    00000018                         : SPICC32XXDMA.oem4 (.const:SPICC32XXDMA_fxnTable)
                  20020c00    00000018     CC3220S_LAUNCHXL.obj (.const:SPI_config)
                  20020c18    00000018     CC3220S_LAUNCHXL.obj (.const:UART_config)
                  20020c30    00000018     driverlib.a : interrupt.obj (.const:g_pulDisRegs)
                  20020c48    00000018                 : interrupt.obj (.const:g_pulEnRegs)
                  20020c60    00000018                 : interrupt.obj (.const:g_pulUnpendRegs)
                  20020c78    00000014     simplelink.a : cc_pal.obj (.const:$P$T0$1)
                  20020c8c    00000014                  : device.obj (.const:$P$T0$1)
                  20020ca0    00000014                  : driver.obj (.const:$P$T0$1)
                  20020cb4    00000014                  : fs.obj (.const:$P$T0$1)
                  20020cc8    00000014                  : cc_pal.obj (.const:$P$T1$2)
                  20020cdc    00000014     provisioning.obj (.const:$P$T2$3)
                  20020cf0    00000014     simplelink.a : driver.obj (.const:$P$T2$3)
                  20020d04    00000014     CC3220S_LAUNCHXL.obj (.const:GPIOCC32XX_config)
                  20020d18    00000014     slnetifwifi.a : slnetifwifi.obj (.const:StartSecOptName)
                  20020d2c    00000014     drivers_cc32xx.aem4 : GPIOCC32XX.oem4 (.const:gpioBaseAddresses)
                  20020d40    00000014                         : UARTCC32XX.oem4 (.const:parityType)
                  20020d54    00000014                         : GPIOCC32XX.oem4 (.const:powerResources)
                  20020d68    00000010     provisioning.obj (.const:$P$T0$1)
                  20020d78    00000010     provisioning.obj (.const:$P$T1$2)
                  20020d88    00000010     simplelink.a : sl_socket.obj (.const:_SlCtrlSockAddr)
                  20020d98    00000010                  : sl_socket.obj (.const:_SlCtrlSockRelease)
                  20020da8    00000010     drivers_cc32xx.aem4 : UARTCC32XX.oem4 (.const:dataLength)
                  20020db8    00000010                         : PWMTimerCC32XX.oem4 (.const:gpioBaseAddresses)
                  20020dc8    00000010     slnetifwifi.a : slnetifwifi.obj (.const:socketType)
                  20020dd8    00000010     drivers_cc32xx.aem4 : PWMTimerCC32XX.oem4 (.const:timerBaseAddresses)
                  20020de8    0000000d     CC3220S_LAUNCHXL.obj (.const)
                  20020df5    00000003     --HOLE-- [fill = 0]
                  20020df8    0000000c     drivers_cc32xx.aem4 : SPICC32XXDMA.oem4 (.const:dmaNullConfig)
                  20020e04    0000000c                         : SPICC32XXDMA.oem4 (.const:dmaRxConfig)
                  20020e10    0000000c                         : SPICC32XXDMA.oem4 (.const:dmaTxConfig)
                  20020e1c    0000000c     CC3220S_LAUNCHXL.obj (.const:udmaCC3220SHWAttrs)
                  20020e28    00000008     CC3220S_LAUNCHXL.obj (.const:UDMACC32XX_config)
                  20020e30    00000008     freertos_builds_CC3220S_LAUNCHXL_release_ccs.lib : port.obj (.const)
                  20020e38    00000008     simplelink.a : driver.obj (.const:g_H2NCnysPattern)
                  20020e40    00000008                  : driver.obj (.const:g_H2NSyncPattern)
                  20020e48    00000008     drivers_cc32xx.aem4 : SPICC32XXDMA.oem4 (.const:mode)
                  20020e50    00000008                         : GPIOCC32XX.oem4 (.const:outPinTypes)
                  20020e58    00000008     CC3220S_LAUNCHXL.obj (.const:pwmTimerCC3220SHWAttrs)
                  20020e60    00000008     drivers_cc32xx.aem4 : UARTCC32XX.oem4 (.const:stopBits)
                  20020e68    00000008                         : PWMTimerCC32XX.oem4 (.const:timerHalves)
                  20020e70    00000006                         : GPIOCC32XX.oem4 (.const:.string:interruptType)
                  20020e76    00000006                         : GPIOCC32XX.oem4 (.const:inPinTypes)
                  20020e7c    00000006                         : GPIOCC32XX.oem4 (.const:outPinStrengths)
                  20020e82    00000004     simplelink.a : netapp.obj (.const:$P$T0$1)
                  20020e86    00000004                  : sl_socket.obj (.const:$P$T0$1)
                  20020e8a    00000004                  : sl_socket.obj (.const:$P$T1$2)
                  20020e8e    00000004                  : sl_socket.obj (.const:$P$T2$3)
                  20020e92    00000004     drivers_cc32xx.aem4 : GPIOCC32XX.oem4 (.const:.string:portInterruptIds)
                  20020e96    00000004     simplelink.a : sl_socket.obj (.const:_SlAcceptCmdCtrl)
                  20020e9a    00000004                  : device.obj (.const:_SlDeviceGetCmdCtrl)
                  20020e9e    00000004                  : device.obj (.const:_SlDeviceSetCmdCtrl)
                  20020ea2    00000004                  : fs.obj (.const:_SlFsCloseCmdCtrl)
                  20020ea6    00000004                  : fs.obj (.const:_SlFsOpenCmdCtrl)
                  20020eaa    00000004                  : fs.obj (.const:_SlFsWriteCmdCtrl)
                  20020eae    00000004                  : netapp.obj (.const:_SlGetHostByNameCtrl)
                  20020eb2    00000004                  : sl_socket.obj (.const:_SlGetSockOptCmdCtrl)
                  20020eb6    00000004                  : sl_socket.obj (.const:_SlListenCmdCtrl)
                  20020eba    00000004                  : netapp.obj (.const:_SlNetAppSendResponseCmdCtrl)
                  20020ebe    00000004                  : netapp.obj (.const:_SlNetAppSendTokenValueCmdCtrl)
                  20020ec2    00000004                  : netcfg.obj (.const:_SlNetCfgGetCmdCtrl)
                  20020ec6    00000004                  : wlan.obj (.const:_SlProvisioningCmdCtrl)
                  20020eca    00000004                  : sl_socket.obj (.const:_SlRecvCmdCtrl)
                  20020ece    00000004                  : sl_socket.obj (.const:_SlRecvfomCmdCtrl)
                  20020ed2    00000004                  : sl_socket.obj (.const:_SlSelectCmdCtrl)
                  20020ed6    00000004                  : sl_socket.obj (.const:_SlSendCmdCtrl)
                  20020eda    00000004                  : sl_socket.obj (.const:_SlSetSockOptCmdCtrl)
                  20020ede    00000004                  : sl_socket.obj (.const:_SlSockCloseCmdCtrl)
[...]
20013b5d  frexpl                                    
20013c15  pthread_exit                              
20013c71  vQueueWaitForMessageRestricted            
20013ccd  vTaskDelay                                
20013d85  GPIO_setCallback                          
20013ddd  GPIO_write                                
20013e35  IntPendClear                              
20013e8d  PRCMPeripheralReset                       
20013ee5  Power_releaseDependency                   
20013f95  eTaskConfirmSleepModeStatus               
20013fed  sl_Listen                                 
20014045  vPortSetupTimerInterrupt                  
2001409d  xQueueCreateCountingSemaphore             
200140f5  xQueueTakeMutexRecursive                  
2001414d  SemaphoreP_create                         
200141f9  ClockP_delete                             
2001424d  InitTerm                                  
200142a1  IntPrioritySet                            
200142f5  _SlDrvRxIrqHandler                        
20014349  ltoa                                      
200143f1  xTimerCreateTimerTask                     
20014445  PowerCC32XX_resumeLPDS                    
200144e9  NwpRegisterInterruptHandler               
20014539  TimerCC32XX_allocateTimerResource         
200145d9  _SlDrvCmdSend_noWait                      
20014679  _SlInternalSpawnTaskEntry                 
200146c9  _SlNetAppHttpServerHdlr                   
20014719  _SlNetAppRequestHdlr                      
20014769  pxPortInitialiseStack                     
200147b9  sem_init                                  
20014809  xQueueGiveMutexRecursive                  
20014859  GPIO_enableInt                            
200148a5  NwpWaitForShutDownInd                     
200148f1  PowerCC32XX_parkPin                       
2001493d  SlNetIfWifi_getConnectionStatus           
20014989  atoi                                      
20014a6d  initVectors                               
20014b9d  vPortEnterCritical                        
20014be9  FlashDisable                              
20014c31  HwiP_dispatch                             
20014c79  PRCMLPDSEnter                             
20014cc1  PRCMPeripheralClkEnable                   
20014d09  Power_releaseConstraint                   
20014d51  SlNetSock_init                            
20014d99  _SlDeviceFatalErrorEvtHdlr                
20014de1  _SlDeviceGeneralEvtHdlr                   
20014e29  _SlDrvSyncObjWaitTimeout                  
20014e71  _SlNetAppEvtHdlr                          
20014eb9  _SlNetAppRequestMemFree                   
20014f01  _SlSockEvtHdlr                            
20014f49  _SlWlanEvtHdlr                            
20014f91  __aeabi_d2iz                              
20014fd9  uxListRemove                              
20015021  RingBuf_put                               
20015069  PRCMLPDSRestoreInfoSet                    
200150ad  PWM_init                                  
200150f1  PowerCC32XX_enterLPDS                     
20015135  SPI_init                                  
20015179  UART_init                                 
200151bd  __TI_auto_init_nobinit_nopinit            
20015245  vTaskStepTick                             
20015289  malloc                                    
2001530d  PinModeSet                                
2001534d  RingBuf_get                               
2001538d  SimpleLinkGeneralEventHandler             
200153cd  UARTCC32XX_read                           
2001540d  UDMACC32XX_init                           
2001544d  _SlDrvGlobalObjUnLock                     
2001548d  _SlFindAndReleasePendingCmd               
200154cd  _SlInternalSpawnWaitForEvent              
2001550d  _SlIsEventRegistered                      
2001554d  vTaskPlaceOnEventListRestricted           
2001558d  vsnprintf                                 
200155cd  ClockP_callbackFxn                        
20015687  pthread_setcancelstate                    
200156c5  sem_post                                  
20015705  PRCMSlowClkCtrFastGet                     
20015741  PWM_open                                  
2001577d  Power_setConstraint                       
200157b9  SPI_open                                  
200157f5  UART_open                                 
200158e5  pvTaskGetThreadLocalStoragePointer        
2001595d  usleep                                    
20015999  vListInsertEnd                            
200159d5  SlNetIfWifi_getIPAddr                     
20015a85  PRCMLPDSEnterKeepDebugIf                  
20015abd  SlNetIfWifi_recvFrom                      
20015af5  SlNetIfWifi_sendTo                        
20015b2d  SlNetIfWifi_socket                        
20015c45  SlNetIfWifi_getHostByName                 
20015c7b  SlNetIfWifi_select                        
20015cb1  UARTCC32XX_readCancel                     
20015ce7  strncpy                                   
20015d1d  PinModeGet                                
20015d51  PowerCC32XX_restoreParkState              
20015d85  SemaphoreP_pend                           
20015db9  TimerCC32XX_freeTimerResource             
20015ded  UDMACC32XX_close                          
20015ebd  vTaskPlaceOnEventList                     
20015ef1  vTaskSetThreadLocalStoragePointer         
20015f25  xTimerCreate                              
20015f59  assertChipSelect                          
20015f8b  PowerCC32XX_restoreParkedPin              
20015fbd  StartAsyncEvtTimer                        
2001607d  vListInitialise                           
200160ad  vPortExitCritical                         
200160dd  xTaskGetSchedulerState                    
2001610d  Mutex_create_handle                       
2001613b  pvTimerGetTimerID                         
20016169  __aeabi_i2d                               
20016197  GetSecureStatus                           
200161c5  HwiP_disable                              
200161f1  NwpPowerOn                                
2001621d  PRCMLPDSIntervalSet                       
20016249  PowerCC32XX_getParkState                  
20016275  SemaphoreP_createBinary                   
200162a1  SlNetIfWifi_recv                          
200162cd  SlNetIfWifi_send                          
200162f9  StopAsyncEvtTimer                         
20016325  _SlDrvSyncObjWaitForever                  
20016351  pthread_mutexattr_settype                 
2001637d  vTaskSetApplicationTaskTag                
200163a9  xPortSysTickHandler                       
200163d5  xQueueCreateMutex                         
20016401  xTaskGetApplicationTaskTag                
20016457  uxQueueMessagesWaiting                    
20016481  xTimerGetExpiryTime                       
200164ad  HwiP_inISR                                
200164d5  PRCMLPDSWakeupSourceEnable                
200164fd  PRCMPeripheralClkDisable                  
20016525  Power_registerNotify                      
2001654d  SignalEvent                               
20016575  _SlDrvProtectionObjLockWaitForever        
2001659d  _SlDrvProtectionObjUnLock                 
200165c5  _SlFlowContSet                            
200165ed  _c_int00_noargs                           
20016615  pthread_attr_setschedparam                
2001663d  List_put                                  
20016663  List_remove                               
20016689  _pthread_cleanup_pop                      
200166d5  IntUnregister                             
200166f9  ProcessRestartRequest                     
2001671d  _SlDrvIsApiInProgress                     
20016741  _SlDrvStartMeasureTimeout                 
20016789  sem_getvalue                              
200167ad  vQueueDelete                              
200167d1  vTaskInternalSetTimeOutState              
200167f5  SemaphoreP_post                           
20016817  __aeabi_errno_addr                        
20016839  pthread_attr_setdetachstate               
2001685d  ClockP_getCpuFreq                         
2001687d  HwiP_restore                              
2001689d  IntRegister                               
200168bd  Power_unregisterNotify                    
200168dd  RingBuf_peek                              
200168fd  SlNetIfWifi_accept                        
2001699d  ClockP_start                              
200169bb  HwiP_Params_init                          
200169d9  SlNetIfWifi_bind                          
200169f7  SlNetIfWifi_connect                       
20016a15  _SlDrvObjLockWaitForever                  
20016a33  _SlDrvObjUnLock                           
20016a51  _SlDrvSyncObjSignal                       
20016aab  ClockP_Params_init                        
20016ac9  Message                                   
20016ae5  PinToPadGet                               
20016b1d  _SlInternalIsItSpawnThread                
20016b39  memccpy                                   
20016b55  pthread_attr_init                         
20016b71  pthread_mutexattr_init                    
20016b8d  pvTaskIncrementMutexHeldCount             
20016ba9  PTLS_taskDeleteHook                       
20016bc3  SlNetIfWifi_listen                        
20016bf7  pthread_mutex_destroy                     
20016c11  HandleDiscnctEvt                          
20016c29  Power_idleFunc                            
20016c41  StartConnection                           
20016c59  UARTBusy                                  
20016c71  UARTIntEnable                             
20016c89  UART_Params_init                          
20016cb9  free                                      
20016cd1  __aeabi_lmul                              
20016ce9  sem_wait                                  
20016d01  strcmp                                    
20016d19  xTaskGetTickCountFromISR                  
20016d31  ClockP_setTimeout                         
20016d47  PRCMHIBRegRead                            
20016d5d  PRCMHIBRegWrite                           
20016d73  PTLS_getBuf                               
20016d89  PTLS_setBuf                               
20016d9f  SemaphoreP_Params_init                    
20016db5  _SlDrvMemZero                             
20016dcd  resetISR                                  
20016ddc  resetVectorAddr                           
20016de3  strchr                                    
20016df9  CPUcpsie                                  
20016e0d  IntVTableBaseSet                          
20016e21  PWM_Params_init                           
20016e35  Power_getDependencyCount                  
20016e49  SPI_Params_init                           
20016e71  pthread_attr_setstacksize                 
20016e85  pthread_mutex_lock                        
20016e99  pthread_self                              
20016ec1  sem_destroy                               
20016ed5  strcpy                                    
20016ee9  strlen                                    
20016efd  vPortSuppressTicksAndSleep                
20016f11  xTaskGetCurrentTaskHandle                 
20016f25  xTaskGetTickCount                         
20016f39  HwiP_delete                               
20016f4b  RingBuf_construct                         
20016f5d  SlNetIfWifi_close                         
20016f81  wcslen                                    
20016f93  ClockP_getSystemTickPeriod                
20016fa5  HandleConnection                          
20016fb5  SysTickDisable                            
20016fc5  SysTickEnable                             
20016fd5  _SlDrvDispatchHttpServerEvents            
20016fe5  _SlDrvDispatchNetAppRequestEvents         
20016ff5  _SlDrvIsSpawnOwnGlobalLock                
20017025  vListInitialiseItem                       
20017035  vTaskSuspendAll                           
20017045  CheckLanConnection                        
20017053  Power_getTransitionLatency                
20017061  RingBuf_isFull                            
2001706f  _SlDrvResetCmdExt                         
2001707d  __TI_decompress_none                      
20017099  spi_Close                                 
200170a7  AsyncEvtTimerHandler                      
200170b3  CC3220S_LAUNCHXL_initGeneral              
200170bf  CPUwfi                                    
200170cb  HandleProvisioningTimeOut                 
200170d7  HandleWaitForIp                           
200170e3  HwiP_clearInterrupt                       
200170ef  HwiP_disableInterrupt                     
200170fb  HwiP_enableInterrupt                      
20017109  NwpMaskInterrupt                          
20017115  NwpUnMaskInterrupt                        
20017121  Power_getConstraintMask                   
2001712d  SemaphoreP_delete                         
20017139  SimpleLinkHttpServerEventHandler          
20017145  SimpleLinkNetAppRequestEventHandler       
20017151  _SlDeviceResetRequestInitCompletedCB      
2001715d  __TI_zero_init                            
20017175  uDMAErrorStatusClear                      
20017181  uDMAErrorStatusGet                        
2001718d  vTaskMissedYield                          
20017199  IntMasterEnable                           
200171a3  PWM_setDuty                               
200171ad  PWM_start                                 
200171b7  SPI_close                                 
200171c1  SPI_transfer                              
200171cb  SimpleLinkNetAppRequestMemFreeEventHandler
200171d5  UART_control                              
200171df  UART_writePolling                         
200171e9  sl_Task                                   
200171f3  vApplicationStackOverflowHook             
200171fd  ClockP_getSystemTicks                     
20017205  PRCMSleepEnter                            
2001720d  TimerGetCurrentTimestamp                  
2001721d  copysign                                  
2001721d  copysignl                                 
20017235  PWMTimerCC32XX_control                    
2001723b  SPICC32XXDMA_control                      
20017241  UtilsDelay                                
20017247  CheckInternetConnection                   
2001724b  DoNothing                                 
2001724f  IsActiveExternalConfiguration             
20017253  ProcessStartRequest                       
20017257  SPICC32XXDMA_init                         
2001725b  SlNetIf_init                              
2001725f  SlNetUtil_init                            
20017263  _system_pre_init                          
20017267  C$$EXIT                                   
20017267  abort                                     
20017270  __TI_static_base__                        
200173dc  __TI_Handler_Table_Base                   
200173e8  __TI_Handler_Table_Limit                  
200173f0  __TI_CINIT_Base                           
20017400  __TI_CINIT_Limit                          
2001f800  g_CB                                      
2001fbfc  PowerCC32XX_contextSave                   
2001fd28  uartCC3220SObjects                        
2001fef8  spiCC3220SDMAObjects                      
20020000  pwmTimerCC3220SObjects                    
20020048  uartCC3220SRingBuffer                     
200200b4  GlobalLockObj                             
200200e0  g_SlInternalSpawnCB                       
200201dc  DeviceCB                                  
200201e8  Msg                                       
2002020c  spiCC3220SDMAscratchBuf                   
20020214  udmaCC3220SObject                         
20020228  gProvisioningSMQueue                      
2002022c  gTimer                                    
20020230  RxIrqCnt                                  
20020231  g_CurrentState                            
20020232  transferMode                              
20020234  gTransitionTable                          
200204d4  _ctypes_                                  
20020854  spiCC3220SDMAHWAttrs                      
200208cc  OpcodeTranslateTable                      
2002093c  _SlActionLookupTable                      
20020994  uartCC3220SHWAttrs                        
200209dc  PowerCC32XX_config                        
20020a84  UARTCC32XX_fxnTable                       
20020aac  PWMTimerCC32XX_fxnTable                   
20020ad0  UART_defaultParams                        
20020b38  SPI_defaultParams                         
20020bb8  PWM_config                                
20020bd0  PWM_defaultParams                         
20020be8  SPICC32XXDMA_fxnTable                     
20020c00  SPI_config                                
20020c18  UART_config                               
20020d04  GPIOCC32XX_config                         
20020de8  ADC_count                                 
20020de9  Capture_count                             
20020dea  CryptoCC32XX_count                        
20020deb  Display_count                             
20020dec  I2C_count                                 
20020ded  I2S_count                                 
20020dee  PWM_count                                 
20020def  SDFatFS_count                             
20020df0  SD_count                                  
20020df1  SPI_count                                 
20020df2  Timer_count                               
20020df3  UART_count                                
20020df4  Watchdog_count                            
20020e1c  udmaCC3220SHWAttrs                        
20020e28  UDMACC32XX_config                         
20020e30  ulMaxSyscallInterruptPriority             
20020e50  outPinTypes                               
20020e58  pwmTimerCC3220SHWAttrs                    
20020e76  inPinTypes                                
20020e7c  outPinStrengths                           
20020eba  _SlNetAppSendResponseCmdCtrl              
20020ebe  _SlNetAppSendTokenValueCmdCtrl            
20020ec6  _SlProvisioningCmdCtrl                    
20020efc  HwiP_dispatchTable                        
200216fc  PowerCC32XX_module                        
20021868  parkInfo                                  
20021960  SlNetIfConfigWifi                         
200219b8  pxCurrentTCB                              
200219ec  gpioPinConfigs                            
20021a18  httpThread                                
20021a1c  gProvisioningThread                       
20021a20  gDisplayThread                            
20021a24  gSpawnThread                              
20021a28  gIsWlanConnected                          
20021a29  gStopInProgress                           
20021a2c  gPingSent                                 
20021a30  gPingSuccess                              
20021a34  gRole                                     
20021a36  gLedCount                                 
20021a38  gLedState                                 
20021a3c  gErrledCount                              
20021a40  gErrLedState                              
20021a41  gWaitForConn                              
20021a42  gLedDisplayState                          
20021a44  g_LibsEvents                              
20021a68  g_UserEvents                              
20021ab8  Roles                                     
20021ac8  WlanStatus                                
20021af8  gpioCallbackFunctions                     
20021b20  gGlobalLockCntRequested                   
20021b21  gGlobalLockCntReleased                    
20021b22  g_SlDeviceStatus                          
20021b24  g_pCB                                     
20021b28  pPingCallBackFunc                         
20021b64  g_intHandle                               
ffffffff  __TI_pprof_out_hndl                       
ffffffff  __TI_prof_data_size                       
ffffffff  __TI_prof_data_start                      
ffffffff  __binit__                                 
ffffffff  __c_args__                                
ffffffff  binit                                     
UNDEFED   __mpu_init                                
UNDEFED   _system_post_cinit                        

[589 symbols]
